Application time: 0.2043050 seconds
Total time for which application threads were stopped: 0.0002780 seconds
Application time: 0.7906620 seconds
10.487: [Full GC (System) 10.487: [CMS: 0K->770K(49152K), 0.3754740 secs] 9049K->770K(63936K), [CMS Perm : 5176K->5171K(16384K)], 0.3757350 secs] [Times: user=0.05 sys=0.16, real=0.18 secs] 
Total time for which application threads were stopped: 0.3762120 seconds
Application time: 0.0024690 seconds
10.866: [GC [1 CMS-initial-mark: 770K(49152K)] 770K(63936K), 0.0005570 secs] [Times: user=0.00 sys=0.00, real=0.00 secs] 
Total time for which application threads were stopped: 0.0009990 seconds
10.867: [CMS-concurrent-mark-start]
Application time: 0.1891470 seconds
11.056: [Full GC (System) 11.056: [CMS11.077: [CMS-concurrent-mark: 0.021/0.210 secs] [Times: user=0.02 sys=0.02, real=0.11 secs] 
 (concurrent mode interrupted): 770K->769K(49152K), 0.0527990 secs] 1280K->769K(63936K), [CMS Perm : 5265K->5265K(16384K)], 0.0529310 secs] [Times: user=0.04 sys=0.00, real=0.04 secs] 
Total time for which application threads were stopped: 0.0533240 seconds
Application time: 0.8149350 seconds
Total time for which application threads were stopped: 0.0002990 seconds
Application time: 0.0099960 seconds
Total time for which application threads were stopped: 0.0001210 seconds
Application time: 0.6074330 seconds
12.542: [Full GC (System) 12.542: [CMS: 769K->1287K(49152K), 0.0822920 secs] 3081K->1287K(63936K), [CMS Perm : 7163K->7158K(16384K)], 0.0824020 secs] [Times: user=0.04 sys=0.03, real=0.06 secs] 
Total time for which application threads were stopped: 0.0827600 seconds
Application time: 0.0001420 seconds
12.625: [GC [1 CMS-initial-mark: 1287K(49152K)] 1287K(63936K), 0.0004300 secs] [Times: user=0.00 sys=0.00, real=0.00 secs] 
Total time for which application threads were stopped: 0.0008210 seconds
12.626: [CMS-concurrent-mark-start]
Application time: 0.0002470 seconds
Total time for which application threads were stopped: 0.0000650 seconds
Application time: 0.0000810 seconds
Total time for which application threads were stopped: 0.0000710 seconds
Application time: 0.0000620 seconds
Total time for which application threads were stopped: 0.0001170 seconds
Application time: 0.0000730 seconds
Total time for which application threads were stopped: 0.0000530 seconds
Application time: 0.0000630 seconds
Total time for which application threads were stopped: 0.0000500 seconds
Application time: 0.0000950 seconds
Total time for which application threads were stopped: 0.0000500 seconds
Application time: 0.0021030 seconds
12.629: [Full GC (System) 12.629: [CMS12.654: [CMS-concurrent-mark: 0.025/0.028 secs] [Times: user=0.02 sys=0.00, real=0.02 secs] 
 (concurrent mode interrupted): 1287K->1272K(49152K), 0.0689120 secs] 1683K->1272K(63936K), [CMS Perm : 7158K->7158K(16384K)], 0.0690450 secs] [Times: user=0.07 sys=0.01, real=0.06 secs] 
Total time for which application threads were stopped: 0.0693590 seconds
Application time: 0.1552720 seconds
12.853: [Full GC (System) 12.853: [CMS: 1272K->1328K(49152K), 0.0449570 secs] 1668K->1328K(63936K), [CMS Perm : 7182K->7182K(16384K)], 0.0450680 secs] [Times: user=0.04 sys=0.00, real=0.03 secs] 
Total time for which application threads were stopped: 0.0453690 seconds
Application time: 0.0459300 seconds
12.945: [GC [1 CMS-initial-mark: 1328K(49152K)] 1328K(63936K), 0.0004740 secs] [Times: user=0.00 sys=0.00, real=0.00 secs] 
Total time for which application threads were stopped: 0.0007450 seconds
12.945: [CMS-concurrent-mark-start]
Application time: 0.0001400 seconds
Total time for which application threads were stopped: 0.0000570 seconds
Application time: 0.0000700 seconds
Total time for which application threads were stopped: 0.0000500 seconds
Application time: 0.0000810 seconds
Total time for which application threads were stopped: 0.0000520 seconds
Application time: 0.0000540 seconds
Total time for which application threads were stopped: 0.0000580 seconds
Application time: 0.0003720 seconds
12.946: [Full GC (System) 12.946: [CMS12.970: [CMS-concurrent-mark: 0.023/0.025 secs] [Times: user=0.03 sys=0.01, real=0.02 secs] 
 (concurrent mode interrupted): 1328K->1328K(49152K), 0.0676100 secs] 1460K->1328K(63936K), [CMS Perm : 7182K->7182K(16384K)], 0.0678530 secs] [Times: user=0.07 sys=0.01, real=0.06 secs] 
Total time for which application threads were stopped: 0.0681360 seconds
Application time: 0.2881400 seconds
13.303: [Full GC (System) 13.303: [CMS: 1328K->1314K(49152K), 0.0439370 secs] 1724K->1314K(63936K), [CMS Perm : 7187K->7187K(16384K)], 0.0444170 secs] [Times: user=0.05 sys=0.00, real=0.04 secs] 
Total time for which application threads were stopped: 0.0448130 seconds
Application time: 0.0001480 seconds
13.348: [GC [1 CMS-initial-mark: 1314K(49152K)] 1314K(63936K), 0.0004360 secs] [Times: user=0.00 sys=0.00, real=0.00 secs] 
Total time for which application threads were stopped: 0.0007510 seconds
13.348: [CMS-concurrent-mark-start]
Application time: 0.0001900 seconds
Total time for which application threads were stopped: 0.0000560 seconds
Application time: 0.0000770 seconds
Total time for which application threads were stopped: 0.0000500 seconds
Application time: 0.0000600 seconds
Total time for which application threads were stopped: 0.0000490 seconds
Application time: 0.0000610 seconds
Total time for which application threads were stopped: 0.0000700 seconds
Application time: 0.0004080 seconds
13.349: [Full GC (System) 13.349: [CMS13.373: [CMS-concurrent-mark: 0.024/0.025 secs] [Times: user=0.02 sys=0.01, real=0.02 secs] 
 (concurrent mode interrupted): 1314K->1314K(49152K), 0.0680230 secs] 1446K->1314K(63936K), [CMS Perm : 7187K->7187K(16384K)], 0.0681610 secs] [Times: user=0.07 sys=0.01, real=0.05 secs] 
Total time for which application threads were stopped: 0.0684530 seconds
Application time: 19.8698470 seconds
33.287: [Full GC (System) 33.288: [CMS: 1314K->1313K(49152K), 0.0434970 secs] 1446K->1313K(63936K), [CMS Perm : 7187K->7187K(16384K)], 0.0436200 secs] [Times: user=0.04 sys=0.00, real=0.03 secs] 
Total time for which application threads were stopped: 0.0439350 seconds
Application time: 0.0006530 seconds
33.332: [GC [1 CMS-initial-mark: 1313K(49152K)] 1576K(63936K), 0.0004000 secs] [Times: user=0.00 sys=0.00, real=0.00 secs] 
Total time for which application threads were stopped: 0.0005340 seconds
33.332: [CMS-concurrent-mark-start]
Application time: 0.0001060 seconds
33.333: [Full GC (System) 33.333: [CMS33.358: [CMS-concurrent-mark: 0.025/0.025 secs] [Times: user=0.02 sys=0.00, real=0.02 secs] 
 (concurrent mode interrupted): 1313K->1313K(49152K), 0.0685370 secs] 1576K->1313K(63936K), [CMS Perm : 7187K->7187K(16384K)], 0.0686810 secs] [Times: user=0.07 sys=0.00, real=0.06 secs] 
Total time for which application threads were stopped: 0.0689100 seconds
Application time: 19.1002870 seconds
52.502: [Full GC (System) 52.502: [CMS: 1313K->1313K(49152K), 0.0459040 secs] 1576K->1313K(63936K), [CMS Perm : 7187K->7187K(16384K)], 0.0460270 secs] [Times: user=0.04 sys=0.00, real=0.04 secs] 
Total time for which application threads were stopped: 0.0463270 seconds
Application time: 0.0006870 seconds
52.549: [GC [1 CMS-initial-mark: 1313K(49152K)] 1576K(63936K), 0.0004400 secs] [Times: user=0.00 sys=0.00, real=0.00 secs] 
Total time for which application threads were stopped: 0.0006240 seconds
52.549: [CMS-concurrent-mark-start]
Application time: 0.0001200 seconds
52.550: [Full GC (System) 52.550: [CMS52.573: [CMS-concurrent-mark: 0.023/0.024 secs] [Times: user=0.02 sys=0.00, real=0.02 secs] 
 (concurrent mode interrupted): 1313K->1313K(49152K), 0.0666620 secs] 1576K->1313K(63936K), [CMS Perm : 7187K->7187K(16384K)], 0.0668400 secs] [Times: user=0.06 sys=0.00, real=0.05 secs] 
Total time for which application threads were stopped: 0.0670730 seconds
Application time: 7.8415550 seconds
Total time for which application threads were stopped: 0.0002160 seconds
Application time: 0.0001490 seconds
Total time for which application threads were stopped: 0.0000940 seconds
Application time: 0.0001110 seconds
Total time for which application threads were stopped: 0.0000920 seconds
Application time: 0.0002070 seconds
Total time for which application threads were stopped: 0.0000940 seconds
Application time: 0.0001450 seconds
Total time for which application threads were stopped: 0.0000910 seconds
Application time: 9.1936120 seconds
Total time for which application threads were stopped: 0.0002030 seconds
Application time: 0.0240850 seconds
Total time for which application threads were stopped: 0.0002080 seconds
Application time: 0.0001000 seconds
Total time for which application threads were stopped: 0.0000930 seconds
Application time: 2.6892900 seconds
Total time for which application threads were stopped: 0.0005690 seconds
Application time: 0.4964240 seconds
74.181: [Full GC (System) 74.192: [CMS: 1313K->1387K(49152K), 0.0594860 secs] 3307K->1387K(63936K), [CMS Perm : 7349K->7347K(16384K)], 0.0596780 secs] [Times: user=0.02 sys=0.03, real=0.05 secs] 
Total time for which application threads were stopped: 0.0714060 seconds
Application time: 0.0010960 seconds
74.253: [GC [1 CMS-initial-mark: 1387K(49152K)] 1650K(63936K), 0.0007440 secs] [Times: user=0.00 sys=0.00, real=0.00 secs] 
Total time for which application threads were stopped: 0.0009530 seconds
74.254: [CMS-concurrent-mark-start]
Application time: 0.0001620 seconds
Total time for which application threads were stopped: 0.0000560 seconds
Application time: 0.0001040 seconds
Total time for which application threads were stopped: 0.0000710 seconds
Application time: 0.0000630 seconds
Total time for which application threads were stopped: 0.0000930 seconds
Application time: 0.0007120 seconds
74.255: [Full GC (System) 74.255: [CMS74.279: [CMS-concurrent-mark: 0.024/0.025 secs] [Times: user=0.03 sys=0.00, real=0.02 secs] 
 (concurrent mode interrupted): 1387K->1379K(49152K), 0.0679120 secs] 1650K->1379K(63936K), [CMS Perm : 7347K->7347K(16384K)], 0.0680410 secs] [Times: user=0.07 sys=0.00, real=0.05 secs] 
Total time for which application threads were stopped: 0.0683070 seconds
Application time: 0.0008840 seconds
74.324: [Full GC (System) 74.324: [CMS: 1379K->1379K(49152K), 0.0424560 secs] 1643K->1379K(63936K), [CMS Perm : 7347K->7347K(16384K)], 0.0425610 secs] [Times: user=0.05 sys=0.00, real=0.04 secs] 
Total time for which application threads were stopped: 0.0427580 seconds
Application time: 0.0003910 seconds
74.368: [GC [1 CMS-initial-mark: 1379K(49152K)] 1643K(63936K), 0.0005240 secs] [Times: user=0.00 sys=0.00, real=0.00 secs] 
Total time for which application threads were stopped: 0.0006870 seconds
74.368: [CMS-concurrent-mark-start]
Application time: 0.0002700 seconds
74.369: [Full GC (System) 74.369: [CMS74.393: [CMS-concurrent-mark: 0.024/0.024 secs] [Times: user=0.02 sys=0.00, real=0.02 secs] 
 (concurrent mode interrupted): 1379K->1379K(49152K), 0.0674770 secs] 1775K->1379K(63936K), [CMS Perm : 7347K->7347K(16384K)], 0.0675820 secs] [Times: user=0.06 sys=0.01, real=0.05 secs] 
Total time for which application threads were stopped: 0.0678280 seconds
Application time: 1.8914840 seconds
Total time for which application threads were stopped: 0.0001840 seconds
Application time: 0.0005730 seconds
Total time for which application threads were stopped: 0.0001090 seconds
Application time: 0.0000490 seconds
Total time for which application threads were stopped: 0.0000540 seconds
Application time: 0.2648540 seconds
Total time for which application threads were stopped: 0.0001330 seconds
Application time: 0.0005020 seconds
Total time for which application threads were stopped: 0.0002770 seconds
Application time: 0.0000500 seconds
Total time for which application threads were stopped: 0.0000540 seconds
Application time: 0.6857280 seconds
Total time for which application threads were stopped: 0.0002540 seconds
Application time: 0.0007850 seconds
Total time for which application threads were stopped: 0.0000770 seconds
Application time: 0.0002670 seconds
Total time for which application threads were stopped: 0.0000610 seconds
Application time: 15.0396510 seconds
92.322: [Full GC (System) 92.322: [CMS: 1379K->1403K(49152K), 0.0468220 secs] 2969K->1403K(63936K), [CMS Perm : 7350K->7348K(16384K)], 0.0469770 secs] [Times: user=0.05 sys=0.01, real=0.03 secs] 
Total time for which application threads were stopped: 0.0475310 seconds
Application time: 0.0006840 seconds
92.370: [GC [1 CMS-initial-mark: 1403K(49152K)] 1667K(63936K), 0.0004620 secs] [Times: user=0.00 sys=0.00, real=0.00 secs] 
Total time for which application threads were stopped: 0.0006160 seconds
92.371: [CMS-concurrent-mark-start]
Application time: 0.0001500 seconds
Total time for which application threads were stopped: 0.0000570 seconds
Application time: 0.0001140 seconds
Total time for which application threads were stopped: 0.0000740 seconds
Application time: 0.0000650 seconds
Total time for which application threads were stopped: 0.0000580 seconds
Application time: 0.0001190 seconds
Total time for which application threads were stopped: 0.0000560 seconds
Application time: 0.0000650 seconds
Total time for which application threads were stopped: 0.0000510 seconds
Application time: 0.0001160 seconds
Total time for which application threads were stopped: 0.0000560 seconds
Application time: 0.0000820 seconds
Total time for which application threads were stopped: 0.0000530 seconds
Application time: 0.0001010 seconds
Total time for which application threads were stopped: 0.0000550 seconds
Application time: 0.0000630 seconds
Total time for which application threads were stopped: 0.0000720 seconds
Application time: 0.0001040 seconds
Total time for which application threads were stopped: 0.0000780 seconds
Application time: 0.0000640 seconds
Total time for which application threads were stopped: 0.0000950 seconds
Application time: 0.0003370 seconds
92.373: [Full GC (System) 92.373: [CMS92.397: [CMS-concurrent-mark: 0.025/0.027 secs] [Times: user=0.02 sys=0.00, real=0.02 secs] 
 (concurrent mode interrupted): 1403K->1392K(49152K), 0.0691060 secs] 1667K->1392K(63936K), [CMS Perm : 7348K->7348K(16384K)], 0.0692200 secs] [Times: user=0.07 sys=0.00, real=0.06 secs] 
Total time for which application threads were stopped: 0.0694180 seconds
Application time: 2.8041840 seconds
Total time for which application threads were stopped: 0.0001320 seconds
Application time: 0.0009500 seconds
Total time for which application threads were stopped: 0.0001410 seconds
Application time: 0.0001130 seconds
Total time for which application threads were stopped: 0.0000550 seconds
Application time: 0.6943310 seconds
Total time for which application threads were stopped: 0.0001840 seconds
Application time: 0.0000510 seconds
Total time for which application threads were stopped: 0.0000630 seconds
Application time: 0.0002040 seconds
Total time for which application threads were stopped: 0.0000780 seconds
Application time: 14.9211920 seconds
110.864: [Full GC (System) 110.864: [CMS: 1392K->1394K(49152K), 0.0609090 secs] 2718K->1394K(63936K), [CMS Perm : 7351K->7348K(16384K)], 0.0610920 secs] [Times: user=0.06 sys=0.00, real=0.05 secs] 
Total time for which application threads were stopped: 0.0616140 seconds
Application time: 0.0006730 seconds
110.926: [GC [1 CMS-initial-mark: 1394K(49152K)] 1658K(63936K), 0.0004380 secs] [Times: user=0.00 sys=0.00, real=0.00 secs] 
Total time for which application threads were stopped: 0.0007750 seconds
110.927: [CMS-concurrent-mark-start]
Application time: 0.0001310 seconds
110.927: [Full GC (System) 110.927: [CMS110.951: [CMS-concurrent-mark: 0.024/0.024 secs] [Times: user=0.02 sys=0.00, real=0.02 secs] 
 (concurrent mode interrupted): 1394K->1305K(49152K), 0.0759710 secs] 1658K->1305K(63936K), [CMS Perm : 7348K->7341K(16384K)], 0.0760990 secs] [Times: user=0.07 sys=0.01, real=0.06 secs] 
Total time for which application threads were stopped: 0.0763710 seconds
Application time: 18.0723540 seconds
129.076: [Full GC (System) 129.076: [CMS: 1305K->1305K(49152K), 0.0635980 secs] 1568K->1305K(63936K), [CMS Perm : 7341K->7341K(16384K)], 0.0638200 secs] [Times: user=0.06 sys=0.00, real=0.05 secs] 
Total time for which application threads were stopped: 0.0642750 seconds
Application time: 0.0009180 seconds
129.141: [GC [1 CMS-initial-mark: 1305K(49152K)] 1568K(63936K), 0.0004520 secs] [Times: user=0.00 sys=0.00, real=0.00 secs] 
Total time for which application threads were stopped: 0.0006890 seconds
129.142: [CMS-concurrent-mark-start]
Application time: 0.0001100 seconds
129.142: [Full GC (System) 129.143: [CMS129.170: [CMS-concurrent-mark: 0.027/0.029 secs] [Times: user=0.03 sys=0.00, real=0.03 secs] 
 (concurrent mode interrupted): 1305K->1305K(49152K), 0.0818270 secs] 1568K->1305K(63936K), [CMS Perm : 7341K->7341K(16384K)], 0.0820340 secs] [Times: user=0.07 sys=0.00, real=0.07 secs] 
Total time for which application threads were stopped: 0.0839290 seconds
Application time: 18.0807970 seconds
147.307: [Full GC (System) 147.307: [CMS: 1305K->1305K(49152K), 0.0534430 secs] 1568K->1305K(63936K), [CMS Perm : 7341K->7341K(16384K)], 0.0536210 secs] [Times: user=0.05 sys=0.01, real=0.04 secs] 
Total time for which application threads were stopped: 0.0541240 seconds
Application time: 0.0028750 seconds
147.364: [GC [1 CMS-initial-mark: 1305K(49152K)] 1568K(63936K), 0.0004690 secs] [Times: user=0.00 sys=0.00, real=0.00 secs] 
Total time for which application threads were stopped: 0.0006680 seconds
147.364: [CMS-concurrent-mark-start]
Application time: 0.0118830 seconds
147.376: [Full GC (System) 147.376: [CMS147.401: [CMS-concurrent-mark: 0.025/0.037 secs] [Times: user=0.03 sys=0.00, real=0.03 secs] 
 (concurrent mode interrupted): 1305K->1300K(49152K), 0.0756270 secs] 1568K->1300K(63936K), [CMS Perm : 7341K->7341K(16384K)], 0.0759350 secs] [Times: user=0.08 sys=0.00, real=0.06 secs] 
Total time for which application threads were stopped: 0.0763640 seconds
Application time: 18.0875540 seconds
165.540: [Full GC (System) 165.540: [CMS: 1300K->1300K(49152K), 0.0552510 secs] 1564K->1300K(63936K), [CMS Perm : 7341K->7341K(16384K)], 0.0554260 secs] [Times: user=0.04 sys=0.00, real=0.05 secs] 
Total time for which application threads were stopped: 0.0560200 seconds
Application time: 0.0011730 seconds
165.597: [GC [1 CMS-initial-mark: 1300K(49152K)] 1564K(63936K), 0.0004440 secs] [Times: user=0.00 sys=0.00, real=0.00 secs] 
Total time for which application threads were stopped: 0.0006250 seconds
165.598: [CMS-concurrent-mark-start]
Application time: 0.0001630 seconds
165.598: [Full GC (System) 165.598: [CMS165.632: [CMS-concurrent-mark: 0.034/0.034 secs] [Times: user=0.03 sys=0.00, real=0.03 secs] 
 (concurrent mode interrupted): 1300K->1300K(49152K), 0.0896330 secs] 1564K->1300K(63936K), [CMS Perm : 7341K->7341K(16384K)], 0.0897790 secs] [Times: user=0.07 sys=0.00, real=0.08 secs] 
Total time for which application threads were stopped: 0.0900510 seconds
Application time: 18.0811080 seconds
183.769: [Full GC (System) 183.769: [CMS: 1300K->1300K(49152K), 0.0475110 secs] 1564K->1300K(63936K), [CMS Perm : 7341K->7341K(16384K)], 0.0476800 secs] [Times: user=0.05 sys=0.00, real=0.04 secs] 
Total time for which application threads were stopped: 0.0481190 seconds
Application time: 0.0010700 seconds
183.818: [GC [1 CMS-initial-mark: 1300K(49152K)] 1564K(63936K), 0.0004750 secs] [Times: user=0.00 sys=0.00, real=0.00 secs] 
Total time for which application threads were stopped: 0.0006570 seconds
183.819: [CMS-concurrent-mark-start]
Application time: 0.0001090 seconds
183.819: [Full GC (System) 183.819: [CMS183.846: [CMS-concurrent-mark: 0.027/0.027 secs] [Times: user=0.02 sys=0.00, real=0.02 secs] 
 (concurrent mode interrupted): 1300K->1299K(49152K), 0.0806950 secs] 1564K->1299K(63936K), [CMS Perm : 7341K->7340K(16384K)], 0.0808610 secs] [Times: user=0.07 sys=0.00, real=0.07 secs] 
Total time for which application threads were stopped: 0.0811020 seconds
Application time: 18.1907500 seconds
202.091: [Full GC (System) 202.091: [CMS: 1299K->1299K(49152K), 0.0519600 secs] 1563K->1299K(63936K), [CMS Perm : 7340K->7340K(16384K)], 0.0521650 secs] [Times: user=0.05 sys=0.01, real=0.04 secs] 
Total time for which application threads were stopped: 0.0527330 seconds
Application time: 0.0009520 seconds
202.145: [GC [1 CMS-initial-mark: 1299K(49152K)] 1563K(63936K), 0.0004570 secs] [Times: user=0.00 sys=0.00, real=0.00 secs] 
Total time for which application threads were stopped: 0.0006250 seconds
202.145: [CMS-concurrent-mark-start]
Application time: 0.0001090 seconds
202.146: [Full GC (System) 202.146: [CMS202.170: [CMS-concurrent-mark: 0.024/0.025 secs] [Times: user=0.03 sys=0.00, real=0.02 secs] 
 (concurrent mode interrupted): 1299K->1299K(49152K), 0.0684380 secs] 1563K->1299K(63936K), [CMS Perm : 7340K->7340K(16384K)], 0.0686220 secs] [Times: user=0.07 sys=0.00, real=0.06 secs] 
Total time for which application threads were stopped: 0.0691780 seconds
Application time: 18.3425480 seconds
220.557: [Full GC (System) 220.557: [CMS: 1299K->1299K(49152K), 0.0438730 secs] 1562K->1299K(63936K), [CMS Perm : 7340K->7340K(16384K)], 0.0440530 secs] [Times: user=0.04 sys=0.00, real=0.04 secs] 
Total time for which application threads were stopped: 0.0444240 seconds
Application time: 0.0007390 seconds
220.602: [GC [1 CMS-initial-mark: 1299K(49152K)] 1562K(63936K), 0.0004810 secs] [Times: user=0.00 sys=0.00, real=0.00 secs] 
Total time for which application threads were stopped: 0.0006770 seconds
220.603: [CMS-concurrent-mark-start]
Application time: 0.0001220 seconds
220.603: [Full GC (System) 220.603: [CMS220.629: [CMS-concurrent-mark: 0.025/0.026 secs] [Times: user=0.03 sys=0.00, real=0.02 secs] 
 (concurrent mode interrupted): 1299K->1299K(49152K), 0.0675440 secs] 1562K->1299K(63936K), [CMS Perm : 7340K->7340K(16384K)], 0.0676590 secs] [Times: user=0.07 sys=0.00, real=0.05 secs] 
Total time for which application threads were stopped: 0.0679340 seconds
Application time: 17.9985860 seconds
238.670: [Full GC (System) 238.670: [CMS: 1299K->1299K(49152K), 0.0505440 secs] 1562K->1299K(63936K), [CMS Perm : 7340K->7340K(16384K)], 0.0507690 secs] [Times: user=0.05 sys=0.00, real=0.04 secs] 
Total time for which application threads were stopped: 0.0514570 seconds
Application time: 0.0005880 seconds
238.722: [GC [1 CMS-initial-mark: 1299K(49152K)] 1562K(63936K), 0.0004610 secs] [Times: user=0.00 sys=0.00, real=0.00 secs] 
Total time for which application threads were stopped: 0.0006130 seconds
238.722: [CMS-concurrent-mark-start]
Application time: 0.0001250 seconds
238.722: [Full GC (System) 238.722: [CMS238.746: [CMS-concurrent-mark: 0.024/0.024 secs] [Times: user=0.03 sys=0.00, real=0.02 secs] 
 (concurrent mode interrupted): 1299K->1299K(49152K), 0.0682830 secs] 1562K->1299K(63936K), [CMS Perm : 7340K->7340K(16384K)], 0.0692340 secs] [Times: user=0.07 sys=0.00, real=0.05 secs] 
Total time for which application threads were stopped: 0.0693970 seconds
Application time: 18.2120690 seconds
257.004: [Full GC (System) 257.004: [CMS: 1299K->1299K(49152K), 0.0457490 secs] 1562K->1299K(63936K), [CMS Perm : 7340K->7340K(16384K)], 0.0458830 secs] [Times: user=0.05 sys=0.00, real=0.03 secs] 
Total time for which application threads were stopped: 0.0463970 seconds
Application time: 0.0020290 seconds
257.052: [GC [1 CMS-initial-mark: 1299K(49152K)] 1562K(63936K), 0.0005140 secs] [Times: user=0.00 sys=0.00, real=0.00 secs] 
Total time for which application threads were stopped: 0.0007010 seconds
257.053: [CMS-concurrent-mark-start]
Application time: 0.0001360 seconds
257.053: [Full GC (System) 257.053: [CMS257.081: [CMS-concurrent-mark: 0.028/0.028 secs] [Times: user=0.02 sys=0.00, real=0.02 secs] 
 (concurrent mode interrupted): 1299K->1299K(49152K), 0.0909570 secs] 1562K->1299K(63936K), [CMS Perm : 7340K->7340K(16384K)], 0.0911120 secs] [Times: user=0.08 sys=0.00, real=0.07 secs] 
Total time for which application threads were stopped: 0.0913750 seconds
Application time: 17.8884680 seconds
275.033: [Full GC (System) 275.033: [CMS: 1299K->1299K(49152K), 0.0465150 secs] 1562K->1299K(63936K), [CMS Perm : 7340K->7340K(16384K)], 0.0466420 secs] [Times: user=0.05 sys=0.01, real=0.04 secs] 
Total time for which application threads were stopped: 0.0470130 seconds
Application time: 0.0011400 seconds
275.081: [GC [1 CMS-initial-mark: 1299K(49152K)] 1562K(63936K), 0.0004530 secs] [Times: user=0.00 sys=0.00, real=0.00 secs] 
Total time for which application threads were stopped: 0.0006390 seconds
275.082: [CMS-concurrent-mark-start]
Application time: 0.0001080 seconds
275.082: [Full GC (System) 275.082: [CMS275.108: [CMS-concurrent-mark: 0.026/0.027 secs] [Times: user=0.02 sys=0.00, real=0.02 secs] 
 (concurrent mode interrupted): 1299K->1299K(49152K), 0.0725640 secs] 1562K->1299K(63936K), [CMS Perm : 7340K->7340K(16384K)], 0.0728100 secs] [Times: user=0.07 sys=0.00, real=0.06 secs] 
Total time for which application threads were stopped: 0.0732290 seconds
Application time: 17.3771770 seconds
292.532: [Full GC (System) 292.532: [CMS: 1299K->1299K(49152K), 0.0449750 secs] 1562K->1299K(63936K), [CMS Perm : 7340K->7340K(16384K)], 0.0452250 secs] [Times: user=0.04 sys=0.00, real=0.04 secs] 
Total time for which application threads were stopped: 0.0455810 seconds
Application time: 0.0005170 seconds
292.578: [GC [1 CMS-initial-mark: 1299K(49152K)] 1562K(63936K), 0.0004540 secs] [Times: user=0.00 sys=0.00, real=0.00 secs] 
Total time for which application threads were stopped: 0.0007110 seconds
292.579: [CMS-concurrent-mark-start]
Application time: 0.0002490 seconds
292.579: [Full GC (System) 292.579: [CMS292.603: [CMS-concurrent-mark: 0.024/0.025 secs] [Times: user=0.03 sys=0.00, real=0.02 secs] 
 (concurrent mode interrupted): 1299K->1299K(49152K), 0.0671100 secs] 1562K->1299K(63936K), [CMS Perm : 7340K->7340K(16384K)], 0.0672920 secs] [Times: user=0.07 sys=0.00, real=0.06 secs] 
Total time for which application threads were stopped: 0.0675280 seconds
Application time: 17.4134540 seconds
310.061: [Full GC (System) 310.061: [CMS: 1299K->1299K(49152K), 0.0907320 secs] 1562K->1299K(63936K), [CMS Perm : 7340K->7340K(16384K)], 0.0911020 secs] [Times: user=0.05 sys=0.01, real=0.07 secs] 
Total time for which application threads were stopped: 0.0918620 seconds
Application time: 0.0002980 seconds
310.153: [GC [1 CMS-initial-mark: 1299K(49152K)] 1562K(63936K), 0.0004360 secs] [Times: user=0.00 sys=0.00, real=0.00 secs] 
Total time for which application threads were stopped: 0.0005890 seconds
310.153: [CMS-concurrent-mark-start]
Application time: 0.0001290 seconds
310.153: [Full GC (System) 310.153: [CMS310.177: [CMS-concurrent-mark: 0.024/0.024 secs] [Times: user=0.02 sys=0.00, real=0.02 secs] 
 (concurrent mode interrupted): 1299K->1299K(49152K), 0.0678820 secs] 1562K->1299K(63936K), [CMS Perm : 7340K->7340K(16384K)], 0.0680530 secs] [Times: user=0.07 sys=0.00, real=0.05 secs] 
Total time for which application threads were stopped: 0.0682440 seconds
Application time: 17.8741820 seconds
328.096: [Full GC (System) 328.096: [CMS: 1299K->1299K(49152K), 0.0557900 secs] 1562K->1299K(63936K), [CMS Perm : 7340K->7340K(16384K)], 0.0560490 secs] [Times: user=0.05 sys=0.00, real=0.05 secs] 
Total time for which application threads were stopped: 0.0565460 seconds
Application time: 0.0003110 seconds
328.153: [GC [1 CMS-initial-mark: 1299K(49152K)] 1562K(63936K), 0.0004210 secs] [Times: user=0.00 sys=0.00, real=0.00 secs] 
Total time for which application threads were stopped: 0.0005950 seconds
328.154: [CMS-concurrent-mark-start]
Application time: 0.0001620 seconds
328.154: [Full GC (System) 328.154: [CMS328.178: [CMS-concurrent-mark: 0.024/0.024 secs] [Times: user=0.03 sys=0.00, real=0.02 secs] 
 (concurrent mode interrupted): 1299K->1299K(49152K), 0.0671790 secs] 1562K->1299K(63936K), [CMS Perm : 7340K->7340K(16384K)], 0.0673820 secs] [Times: user=0.07 sys=0.00, real=0.06 secs] 
Total time for which application threads were stopped: 0.0676180 seconds
Application time: 17.6051270 seconds
345.827: [Full GC (System) 345.827: [CMS: 1299K->1299K(49152K), 0.0527830 secs] 1562K->1299K(63936K), [CMS Perm : 7340K->7340K(16384K)], 0.0529890 secs] [Times: user=0.05 sys=0.00, real=0.04 secs] 
Total time for which application threads were stopped: 0.0533680 seconds
Application time: 0.0003930 seconds
345.885: [GC [1 CMS-initial-mark: 1299K(49152K)] 1562K(63936K), 0.0007780 secs] [Times: user=0.00 sys=0.00, real=0.00 secs] 
Total time for which application threads were stopped: 0.0010220 seconds
345.886: [CMS-concurrent-mark-start]
Application time: 0.0001220 seconds
345.886: [Full GC (System) 345.886: [CMS345.910: [CMS-concurrent-mark: 0.024/0.025 secs] [Times: user=0.02 sys=0.00, real=0.02 secs] 
 (concurrent mode interrupted): 1299K->1299K(49152K), 0.0659200 secs] 1562K->1299K(63936K), [CMS Perm : 7340K->7340K(16384K)], 0.0660930 secs] [Times: user=0.06 sys=0.00, real=0.06 secs] 
Total time for which application threads were stopped: 0.0665820 seconds
Application time: 17.8491330 seconds
363.802: [Full GC (System) 363.802: [CMS: 1299K->1299K(49152K), 0.0564110 secs] 1562K->1299K(63936K), [CMS Perm : 7340K->7340K(16384K)], 0.0565780 secs] [Times: user=0.06 sys=0.00, real=0.05 secs] 
Total time for which application threads were stopped: 0.0572120 seconds
Application time: 0.0002740 seconds
363.859: [GC [1 CMS-initial-mark: 1299K(49152K)] 1562K(63936K), 0.0004730 secs] [Times: user=0.00 sys=0.00, real=0.00 secs] 
Total time for which application threads were stopped: 0.0006240 seconds
363.860: [CMS-concurrent-mark-start]
Application time: 0.0001090 seconds
363.860: [Full GC (System) 363.860: [CMS363.884: [CMS-concurrent-mark: 0.024/0.024 secs] [Times: user=0.02 sys=0.00, real=0.02 secs] 
 (concurrent mode interrupted): 1299K->1299K(49152K), 0.0669000 secs] 1562K->1299K(63936K), [CMS Perm : 7340K->7340K(16384K)], 0.0670310 secs] [Times: user=0.06 sys=0.01, real=0.05 secs] 
Total time for which application threads were stopped: 0.0673000 seconds
Application time: 18.3890690 seconds
382.316: [Full GC (System) 382.317: [CMS: 1299K->1299K(49152K), 0.0543470 secs] 1562K->1299K(63936K), [CMS Perm : 7340K->7340K(16384K)], 0.0544830 secs] [Times: user=0.05 sys=0.00, real=0.05 secs] 
Total time for which application threads were stopped: 0.0549250 seconds
Application time: 0.0003000 seconds
382.372: [GC [1 CMS-initial-mark: 1299K(49152K)] 1562K(63936K), 0.0004860 secs] [Times: user=0.00 sys=0.00, real=0.00 secs] 
Total time for which application threads were stopped: 0.0008470 seconds
382.373: [CMS-concurrent-mark-start]
Application time: 0.0001120 seconds
382.373: [Full GC (System) 382.373: [CMS382.397: [CMS-concurrent-mark: 0.024/0.024 secs] [Times: user=0.03 sys=0.00, real=0.02 secs] 
 (concurrent mode interrupted): 1299K->1299K(49152K), 0.0656880 secs] 1562K->1299K(63936K), [CMS Perm : 7340K->7340K(16384K)], 0.0657900 secs] [Times: user=0.07 sys=0.00, real=0.05 secs] 
Total time for which application threads were stopped: 0.0660100 seconds
Application time: 18.9619140 seconds
401.401: [Full GC (System) 401.401: [CMS: 1299K->1299K(49152K), 0.0430290 secs] 1562K->1299K(63936K), [CMS Perm : 7340K->7340K(16384K)], 0.0431490 secs] [Times: user=0.04 sys=0.00, real=0.04 secs] 
Total time for which application threads were stopped: 0.0434820 seconds
Application time: 0.0003900 seconds
401.445: [GC [1 CMS-initial-mark: 1299K(49152K)] 1562K(63936K), 0.0004680 secs] [Times: user=0.00 sys=0.00, real=0.00 secs] 
Total time for which application threads were stopped: 0.0006100 seconds
401.446: [CMS-concurrent-mark-start]
Application time: 0.0001110 seconds
401.446: [Full GC (System) 401.446: [CMS401.470: [CMS-concurrent-mark: 0.024/0.024 secs] [Times: user=0.03 sys=0.00, real=0.02 secs] 
 (concurrent mode interrupted): 1299K->1299K(49152K), 0.0665300 secs] 1562K->1299K(63936K), [CMS Perm : 7340K->7340K(16384K)], 0.0666380 secs] [Times: user=0.07 sys=0.00, real=0.05 secs] 
Total time for which application threads were stopped: 0.0668980 seconds
Application time: 10.9474750 seconds
Total time for which application threads were stopped: 0.0001670 seconds
Application time: 0.0005210 seconds
Total time for which application threads were stopped: 0.0000670 seconds
Application time: 0.0001180 seconds
Total time for which application threads were stopped: 0.0000570 seconds
Application time: 0.4930050 seconds
Total time for which application threads were stopped: 0.0001050 seconds
Application time: 0.0000490 seconds
Total time for which application threads were stopped: 0.0000690 seconds
Application time: 0.0001250 seconds
Total time for which application threads were stopped: 0.0003320 seconds
Application time: 1.0207550 seconds
413.976: [Full GC (System) 413.976: [CMS: 1299K->1720K(49152K), 0.0473250 secs] 3947K->1720K(63936K), [CMS Perm : 7396K->7393K(16384K)], 0.0474370 secs] [Times: user=0.05 sys=0.00, real=0.04 secs] 
Total time for which application threads were stopped: 0.0478830 seconds
Application time: 0.0712540 seconds
414.095: [Full GC (System) 414.095: [CMS: 1720K->1715K(49152K), 0.0463220 secs] 1983K->1715K(63936K), [CMS Perm : 7393K->7393K(16384K)], 0.0464330 secs] [Times: user=0.04 sys=0.00, real=0.04 secs] 
Total time for which application threads were stopped: 0.0467180 seconds
Application time: 0.0623040 seconds
414.204: [GC [1 CMS-initial-mark: 1715K(49152K)] 1979K(63936K), 0.0008460 secs] [Times: user=0.00 sys=0.00, real=0.00 secs] 
Total time for which application threads were stopped: 0.0011490 seconds
414.205: [CMS-concurrent-mark-start]
414.262: [CMS-concurrent-mark: 0.057/0.057 secs] [Times: user=0.02 sys=0.00, real=0.03 secs] 
414.262: [CMS-concurrent-preclean-start]
414.262: [CMS-concurrent-preclean: 0.000/0.000 secs] [Times: user=0.00 sys=0.00, real=0.00 secs] 
Application time: 0.0573340 seconds
414.263: [GC[YG occupancy: 263 K (14784 K)]414.263: [Rescan (non-parallel) 414.263: [grey object rescan, 0.0001690 secs]414.263: [root rescan, 0.0004280 secs], 0.0006490 secs]414.263: [weak refs processing, 0.0000110 secs] [1 CMS-remark: 1715K(49152K)] 1979K(63936K), 0.0007290 secs] [Times: user=0.01 sys=0.00, real=0.00 secs] 
Total time for which application threads were stopped: 0.0008960 seconds
414.264: [CMS-concurrent-sweep-start]
414.270: [CMS-concurrent-sweep: 0.006/0.006 secs] [Times: user=0.00 sys=0.00, real=0.00 secs] 
414.270: [CMS-concurrent-reset-start]
414.272: [CMS-concurrent-reset: 0.002/0.002 secs] [Times: user=0.00 sys=0.00, real=0.01 secs] 
Application time: 5.1064710 seconds
419.370: [Full GC (System) 419.370: [CMS: 1714K->1714K(49152K), 0.0566170 secs] 1978K->1714K(63936K), [CMS Perm : 7393K->7393K(16384K)], 0.0568590 secs] [Times: user=0.06 sys=0.00, real=0.05 secs] 
Total time for which application threads were stopped: 0.0574460 seconds
Application time: 0.0003520 seconds
419.428: [GC [1 CMS-initial-mark: 1714K(49152K)] 1978K(63936K), 0.0004120 secs] [Times: user=0.00 sys=0.00, real=0.00 secs] 
Total time for which application threads were stopped: 0.0006220 seconds
419.429: [CMS-concurrent-mark-start]
Application time: 0.0001090 seconds
419.429: [Full GC (System) 419.429: [CMS419.455: [CMS-concurrent-mark: 0.025/0.026 secs] [Times: user=0.02 sys=0.01, real=0.02 secs] 
 (concurrent mode interrupted): 1714K->1714K(49152K), 0.0703820 secs] 1978K->1714K(63936K), [CMS Perm : 7393K->7393K(16384K)], 0.0705400 secs] [Times: user=0.07 sys=0.01, real=0.05 secs] 
Total time for which application threads were stopped: 0.0709220 seconds
Application time: 21.6459130 seconds
441.146: [Full GC (System) 441.146: [CMS: 1714K->1714K(49152K), 0.0446250 secs] 1978K->1714K(63936K), [CMS Perm : 7393K->7393K(16384K)], 0.0447740 secs] [Times: user=0.04 sys=0.00, real=0.03 secs] 
Total time for which application threads were stopped: 0.0451050 seconds
Application time: 0.0008120 seconds
441.192: [GC [1 CMS-initial-mark: 1714K(49152K)] 1978K(63936K), 0.0004410 secs] [Times: user=0.00 sys=0.00, real=0.00 secs] 
Total time for which application threads were stopped: 0.0006060 seconds
441.192: [CMS-concurrent-mark-start]
Application time: 0.0001080 seconds
441.192: [Full GC (System) 441.192: [CMS441.217: [CMS-concurrent-mark: 0.025/0.025 secs] [Times: user=0.03 sys=0.00, real=0.02 secs] 
 (concurrent mode interrupted): 1714K->1714K(49152K), 0.0689530 secs] 1978K->1714K(63936K), [CMS Perm : 7393K->7393K(16384K)], 0.0690630 secs] [Times: user=0.07 sys=0.00, real=0.05 secs] 
Total time for which application threads were stopped: 0.0692790 seconds
Application time: 20.1202060 seconds
461.382: [Full GC (System) 461.382: [CMS: 1714K->1714K(49152K), 0.0527310 secs] 1978K->1714K(63936K), [CMS Perm : 7393K->7393K(16384K)], 0.0528910 secs] [Times: user=0.05 sys=0.00, real=0.04 secs] 
Total time for which application threads were stopped: 0.0533780 seconds
Application time: 0.0012410 seconds
461.437: [GC [1 CMS-initial-mark: 1714K(49152K)] 1978K(63936K), 0.0005370 secs] [Times: user=0.00 sys=0.01, real=0.00 secs] 
Total time for which application threads were stopped: 0.0008600 seconds
461.437: [CMS-concurrent-mark-start]
Application time: 0.0001280 seconds
461.438: [Full GC (System) 461.438: [CMS461.463: [CMS-concurrent-mark: 0.025/0.026 secs] [Times: user=0.03 sys=0.00, real=0.02 secs] 
 (concurrent mode interrupted): 1714K->1714K(49152K), 0.0690290 secs] 1978K->1714K(63936K), [CMS Perm : 7393K->7393K(16384K)], 0.0692100 secs] [Times: user=0.07 sys=0.00, real=0.06 secs] 
Total time for which application threads were stopped: 0.0695200 seconds
Application time: 18.4343190 seconds
479.942: [Full GC (System) 479.942: [CMS: 1714K->1714K(49152K), 0.0732170 secs] 1978K->1714K(63936K), [CMS Perm : 7393K->7393K(16384K)], 0.0734160 secs] [Times: user=0.06 sys=0.00, real=0.06 secs] 
Total time for which application threads were stopped: 0.0738910 seconds
Application time: 0.0002850 seconds
480.016: [GC [1 CMS-initial-mark: 1714K(49152K)] 1978K(63936K), 0.0004900 secs] [Times: user=0.00 sys=0.00, real=0.00 secs] 
Total time for which application threads were stopped: 0.0006440 seconds
480.017: [CMS-concurrent-mark-start]
Application time: 0.0001090 seconds
480.017: [Full GC (System) 480.017: [CMS480.042: [CMS-concurrent-mark: 0.026/0.026 secs] [Times: user=0.03 sys=0.00, real=0.02 secs] 
 (concurrent mode interrupted): 1714K->1714K(49152K), 0.0712990 secs] 1978K->1714K(63936K), [CMS Perm : 7393K->7393K(16384K)], 0.0714790 secs] [Times: user=0.07 sys=0.00, real=0.06 secs] 
Total time for which application threads were stopped: 0.0717680 seconds
Application time: 18.5315300 seconds
498.620: [Full GC (System) 498.620: [CMS: 1714K->1714K(49152K), 0.0552090 secs] 1978K->1714K(63936K), [CMS Perm : 7393K->7393K(16384K)], 0.0554300 secs] [Times: user=0.05 sys=0.00, real=0.05 secs] 
Total time for which application threads were stopped: 0.0558070 seconds
Application time: 0.0065590 seconds
498.682: [GC [1 CMS-initial-mark: 1714K(49152K)] 1978K(63936K), 0.0004520 secs] [Times: user=0.00 sys=0.00, real=0.00 secs] 
Total time for which application threads were stopped: 0.0006610 seconds
498.683: [CMS-concurrent-mark-start]
Application time: 0.0015790 seconds
498.684: [Full GC (System) 498.685: [CMS498.710: [CMS-concurrent-mark: 0.024/0.027 secs] [Times: user=0.03 sys=0.00, real=0.02 secs] 
 (concurrent mode interrupted): 1714K->1712K(49152K), 0.0779510 secs] 1978K->1712K(63936K), [CMS Perm : 7393K->7393K(16384K)], 0.0781450 secs] [Times: user=0.07 sys=0.01, real=0.06 secs] 
Total time for which application threads were stopped: 0.0784280 seconds
Application time: 20.1992270 seconds
518.962: [Full GC (System) 518.963: [CMS: 1712K->1712K(49152K), 0.0517020 secs] 1976K->1712K(63936K), [CMS Perm : 7393K->7393K(16384K)], 0.0520040 secs] [Times: user=0.05 sys=0.00, real=0.04 secs] 
Total time for which application threads were stopped: 0.0531650 seconds
Application time: 0.0003000 seconds
519.016: [GC [1 CMS-initial-mark: 1712K(49152K)] 1976K(63936K), 0.0004690 secs] [Times: user=0.00 sys=0.00, real=0.00 secs] 
Total time for which application threads were stopped: 0.0006340 seconds
519.016: [CMS-concurrent-mark-start]
Application time: 0.0001090 seconds
519.017: [Full GC (System) 519.017: [CMS519.042: [CMS-concurrent-mark: 0.025/0.025 secs] [Times: user=0.03 sys=0.00, real=0.02 secs] 
 (concurrent mode interrupted): 1712K->1712K(49152K), 0.0712350 secs] 1976K->1712K(63936K), [CMS Perm : 7393K->7393K(16384K)], 0.0714660 secs] [Times: user=0.07 sys=0.00, real=0.06 secs] 
Total time for which application threads were stopped: 0.0717010 seconds
Application time: 21.6346230 seconds
540.723: [Full GC (System) 540.724: [CMS: 1712K->1712K(49152K), 0.0648490 secs] 1976K->1712K(63936K), [CMS Perm : 7393K->7393K(16384K)], 0.0651870 secs] [Times: user=0.07 sys=0.00, real=0.05 secs] 
Total time for which application threads were stopped: 0.0659100 seconds
Application time: 0.0005720 seconds
540.790: [GC [1 CMS-initial-mark: 1712K(49152K)] 1976K(63936K), 0.0007220 secs] [Times: user=0.00 sys=0.00, real=0.00 secs] 
Total time for which application threads were stopped: 0.0010390 seconds
540.791: [CMS-concurrent-mark-start]
Application time: 0.0001210 seconds
540.791: [Full GC (System) 540.791: [CMS540.822: [CMS-concurrent-mark: 0.031/0.031 secs] [Times: user=0.03 sys=0.00, real=0.03 secs] 
 (concurrent mode interrupted): 1712K->1712K(49152K), 0.0830240 secs] 1976K->1712K(63936K), [CMS Perm : 7393K->7393K(16384K)], 0.0832060 secs] [Times: user=0.08 sys=0.00, real=0.07 secs] 
Total time for which application threads were stopped: 0.0834850 seconds
Application time: 18.1882690 seconds
559.063: [Full GC (System) 559.076: [CMS: 1712K->1712K(49152K), 0.0673770 secs] 1976K->1712K(63936K), [CMS Perm : 7393K->7393K(16384K)], 0.0675930 secs] [Times: user=0.07 sys=0.00, real=0.07 secs] 
Total time for which application threads were stopped: 0.0812440 seconds
Application time: 0.0002670 seconds
559.145: [GC [1 CMS-initial-mark: 1712K(49152K)] 1976K(63936K), 0.0004490 secs] [Times: user=0.00 sys=0.00, real=0.00 secs] 
Total time for which application threads were stopped: 0.0006210 seconds
559.145: [CMS-concurrent-mark-start]
Application time: 0.0001110 seconds
559.145: [Full GC (System) 559.145: [CMS559.170: [CMS-concurrent-mark: 0.025/0.025 secs] [Times: user=0.02 sys=0.00, real=0.02 secs] 
 (concurrent mode interrupted): 1712K->1712K(49152K), 0.0695090 secs] 1976K->1712K(63936K), [CMS Perm : 7393K->7393K(16384K)], 0.0696860 secs] [Times: user=0.06 sys=0.00, real=0.05 secs] 
Total time for which application threads were stopped: 0.0699500 seconds
Application time: 18.2628990 seconds
577.478: [Full GC (System) 577.479: [CMS: 1712K->1712K(49152K), 0.0638950 secs] 1976K->1712K(63936K), [CMS Perm : 7393K->7393K(16384K)], 0.0642340 secs] [Times: user=0.06 sys=0.00, real=0.05 secs] 
Total time for which application threads were stopped: 0.0647810 seconds
Application time: 0.0003060 seconds
577.544: [GC [1 CMS-initial-mark: 1712K(49152K)] 1976K(63936K), 0.0005680 secs] [Times: user=0.01 sys=0.00, real=0.01 secs] 
Total time for which application threads were stopped: 0.0007390 seconds
577.544: [CMS-concurrent-mark-start]
Application time: 0.0001140 seconds
577.544: [Full GC (System) 577.544: [CMS577.570: [CMS-concurrent-mark: 0.026/0.026 secs] [Times: user=0.02 sys=0.00, real=0.02 secs] 
 (concurrent mode interrupted): 1712K->1712K(49152K), 0.0730890 secs] 1976K->1712K(63936K), [CMS Perm : 7393K->7393K(16384K)], 0.0732980 secs] [Times: user=0.07 sys=0.00, real=0.06 secs] 
Total time for which application threads were stopped: 0.0735590 seconds
Application time: 18.1489300 seconds
595.767: [Full GC (System) 595.767: [CMS: 1712K->1712K(49152K), 0.0588080 secs] 1976K->1712K(63936K), [CMS Perm : 7393K->7393K(16384K)], 0.0597390 secs] [Times: user=0.05 sys=0.00, real=0.05 secs] 
Total time for which application threads were stopped: 0.0604490 seconds
Application time: 0.0003190 seconds
595.828: [GC [1 CMS-initial-mark: 1712K(49152K)] 1976K(63936K), 0.0004460 secs] [Times: user=0.00 sys=0.00, real=0.00 secs] 
Total time for which application threads were stopped: 0.0005990 seconds
595.829: [CMS-concurrent-mark-start]
Application time: 0.0001770 seconds
595.829: [Full GC (System) 595.829: [CMS595.855: [CMS-concurrent-mark: 0.026/0.026 secs] [Times: user=0.03 sys=0.00, real=0.02 secs] 
 (concurrent mode interrupted): 1712K->1712K(49152K), 0.0757170 secs] 1976K->1712K(63936K), [CMS Perm : 7393K->7393K(16384K)], 0.0760460 secs] [Times: user=0.08 sys=0.00, real=0.06 secs] 
Total time for which application threads were stopped: 0.0762850 seconds
Application time: 18.0647980 seconds
613.970: [Full GC (System) 613.970: [CMS: 1712K->1712K(49152K), 0.0597930 secs] 1976K->1712K(63936K), [CMS Perm : 7393K->7393K(16384K)], 0.0600130 secs] [Times: user=0.05 sys=0.00, real=0.05 secs] 
Total time for which application threads were stopped: 0.0604990 seconds
Application time: 0.0049920 seconds
614.035: [GC [1 CMS-initial-mark: 1712K(49152K)] 1976K(63936K), 0.0004560 secs] [Times: user=0.00 sys=0.00, real=0.00 secs] 
Total time for which application threads were stopped: 0.0008020 seconds
614.036: [CMS-concurrent-mark-start]
Application time: 0.0001140 seconds
614.036: [Full GC (System) 614.036: [CMS614.065: [CMS-concurrent-mark: 0.028/0.028 secs] [Times: user=0.03 sys=0.00, real=0.02 secs] 
 (concurrent mode interrupted): 1712K->1712K(49152K), 0.0944030 secs] 1976K->1712K(63936K), [CMS Perm : 7393K->7393K(16384K)], 0.0945420 secs] [Times: user=0.08 sys=0.00, real=0.08 secs] 
Total time for which application threads were stopped: 0.0948270 seconds
Application time: 18.1611080 seconds
632.292: [Full GC (System) 632.292: [CMS: 1712K->1712K(49152K), 0.0607170 secs] 1976K->1712K(63936K), [CMS Perm : 7393K->7393K(16384K)], 0.0608480 secs] [Times: user=0.06 sys=0.00, real=0.05 secs] 
Total time for which application threads were stopped: 0.0613650 seconds
Application time: 0.0006520 seconds
632.354: [GC [1 CMS-initial-mark: 1712K(49152K)] 1976K(63936K), 0.0004220 secs] [Times: user=0.00 sys=0.00, real=0.00 secs] 
Total time for which application threads were stopped: 0.0006120 seconds
632.355: [CMS-concurrent-mark-start]
Application time: 0.0001100 seconds
632.355: [Full GC (System) 632.355: [CMS632.380: [CMS-concurrent-mark: 0.025/0.025 secs] [Times: user=0.03 sys=0.00, real=0.03 secs] 
 (concurrent mode interrupted): 1712K->1712K(49152K), 0.0708040 secs] 1976K->1712K(63936K), [CMS Perm : 7393K->7393K(16384K)], 0.0709120 secs] [Times: user=0.07 sys=0.00, real=0.05 secs] 
Total time for which application threads were stopped: 0.0711740 seconds
Application time: 18.3332550 seconds
650.759: [Full GC (System) 650.759: [CMS: 1712K->1712K(49152K), 0.0538100 secs] 1976K->1712K(63936K), [CMS Perm : 7393K->7393K(16384K)], 0.0539440 secs] [Times: user=0.05 sys=0.00, real=0.04 secs] 
Total time for which application threads were stopped: 0.0542920 seconds
Application time: 0.0010150 seconds
650.815: [GC [1 CMS-initial-mark: 1712K(49152K)] 1976K(63936K), 0.0006570 secs] [Times: user=0.00 sys=0.00, real=0.00 secs] 
Total time for which application threads were stopped: 0.0008240 seconds
650.815: [CMS-concurrent-mark-start]
Application time: 0.0001180 seconds
650.815: [Full GC (System) 650.815: [CMS650.843: [CMS-concurrent-mark: 0.028/0.028 secs] [Times: user=0.03 sys=0.00, real=0.03 secs] 
 (concurrent mode interrupted): 1712K->1712K(49152K), 0.0851830 secs] 1976K->1712K(63936K), [CMS Perm : 7393K->7393K(16384K)], 0.0852880 secs] [Times: user=0.08 sys=0.00, real=0.07 secs] 
Total time for which application threads were stopped: 0.0855150 seconds
Application time: 17.9401800 seconds
668.841: [Full GC (System) 668.842: [CMS: 1712K->1712K(49152K), 0.0645650 secs] 1976K->1712K(63936K), [CMS Perm : 7393K->7393K(16384K)], 0.0649100 secs] [Times: user=0.06 sys=0.00, real=0.06 secs] 
Total time for which application threads were stopped: 0.0655390 seconds
Application time: 0.0008770 seconds
668.908: [GC [1 CMS-initial-mark: 1712K(49152K)] 1976K(63936K), 0.0004650 secs] [Times: user=0.00 sys=0.00, real=0.00 secs] 
Total time for which application threads were stopped: 0.0006820 seconds
668.908: [CMS-concurrent-mark-start]
Application time: 0.0002650 seconds
668.908: [Full GC (System) 668.908: [CMS668.936: [CMS-concurrent-mark: 0.027/0.028 secs] [Times: user=0.02 sys=0.00, real=0.02 secs] 
 (concurrent mode interrupted): 1712K->1712K(49152K), 0.0791340 secs] 1976K->1712K(63936K), [CMS Perm : 7393K->7393K(16384K)], 0.0793170 secs] [Times: user=0.07 sys=0.00, real=0.07 secs] 
Total time for which application threads were stopped: 0.0795490 seconds
Application time: 18.0847650 seconds
687.073: [Full GC (System) 687.073: [CMS: 1712K->1712K(49152K), 0.0742820 secs] 1976K->1712K(63936K), [CMS Perm : 7393K->7393K(16384K)], 0.0746150 secs] [Times: user=0.07 sys=0.00, real=0.06 secs] 
Total time for which application threads were stopped: 0.0751680 seconds
Application time: 0.0013000 seconds
687.149: [GC [1 CMS-initial-mark: 1712K(49152K)] 1976K(63936K), 0.0005440 secs] [Times: user=0.00 sys=0.00, real=0.00 secs] 
Total time for which application threads were stopped: 0.0009250 seconds
687.150: [CMS-concurrent-mark-start]
Application time: 0.0001330 seconds
687.150: [Full GC (System) 687.150: [CMS687.182: [CMS-concurrent-mark: 0.031/0.032 secs] [Times: user=0.03 sys=0.00, real=0.03 secs] 
 (concurrent mode interrupted): 1712K->1712K(49152K), 0.0779320 secs] 1976K->1712K(63936K), [CMS Perm : 7393K->7393K(16384K)], 0.0781220 secs] [Times: user=0.07 sys=0.00, real=0.06 secs] 
Total time for which application threads were stopped: 0.0785000 seconds
Application time: 18.0325370 seconds
705.262: [Full GC (System) 705.262: [CMS: 1712K->1713K(49152K), 0.0604060 secs] 2639K->1713K(63936K), [CMS Perm : 7393K->7393K(16384K)], 0.0606580 secs] [Times: user=0.06 sys=0.00, real=0.05 secs] 
Total time for which application threads were stopped: 0.0612530 seconds
Application time: 0.0004400 seconds
705.323: [GC [1 CMS-initial-mark: 1713K(49152K)] 1977K(63936K), 0.0004530 secs] [Times: user=0.00 sys=0.00, real=0.00 secs] 
Total time for which application threads were stopped: 0.0006480 seconds
705.324: [CMS-concurrent-mark-start]
Application time: 0.0001110 seconds
705.324: [Full GC (System) 705.324: [CMS705.351: [CMS-concurrent-mark: 0.027/0.027 secs] [Times: user=0.03 sys=0.00, real=0.03 secs] 
 (concurrent mode interrupted): 1713K->1711K(49152K), 0.0739800 secs] 1977K->1711K(63936K), [CMS Perm : 7393K->7393K(16384K)], 0.0741700 secs] [Times: user=0.07 sys=0.00, real=0.06 secs] 
Total time for which application threads were stopped: 0.0744420 seconds
Application time: 18.1030230 seconds
723.502: [Full GC (System) 723.502: [CMS: 1711K->1711K(49152K), 0.0618990 secs] 1974K->1711K(63936K), [CMS Perm : 7393K->7393K(16384K)], 0.0621070 secs] [Times: user=0.06 sys=0.00, real=0.05 secs] 
Total time for which application threads were stopped: 0.0625840 seconds
Application time: 0.0002950 seconds
723.565: [GC [1 CMS-initial-mark: 1711K(49152K)] 1974K(63936K), 0.0004300 secs] [Times: user=0.00 sys=0.01, real=0.00 secs] 
Total time for which application threads were stopped: 0.0006160 seconds
723.565: [CMS-concurrent-mark-start]
Application time: 0.0001080 seconds
723.565: [Full GC (System) 723.565: [CMS723.591: [CMS-concurrent-mark: 0.026/0.026 secs] [Times: user=0.03 sys=0.00, real=0.02 secs] 
 (concurrent mode interrupted): 1711K->1711K(49152K), 0.0715760 secs] 1974K->1711K(63936K), [CMS Perm : 7393K->7393K(16384K)], 0.0717770 secs] [Times: user=0.07 sys=0.00, real=0.05 secs] 
Total time for which application threads were stopped: 0.0720340 seconds
Application time: 18.1938350 seconds
741.831: [Full GC (System) 741.832: [CMS: 1711K->1711K(49152K), 0.0639090 secs] 1974K->1711K(63936K), [CMS Perm : 7393K->7393K(16384K)], 0.0640950 secs] [Times: user=0.07 sys=0.00, real=0.05 secs] 
Total time for which application threads were stopped: 0.0646600 seconds
Application time: 0.0003240 seconds
741.897: [GC [1 CMS-initial-mark: 1711K(49152K)] 1974K(63936K), 0.0004700 secs] [Times: user=0.00 sys=0.00, real=0.00 secs] 
Total time for which application threads were stopped: 0.0006330 seconds
741.897: [CMS-concurrent-mark-start]
Application time: 0.0001120 seconds
741.897: [Full GC (System) 741.897: [CMS741.924: [CMS-concurrent-mark: 0.026/0.027 secs] [Times: user=0.02 sys=0.00, real=0.02 secs] 
 (concurrent mode interrupted): 1711K->1711K(49152K), 0.0748970 secs] 1974K->1711K(63936K), [CMS Perm : 7393K->7393K(16384K)], 0.0750830 secs] [Times: user=0.07 sys=0.00, real=0.06 secs] 
Total time for which application threads were stopped: 0.0753450 seconds
Application time: 18.1680840 seconds
760.141: [Full GC (System) 760.141: [CMS: 1711K->1711K(49152K), 0.0592760 secs] 1974K->1711K(63936K), [CMS Perm : 7393K->7393K(16384K)], 0.0594910 secs] [Times: user=0.06 sys=0.00, real=0.05 secs] 
Total time for which application threads were stopped: 0.0600480 seconds
Application time: 0.0003160 seconds
760.202: [GC [1 CMS-initial-mark: 1711K(49152K)] 1974K(63936K), 0.0004610 secs] [Times: user=0.00 sys=0.00, real=0.00 secs] 
Total time for which application threads were stopped: 0.0006970 seconds
760.202: [CMS-concurrent-mark-start]
Application time: 0.0001340 seconds
760.202: [Full GC (System) 760.202: [CMS760.228: [CMS-concurrent-mark: 0.025/0.025 secs] [Times: user=0.03 sys=0.00, real=0.02 secs] 
 (concurrent mode interrupted): 1711K->1711K(49152K), 0.0700150 secs] 1974K->1711K(63936K), [CMS Perm : 7393K->7393K(16384K)], 0.0701740 secs] [Times: user=0.07 sys=0.00, real=0.06 secs] 
Total time for which application threads were stopped: 0.0704470 seconds
Application time: 18.1686630 seconds
778.442: [Full GC (System) 778.442: [CMS: 1711K->1711K(49152K), 0.0587930 secs] 1974K->1711K(63936K), [CMS Perm : 7393K->7393K(16384K)], 0.0590270 secs] [Times: user=0.06 sys=0.00, real=0.05 secs] 
Total time for which application threads were stopped: 0.0598040 seconds
Application time: 0.0002730 seconds
778.502: [GC [1 CMS-initial-mark: 1711K(49152K)] 1974K(63936K), 0.0004640 secs] [Times: user=0.00 sys=0.00, real=0.00 secs] 
Total time for which application threads were stopped: 0.0006260 seconds
778.502: [CMS-concurrent-mark-start]
Application time: 0.0001090 seconds
778.503: [Full GC (System) 778.503: [CMS778.528: [CMS-concurrent-mark: 0.025/0.025 secs] [Times: user=0.02 sys=0.00, real=0.02 secs] 
 (concurrent mode interrupted): 1711K->1711K(49152K), 0.0707790 secs] 1974K->1711K(63936K), [CMS Perm : 7393K->7393K(16384K)], 0.0709820 secs] [Times: user=0.07 sys=0.00, real=0.06 secs] 
Total time for which application threads were stopped: 0.0712620 seconds
Application time: 18.0909960 seconds
796.665: [Full GC (System) 796.665: [CMS: 1711K->1711K(49152K), 0.0542870 secs] 1974K->1711K(63936K), [CMS Perm : 7393K->7393K(16384K)], 0.0544950 secs] [Times: user=0.05 sys=0.00, real=0.05 secs] 
Total time for which application threads were stopped: 0.0550480 seconds
Application time: 0.0003010 seconds
796.721: [GC [1 CMS-initial-mark: 1711K(49152K)] 1974K(63936K), 0.0004730 secs] [Times: user=0.00 sys=0.00, real=0.00 secs] 
Total time for which application threads were stopped: 0.0006300 seconds
796.721: [CMS-concurrent-mark-start]
Application time: 0.0001100 seconds
796.721: [Full GC (System) 796.721: [CMS796.748: [CMS-concurrent-mark: 0.027/0.027 secs] [Times: user=0.03 sys=0.01, real=0.02 secs] 
 (concurrent mode interrupted): 1711K->1710K(49152K), 0.0745190 secs] 1974K->1710K(63936K), [CMS Perm : 7393K->7393K(16384K)], 0.0746910 secs] [Times: user=0.08 sys=0.01, real=0.06 secs] 
Total time for which application threads were stopped: 0.0748740 seconds
Application time: 18.3585340 seconds
815.155: [Full GC (System) 815.155: [CMS: 1710K->1710K(49152K), 0.0536210 secs] 1974K->1710K(63936K), [CMS Perm : 7393K->7393K(16384K)], 0.0538460 secs] [Times: user=0.05 sys=0.00, real=0.04 secs] 
Total time for which application threads were stopped: 0.0544240 seconds
Application time: 0.0003200 seconds
815.210: [GC [1 CMS-initial-mark: 1710K(49152K)] 1974K(63936K), 0.0005180 secs] [Times: user=0.00 sys=0.00, real=0.01 secs] 
Total time for which application threads were stopped: 0.0007230 seconds
815.210: [CMS-concurrent-mark-start]
Application time: 0.0001150 seconds
815.211: [Full GC (System) 815.211: [CMS815.236: [CMS-concurrent-mark: 0.025/0.025 secs] [Times: user=0.03 sys=0.00, real=0.02 secs] 
 (concurrent mode interrupted): 1710K->1710K(49152K), 0.0702250 secs] 1974K->1710K(63936K), [CMS Perm : 7393K->7393K(16384K)], 0.0703840 secs] [Times: user=0.07 sys=0.00, real=0.05 secs] 
Total time for which application threads were stopped: 0.0706180 seconds
Application time: 18.2278240 seconds
833.509: [Full GC (System) 833.509: [CMS: 1710K->1710K(49152K), 0.0564360 secs] 1974K->1710K(63936K), [CMS Perm : 7393K->7393K(16384K)], 0.0567000 secs] [Times: user=0.06 sys=0.00, real=0.04 secs] 
Total time for which application threads were stopped: 0.0573100 seconds
Application time: 0.0002790 seconds
833.567: [GC [1 CMS-initial-mark: 1710K(49152K)] 1974K(63936K), 0.0004750 secs] [Times: user=0.00 sys=0.00, real=0.00 secs] 
Total time for which application threads were stopped: 0.0006260 seconds
833.568: [CMS-concurrent-mark-start]
Application time: 0.0001320 seconds
833.568: [Full GC (System) 833.568: [CMS833.593: [CMS-concurrent-mark: 0.025/0.025 secs] [Times: user=0.02 sys=0.00, real=0.02 secs] 
 (concurrent mode interrupted): 1710K->1710K(49152K), 0.0747320 secs] 1974K->1710K(63936K), [CMS Perm : 7393K->7393K(16384K)], 0.0749480 secs] [Times: user=0.07 sys=0.00, real=0.06 secs] 
Total time for which application threads were stopped: 0.0752700 seconds
Application time: 18.0733780 seconds
851.717: [Full GC (System) 851.717: [CMS: 1710K->1710K(49152K), 0.0551860 secs] 1974K->1710K(63936K), [CMS Perm : 7393K->7393K(16384K)], 0.0553890 secs] [Times: user=0.05 sys=0.00, real=0.05 secs] 
Total time for which application threads were stopped: 0.0559880 seconds
Application time: 0.0008540 seconds
851.773: [GC [1 CMS-initial-mark: 1710K(49152K)] 1974K(63936K), 0.0004560 secs] [Times: user=0.00 sys=0.00, real=0.00 secs] 
Total time for which application threads were stopped: 0.0006290 seconds
851.774: [CMS-concurrent-mark-start]
Application time: 0.0001100 seconds
851.774: [Full GC (System) 851.774: [CMS851.800: [CMS-concurrent-mark: 0.025/0.026 secs] [Times: user=0.03 sys=0.00, real=0.02 secs] 
 (concurrent mode interrupted): 1710K->1710K(49152K), 0.0695750 secs] 1974K->1710K(63936K), [CMS Perm : 7393K->7393K(16384K)], 0.0697330 secs] [Times: user=0.07 sys=0.00, real=0.06 secs] 
Total time for which application threads were stopped: 0.0700160 seconds
Application time: 18.1432600 seconds
869.987: [Full GC (System) 869.988: [CMS: 1710K->1710K(49152K), 0.0636730 secs] 1974K->1710K(63936K), [CMS Perm : 7393K->7393K(16384K)], 0.0638810 secs] [Times: user=0.06 sys=0.00, real=0.05 secs] 
Total time for which application threads were stopped: 0.0644830 seconds
Application time: 0.0118110 seconds
870.137: [GC [1 CMS-initial-mark: 1710K(49152K)] 1974K(63936K), 0.0004700 secs] [Times: user=0.00 sys=0.00, real=0.00 secs] 
Total time for which application threads were stopped: 0.0742690 seconds
870.138: [CMS-concurrent-mark-start]
Application time: 0.0001740 seconds
870.138: [Full GC (System) 870.138: [CMS870.164: [CMS-concurrent-mark: 0.026/0.027 secs] [Times: user=0.02 sys=0.00, real=0.02 secs] 
 (concurrent mode interrupted): 1710K->1711K(49152K), 0.0705800 secs] 1974K->1711K(63936K), [CMS Perm : 7393K->7393K(16384K)], 0.0707990 secs] [Times: user=0.07 sys=0.00, real=0.05 secs] 
Total time for which application threads were stopped: 0.0710570 seconds
Application time: 18.1604610 seconds
888.370: [Full GC (System) 888.370: [CMS: 1711K->1710K(49152K), 0.0590250 secs] 1974K->1710K(63936K), [CMS Perm : 7393K->7393K(16384K)], 0.0592880 secs] [Times: user=0.06 sys=0.01, real=0.04 secs] 
Total time for which application threads were stopped: 0.0598220 seconds
Application time: 0.0006780 seconds
888.430: [GC [1 CMS-initial-mark: 1710K(49152K)] 1974K(63936K), 0.0004120 secs] [Times: user=0.00 sys=0.00, real=0.00 secs] 
Total time for which application threads were stopped: 0.0006280 seconds
888.431: [CMS-concurrent-mark-start]
Application time: 0.0001110 seconds
888.431: [Full GC (System) 888.431: [CMS888.456: [CMS-concurrent-mark: 0.025/0.026 secs] [Times: user=0.02 sys=0.00, real=0.02 secs] 
 (concurrent mode interrupted): 1710K->1710K(49152K), 0.0696400 secs] 1974K->1710K(63936K), [CMS Perm : 7393K->7393K(16384K)], 0.0698660 secs] [Times: user=0.07 sys=0.00, real=0.05 secs] 
Total time for which application threads were stopped: 0.0701080 seconds
Application time: 18.1398570 seconds
906.641: [Full GC (System) 906.641: [CMS: 1710K->1710K(49152K), 0.0619590 secs] 1974K->1710K(63936K), [CMS Perm : 7393K->7393K(16384K)], 0.0621520 secs] [Times: user=0.06 sys=0.00, real=0.05 secs] 
Total time for which application threads were stopped: 0.0627820 seconds
Application time: 0.0007330 seconds
906.704: [GC [1 CMS-initial-mark: 1710K(49152K)] 1974K(63936K), 0.0004230 secs] [Times: user=0.00 sys=0.00, real=0.00 secs] 
Total time for which application threads were stopped: 0.0006940 seconds
906.705: [CMS-concurrent-mark-start]
Application time: 0.0001100 seconds
906.705: [Full GC (System) 906.705: [CMS906.731: [CMS-concurrent-mark: 0.025/0.026 secs] [Times: user=0.03 sys=0.00, real=0.02 secs] 
 (concurrent mode interrupted): 1710K->1710K(49152K), 0.0696070 secs] 1974K->1710K(63936K), [CMS Perm : 7393K->7393K(16384K)], 0.0697940 secs] [Times: user=0.07 sys=0.00, real=0.05 secs] 
Total time for which application threads were stopped: 0.0700930 seconds
Application time: 18.1148200 seconds
924.890: [Full GC (System) 924.890: [CMS: 1710K->1710K(49152K), 0.0494260 secs] 1974K->1710K(63936K), [CMS Perm : 7393K->7393K(16384K)], 0.0496510 secs] [Times: user=0.05 sys=0.00, real=0.04 secs] 
Total time for which application threads were stopped: 0.0500080 seconds
Application time: 0.0007830 seconds
924.941: [GC [1 CMS-initial-mark: 1710K(49152K)] 1974K(63936K), 0.0004930 secs] [Times: user=0.00 sys=0.00, real=0.00 secs] 
Total time for which application threads were stopped: 0.0006960 seconds
924.941: [CMS-concurrent-mark-start]
Application time: 0.0001230 seconds
924.942: [Full GC (System) 924.942: [CMS924.970: [CMS-concurrent-mark: 0.028/0.029 secs] [Times: user=0.02 sys=0.00, real=0.02 secs] 
 (concurrent mode interrupted): 1710K->1710K(49152K), 0.0736240 secs] 1974K->1710K(63936K), [CMS Perm : 7393K->7393K(16384K)], 0.0738520 secs] [Times: user=0.07 sys=0.00, real=0.06 secs] 
Total time for which application threads were stopped: 0.0741330 seconds
Application time: 18.1857610 seconds
943.202: [Full GC (System) 943.202: [CMS: 1710K->1710K(49152K), 0.0524210 secs] 1974K->1710K(63936K), [CMS Perm : 7393K->7393K(16384K)], 0.0527920 secs] [Times: user=0.05 sys=0.01, real=0.05 secs] 
Total time for which application threads were stopped: 0.0533560 seconds
Application time: 0.0006200 seconds
943.255: [GC [1 CMS-initial-mark: 1710K(49152K)] 1974K(63936K), 0.0004810 secs] [Times: user=0.00 sys=0.00, real=0.00 secs] 
Total time for which application threads were stopped: 0.0006580 seconds
943.256: [CMS-concurrent-mark-start]
Application time: 0.0001090 seconds
943.256: [Full GC (System) 943.256: [CMS943.282: [CMS-concurrent-mark: 0.026/0.026 secs] [Times: user=0.03 sys=0.00, real=0.02 secs] 
 (concurrent mode interrupted): 1710K->1710K(49152K), 0.0701970 secs] 1974K->1710K(63936K), [CMS Perm : 7393K->7393K(16384K)], 0.0703680 secs] [Times: user=0.07 sys=0.00, real=0.05 secs] 
Total time for which application threads were stopped: 0.0705500 seconds
Application time: 18.0562240 seconds
961.383: [Full GC (System) 961.384: [CMS: 1710K->1710K(49152K), 0.0527470 secs] 1974K->1710K(63936K), [CMS Perm : 7393K->7393K(16384K)], 0.0529380 secs] [Times: user=0.05 sys=0.00, real=0.04 secs] 
Total time for which application threads were stopped: 0.0536440 seconds
Application time: 0.0003350 seconds
961.437: [GC [1 CMS-initial-mark: 1710K(49152K)] 1974K(63936K), 0.0004060 secs] [Times: user=0.00 sys=0.00, real=0.00 secs] 
Total time for which application threads were stopped: 0.0006130 seconds
961.438: [CMS-concurrent-mark-start]
Application time: 0.0001090 seconds
961.438: [Full GC (System) 961.438: [CMS961.463: [CMS-concurrent-mark: 0.025/0.025 secs] [Times: user=0.03 sys=0.00, real=0.02 secs] 
 (concurrent mode interrupted): 1710K->1710K(49152K), 0.0688490 secs] 1974K->1710K(63936K), [CMS Perm : 7393K->7393K(16384K)], 0.0690270 secs] [Times: user=0.07 sys=0.00, real=0.06 secs] 
Total time for which application threads were stopped: 0.0692860 seconds
Application time: 18.2041570 seconds
979.712: [Full GC (System) 979.712: [CMS: 1710K->1710K(49152K), 0.0604260 secs] 1974K->1710K(63936K), [CMS Perm : 7393K->7393K(16384K)], 0.0606350 secs] [Times: user=0.06 sys=0.00, real=0.05 secs] 
Total time for which application threads were stopped: 0.0611630 seconds
Application time: 0.0009970 seconds
979.774: [GC [1 CMS-initial-mark: 1710K(49152K)] 1974K(63936K), 0.0004670 secs] [Times: user=0.00 sys=0.00, real=0.00 secs] 
Total time for which application threads were stopped: 0.0006840 seconds
979.774: [CMS-concurrent-mark-start]
Application time: 0.0001110 seconds
979.774: [Full GC (System) 979.774: [CMS979.800: [CMS-concurrent-mark: 0.025/0.026 secs] [Times: user=0.03 sys=0.00, real=0.02 secs] 
 (concurrent mode interrupted): 1710K->1710K(49152K), 0.0712560 secs] 1974K->1710K(63936K), [CMS Perm : 7393K->7393K(16384K)], 0.0714860 secs] [Times: user=0.07 sys=0.00, real=0.06 secs] 
Total time for which application threads were stopped: 0.0718700 seconds
Application time: 18.1441560 seconds
997.991: [Full GC (System) 997.991: [CMS: 1710K->1710K(49152K), 0.0520850 secs] 1974K->1710K(63936K), [CMS Perm : 7393K->7393K(16384K)], 0.0522990 secs] [Times: user=0.06 sys=0.01, real=0.04 secs] 
Total time for which application threads were stopped: 0.0528830 seconds
Application time: 0.0005280 seconds
998.044: [GC [1 CMS-initial-mark: 1710K(49152K)] 1974K(63936K), 0.0004860 secs] [Times: user=0.00 sys=0.00, real=0.00 secs] 
Total time for which application threads were stopped: 0.0006480 seconds
998.044: [CMS-concurrent-mark-start]
Application time: 0.0001240 seconds
998.045: [Full GC (System) 998.045: [CMS998.070: [CMS-concurrent-mark: 0.025/0.025 secs] [Times: user=0.02 sys=0.00, real=0.02 secs] 
 (concurrent mode interrupted): 1710K->1710K(49152K), 0.0728260 secs] 1974K->1710K(63936K), [CMS Perm : 7393K->7393K(16384K)], 0.0730170 secs] [Times: user=0.07 sys=0.00, real=0.06 secs] 
Total time for which application threads were stopped: 0.0733350 seconds
Application time: 18.1143020 seconds
1016.232: [Full GC (System) 1016.233: [CMS: 1710K->1710K(49152K), 0.0522530 secs] 1974K->1710K(63936K), [CMS Perm : 7393K->7393K(16384K)], 0.0524640 secs] [Times: user=0.05 sys=0.00, real=0.04 secs] 
Total time for which application threads were stopped: 0.0530420 seconds
Application time: 0.0009920 seconds
1016.286: [GC [1 CMS-initial-mark: 1710K(49152K)] 1974K(63936K), 0.0004520 secs] [Times: user=0.00 sys=0.00, real=0.00 secs] 
Total time for which application threads were stopped: 0.0007000 seconds
1016.287: [CMS-concurrent-mark-start]
Application time: 0.0002330 seconds
1016.287: [Full GC (System) 1016.287: [CMS1016.312: [CMS-concurrent-mark: 0.025/0.025 secs] [Times: user=0.03 sys=0.00, real=0.02 secs] 
 (concurrent mode interrupted): 1710K->1710K(49152K), 0.0705410 secs] 1974K->1710K(63936K), [CMS Perm : 7393K->7393K(16384K)], 0.0707850 secs] [Times: user=0.07 sys=0.00, real=0.06 secs] 
Total time for which application threads were stopped: 0.0710370 seconds
Application time: 17.9403670 seconds
1034.299: [Full GC (System) 1034.299: [CMS: 1710K->1710K(49152K), 0.0630970 secs] 1974K->1710K(63936K), [CMS Perm : 7393K->7393K(16384K)], 0.0632930 secs] [Times: user=0.06 sys=0.00, real=0.05 secs] 
Total time for which application threads were stopped: 0.0640590 seconds
Application time: 0.0006010 seconds
1034.363: [GC [1 CMS-initial-mark: 1710K(49152K)] 1974K(63936K), 0.0004470 secs] [Times: user=0.00 sys=0.00, real=0.00 secs] 
Total time for which application threads were stopped: 0.0005980 seconds
1034.364: [CMS-concurrent-mark-start]
Application time: 0.0001090 seconds
1034.364: [Full GC (System) 1034.364: [CMS1034.389: [CMS-concurrent-mark: 0.025/0.025 secs] [Times: user=0.03 sys=0.00, real=0.02 secs] 
 (concurrent mode interrupted): 1710K->1710K(49152K), 0.0692700 secs] 1974K->1710K(63936K), [CMS Perm : 7393K->7393K(16384K)], 0.0694580 secs] [Times: user=0.07 sys=0.00, real=0.06 secs] 
Total time for which application threads were stopped: 0.0696890 seconds
Application time: 18.0019490 seconds
1052.436: [Full GC (System) 1052.436: [CMS: 1710K->1710K(49152K), 0.0547880 secs] 1974K->1710K(63936K), [CMS Perm : 7393K->7393K(16384K)], 0.0550190 secs] [Times: user=0.06 sys=0.01, real=0.05 secs] 
Total time for which application threads were stopped: 0.0556370 seconds
Application time: 0.0006970 seconds
1052.492: [GC [1 CMS-initial-mark: 1710K(49152K)] 1974K(63936K), 0.0004110 secs] [Times: user=0.00 sys=0.00, real=0.00 secs] 
Total time for which application threads were stopped: 0.0006220 seconds
1052.492: [CMS-concurrent-mark-start]
Application time: 0.0001100 seconds
1052.493: [Full GC (System) 1052.493: [CMS1052.517: [CMS-concurrent-mark: 0.025/0.025 secs] [Times: user=0.02 sys=0.00, real=0.02 secs] 
 (concurrent mode interrupted): 1710K->1710K(49152K), 0.0702970 secs] 1974K->1710K(63936K), [CMS Perm : 7393K->7393K(16384K)], 0.0704570 secs] [Times: user=0.07 sys=0.00, real=0.06 secs] 
Total time for which application threads were stopped: 0.0707580 seconds
Application time: 18.1627860 seconds
1070.726: [Full GC (System) 1070.726: [CMS: 1710K->1710K(49152K), 0.0612220 secs] 1974K->1710K(63936K), [CMS Perm : 7393K->7393K(16384K)], 0.0614320 secs] [Times: user=0.06 sys=0.00, real=0.05 secs] 
Total time for which application threads were stopped: 0.0619370 seconds
Application time: 0.0009110 seconds
1070.789: [GC [1 CMS-initial-mark: 1710K(49152K)] 1974K(63936K), 0.0004890 secs] [Times: user=0.00 sys=0.00, real=0.00 secs] 
Total time for which application threads were stopped: 0.0006670 seconds
1070.790: [CMS-concurrent-mark-start]
Application time: 0.0001340 seconds
1070.790: [Full GC (System) 1070.790: [CMS1070.815: [CMS-concurrent-mark: 0.025/0.025 secs] [Times: user=0.02 sys=0.00, real=0.02 secs] 
 (concurrent mode interrupted): 1710K->1710K(49152K), 0.0803250 secs] 1974K->1710K(63936K), [CMS Perm : 7393K->7393K(16384K)], 0.0805230 secs] [Times: user=0.07 sys=0.00, real=0.06 secs] 
Total time for which application threads were stopped: 0.0807770 seconds
Application time: 18.1434430 seconds
1089.014: [Full GC (System) 1089.014: [CMS: 1710K->1710K(49152K), 0.0540050 secs] 1974K->1710K(63936K), [CMS Perm : 7393K->7393K(16384K)], 0.0542680 secs] [Times: user=0.05 sys=0.01, real=0.05 secs] 
Total time for which application threads were stopped: 0.0548440 seconds
Application time: 0.0006950 seconds
1089.070: [GC [1 CMS-initial-mark: 1710K(49152K)] 1974K(63936K), 0.0004540 secs] [Times: user=0.00 sys=0.00, real=0.00 secs] 
Total time for which application threads were stopped: 0.0006610 seconds
1089.070: [CMS-concurrent-mark-start]
Application time: 0.0001110 seconds
1089.070: [Full GC (System) 1089.070: [CMS1089.096: [CMS-concurrent-mark: 0.025/0.026 secs] [Times: user=0.03 sys=0.00, real=0.02 secs] 
 (concurrent mode interrupted): 1710K->1710K(49152K), 0.0708020 secs] 1974K->1710K(63936K), [CMS Perm : 7393K->7393K(16384K)], 0.0709680 secs] [Times: user=0.07 sys=0.00, real=0.06 secs] 
Total time for which application threads were stopped: 0.0712090 seconds
Application time: 18.2133500 seconds
1107.355: [Full GC (System) 1107.355: [CMS: 1710K->1710K(49152K), 0.0512670 secs] 1974K->1710K(63936K), [CMS Perm : 7393K->7393K(16384K)], 0.0515310 secs] [Times: user=0.05 sys=0.00, real=0.04 secs] 
Total time for which application threads were stopped: 0.0521830 seconds
Application time: 0.0005750 seconds
1107.408: [GC [1 CMS-initial-mark: 1710K(49152K)] 1974K(63936K), 0.0005970 secs] [Times: user=0.00 sys=0.00, real=0.00 secs] 
Total time for which application threads were stopped: 0.0007610 seconds
1107.408: [CMS-concurrent-mark-start]
Application time: 0.0001420 seconds
1107.408: [Full GC (System) 1107.408: [CMS1107.434: [CMS-concurrent-mark: 0.025/0.026 secs] [Times: user=0.03 sys=0.00, real=0.02 secs] 
 (concurrent mode interrupted): 1710K->1710K(49152K), 0.0705250 secs] 1974K->1710K(63936K), [CMS Perm : 7393K->7393K(16384K)], 0.0707060 secs] [Times: user=0.07 sys=0.00, real=0.06 secs] 
Total time for which application threads were stopped: 0.0709790 seconds
Application time: 18.1357450 seconds
1125.615: [Full GC (System) 1125.615: [CMS: 1710K->1710K(49152K), 0.0464110 secs] 1974K->1710K(63936K), [CMS Perm : 7393K->7393K(16384K)], 0.0465760 secs] [Times: user=0.05 sys=0.01, real=0.04 secs] 
Total time for which application threads were stopped: 0.0469500 seconds
Application time: 0.0071720 seconds
1125.669: [GC [1 CMS-initial-mark: 1710K(49152K)] 1974K(63936K), 0.0004800 secs] [Times: user=0.00 sys=0.00, real=0.00 secs] 
Total time for which application threads were stopped: 0.0007070 seconds
1125.670: [CMS-concurrent-mark-start]
Application time: 0.0179860 seconds
1125.688: [Full GC (System) 1125.688: [CMS1125.716: [CMS-concurrent-mark: 0.028/0.046 secs] [Times: user=0.02 sys=0.00, real=0.04 secs] 
 (concurrent mode interrupted): 1710K->1710K(49152K), 0.0755780 secs] 1974K->1710K(63936K), [CMS Perm : 7393K->7393K(16384K)], 0.0758570 secs] [Times: user=0.07 sys=0.00, real=0.06 secs] 
Total time for which application threads were stopped: 0.0762830 seconds
Application time: 18.5987320 seconds
1144.363: [Full GC (System) 1144.363: [CMS: 1710K->1710K(49152K), 0.0599320 secs] 1974K->1710K(63936K), [CMS Perm : 7393K->7393K(16384K)], 0.0602160 secs] [Times: user=0.06 sys=0.00, real=0.05 secs] 
Total time for which application threads were stopped: 0.0608030 seconds
Application time: 0.0005620 seconds
1144.424: [GC [1 CMS-initial-mark: 1710K(49152K)] 1974K(63936K), 0.0004380 secs] [Times: user=0.00 sys=0.00, real=0.00 secs] 
Total time for which application threads were stopped: 0.0006070 seconds
1144.425: [CMS-concurrent-mark-start]
Application time: 0.0001470 seconds
1144.425: [Full GC (System) 1144.425: [CMS1144.450: [CMS-concurrent-mark: 0.025/0.025 secs] [Times: user=0.02 sys=0.01, real=0.02 secs] 
 (concurrent mode interrupted): 1710K->1710K(49152K), 0.0701180 secs] 1974K->1710K(63936K), [CMS Perm : 7393K->7393K(16384K)], 0.0703100 secs] [Times: user=0.07 sys=0.01, real=0.06 secs] 
Total time for which application threads were stopped: 0.0706160 seconds
Application time: 18.4570130 seconds
1162.953: [Full GC (System) 1162.953: [CMS: 1710K->1710K(49152K), 0.0644480 secs] 1974K->1710K(63936K), [CMS Perm : 7393K->7393K(16384K)], 0.0646300 secs] [Times: user=0.06 sys=0.00, real=0.05 secs] 
Total time for which application threads were stopped: 0.0651650 seconds
Application time: 0.0006000 seconds
1163.019: [GC [1 CMS-initial-mark: 1710K(49152K)] 1974K(63936K), 0.0004570 secs] [Times: user=0.00 sys=0.00, real=0.00 secs] 
Total time for which application threads were stopped: 0.0006210 seconds
1163.019: [CMS-concurrent-mark-start]
Application time: 0.0001090 seconds
1163.019: [Full GC (System) 1163.019: [CMS1163.045: [CMS-concurrent-mark: 0.026/0.026 secs] [Times: user=0.02 sys=0.00, real=0.02 secs] 
 (concurrent mode interrupted): 1710K->1710K(49152K), 0.0734750 secs] 1974K->1710K(63936K), [CMS Perm : 7393K->7393K(16384K)], 0.0736890 secs] [Times: user=0.07 sys=0.00, real=0.06 secs] 
Total time for which application threads were stopped: 0.0740000 seconds
Application time: 18.4374350 seconds
1181.531: [Full GC (System) 1181.531: [CMS: 1710K->1710K(49152K), 0.0613980 secs] 1974K->1710K(63936K), [CMS Perm : 7393K->7393K(16384K)], 0.0681780 secs] [Times: user=0.06 sys=0.00, real=0.05 secs] 
Total time for which application threads were stopped: 0.0689910 seconds
Application time: 0.0002860 seconds
1181.600: [GC [1 CMS-initial-mark: 1710K(49152K)] 1974K(63936K), 0.0005880 secs] [Times: user=0.00 sys=0.00, real=0.00 secs] 
Total time for which application threads were stopped: 0.0008290 seconds
1181.601: [CMS-concurrent-mark-start]
Application time: 0.0001660 seconds
1181.601: [Full GC (System) 1181.601: [CMS1181.629: [CMS-concurrent-mark: 0.027/0.028 secs] [Times: user=0.03 sys=0.00, real=0.02 secs] 
 (concurrent mode interrupted): 1710K->1710K(49152K), 0.0729280 secs] 1974K->1710K(63936K), [CMS Perm : 7393K->7393K(16384K)], 0.0730870 secs] [Times: user=0.07 sys=0.00, real=0.06 secs] 
Total time for which application threads were stopped: 0.0733400 seconds
Application time: 18.1225880 seconds
1199.797: [Full GC (System) 1199.798: [CMS: 1710K->1710K(49152K), 0.0489640 secs] 1974K->1710K(63936K), [CMS Perm : 7393K->7393K(16384K)], 0.0491520 secs] [Times: user=0.05 sys=0.00, real=0.05 secs] 
Total time for which application threads were stopped: 0.0496480 seconds
Application time: 0.0002820 seconds
1199.848: [GC [1 CMS-initial-mark: 1710K(49152K)] 1974K(63936K), 0.0004410 secs] [Times: user=0.00 sys=0.00, real=0.00 secs] 
Total time for which application threads were stopped: 0.0006360 seconds
1199.848: [CMS-concurrent-mark-start]
Application time: 0.0001110 seconds
1199.848: [Full GC (System) 1199.848: [CMS1199.873: [CMS-concurrent-mark: 0.025/0.025 secs] [Times: user=0.03 sys=0.00, real=0.02 secs] 
 (concurrent mode interrupted): 1710K->1710K(49152K), 0.0702810 secs] 1974K->1710K(63936K), [CMS Perm : 7393K->7393K(16384K)], 0.0705260 secs] [Times: user=0.07 sys=0.00, real=0.06 secs] 
Total time for which application threads were stopped: 0.0708950 seconds
Application time: 18.1179520 seconds
1218.038: [Full GC (System) 1218.038: [CMS: 1710K->1710K(49152K), 0.0600780 secs] 1974K->1710K(63936K), [CMS Perm : 7393K->7393K(16384K)], 0.0603200 secs] [Times: user=0.06 sys=0.00, real=0.05 secs] 
Total time for which application threads were stopped: 0.0610790 seconds
Application time: 0.0002740 seconds
1218.099: [GC [1 CMS-initial-mark: 1710K(49152K)] 1974K(63936K), 0.0004640 secs] [Times: user=0.00 sys=0.00, real=0.00 secs] 
Total time for which application threads were stopped: 0.0006470 seconds
1218.099: [CMS-concurrent-mark-start]
Application time: 0.0001140 seconds
1218.100: [Full GC (System) 1218.100: [CMS1218.124: [CMS-concurrent-mark: 0.025/0.025 secs] [Times: user=0.03 sys=0.00, real=0.02 secs] 
 (concurrent mode interrupted): 1710K->1710K(49152K), 0.0684820 secs] 1974K->1710K(63936K), [CMS Perm : 7393K->7393K(16384K)], 0.0686370 secs] [Times: user=0.07 sys=0.00, real=0.06 secs] 
Total time for which application threads were stopped: 0.0689350 seconds
Application time: 18.2239360 seconds
1236.392: [Full GC (System) 1236.393: [CMS: 1710K->1710K(49152K), 0.0522970 secs] 1974K->1710K(63936K), [CMS Perm : 7393K->7393K(16384K)], 0.0525610 secs] [Times: user=0.05 sys=0.00, real=0.04 secs] 
Total time for which application threads were stopped: 0.0530450 seconds
Application time: 0.0002670 seconds
1236.446: [GC [1 CMS-initial-mark: 1710K(49152K)] 1974K(63936K), 0.0004810 secs] [Times: user=0.00 sys=0.01, real=0.00 secs] 
Total time for which application threads were stopped: 0.0006390 seconds
1236.447: [CMS-concurrent-mark-start]
Application time: 0.0001300 seconds
1236.447: [Full GC (System) 1236.447: [CMS1236.472: [CMS-concurrent-mark: 0.025/0.026 secs] [Times: user=0.03 sys=0.00, real=0.02 secs] 
 (concurrent mode interrupted): 1710K->1710K(49152K), 0.0695550 secs] 1974K->1710K(63936K), [CMS Perm : 7393K->7393K(16384K)], 0.0697100 secs] [Times: user=0.07 sys=0.00, real=0.06 secs] 
Total time for which application threads were stopped: 0.0700050 seconds
Application time: 18.1016520 seconds
1254.619: [Full GC (System) 1254.619: [CMS: 1710K->1710K(49152K), 0.0574140 secs] 1974K->1710K(63936K), [CMS Perm : 7393K->7393K(16384K)], 0.0576170 secs] [Times: user=0.06 sys=0.00, real=0.05 secs] 
Total time for which application threads were stopped: 0.0582300 seconds
Application time: 0.0002680 seconds
1254.677: [GC [1 CMS-initial-mark: 1710K(49152K)] 1974K(63936K), 0.0004470 secs] [Times: user=0.00 sys=0.00, real=0.00 secs] 
Total time for which application threads were stopped: 0.0006080 seconds
1254.678: [CMS-concurrent-mark-start]
Application time: 0.0001270 seconds
1254.678: [Full GC (System) 1254.678: [CMS1254.703: [CMS-concurrent-mark: 0.025/0.025 secs] [Times: user=0.02 sys=0.00, real=0.02 secs] 
 (concurrent mode interrupted): 1710K->1710K(49152K), 0.0682270 secs] 1974K->1710K(63936K), [CMS Perm : 7393K->7393K(16384K)], 0.0683840 secs] [Times: user=0.07 sys=0.00, real=0.05 secs] 
Total time for which application threads were stopped: 0.0686800 seconds
Application time: 17.9979010 seconds
1272.745: [Full GC (System) 1272.745: [CMS: 1710K->1710K(49152K), 0.0551320 secs] 1974K->1710K(63936K), [CMS Perm : 7393K->7393K(16384K)], 0.0553270 secs] [Times: user=0.05 sys=0.00, real=0.05 secs] 
Total time for which application threads were stopped: 0.0558520 seconds
Application time: 0.0002650 seconds
1272.801: [GC [1 CMS-initial-mark: 1710K(49152K)] 1974K(63936K), 0.0004500 secs] [Times: user=0.00 sys=0.00, real=0.00 secs] 
Total time for which application threads were stopped: 0.0006130 seconds
1272.802: [CMS-concurrent-mark-start]
Application time: 0.0001090 seconds
1272.802: [Full GC (System) 1272.802: [CMS1272.827: [CMS-concurrent-mark: 0.025/0.025 secs] [Times: user=0.03 sys=0.00, real=0.02 secs] 
 (concurrent mode interrupted): 1710K->1710K(49152K), 0.0726450 secs] 1974K->1710K(63936K), [CMS Perm : 7393K->7393K(16384K)], 0.0728620 secs] [Times: user=0.07 sys=0.00, real=0.06 secs] 
Total time for which application threads were stopped: 0.0731250 seconds
Application time: 18.0585710 seconds
1290.934: [Full GC (System) 1290.934: [CMS: 1710K->1710K(49152K), 0.0551360 secs] 1974K->1710K(63936K), [CMS Perm : 7393K->7393K(16384K)], 0.0553170 secs] [Times: user=0.06 sys=0.01, real=0.04 secs] 
Total time for which application threads were stopped: 0.0558140 seconds
Application time: 0.0002490 seconds
1290.990: [GC [1 CMS-initial-mark: 1710K(49152K)] 1974K(63936K), 0.0006560 secs] [Times: user=0.00 sys=0.00, real=0.01 secs] 
Total time for which application threads were stopped: 0.0008170 seconds
1290.991: [CMS-concurrent-mark-start]
Application time: 0.0001250 seconds
1290.991: [Full GC (System) 1290.991: [CMS1291.016: [CMS-concurrent-mark: 0.025/0.025 secs] [Times: user=0.02 sys=0.00, real=0.02 secs] 
 (concurrent mode interrupted): 1710K->1710K(49152K), 0.0696150 secs] 1974K->1710K(63936K), [CMS Perm : 7393K->7393K(16384K)], 0.0697750 secs] [Times: user=0.07 sys=0.00, real=0.05 secs] 
Total time for which application threads were stopped: 0.0700230 seconds
Application time: 18.2551340 seconds
1309.316: [Full GC (System) 1309.316: [CMS: 1710K->1710K(49152K), 0.0578830 secs] 1974K->1710K(63936K), [CMS Perm : 7393K->7393K(16384K)], 0.0581050 secs] [Times: user=0.05 sys=0.00, real=0.05 secs] 
Total time for which application threads were stopped: 0.0587650 seconds
Application time: 0.0002660 seconds
1309.377: [GC [1 CMS-initial-mark: 1710K(49152K)] 1974K(63936K), 0.0006010 secs] [Times: user=0.00 sys=0.00, real=0.00 secs] 
Total time for which application threads were stopped: 0.0008640 seconds
1309.378: [CMS-concurrent-mark-start]
Application time: 0.0001210 seconds
1309.378: [Full GC (System) 1309.378: [CMS1309.403: [CMS-concurrent-mark: 0.025/0.026 secs] [Times: user=0.03 sys=0.00, real=0.02 secs] 
 (concurrent mode interrupted): 1710K->1710K(49152K), 0.0697420 secs] 1974K->1710K(63936K), [CMS Perm : 7393K->7393K(16384K)], 0.0699990 secs] [Times: user=0.07 sys=0.00, real=0.06 secs] 
Total time for which application threads were stopped: 0.0702720 seconds
Application time: 18.0422860 seconds
1327.491: [Full GC (System) 1327.491: [CMS: 1710K->1710K(49152K), 0.0615480 secs] 1974K->1710K(63936K), [CMS Perm : 7393K->7393K(16384K)], 0.0617610 secs] [Times: user=0.06 sys=0.00, real=0.05 secs] 
Total time for which application threads were stopped: 0.0623670 seconds
Application time: 0.0002980 seconds
1327.553: [GC [1 CMS-initial-mark: 1710K(49152K)] 1974K(63936K), 0.0004560 secs] [Times: user=0.01 sys=0.00, real=0.00 secs] 
Total time for which application threads were stopped: 0.0006180 seconds
1327.554: [CMS-concurrent-mark-start]
Application time: 0.0001140 seconds
1327.554: [Full GC (System) 1327.554: [CMS1327.581: [CMS-concurrent-mark: 0.027/0.027 secs] [Times: user=0.02 sys=0.00, real=0.03 secs] 
 (concurrent mode interrupted): 1710K->1710K(49152K), 0.0732680 secs] 1974K->1710K(63936K), [CMS Perm : 7393K->7393K(16384K)], 0.0734150 secs] [Times: user=0.07 sys=0.00, real=0.06 secs] 
Total time for which application threads were stopped: 0.0736540 seconds
Application time: 18.2467140 seconds
1345.875: [Full GC (System) 1345.875: [CMS: 1710K->1710K(49152K), 0.0540000 secs] 1974K->1710K(63936K), [CMS Perm : 7393K->7393K(16384K)], 0.0544770 secs] [Times: user=0.05 sys=0.01, real=0.05 secs] 
Total time for which application threads were stopped: 0.0549930 seconds
Application time: 0.0004550 seconds
1345.930: [GC [1 CMS-initial-mark: 1710K(49152K)] 1974K(63936K), 0.0004550 secs] [Times: user=0.00 sys=0.00, real=0.00 secs] 
Total time for which application threads were stopped: 0.0006280 seconds
1345.931: [CMS-concurrent-mark-start]
Application time: 0.0001100 seconds
1345.931: [Full GC (System) 1345.931: [CMS1345.956: [CMS-concurrent-mark: 0.025/0.025 secs] [Times: user=0.02 sys=0.00, real=0.02 secs] 
 (concurrent mode interrupted): 1710K->1710K(49152K), 0.0737200 secs] 1974K->1710K(63936K), [CMS Perm : 7393K->7393K(16384K)], 0.0739880 secs] [Times: user=0.07 sys=0.00, real=0.06 secs] 
Total time for which application threads were stopped: 0.0743030 seconds
Application time: 18.2005480 seconds
1364.206: [Full GC (System) 1364.206: [CMS: 1710K->1710K(49152K), 0.0531800 secs] 1974K->1710K(63936K), [CMS Perm : 7393K->7393K(16384K)], 0.0534140 secs] [Times: user=0.05 sys=0.01, real=0.04 secs] 
Total time for which application threads were stopped: 0.0540110 seconds
Application time: 0.0003520 seconds
1364.260: [GC [1 CMS-initial-mark: 1710K(49152K)] 1974K(63936K), 0.0004380 secs] [Times: user=0.00 sys=0.00, real=0.00 secs] 
Total time for which application threads were stopped: 0.0008090 seconds
1364.261: [CMS-concurrent-mark-start]
Application time: 0.0002240 seconds
1364.261: [Full GC (System) 1364.261: [CMS1364.287: [CMS-concurrent-mark: 0.025/0.025 secs] [Times: user=0.03 sys=0.00, real=0.02 secs] 
 (concurrent mode interrupted): 1710K->1710K(49152K), 0.0708500 secs] 1974K->1710K(63936K), [CMS Perm : 7393K->7393K(16384K)], 0.0712410 secs] [Times: user=0.07 sys=0.00, real=0.06 secs] 
Total time for which application threads were stopped: 0.0715310 seconds
Application time: 18.1841480 seconds
1382.517: [Full GC (System) 1382.517: [CMS: 1710K->1710K(49152K), 0.0606870 secs] 1974K->1710K(63936K), [CMS Perm : 7393K->7393K(16384K)], 0.0609280 secs] [Times: user=0.06 sys=0.00, real=0.05 secs] 
Total time for which application threads were stopped: 0.0614380 seconds
Application time: 0.0002720 seconds
1382.579: [GC [1 CMS-initial-mark: 1710K(49152K)] 1974K(63936K), 0.0004860 secs] [Times: user=0.00 sys=0.00, real=0.00 secs] 
Total time for which application threads were stopped: 0.0006570 seconds
1382.580: [CMS-concurrent-mark-start]
Application time: 0.0001520 seconds
1382.580: [Full GC (System) 1382.580: [CMS1382.605: [CMS-concurrent-mark: 0.025/0.025 secs] [Times: user=0.03 sys=0.00, real=0.02 secs] 
 (concurrent mode interrupted): 1710K->1710K(49152K), 0.0735430 secs] 1974K->1710K(63936K), [CMS Perm : 7393K->7393K(16384K)], 0.0737200 secs] [Times: user=0.08 sys=0.00, real=0.06 secs] 
Total time for which application threads were stopped: 0.0740120 seconds
Application time: 18.1896160 seconds
1400.844: [Full GC (System) 1400.844: [CMS: 1710K->1710K(49152K), 0.0647300 secs] 1974K->1710K(63936K), [CMS Perm : 7393K->7393K(16384K)], 0.0650000 secs] [Times: user=0.06 sys=0.00, real=0.06 secs] 
Total time for which application threads were stopped: 0.0655890 seconds
Application time: 0.0007200 seconds
1400.910: [GC [1 CMS-initial-mark: 1710K(49152K)] 1974K(63936K), 0.0004950 secs] [Times: user=0.00 sys=0.01, real=0.00 secs] 
Total time for which application threads were stopped: 0.0006820 seconds
1400.910: [CMS-concurrent-mark-start]
Application time: 0.0001140 seconds
1400.911: [Full GC (System) 1400.911: [CMS1400.937: [CMS-concurrent-mark: 0.026/0.027 secs] [Times: user=0.03 sys=0.00, real=0.02 secs] 
 (concurrent mode interrupted): 1710K->1710K(49152K), 0.0743290 secs] 1974K->1710K(63936K), [CMS Perm : 7393K->7393K(16384K)], 0.0745140 secs] [Times: user=0.07 sys=0.00, real=0.06 secs] 
Total time for which application threads were stopped: 0.0747830 seconds
Application time: 18.4216000 seconds
1419.407: [Full GC (System) 1419.407: [CMS: 1710K->1710K(49152K), 0.0528350 secs] 1974K->1710K(63936K), [CMS Perm : 7393K->7393K(16384K)], 0.0531660 secs] [Times: user=0.05 sys=0.00, real=0.04 secs] 
Total time for which application threads were stopped: 0.0536740 seconds
Application time: 0.0006070 seconds
1419.461: [GC [1 CMS-initial-mark: 1710K(49152K)] 1974K(63936K), 0.0004430 secs] [Times: user=0.00 sys=0.00, real=0.00 secs] 
Total time for which application threads were stopped: 0.0005950 seconds
1419.462: [CMS-concurrent-mark-start]
Application time: 0.0001370 seconds
1419.462: [Full GC (System) 1419.462: [CMS1419.487: [CMS-concurrent-mark: 0.025/0.026 secs] [Times: user=0.03 sys=0.00, real=0.02 secs] 
 (concurrent mode interrupted): 1710K->1710K(49152K), 0.0716290 secs] 1974K->1710K(63936K), [CMS Perm : 7393K->7393K(16384K)], 0.0719050 secs] [Times: user=0.07 sys=0.01, real=0.05 secs] 
Total time for which application threads were stopped: 0.0721630 seconds
Application time: 18.3934820 seconds
1437.928: [Full GC (System) 1437.928: [CMS: 1710K->1710K(49152K), 0.0662550 secs] 1974K->1710K(63936K), [CMS Perm : 7393K->7393K(16384K)], 0.0665100 secs] [Times: user=0.07 sys=0.00, real=0.06 secs] 
Total time for which application threads were stopped: 0.0670170 seconds
Application time: 0.0009230 seconds
1437.996: [GC [1 CMS-initial-mark: 1710K(49152K)] 1974K(63936K), 0.0004820 secs] [Times: user=0.00 sys=0.00, real=0.00 secs] 
Total time for which application threads were stopped: 0.0009540 seconds
1437.997: [CMS-concurrent-mark-start]
Application time: 0.0001130 seconds
1437.997: [Full GC (System) 1437.997: [CMS1438.032: [CMS-concurrent-mark: 0.036/0.036 secs] [Times: user=0.03 sys=0.00, real=0.03 secs] 
 (concurrent mode interrupted): 1710K->1710K(49152K), 0.0822890 secs] 1974K->1710K(63936K), [CMS Perm : 7393K->7393K(16384K)], 0.0825820 secs] [Times: user=0.07 sys=0.00, real=0.07 secs] 
Total time for which application threads were stopped: 0.0828320 seconds
Application time: 18.2625590 seconds
1456.342: [Full GC (System) 1456.343: [CMS: 1710K->1717K(49152K), 0.0572160 secs] 2901K->1717K(63936K), [CMS Perm : 7393K->7393K(16384K)], 0.0574350 secs] [Times: user=0.06 sys=0.00, real=0.05 secs] 
Total time for which application threads were stopped: 0.0582200 seconds
Application time: 0.0012980 seconds
1456.402: [GC [1 CMS-initial-mark: 1717K(49152K)] 1980K(63936K), 0.0004480 secs] [Times: user=0.00 sys=0.00, real=0.00 secs] 
Total time for which application threads were stopped: 0.0006650 seconds
1456.402: [CMS-concurrent-mark-start]
Application time: 0.0001110 seconds
1456.402: [Full GC (System) 1456.402: [CMS1456.431: [CMS-concurrent-mark: 0.029/0.029 secs] [Times: user=0.03 sys=0.00, real=0.03 secs] 
 (concurrent mode interrupted): 1717K->1714K(49152K), 0.0854800 secs] 1980K->1714K(63936K), [CMS Perm : 7393K->7393K(16384K)], 0.0856600 secs] [Times: user=0.08 sys=0.00, real=0.07 secs] 
Total time for which application threads were stopped: 0.0859470 seconds
Application time: 18.1437470 seconds
1474.632: [Full GC (System) 1474.632: [CMS: 1714K->1714K(49152K), 0.0683930 secs] 1977K->1714K(63936K), [CMS Perm : 7393K->7393K(16384K)], 0.0686590 secs] [Times: user=0.05 sys=0.01, real=0.06 secs] 
Total time for which application threads were stopped: 0.0691890 seconds
Application time: 0.0033410 seconds
1474.705: [GC [1 CMS-initial-mark: 1714K(49152K)] 1977K(63936K), 0.0004960 secs] [Times: user=0.00 sys=0.00, real=0.00 secs] 
Total time for which application threads were stopped: 0.0007120 seconds
1474.705: [CMS-concurrent-mark-start]
Application time: 0.0006070 seconds
1474.706: [Full GC (System) 1474.706: [CMS1474.735: [CMS-concurrent-mark: 0.028/0.029 secs] [Times: user=0.03 sys=0.00, real=0.03 secs] 
 (concurrent mode interrupted): 1714K->1714K(49152K), 0.0825130 secs] 1977K->1714K(63936K), [CMS Perm : 7393K->7393K(16384K)], 0.0826690 secs] [Times: user=0.08 sys=0.00, real=0.07 secs] 
Total time for which application threads were stopped: 0.0829800 seconds
Application time: 18.1252880 seconds
1492.914: [Full GC (System) 1492.915: [CMS: 1714K->1714K(49152K), 0.0555380 secs] 1977K->1714K(63936K), [CMS Perm : 7393K->7393K(16384K)], 0.0558460 secs] [Times: user=0.05 sys=0.00, real=0.05 secs] 
Total time for which application threads were stopped: 0.0564720 seconds
Application time: 0.0068140 seconds
1492.977: [GC [1 CMS-initial-mark: 1714K(49152K)] 1977K(63936K), 0.0004790 secs] [Times: user=0.00 sys=0.00, real=0.00 secs] 
Total time for which application threads were stopped: 0.0007110 seconds
1492.978: [CMS-concurrent-mark-start]
Application time: 0.0001710 seconds
1492.978: [Full GC (System) 1492.978: [CMS1493.003: [CMS-concurrent-mark: 0.025/0.025 secs] [Times: user=0.03 sys=0.00, real=0.03 secs] 
 (concurrent mode interrupted): 1714K->1714K(49152K), 0.0712470 secs] 1977K->1714K(63936K), [CMS Perm : 7393K->7393K(16384K)], 0.0715900 secs] [Times: user=0.07 sys=0.00, real=0.05 secs] 
Total time for which application threads were stopped: 0.0718390 seconds
Application time: 3.8571910 seconds
Total time for which application threads were stopped: 0.0002150 seconds
Application time: 0.0010490 seconds
Total time for which application threads were stopped: 0.0001380 seconds
Application time: 0.0001190 seconds
Total time for which application threads were stopped: 0.0000930 seconds
Application time: 0.4652120 seconds
Total time for which application threads were stopped: 0.0001020 seconds
Application time: 0.0000780 seconds
Total time for which application threads were stopped: 0.0001020 seconds
Application time: 0.0003160 seconds
Total time for which application threads were stopped: 0.0001340 seconds
Application time: 14.2513200 seconds
1511.626: [Full GC (System) 1511.627: [CMS: 1714K->1717K(49152K), 0.0629870 secs] 3040K->1717K(63936K), [CMS Perm : 7396K->7393K(16384K)], 0.0633580 secs] [Times: user=0.06 sys=0.00, real=0.04 secs] 
Total time for which application threads were stopped: 0.0638880 seconds
Application time: 0.0002600 seconds
1511.691: [GC [1 CMS-initial-mark: 1717K(49152K)] 1980K(63936K), 0.0004520 secs] [Times: user=0.00 sys=0.00, real=0.00 secs] 
Total time for which application threads were stopped: 0.0006090 seconds
1511.691: [CMS-concurrent-mark-start]
Application time: 0.0001090 seconds
1511.691: [Full GC (System) 1511.692: [CMS1511.719: [CMS-concurrent-mark: 0.027/0.028 secs] [Times: user=0.03 sys=0.00, real=0.02 secs] 
 (concurrent mode interrupted): 1717K->1717K(49152K), 0.0726970 secs] 1980K->1717K(63936K), [CMS Perm : 7393K->7393K(16384K)], 0.0729010 secs] [Times: user=0.08 sys=0.00, real=0.05 secs] 
Total time for which application threads were stopped: 0.0730740 seconds
Application time: 18.6067260 seconds
1530.371: [Full GC (System) 1530.372: [CMS: 1717K->1714K(49152K), 0.0477340 secs] 1980K->1714K(63936K), [CMS Perm : 7393K->7393K(16384K)], 0.0479510 secs] [Times: user=0.04 sys=0.00, real=0.04 secs] 
Total time for which application threads were stopped: 0.0484170 seconds
Application time: 0.0003610 seconds
1530.420: [GC [1 CMS-initial-mark: 1714K(49152K)] 1978K(63936K), 0.0004700 secs] [Times: user=0.00 sys=0.00, real=0.00 secs] 
Total time for which application threads were stopped: 0.0006690 seconds
1530.421: [CMS-concurrent-mark-start]
Application time: 0.0001120 seconds
1530.421: [Full GC (System) 1530.421: [CMS1530.447: [CMS-concurrent-mark: 0.026/0.026 secs] [Times: user=0.03 sys=0.00, real=0.02 secs] 
 (concurrent mode interrupted): 1714K->1714K(49152K), 0.0752680 secs] 1978K->1714K(63936K), [CMS Perm : 7393K->7393K(16384K)], 0.0754590 secs] [Times: user=0.07 sys=0.00, real=0.06 secs] 
Total time for which application threads were stopped: 0.0756980 seconds
Application time: 18.0521370 seconds
1548.549: [Full GC (System) 1548.550: [CMS: 1714K->1714K(49152K), 0.0758380 secs] 1978K->1714K(63936K), [CMS Perm : 7393K->7393K(16384K)], 0.0760570 secs] [Times: user=0.07 sys=0.00, real=0.06 secs] 
Total time for which application threads were stopped: 0.0767260 seconds
Application time: 0.0002960 seconds
1548.634: [GC [1 CMS-initial-mark: 1714K(49152K)] 1978K(63936K), 0.0060640 secs] [Times: user=0.00 sys=0.00, real=0.00 secs] 
Total time for which application threads were stopped: 0.0066110 seconds
1548.641: [CMS-concurrent-mark-start]
Application time: 0.0002790 seconds
1548.641: [Full GC (System) 1548.641: [CMS1548.668: [CMS-concurrent-mark: 0.027/0.028 secs] [Times: user=0.03 sys=0.00, real=0.03 secs] 
 (concurrent mode interrupted): 1714K->1713K(49152K), 0.0723490 secs] 1978K->1713K(63936K), [CMS Perm : 7393K->7393K(16384K)], 0.0725500 secs] [Times: user=0.07 sys=0.00, real=0.06 secs] 
Total time for which application threads were stopped: 0.0728460 seconds
Application time: 19.7881140 seconds
1568.502: [Full GC (System) 1568.503: [CMS: 1713K->1714K(49152K), 0.0623080 secs] 2640K->1714K(63936K), [CMS Perm : 7393K->7393K(16384K)], 0.0625070 secs] [Times: user=0.06 sys=0.00, real=0.04 secs] 
Total time for which application threads were stopped: 0.0631020 seconds
Application time: 0.0003010 seconds
1568.566: [GC [1 CMS-initial-mark: 1714K(49152K)] 1978K(63936K), 0.0007670 secs] [Times: user=0.00 sys=0.00, real=0.01 secs] 
Total time for which application threads were stopped: 0.0009820 seconds
1568.567: [CMS-concurrent-mark-start]
Application time: 0.0001160 seconds
1568.567: [Full GC (System) 1568.567: [CMS1568.593: [CMS-concurrent-mark: 0.025/0.026 secs] [Times: user=0.02 sys=0.00, real=0.02 secs] 
 (concurrent mode interrupted): 1714K->1714K(49152K), 0.0729910 secs] 1978K->1714K(63936K), [CMS Perm : 7393K->7393K(16384K)], 0.0731410 secs] [Times: user=0.07 sys=0.01, real=0.05 secs] 
Total time for which application threads were stopped: 0.0734460 seconds
Application time: 18.5937040 seconds
1587.234: [Full GC (System) 1587.235: [CMS: 1714K->1711K(49152K), 0.0602590 secs] 1978K->1711K(63936K), [CMS Perm : 7393K->7393K(16384K)], 0.0605010 secs] [Times: user=0.06 sys=0.00, real=0.05 secs] 
Total time for which application threads were stopped: 0.0611170 seconds
Application time: 0.0002590 seconds
1587.296: [GC [1 CMS-initial-mark: 1711K(49152K)] 1975K(63936K), 0.0004980 secs] [Times: user=0.00 sys=0.00, real=0.00 secs] 
Total time for which application threads were stopped: 0.0006600 seconds
1587.296: [CMS-concurrent-mark-start]
Application time: 0.0001120 seconds
1587.297: [Full GC (System) 1587.297: [CMS1587.494: [CMS-concurrent-mark: 0.197/0.197 secs] [Times: user=0.02 sys=0.00, real=0.08 secs] 
 (concurrent mode interrupted): 1711K->1711K(49152K), 0.2457560 secs] 1975K->1711K(63936K), [CMS Perm : 7393K->7393K(16384K)], 0.2459490 secs] [Times: user=0.07 sys=0.00, real=0.12 secs] 
Total time for which application threads were stopped: 0.2461980 seconds
Application time: 18.6046160 seconds
1606.148: [Full GC (System) 1606.148: [CMS: 1711K->1711K(49152K), 0.0677480 secs] 1975K->1711K(63936K), [CMS Perm : 7393K->7393K(16384K)], 0.0681730 secs] [Times: user=0.07 sys=0.00, real=0.05 secs] 
Total time for which application threads were stopped: 0.0688360 seconds
Application time: 0.0002660 seconds
1606.217: [GC [1 CMS-initial-mark: 1711K(49152K)] 1975K(63936K), 0.0005320 secs] [Times: user=0.00 sys=0.00, real=0.00 secs] 
Total time for which application threads were stopped: 0.0007420 seconds
1606.218: [CMS-concurrent-mark-start]
Application time: 0.0001220 seconds
1606.218: [Full GC (System) 1606.218: [CMS1606.243: [CMS-concurrent-mark: 0.025/0.025 secs] [Times: user=0.02 sys=0.00, real=0.02 secs] 
 (concurrent mode interrupted): 1711K->1711K(49152K), 0.0707370 secs] 1975K->1711K(63936K), [CMS Perm : 7393K->7393K(16384K)], 0.0708970 secs] [Times: user=0.07 sys=0.00, real=0.06 secs] 
Total time for which application threads were stopped: 0.0711380 seconds
Application time: 18.2409430 seconds
1624.530: [Full GC (System) 1624.530: [CMS: 1711K->1711K(49152K), 0.0554560 secs] 1975K->1711K(63936K), [CMS Perm : 7393K->7393K(16384K)], 0.0556920 secs] [Times: user=0.05 sys=0.00, real=0.04 secs] 
Total time for which application threads were stopped: 0.0562580 seconds
Application time: 0.0007340 seconds
1624.587: [GC [1 CMS-initial-mark: 1711K(49152K)] 1975K(63936K), 0.0004120 secs] [Times: user=0.00 sys=0.00, real=0.00 secs] 
Total time for which application threads were stopped: 0.0009530 seconds
1624.588: [CMS-concurrent-mark-start]
Application time: 0.0001910 seconds
1624.588: [Full GC (System) 1624.588: [CMS1624.618: [CMS-concurrent-mark: 0.029/0.030 secs] [Times: user=0.03 sys=0.00, real=0.03 secs] 
 (concurrent mode interrupted): 1711K->1711K(49152K), 0.0749720 secs] 1975K->1711K(63936K), [CMS Perm : 7393K->7393K(16384K)], 0.0751980 secs] [Times: user=0.07 sys=0.00, real=0.06 secs] 
Total time for which application threads were stopped: 0.0755120 seconds
Application time: 18.1865550 seconds
1642.850: [Full GC (System) 1642.850: [CMS: 1711K->1711K(49152K), 0.0614040 secs] 1975K->1711K(63936K), [CMS Perm : 7393K->7393K(16384K)], 0.0616320 secs] [Times: user=0.06 sys=0.00, real=0.06 secs] 
Total time for which application threads were stopped: 0.0622900 seconds
Application time: 0.0006080 seconds
1642.913: [GC [1 CMS-initial-mark: 1711K(49152K)] 1975K(63936K), 0.0004930 secs] [Times: user=0.00 sys=0.00, real=0.00 secs] 
Total time for which application threads were stopped: 0.0007420 seconds
1642.914: [CMS-concurrent-mark-start]
Application time: 0.0001350 seconds
1642.914: [Full GC (System) 1642.914: [CMS1642.940: [CMS-concurrent-mark: 0.026/0.026 secs] [Times: user=0.03 sys=0.00, real=0.02 secs] 
 (concurrent mode interrupted): 1711K->1711K(49152K), 0.0715800 secs] 1975K->1711K(63936K), [CMS Perm : 7393K->7393K(16384K)], 0.0717420 secs] [Times: user=0.08 sys=0.00, real=0.06 secs] 
Total time for which application threads were stopped: 0.0720230 seconds
Application time: 18.2529700 seconds
1661.239: [Full GC (System) 1661.239: [CMS: 1711K->1711K(49152K), 0.0477920 secs] 1975K->1711K(63936K), [CMS Perm : 7393K->7393K(16384K)], 0.0479580 secs] [Times: user=0.04 sys=0.00, real=0.04 secs] 
Total time for which application threads were stopped: 0.0482970 seconds
Application time: 0.0008470 seconds
1661.288: [GC [1 CMS-initial-mark: 1711K(49152K)] 1975K(63936K), 0.0004630 secs] [Times: user=0.00 sys=0.00, real=0.00 secs] 
Total time for which application threads were stopped: 0.0006790 seconds
1661.289: [CMS-concurrent-mark-start]
Application time: 0.0001400 seconds
1661.289: [Full GC (System) 1661.289: [CMS1661.314: [CMS-concurrent-mark: 0.025/0.026 secs] [Times: user=0.03 sys=0.00, real=0.02 secs] 
 (concurrent mode interrupted): 1711K->1711K(49152K), 0.0706830 secs] 1975K->1711K(63936K), [CMS Perm : 7393K->7393K(16384K)], 0.0708950 secs] [Times: user=0.07 sys=0.00, real=0.06 secs] 
Total time for which application threads were stopped: 0.0711570 seconds
Application time: 18.0440490 seconds
1679.404: [Full GC (System) 1679.405: [CMS: 1711K->1711K(49152K), 0.0584430 secs] 1975K->1711K(63936K), [CMS Perm : 7393K->7393K(16384K)], 0.0586770 secs] [Times: user=0.06 sys=0.00, real=0.05 secs] 
Total time for which application threads were stopped: 0.0596900 seconds
Application time: 0.0006170 seconds
1679.464: [GC [1 CMS-initial-mark: 1711K(49152K)] 1975K(63936K), 0.0005620 secs] [Times: user=0.00 sys=0.00, real=0.00 secs] 
Total time for which application threads were stopped: 0.0007590 seconds
1679.465: [CMS-concurrent-mark-start]
Application time: 0.0001150 seconds
1679.465: [Full GC (System) 1679.465: [CMS1679.491: [CMS-concurrent-mark: 0.025/0.026 secs] [Times: user=0.03 sys=0.00, real=0.02 secs] 
 (concurrent mode interrupted): 1711K->1711K(49152K), 0.0711480 secs] 1975K->1711K(63936K), [CMS Perm : 7393K->7393K(16384K)], 0.0713380 secs] [Times: user=0.07 sys=0.00, real=0.06 secs] 
Total time for which application threads were stopped: 0.0715890 seconds
Application time: 18.3412790 seconds
1697.878: [Full GC (System) 1697.878: [CMS: 1711K->1711K(49152K), 0.0559310 secs] 1975K->1711K(63936K), [CMS Perm : 7393K->7393K(16384K)], 0.0561780 secs] [Times: user=0.06 sys=0.01, real=0.05 secs] 
Total time for which application threads were stopped: 0.0565440 seconds
Application time: 0.0006130 seconds
1697.935: [GC [1 CMS-initial-mark: 1711K(49152K)] 1975K(63936K), 0.0005250 secs] [Times: user=0.00 sys=0.00, real=0.00 secs] 
Total time for which application threads were stopped: 0.0008920 seconds
1697.936: [CMS-concurrent-mark-start]
Application time: 0.0001190 seconds
1697.936: [Full GC (System) 1697.936: [CMS1697.965: [CMS-concurrent-mark: 0.029/0.029 secs] [Times: user=0.03 sys=0.00, real=0.02 secs] 
 (concurrent mode interrupted): 1711K->1711K(49152K), 0.0840280 secs] 1975K->1711K(63936K), [CMS Perm : 7393K->7393K(16384K)], 0.0843370 secs] [Times: user=0.08 sys=0.00, real=0.06 secs] 
Total time for which application threads were stopped: 0.0851400 seconds
Application time: 18.2188250 seconds
1716.240: [Full GC (System) 1716.240: [CMS: 1711K->1711K(49152K), 0.0594930 secs] 1975K->1711K(63936K), [CMS Perm : 7393K->7393K(16384K)], 0.0597740 secs] [Times: user=0.06 sys=0.00, real=0.05 secs] 
Total time for which application threads were stopped: 0.0602950 seconds
Application time: 0.0004920 seconds
1716.301: [GC [1 CMS-initial-mark: 1711K(49152K)] 1975K(63936K), 0.0004650 secs] [Times: user=0.00 sys=0.00, real=0.00 secs] 
Total time for which application threads were stopped: 0.0007420 seconds
1716.302: [CMS-concurrent-mark-start]
Application time: 0.0002440 seconds
1716.302: [Full GC (System) 1716.302: [CMS1716.327: [CMS-concurrent-mark: 0.025/0.025 secs] [Times: user=0.02 sys=0.00, real=0.02 secs] 
 (concurrent mode interrupted): 1711K->1711K(49152K), 0.0773220 secs] 1975K->1711K(63936K), [CMS Perm : 7393K->7393K(16384K)], 0.0775010 secs] [Times: user=0.08 sys=0.00, real=0.07 secs] 
Total time for which application threads were stopped: 0.0777540 seconds
Application time: 18.3183280 seconds
1734.698: [Full GC (System) 1734.698: [CMS: 1711K->1711K(49152K), 0.0514180 secs] 1975K->1711K(63936K), [CMS Perm : 7393K->7393K(16384K)], 0.0516180 secs] [Times: user=0.05 sys=0.00, real=0.04 secs] 
Total time for which application threads were stopped: 0.0521130 seconds
Application time: 0.0008170 seconds
1734.751: [GC [1 CMS-initial-mark: 1711K(49152K)] 1975K(63936K), 0.0004060 secs] [Times: user=0.00 sys=0.00, real=0.00 secs] 
Total time for which application threads were stopped: 0.0006520 seconds
1734.751: [CMS-concurrent-mark-start]
Application time: 0.0001380 seconds
1734.752: [Full GC (System) 1734.752: [CMS1734.776: [CMS-concurrent-mark: 0.024/0.025 secs] [Times: user=0.02 sys=0.00, real=0.02 secs] 
 (concurrent mode interrupted): 1711K->1711K(49152K), 0.0680840 secs] 1975K->1711K(63936K), [CMS Perm : 7393K->7393K(16384K)], 0.0683370 secs] [Times: user=0.06 sys=0.01, real=0.06 secs] 
Total time for which application threads were stopped: 0.0685920 seconds
Application time: 18.3085050 seconds
1753.129: [Full GC (System) 1753.129: [CMS: 1711K->1711K(49152K), 0.0569530 secs] 1975K->1711K(63936K), [CMS Perm : 7393K->7393K(16384K)], 0.0572410 secs] [Times: user=0.06 sys=0.00, real=0.05 secs] 
Total time for which application threads were stopped: 0.0577710 seconds
Application time: 0.0006700 seconds
1753.187: [GC [1 CMS-initial-mark: 1711K(49152K)] 1975K(63936K), 0.0004570 secs] [Times: user=0.00 sys=0.00, real=0.00 secs] 
Total time for which application threads were stopped: 0.0006730 seconds
1753.188: [CMS-concurrent-mark-start]
Application time: 0.0001090 seconds
1753.188: [Full GC (System) 1753.188: [CMS1753.213: [CMS-concurrent-mark: 0.025/0.026 secs] [Times: user=0.03 sys=0.00, real=0.02 secs] 
 (concurrent mode interrupted): 1711K->1711K(49152K), 0.0715240 secs] 1975K->1711K(63936K), [CMS Perm : 7393K->7393K(16384K)], 0.0717280 secs] [Times: user=0.07 sys=0.00, real=0.06 secs] 
Total time for which application threads were stopped: 0.0719980 seconds
Application time: 18.4619860 seconds
1771.722: [Full GC (System) 1771.722: [CMS: 1711K->1711K(49152K), 0.0571660 secs] 1975K->1711K(63936K), [CMS Perm : 7393K->7393K(16384K)], 0.0575030 secs] [Times: user=0.06 sys=0.00, real=0.05 secs] 
Total time for which application threads were stopped: 0.0580760 seconds
Application time: 0.0008240 seconds
1771.781: [GC [1 CMS-initial-mark: 1711K(49152K)] 1975K(63936K), 0.0004700 secs] [Times: user=0.00 sys=0.00, real=0.00 secs] 
Total time for which application threads were stopped: 0.0006340 seconds
1771.781: [CMS-concurrent-mark-start]
Application time: 0.0001330 seconds
1771.782: [Full GC (System) 1771.782: [CMS1771.807: [CMS-concurrent-mark: 0.025/0.025 secs] [Times: user=0.03 sys=0.00, real=0.02 secs] 
 (concurrent mode interrupted): 1711K->1711K(49152K), 0.0767420 secs] 1975K->1711K(63936K), [CMS Perm : 7393K->7393K(16384K)], 0.0769470 secs] [Times: user=0.08 sys=0.00, real=0.06 secs] 
Total time for which application threads were stopped: 0.0772440 seconds
Application time: 18.1272580 seconds
1789.986: [Full GC (System) 1789.986: [CMS: 1711K->1711K(49152K), 0.0492780 secs] 1975K->1711K(63936K), [CMS Perm : 7393K->7393K(16384K)], 0.0494840 secs] [Times: user=0.04 sys=0.00, real=0.04 secs] 
Total time for which application threads were stopped: 0.0498290 seconds
Application time: 0.0002870 seconds
1790.037: [GC [1 CMS-initial-mark: 1711K(49152K)] 1975K(63936K), 0.0004400 secs] [Times: user=0.00 sys=0.01, real=0.00 secs] 
Total time for which application threads were stopped: 0.0006960 seconds
1790.037: [CMS-concurrent-mark-start]
Application time: 0.0001170 seconds
1790.037: [Full GC (System) 1790.037: [CMS1790.063: [CMS-concurrent-mark: 0.025/0.026 secs] [Times: user=0.03 sys=0.00, real=0.03 secs] 
 (concurrent mode interrupted): 1711K->1711K(49152K), 0.0712370 secs] 1975K->1711K(63936K), [CMS Perm : 7393K->7393K(16384K)], 0.0713960 secs] [Times: user=0.07 sys=0.00, real=0.06 secs] 
Total time for which application threads were stopped: 0.0716730 seconds
Application time: 18.0795110 seconds
1808.189: [Full GC (System) 1808.189: [CMS: 1711K->1711K(49152K), 0.0510620 secs] 1975K->1711K(63936K), [CMS Perm : 7393K->7393K(16384K)], 0.0514260 secs] [Times: user=0.06 sys=0.00, real=0.04 secs] 
Total time for which application threads were stopped: 0.0519270 seconds
Application time: 0.0002520 seconds
1808.241: [GC [1 CMS-initial-mark: 1711K(49152K)] 1975K(63936K), 0.0004440 secs] [Times: user=0.00 sys=0.00, real=0.00 secs] 
Total time for which application threads were stopped: 0.0006070 seconds
1808.242: [CMS-concurrent-mark-start]
Application time: 0.0001080 seconds
1808.242: [Full GC (System) 1808.242: [CMS1808.266: [CMS-concurrent-mark: 0.025/0.025 secs] [Times: user=0.02 sys=0.00, real=0.02 secs] 
 (concurrent mode interrupted): 1711K->1711K(49152K), 0.0690740 secs] 1975K->1711K(63936K), [CMS Perm : 7393K->7393K(16384K)], 0.0692340 secs] [Times: user=0.06 sys=0.00, real=0.06 secs] 
Total time for which application threads were stopped: 0.0694830 seconds
Application time: 18.1897800 seconds
1826.501: [Full GC (System) 1826.501: [CMS: 1711K->1711K(49152K), 0.0615510 secs] 1975K->1711K(63936K), [CMS Perm : 7393K->7393K(16384K)], 0.0617720 secs] [Times: user=0.07 sys=0.00, real=0.05 secs] 
Total time for which application threads were stopped: 0.0622500 seconds
Application time: 0.0002630 seconds
1826.564: [GC [1 CMS-initial-mark: 1711K(49152K)] 1975K(63936K), 0.0004650 secs] [Times: user=0.00 sys=0.00, real=0.00 secs] 
Total time for which application threads were stopped: 0.0006330 seconds
1826.564: [CMS-concurrent-mark-start]
Application time: 0.0001240 seconds
1826.565: [Full GC (System) 1826.565: [CMS1826.590: [CMS-concurrent-mark: 0.025/0.026 secs] [Times: user=0.02 sys=0.00, real=0.02 secs] 
 (concurrent mode interrupted): 1711K->1711K(49152K), 0.0717370 secs] 1975K->1711K(63936K), [CMS Perm : 7393K->7393K(16384K)], 0.0719430 secs] [Times: user=0.06 sys=0.01, real=0.06 secs] 
Total time for which application threads were stopped: 0.0722160 seconds
Application time: 18.1620490 seconds
1844.799: [Full GC (System) 1844.799: [CMS: 1711K->1711K(49152K), 0.0630970 secs] 1975K->1711K(63936K), [CMS Perm : 7393K->7393K(16384K)], 0.0634380 secs] [Times: user=0.07 sys=0.00, real=0.05 secs] 
Total time for which application threads were stopped: 0.0640870 seconds
Application time: 0.0002820 seconds
1844.863: [GC [1 CMS-initial-mark: 1711K(49152K)] 1975K(63936K), 0.0006030 secs] [Times: user=0.00 sys=0.00, real=0.00 secs] 
Total time for which application threads were stopped: 0.0008110 seconds
1844.864: [CMS-concurrent-mark-start]
Application time: 0.0001320 seconds
1844.864: [Full GC (System) 1844.864: [CMS1844.891: [CMS-concurrent-mark: 0.026/0.027 secs] [Times: user=0.02 sys=0.00, real=0.02 secs] 
 (concurrent mode interrupted): 1711K->1711K(49152K), 0.0717920 secs] 1975K->1711K(63936K), [CMS Perm : 7393K->7393K(16384K)], 0.0719890 secs] [Times: user=0.06 sys=0.00, real=0.06 secs] 
Total time for which application threads were stopped: 0.0722570 seconds
Application time: 18.0794620 seconds
1863.016: [Full GC (System) 1863.017: [CMS: 1711K->1711K(49152K), 0.0741760 secs] 1975K->1711K(63936K), [CMS Perm : 7393K->7393K(16384K)], 0.0744120 secs] [Times: user=0.08 sys=0.00, real=0.06 secs] 
Total time for which application threads were stopped: 0.0749280 seconds
Application time: 0.0003000 seconds
1863.092: [GC [1 CMS-initial-mark: 1711K(49152K)] 1975K(63936K), 0.0004590 secs] [Times: user=0.00 sys=0.00, real=0.00 secs] 
Total time for which application threads were stopped: 0.0007040 seconds
1863.092: [CMS-concurrent-mark-start]
Application time: 0.0001120 seconds
1863.093: [Full GC (System) 1863.093: [CMS1863.118: [CMS-concurrent-mark: 0.025/0.025 secs] [Times: user=0.02 sys=0.00, real=0.02 secs] 
 (concurrent mode interrupted): 1711K->1711K(49152K), 0.0701580 secs] 1975K->1711K(63936K), [CMS Perm : 7393K->7393K(16384K)], 0.0703380 secs] [Times: user=0.07 sys=0.00, real=0.06 secs] 
Total time for which application threads were stopped: 0.0705750 seconds
Application time: 18.2177490 seconds
1881.381: [Full GC (System) 1881.381: [CMS: 1711K->1711K(49152K), 0.0613760 secs] 1975K->1711K(63936K), [CMS Perm : 7393K->7393K(16384K)], 0.0617190 secs] [Times: user=0.06 sys=0.00, real=0.05 secs] 
Total time for which application threads were stopped: 0.0623980 seconds
Application time: 0.0003280 seconds
1881.444: [GC [1 CMS-initial-mark: 1711K(49152K)] 1975K(63936K), 0.0004160 secs] [Times: user=0.00 sys=0.00, real=0.00 secs] 
Total time for which application threads were stopped: 0.0006240 seconds
1881.444: [CMS-concurrent-mark-start]
Application time: 0.0001250 seconds
1881.445: [Full GC (System) 1881.445: [CMS1881.470: [CMS-concurrent-mark: 0.025/0.025 secs] [Times: user=0.02 sys=0.00, real=0.03 secs] 
 (concurrent mode interrupted): 1711K->1711K(49152K), 0.0694850 secs] 1975K->1711K(63936K), [CMS Perm : 7393K->7393K(16384K)], 0.0696410 secs] [Times: user=0.07 sys=0.00, real=0.05 secs] 
Total time for which application threads were stopped: 0.0699620 seconds
Application time: 18.1627590 seconds
1899.678: [Full GC (System) 1899.678: [CMS: 1711K->1711K(49152K), 0.0615850 secs] 1975K->1711K(63936K), [CMS Perm : 7393K->7393K(16384K)], 0.0618490 secs] [Times: user=0.06 sys=0.00, real=0.05 secs] 
Total time for which application threads were stopped: 0.0626560 seconds
Application time: 0.0006170 seconds
1899.741: [GC [1 CMS-initial-mark: 1711K(49152K)] 1975K(63936K), 0.0004780 secs] [Times: user=0.00 sys=0.00, real=0.01 secs] 
Total time for which application threads were stopped: 0.0006370 seconds
1899.741: [CMS-concurrent-mark-start]
Application time: 0.0001090 seconds
1899.741: [Full GC (System) 1899.741: [CMS1899.767: [CMS-concurrent-mark: 0.026/0.026 secs] [Times: user=0.02 sys=0.00, real=0.02 secs] 
 (concurrent mode interrupted): 1711K->1711K(49152K), 0.0700460 secs] 1975K->1711K(63936K), [CMS Perm : 7393K->7393K(16384K)], 0.0702040 secs] [Times: user=0.07 sys=0.00, real=0.05 secs] 
Total time for which application threads were stopped: 0.0704490 seconds
Application time: 18.1087000 seconds
1917.921: [Full GC (System) 1917.921: [CMS: 1711K->1711K(49152K), 0.0495860 secs] 1975K->1711K(63936K), [CMS Perm : 7393K->7393K(16384K)], 0.0498000 secs] [Times: user=0.05 sys=0.00, real=0.04 secs] 
Total time for which application threads were stopped: 0.0505570 seconds
Application time: 0.0002880 seconds
1917.971: [GC [1 CMS-initial-mark: 1711K(49152K)] 1975K(63936K), 0.0005560 secs] [Times: user=0.00 sys=0.00, real=0.01 secs] 
Total time for which application threads were stopped: 0.0008360 seconds
1917.972: [CMS-concurrent-mark-start]
Application time: 0.0001790 seconds
1917.972: [Full GC (System) 1917.972: [CMS1917.999: [CMS-concurrent-mark: 0.026/0.026 secs] [Times: user=0.02 sys=0.00, real=0.02 secs] 
 (concurrent mode interrupted): 1711K->1711K(49152K), 0.0716460 secs] 1975K->1711K(63936K), [CMS Perm : 7393K->7393K(16384K)], 0.0718320 secs] [Times: user=0.07 sys=0.01, real=0.06 secs] 
Total time for which application threads were stopped: 0.0721290 seconds
Application time: 18.1833170 seconds
1936.228: [Full GC (System) 1936.228: [CMS: 1711K->1711K(49152K), 0.0578540 secs] 1975K->1711K(63936K), [CMS Perm : 7393K->7393K(16384K)], 0.0581400 secs] [Times: user=0.06 sys=0.00, real=0.05 secs] 
Total time for which application threads were stopped: 0.0588040 seconds
Application time: 0.0005710 seconds
1936.287: [GC [1 CMS-initial-mark: 1711K(49152K)] 1975K(63936K), 0.0004440 secs] [Times: user=0.00 sys=0.00, real=0.00 secs] 
Total time for which application threads were stopped: 0.0006980 seconds
1936.288: [CMS-concurrent-mark-start]
Application time: 0.0001430 seconds
1936.288: [Full GC (System) 1936.288: [CMS1936.314: [CMS-concurrent-mark: 0.025/0.026 secs] [Times: user=0.02 sys=0.00, real=0.02 secs] 
 (concurrent mode interrupted): 1711K->1711K(49152K), 0.0692470 secs] 1975K->1711K(63936K), [CMS Perm : 7393K->7393K(16384K)], 0.0694140 secs] [Times: user=0.07 sys=0.00, real=0.05 secs] 
Total time for which application threads were stopped: 0.0695940 seconds
Application time: 18.1049620 seconds
1954.463: [Full GC (System) 1954.463: [CMS: 1711K->1711K(49152K), 0.0617950 secs] 1975K->1711K(63936K), [CMS Perm : 7393K->7393K(16384K)], 0.0621060 secs] [Times: user=0.06 sys=0.00, real=0.05 secs] 
Total time for which application threads were stopped: 0.0627660 seconds
Application time: 0.0005550 seconds
1954.526: [GC [1 CMS-initial-mark: 1711K(49152K)] 1975K(63936K), 0.0004830 secs] [Times: user=0.00 sys=0.00, real=0.00 secs] 
Total time for which application threads were stopped: 0.0006580 seconds
1954.527: [CMS-concurrent-mark-start]
Application time: 0.0001100 seconds
1954.527: [Full GC (System) 1954.527: [CMS1954.553: [CMS-concurrent-mark: 0.026/0.026 secs] [Times: user=0.02 sys=0.00, real=0.02 secs] 
 (concurrent mode interrupted): 1711K->1711K(49152K), 0.0710300 secs] 1975K->1711K(63936K), [CMS Perm : 7393K->7393K(16384K)], 0.0712000 secs] [Times: user=0.07 sys=0.00, real=0.06 secs] 
Total time for which application threads were stopped: 0.0714940 seconds
Application time: 18.3264270 seconds
1972.925: [Full GC (System) 1972.925: [CMS: 1711K->1711K(49152K), 0.0727620 secs] 1975K->1711K(63936K), [CMS Perm : 7393K->7393K(16384K)], 0.0729920 secs] [Times: user=0.07 sys=0.00, real=0.06 secs] 
Total time for which application threads were stopped: 0.0735210 seconds
Application time: 0.0006500 seconds
1972.999: [GC [1 CMS-initial-mark: 1711K(49152K)] 1975K(63936K), 0.0004790 secs] [Times: user=0.00 sys=0.00, real=0.00 secs] 
Total time for which application threads were stopped: 0.0006430 seconds
1972.999: [CMS-concurrent-mark-start]
Application time: 0.0001470 seconds
1973.000: [Full GC (System) 1973.000: [CMS1973.025: [CMS-concurrent-mark: 0.025/0.025 secs] [Times: user=0.02 sys=0.00, real=0.02 secs] 
 (concurrent mode interrupted): 1711K->1711K(49152K), 0.0709920 secs] 1975K->1711K(63936K), [CMS Perm : 7393K->7393K(16384K)], 0.0711980 secs] [Times: user=0.07 sys=0.00, real=0.06 secs] 
Total time for which application threads were stopped: 0.0714890 seconds
Application time: 18.0317190 seconds
1991.103: [Full GC (System) 1991.103: [CMS: 1711K->1711K(49152K), 0.0595930 secs] 1975K->1711K(63936K), [CMS Perm : 7393K->7393K(16384K)], 0.0598640 secs] [Times: user=0.06 sys=0.00, real=0.05 secs] 
Total time for which application threads were stopped: 0.0606340 seconds
Application time: 0.0005330 seconds
1991.164: [GC [1 CMS-initial-mark: 1711K(49152K)] 1975K(63936K), 0.0004550 secs] [Times: user=0.00 sys=0.00, real=0.00 secs] 
Total time for which application threads were stopped: 0.0006150 seconds
1991.165: [CMS-concurrent-mark-start]
Application time: 0.0001090 seconds
1991.165: [Full GC (System) 1991.165: [CMS1991.190: [CMS-concurrent-mark: 0.025/0.025 secs] [Times: user=0.03 sys=0.00, real=0.02 secs] 
 (concurrent mode interrupted): 1711K->1711K(49152K), 0.0731650 secs] 1975K->1711K(63936K), [CMS Perm : 7393K->7393K(16384K)], 0.0733360 secs] [Times: user=0.07 sys=0.00, real=0.06 secs] 
Total time for which application threads were stopped: 0.0736100 seconds
Application time: 18.1703300 seconds
2009.409: [Full GC (System) 2009.409: [CMS: 1711K->1711K(49152K), 0.0572210 secs] 1975K->1711K(63936K), [CMS Perm : 7393K->7393K(16384K)], 0.0574390 secs] [Times: user=0.06 sys=0.00, real=0.05 secs] 
Total time for which application threads were stopped: 0.0579920 seconds
Application time: 0.0006440 seconds
2009.467: [GC [1 CMS-initial-mark: 1711K(49152K)] 1975K(63936K), 0.0004300 secs] [Times: user=0.00 sys=0.00, real=0.00 secs] 
Total time for which application threads were stopped: 0.0006510 seconds
2009.468: [CMS-concurrent-mark-start]
Application time: 0.0001120 seconds
2009.468: [Full GC (System) 2009.468: [CMS2009.494: [CMS-concurrent-mark: 0.026/0.027 secs] [Times: user=0.02 sys=0.00, real=0.02 secs] 
 (concurrent mode interrupted): 1711K->1711K(49152K), 0.0717260 secs] 1975K->1711K(63936K), [CMS Perm : 7393K->7393K(16384K)], 0.0719730 secs] [Times: user=0.07 sys=0.00, real=0.06 secs] 
Total time for which application threads were stopped: 0.0722060 seconds
Application time: 18.0566390 seconds
2027.597: [Full GC (System) 2027.597: [CMS: 1711K->1711K(49152K), 0.0573970 secs] 1975K->1711K(63936K), [CMS Perm : 7393K->7393K(16384K)], 0.0576560 secs] [Times: user=0.05 sys=0.00, real=0.05 secs] 
Total time for which application threads were stopped: 0.0582450 seconds
Application time: 0.0002830 seconds
2027.656: [GC [1 CMS-initial-mark: 1711K(49152K)] 1975K(63936K), 0.0004730 secs] [Times: user=0.00 sys=0.00, real=0.00 secs] 
Total time for which application threads were stopped: 0.0006270 seconds
2027.656: [CMS-concurrent-mark-start]
Application time: 0.0001090 seconds
2027.657: [Full GC (System) 2027.657: [CMS2027.683: [CMS-concurrent-mark: 0.026/0.027 secs] [Times: user=0.03 sys=0.00, real=0.02 secs] 
 (concurrent mode interrupted): 1711K->1711K(49152K), 0.0725360 secs] 1975K->1711K(63936K), [CMS Perm : 7393K->7393K(16384K)], 0.0727200 secs] [Times: user=0.08 sys=0.00, real=0.06 secs] 
Total time for which application threads were stopped: 0.0737170 seconds
Application time: 18.1084950 seconds
2045.839: [Full GC (System) 2045.839: [CMS: 1711K->1711K(49152K), 0.0588150 secs] 1975K->1711K(63936K), [CMS Perm : 7393K->7393K(16384K)], 0.0590400 secs] [Times: user=0.06 sys=0.00, real=0.05 secs] 
Total time for which application threads were stopped: 0.0596850 seconds
Application time: 0.0002820 seconds
2045.899: [GC [1 CMS-initial-mark: 1711K(49152K)] 1975K(63936K), 0.0004510 secs] [Times: user=0.00 sys=0.00, real=0.00 secs] 
Total time for which application threads were stopped: 0.0007980 seconds
2045.900: [CMS-concurrent-mark-start]
Application time: 0.0001530 seconds
2045.900: [Full GC (System) 2045.900: [CMS2045.926: [CMS-concurrent-mark: 0.026/0.026 secs] [Times: user=0.02 sys=0.00, real=0.02 secs] 
 (concurrent mode interrupted): 1711K->1711K(49152K), 0.0704640 secs] 1975K->1711K(63936K), [CMS Perm : 7393K->7393K(16384K)], 0.0706340 secs] [Times: user=0.06 sys=0.00, real=0.06 secs] 
Total time for which application threads were stopped: 0.0708840 seconds
Application time: 18.2952780 seconds
2064.266: [Full GC (System) 2064.267: [CMS: 1711K->1711K(49152K), 0.0531850 secs] 1975K->1711K(63936K), [CMS Perm : 7393K->7393K(16384K)], 0.0534830 secs] [Times: user=0.06 sys=0.00, real=0.04 secs] 
Total time for which application threads were stopped: 0.0541650 seconds
Application time: 0.0002880 seconds
2064.321: [GC [1 CMS-initial-mark: 1711K(49152K)] 1975K(63936K), 0.0014180 secs] [Times: user=0.00 sys=0.00, real=0.00 secs] 
Total time for which application threads were stopped: 0.0018830 seconds
2064.323: [CMS-concurrent-mark-start]
Application time: 0.0004170 seconds
2064.323: [Full GC (System) 2064.323: [CMS2064.350: [CMS-concurrent-mark: 0.027/0.027 secs] [Times: user=0.02 sys=0.00, real=0.02 secs] 
 (concurrent mode interrupted): 1711K->1711K(49152K), 0.0747950 secs] 1975K->1711K(63936K), [CMS Perm : 7393K->7393K(16384K)], 0.0751060 secs] [Times: user=0.07 sys=0.00, real=0.06 secs] 
Total time for which application threads were stopped: 0.0753890 seconds
Application time: 18.2098490 seconds
2082.608: [Full GC (System) 2082.609: [CMS: 1711K->1711K(49152K), 0.0607110 secs] 1975K->1711K(63936K), [CMS Perm : 7393K->7393K(16384K)], 0.0609550 secs] [Times: user=0.06 sys=0.00, real=0.04 secs] 
Total time for which application threads were stopped: 0.0614490 seconds
Application time: 0.0002760 seconds
2082.670: [GC [1 CMS-initial-mark: 1711K(49152K)] 1975K(63936K), 0.0004450 secs] [Times: user=0.00 sys=0.00, real=0.00 secs] 
Total time for which application threads were stopped: 0.0006890 seconds
2082.671: [CMS-concurrent-mark-start]
Application time: 0.0001330 seconds
2082.671: [Full GC (System) 2082.671: [CMS2082.697: [CMS-concurrent-mark: 0.026/0.026 secs] [Times: user=0.03 sys=0.00, real=0.02 secs] 
 (concurrent mode interrupted): 1711K->1711K(49152K), 0.0698970 secs] 1975K->1711K(63936K), [CMS Perm : 7393K->7393K(16384K)], 0.0700690 secs] [Times: user=0.07 sys=0.00, real=0.06 secs] 
Total time for which application threads were stopped: 0.0702520 seconds
Application time: 18.1752890 seconds
2100.917: [Full GC (System) 2100.917: [CMS: 1711K->1711K(49152K), 0.0578360 secs] 1975K->1711K(63936K), [CMS Perm : 7393K->7393K(16384K)], 0.0580630 secs] [Times: user=0.06 sys=0.00, real=0.05 secs] 
Total time for which application threads were stopped: 0.0586660 seconds
Application time: 0.0002710 seconds
2100.976: [GC [1 CMS-initial-mark: 1711K(49152K)] 1975K(63936K), 0.0004490 secs] [Times: user=0.00 sys=0.00, real=0.00 secs] 
Total time for which application threads were stopped: 0.0006090 seconds
2100.976: [CMS-concurrent-mark-start]
Application time: 0.0001100 seconds
2100.977: [Full GC (System) 2100.977: [CMS2101.002: [CMS-concurrent-mark: 0.025/0.026 secs] [Times: user=0.02 sys=0.00, real=0.02 secs] 
 (concurrent mode interrupted): 1711K->1711K(49152K), 0.0692900 secs] 1975K->1711K(63936K), [CMS Perm : 7393K->7393K(16384K)], 0.0694560 secs] [Times: user=0.07 sys=0.00, real=0.06 secs] 
Total time for which application threads were stopped: 0.0697510 seconds
Application time: 18.1611230 seconds
2119.208: [Full GC (System) 2119.208: [CMS: 1711K->1711K(49152K), 0.0559630 secs] 1975K->1711K(63936K), [CMS Perm : 7393K->7393K(16384K)], 0.0561510 secs] [Times: user=0.05 sys=0.01, real=0.04 secs] 
Total time for which application threads were stopped: 0.0567810 seconds
Application time: 0.0002820 seconds
2119.265: [GC [1 CMS-initial-mark: 1711K(49152K)] 1975K(63936K), 0.0004730 secs] [Times: user=0.00 sys=0.00, real=0.00 secs] 
Total time for which application threads were stopped: 0.0006440 seconds
2119.266: [CMS-concurrent-mark-start]
Application time: 0.0001390 seconds
2119.266: [Full GC (System) 2119.266: [CMS2119.291: [CMS-concurrent-mark: 0.026/0.026 secs] [Times: user=0.03 sys=0.00, real=0.02 secs] 
 (concurrent mode interrupted): 1711K->1711K(49152K), 0.0736680 secs] 1975K->1711K(63936K), [CMS Perm : 7393K->7393K(16384K)], 0.0739190 secs] [Times: user=0.07 sys=0.00, real=0.06 secs] 
Total time for which application threads were stopped: 0.0741920 seconds
Application time: 18.3105650 seconds
2137.651: [Full GC (System) 2137.651: [CMS: 1711K->1711K(49152K), 0.0588890 secs] 1975K->1711K(63936K), [CMS Perm : 7393K->7393K(16384K)], 0.0591410 secs] [Times: user=0.06 sys=0.00, real=0.04 secs] 
Total time for which application threads were stopped: 0.0597600 seconds
Application time: 0.0002680 seconds
2137.711: [GC [1 CMS-initial-mark: 1711K(49152K)] 1975K(63936K), 0.0004480 secs] [Times: user=0.00 sys=0.00, real=0.01 secs] 
Total time for which application threads were stopped: 0.0006120 seconds
2137.712: [CMS-concurrent-mark-start]
Application time: 0.0001100 seconds
2137.712: [Full GC (System) 2137.712: [CMS2137.737: [CMS-concurrent-mark: 0.025/0.025 secs] [Times: user=0.03 sys=0.00, real=0.02 secs] 
 (concurrent mode interrupted): 1711K->1711K(49152K), 0.0708750 secs] 1975K->1711K(63936K), [CMS Perm : 7393K->7393K(16384K)], 0.0711590 secs] [Times: user=0.07 sys=0.00, real=0.06 secs] 
Total time for which application threads were stopped: 0.0714880 seconds
Application time: 18.1810350 seconds
2155.965: [Full GC (System) 2155.965: [CMS: 1711K->1711K(49152K), 0.0624860 secs] 1975K->1711K(63936K), [CMS Perm : 7393K->7393K(16384K)], 0.0627200 secs] [Times: user=0.06 sys=0.00, real=0.05 secs] 
Total time for which application threads were stopped: 0.0634700 seconds
Application time: 0.0003050 seconds
2156.028: [GC [1 CMS-initial-mark: 1711K(49152K)] 1975K(63936K), 0.0004200 secs] [Times: user=0.00 sys=0.00, real=0.00 secs] 
Total time for which application threads were stopped: 0.0007240 seconds
2156.029: [CMS-concurrent-mark-start]
Application time: 0.0001140 seconds
2156.029: [Full GC (System) 2156.029: [CMS2156.055: [CMS-concurrent-mark: 0.026/0.026 secs] [Times: user=0.03 sys=0.00, real=0.02 secs] 
 (concurrent mode interrupted): 1711K->1711K(49152K), 0.0715980 secs] 1975K->1711K(63936K), [CMS Perm : 7393K->7393K(16384K)], 0.0718210 secs] [Times: user=0.08 sys=0.00, real=0.06 secs] 
Total time for which application threads were stopped: 0.0720680 seconds
Application time: 18.2688940 seconds
2174.370: [Full GC (System) 2174.371: [CMS: 1711K->1711K(49152K), 0.0574740 secs] 1975K->1711K(63936K), [CMS Perm : 7393K->7393K(16384K)], 0.0577740 secs] [Times: user=0.05 sys=0.00, real=0.05 secs] 
Total time for which application threads were stopped: 0.0585130 seconds
Application time: 0.0003060 seconds
2174.429: [GC [1 CMS-initial-mark: 1711K(49152K)] 1975K(63936K), 0.0004690 secs] [Times: user=0.00 sys=0.00, real=0.00 secs] 
Total time for which application threads were stopped: 0.0006430 seconds
2174.430: [CMS-concurrent-mark-start]
Application time: 0.0001540 seconds
2174.430: [Full GC (System) 2174.430: [CMS2174.455: [CMS-concurrent-mark: 0.025/0.025 secs] [Times: user=0.03 sys=0.00, real=0.02 secs] 
 (concurrent mode interrupted): 1711K->1711K(49152K), 0.0712490 secs] 1975K->1711K(63936K), [CMS Perm : 7393K->7393K(16384K)], 0.0714590 secs] [Times: user=0.07 sys=0.00, real=0.06 secs] 
Total time for which application threads were stopped: 0.0718330 seconds
Application time: 18.0299560 seconds
2192.532: [Full GC (System) 2192.532: [CMS: 1711K->1711K(49152K), 0.0514420 secs] 1975K->1711K(63936K), [CMS Perm : 7393K->7393K(16384K)], 0.0516460 secs] [Times: user=0.06 sys=0.00, real=0.05 secs] 
Total time for which application threads were stopped: 0.0522700 seconds
Application time: 0.0006920 seconds
2192.585: [GC [1 CMS-initial-mark: 1711K(49152K)] 1975K(63936K), 0.0005720 secs] [Times: user=0.00 sys=0.00, real=0.00 secs] 
Total time for which application threads were stopped: 0.0007790 seconds
2192.585: [CMS-concurrent-mark-start]
Application time: 0.0001170 seconds
2192.586: [Full GC (System) 2192.586: [CMS2192.610: [CMS-concurrent-mark: 0.025/0.025 secs] [Times: user=0.02 sys=0.00, real=0.02 secs] 
 (concurrent mode interrupted): 1711K->1711K(49152K), 0.0690670 secs] 1975K->1711K(63936K), [CMS Perm : 7393K->7393K(16384K)], 0.0692810 secs] [Times: user=0.07 sys=0.00, real=0.06 secs] 
Total time for which application threads were stopped: 0.0695350 seconds
Application time: 18.1758710 seconds
2210.831: [Full GC (System) 2210.831: [CMS: 1711K->1711K(49152K), 0.0548170 secs] 1975K->1711K(63936K), [CMS Perm : 7393K->7393K(16384K)], 0.0550140 secs] [Times: user=0.05 sys=0.00, real=0.04 secs] 
Total time for which application threads were stopped: 0.0555730 seconds
Application time: 0.0005770 seconds
2210.887: [GC [1 CMS-initial-mark: 1711K(49152K)] 1975K(63936K), 0.0004110 secs] [Times: user=0.00 sys=0.00, real=0.00 secs] 
Total time for which application threads were stopped: 0.0006400 seconds
2210.888: [CMS-concurrent-mark-start]
Application time: 0.0001090 seconds
2210.888: [Full GC (System) 2210.888: [CMS2210.913: [CMS-concurrent-mark: 0.025/0.026 secs] [Times: user=0.03 sys=0.00, real=0.03 secs] 
 (concurrent mode interrupted): 1711K->1711K(49152K), 0.0691220 secs] 1975K->1711K(63936K), [CMS Perm : 7393K->7393K(16384K)], 0.0693330 secs] [Times: user=0.07 sys=0.00, real=0.06 secs] 
Total time for which application threads were stopped: 0.0695730 seconds
Application time: 18.1249770 seconds
2229.083: [Full GC (System) 2229.083: [CMS: 1711K->1711K(49152K), 0.0616820 secs] 1975K->1711K(63936K), [CMS Perm : 7393K->7393K(16384K)], 0.0619010 secs] [Times: user=0.06 sys=0.01, real=0.05 secs] 
Total time for which application threads were stopped: 0.0627570 seconds
Application time: 0.0002770 seconds
2229.146: [GC [1 CMS-initial-mark: 1711K(49152K)] 1975K(63936K), 0.0004720 secs] [Times: user=0.00 sys=0.00, real=0.00 secs] 
Total time for which application threads were stopped: 0.0007100 seconds
2229.146: [CMS-concurrent-mark-start]
Application time: 0.0001290 seconds
2229.147: [Full GC (System) 2229.147: [CMS2229.172: [CMS-concurrent-mark: 0.025/0.026 secs] [Times: user=0.02 sys=0.00, real=0.03 secs] 
 (concurrent mode interrupted): 1711K->1711K(49152K), 0.0722460 secs] 1975K->1711K(63936K), [CMS Perm : 7393K->7393K(16384K)], 0.0724550 secs] [Times: user=0.07 sys=0.00, real=0.06 secs] 
Total time for which application threads were stopped: 0.0726970 seconds
Application time: 18.0707450 seconds
2247.290: [Full GC (System) 2247.290: [CMS: 1711K->1711K(49152K), 0.0459170 secs] 1975K->1711K(63936K), [CMS Perm : 7393K->7393K(16384K)], 0.0460730 secs] [Times: user=0.04 sys=0.00, real=0.04 secs] 
Total time for which application threads were stopped: 0.0464220 seconds
Application time: 0.0003010 seconds
2247.337: [GC [1 CMS-initial-mark: 1711K(49152K)] 1975K(63936K), 0.0004690 secs] [Times: user=0.00 sys=0.00, real=0.00 secs] 
Total time for which application threads were stopped: 0.0006570 seconds
2247.338: [CMS-concurrent-mark-start]
Application time: 0.0001600 seconds
2247.339: [Full GC (System) 2247.339: [CMS2247.365: [CMS-concurrent-mark: 0.027/0.028 secs] [Times: user=0.03 sys=0.00, real=0.03 secs] 
 (concurrent mode interrupted): 1711K->1711K(49152K), 0.0788650 secs] 1975K->1711K(63936K), [CMS Perm : 7393K->7393K(16384K)], 0.0790260 secs] [Times: user=0.08 sys=0.00, real=0.07 secs] 
Total time for which application threads were stopped: 0.0798570 seconds
Application time: 18.2187170 seconds
2265.637: [Full GC (System) 2265.637: [CMS: 1711K->1711K(49152K), 0.0564090 secs] 1975K->1711K(63936K), [CMS Perm : 7393K->7393K(16384K)], 0.0566290 secs] [Times: user=0.05 sys=0.01, real=0.05 secs] 
Total time for which application threads were stopped: 0.0572820 seconds
Application time: 0.0005970 seconds
2265.694: [GC [1 CMS-initial-mark: 1711K(49152K)] 1975K(63936K), 0.0004500 secs] [Times: user=0.00 sys=0.00, real=0.00 secs] 
Total time for which application threads were stopped: 0.0006030 seconds
2265.695: [CMS-concurrent-mark-start]
Application time: 0.0001080 seconds
2265.695: [Full GC (System) 2265.695: [CMS2265.722: [CMS-concurrent-mark: 0.026/0.027 secs] [Times: user=0.03 sys=0.00, real=0.02 secs] 
 (concurrent mode interrupted): 1711K->1711K(49152K), 0.0703390 secs] 1975K->1711K(63936K), [CMS Perm : 7393K->7393K(16384K)], 0.0705530 secs] [Times: user=0.07 sys=0.00, real=0.05 secs] 
Total time for which application threads were stopped: 0.0709050 seconds
Application time: 18.2018870 seconds
2283.968: [Full GC (System) 2283.968: [CMS: 1711K->1711K(49152K), 0.0632710 secs] 1975K->1711K(63936K), [CMS Perm : 7393K->7393K(16384K)], 0.0634490 secs] [Times: user=0.05 sys=0.00, real=0.05 secs] 
Total time for which application threads were stopped: 0.0638300 seconds
Application time: 0.0080080 seconds
2284.040: [GC [1 CMS-initial-mark: 1711K(49152K)] 1975K(63936K), 0.0004700 secs] [Times: user=0.00 sys=0.00, real=0.00 secs] 
Total time for which application threads were stopped: 0.0006790 seconds
2284.040: [CMS-concurrent-mark-start]
Application time: 0.0100330 seconds
2284.051: [Full GC (System) 2284.051: [CMS2284.076: [CMS-concurrent-mark: 0.025/0.035 secs] [Times: user=0.02 sys=0.00, real=0.03 secs] 
 (concurrent mode interrupted): 1711K->1711K(49152K), 0.0694640 secs] 1975K->1711K(63936K), [CMS Perm : 7393K->7393K(16384K)], 0.0696580 secs] [Times: user=0.07 sys=0.00, real=0.05 secs] 
Total time for which application threads were stopped: 0.0700530 seconds
Application time: 17.4100730 seconds
2301.531: [Full GC (System) 2301.531: [CMS: 1711K->1711K(49152K), 0.0727070 secs] 1975K->1711K(63936K), [CMS Perm : 7393K->7393K(16384K)], 0.0730220 secs] [Times: user=0.07 sys=0.00, real=0.06 secs] 
Total time for which application threads were stopped: 0.0737190 seconds
Application time: 0.0002510 seconds
2301.605: [GC [1 CMS-initial-mark: 1711K(49152K)] 1975K(63936K), 0.0004840 secs] [Times: user=0.00 sys=0.00, real=0.00 secs] 
Total time for which application threads were stopped: 0.0007200 seconds
2301.606: [CMS-concurrent-mark-start]
Application time: 0.0001980 seconds
2301.606: [Full GC (System) 2301.606: [CMS2301.632: [CMS-concurrent-mark: 0.026/0.026 secs] [Times: user=0.02 sys=0.00, real=0.02 secs] 
 (concurrent mode interrupted): 1711K->1711K(49152K), 0.0686460 secs] 1975K->1711K(63936K), [CMS Perm : 7393K->7393K(16384K)], 0.0688600 secs] [Times: user=0.07 sys=0.00, real=0.06 secs] 
Total time for which application threads were stopped: 0.0692180 seconds
Application time: 18.0903610 seconds
2319.766: [Full GC (System) 2319.766: [CMS: 1711K->1711K(49152K), 0.0557330 secs] 1975K->1711K(63936K), [CMS Perm : 7393K->7393K(16384K)], 0.0559170 secs] [Times: user=0.05 sys=0.00, real=0.04 secs] 
Total time for which application threads were stopped: 0.0565310 seconds
Application time: 0.0007610 seconds
2319.823: [GC [1 CMS-initial-mark: 1711K(49152K)] 1975K(63936K), 0.0004800 secs] [Times: user=0.00 sys=0.00, real=0.00 secs] 
Total time for which application threads were stopped: 0.0006680 seconds
2319.823: [CMS-concurrent-mark-start]
Application time: 0.0001120 seconds
2319.823: [Full GC (System) 2319.823: [CMS2319.850: [CMS-concurrent-mark: 0.026/0.026 secs] [Times: user=0.03 sys=0.00, real=0.03 secs] 
 (concurrent mode interrupted): 1711K->1711K(49152K), 0.0696720 secs] 1975K->1711K(63936K), [CMS Perm : 7393K->7393K(16384K)], 0.0698290 secs] [Times: user=0.07 sys=0.00, real=0.06 secs] 
Total time for which application threads were stopped: 0.0700980 seconds
Application time: 18.3017110 seconds
2338.195: [Full GC (System) 2338.196: [CMS: 1711K->1711K(49152K), 0.0545390 secs] 1975K->1711K(63936K), [CMS Perm : 7393K->7393K(16384K)], 0.0547100 secs] [Times: user=0.05 sys=0.01, real=0.04 secs] 
Total time for which application threads were stopped: 0.0552020 seconds
Application time: 0.0005630 seconds
2338.251: [GC [1 CMS-initial-mark: 1711K(49152K)] 1975K(63936K), 0.0004440 secs] [Times: user=0.00 sys=0.00, real=0.00 secs] 
Total time for which application threads were stopped: 0.0005930 seconds
2338.252: [CMS-concurrent-mark-start]
Application time: 0.0001080 seconds
2338.252: [Full GC (System) 2338.252: [CMS2338.276: [CMS-concurrent-mark: 0.025/0.025 secs] [Times: user=0.03 sys=0.00, real=0.02 secs] 
 (concurrent mode interrupted): 1711K->1711K(49152K), 0.0690600 secs] 1975K->1711K(63936K), [CMS Perm : 7393K->7393K(16384K)], 0.0694230 secs] [Times: user=0.07 sys=0.00, real=0.05 secs] 
Total time for which application threads were stopped: 0.0696440 seconds
Application time: 17.9897500 seconds
2356.311: [Full GC (System) 2356.312: [CMS: 1711K->1711K(49152K), 0.0702830 secs] 1975K->1711K(63936K), [CMS Perm : 7393K->7393K(16384K)], 0.0705730 secs] [Times: user=0.07 sys=0.00, real=0.06 secs] 
Total time for which application threads were stopped: 0.0712000 seconds
Application time: 0.0008720 seconds
2356.383: [GC [1 CMS-initial-mark: 1711K(49152K)] 1975K(63936K), 0.0004640 secs] [Times: user=0.00 sys=0.00, real=0.00 secs] 
Total time for which application threads were stopped: 0.0006490 seconds
2356.384: [CMS-concurrent-mark-start]
Application time: 0.0001110 seconds
2356.384: [Full GC (System) 2356.384: [CMS2356.409: [CMS-concurrent-mark: 0.025/0.026 secs] [Times: user=0.03 sys=0.00, real=0.02 secs] 
 (concurrent mode interrupted): 1711K->1711K(49152K), 0.0693980 secs] 1975K->1711K(63936K), [CMS Perm : 7393K->7393K(16384K)], 0.0695590 secs] [Times: user=0.07 sys=0.00, real=0.06 secs] 
Total time for which application threads were stopped: 0.0698630 seconds
Application time: 18.2016410 seconds
2374.656: [Full GC (System) 2374.656: [CMS: 1711K->1711K(49152K), 0.0533550 secs] 1975K->1711K(63936K), [CMS Perm : 7393K->7393K(16384K)], 0.0535400 secs] [Times: user=0.06 sys=0.00, real=0.04 secs] 
Total time for which application threads were stopped: 0.0540930 seconds
Application time: 0.0010200 seconds
2374.711: [GC [1 CMS-initial-mark: 1711K(49152K)] 1975K(63936K), 0.0004560 secs] [Times: user=0.00 sys=0.00, real=0.00 secs] 
Total time for which application threads were stopped: 0.0006900 seconds
2374.711: [CMS-concurrent-mark-start]
Application time: 0.0001100 seconds
2374.711: [Full GC (System) 2374.711: [CMS2374.739: [CMS-concurrent-mark: 0.027/0.027 secs] [Times: user=0.02 sys=0.00, real=0.03 secs] 
 (concurrent mode interrupted): 1711K->1711K(49152K), 0.0718250 secs] 1975K->1711K(63936K), [CMS Perm : 7393K->7393K(16384K)], 0.0719920 secs] [Times: user=0.07 sys=0.00, real=0.06 secs] 
Total time for which application threads were stopped: 0.0723320 seconds
Application time: 18.3631280 seconds
2393.147: [Full GC (System) 2393.147: [CMS: 1711K->1711K(49152K), 0.0607890 secs] 1975K->1711K(63936K), [CMS Perm : 7393K->7393K(16384K)], 0.0609980 secs] [Times: user=0.06 sys=0.00, real=0.05 secs] 
Total time for which application threads were stopped: 0.0616180 seconds
Application time: 0.0006000 seconds
2393.209: [GC [1 CMS-initial-mark: 1711K(49152K)] 1975K(63936K), 0.0004860 secs] [Times: user=0.00 sys=0.00, real=0.00 secs] 
Total time for which application threads were stopped: 0.0006420 seconds
2393.210: [CMS-concurrent-mark-start]
Application time: 0.0001090 seconds
2393.210: [Full GC (System) 2393.210: [CMS2393.236: [CMS-concurrent-mark: 0.026/0.027 secs] [Times: user=0.03 sys=0.00, real=0.02 secs] 
 (concurrent mode interrupted): 1711K->1711K(49152K), 0.0723430 secs] 1975K->1711K(63936K), [CMS Perm : 7393K->7393K(16384K)], 0.0725250 secs] [Times: user=0.07 sys=0.00, real=0.06 secs] 
Total time for which application threads were stopped: 0.0728540 seconds
Application time: 18.1555380 seconds
2411.438: [Full GC (System) 2411.439: [CMS: 1711K->1711K(49152K), 0.0654820 secs] 1975K->1711K(63936K), [CMS Perm : 7393K->7393K(16384K)], 0.0658390 secs] [Times: user=0.06 sys=0.00, real=0.06 secs] 
Total time for which application threads were stopped: 0.0665690 seconds
Application time: 0.0006420 seconds
2411.505: [GC [1 CMS-initial-mark: 1711K(49152K)] 1975K(63936K), 0.0004730 secs] [Times: user=0.01 sys=0.00, real=0.00 secs] 
Total time for which application threads were stopped: 0.0006870 seconds
2411.506: [CMS-concurrent-mark-start]
Application time: 0.0002240 seconds
2411.506: [Full GC (System) 2411.506: [CMS2411.532: [CMS-concurrent-mark: 0.025/0.026 secs] [Times: user=0.02 sys=0.00, real=0.02 secs] 
 (concurrent mode interrupted): 1711K->1711K(49152K), 0.0706730 secs] 1975K->1711K(63936K), [CMS Perm : 7393K->7393K(16384K)], 0.0708460 secs] [Times: user=0.06 sys=0.01, real=0.05 secs] 
Total time for which application threads were stopped: 0.0711320 seconds
Application time: 18.2553690 seconds
2429.833: [Full GC (System) 2429.833: [CMS: 1711K->1711K(49152K), 0.0520190 secs] 1975K->1711K(63936K), [CMS Perm : 7393K->7393K(16384K)], 0.0522870 secs] [Times: user=0.05 sys=0.00, real=0.04 secs] 
Total time for which application threads were stopped: 0.0526670 seconds
Application time: 0.0023710 seconds
2429.888: [GC [1 CMS-initial-mark: 1711K(49152K)] 1975K(63936K), 0.0004850 secs] [Times: user=0.00 sys=0.00, real=0.00 secs] 
Total time for which application threads were stopped: 0.0007600 seconds
2429.888: [CMS-concurrent-mark-start]
Application time: 0.0066780 seconds
2429.895: [Full GC (System) 2429.895: [CMS2429.933: [CMS-concurrent-mark: 0.037/0.044 secs] [Times: user=0.03 sys=0.00, real=0.04 secs] 
 (concurrent mode interrupted): 1711K->1711K(49152K), 0.0884360 secs] 1975K->1711K(63936K), [CMS Perm : 7393K->7393K(16384K)], 0.0886440 secs] [Times: user=0.08 sys=0.00, real=0.07 secs] 
Total time for which application threads were stopped: 0.0889460 seconds
Application time: 18.3630110 seconds
2448.348: [Full GC (System) 2448.348: [CMS: 1711K->1711K(49152K), 0.0648620 secs] 1975K->1711K(63936K), [CMS Perm : 7393K->7393K(16384K)], 0.0650580 secs] [Times: user=0.06 sys=0.00, real=0.06 secs] 
Total time for which application threads were stopped: 0.0658560 seconds
Application time: 0.0003000 seconds
2448.414: [GC [1 CMS-initial-mark: 1711K(49152K)] 1975K(63936K), 0.0004620 secs] [Times: user=0.00 sys=0.00, real=0.00 secs] 
Total time for which application threads were stopped: 0.0006560 seconds
2448.414: [CMS-concurrent-mark-start]
Application time: 0.0001150 seconds
2448.415: [Full GC (System) 2448.415: [CMS2448.440: [CMS-concurrent-mark: 0.025/0.025 secs] [Times: user=0.03 sys=0.00, real=0.02 secs] 
 (concurrent mode interrupted): 1711K->1711K(49152K), 0.0706390 secs] 1975K->1711K(63936K), [CMS Perm : 7393K->7393K(16384K)], 0.0708420 secs] [Times: user=0.07 sys=0.00, real=0.06 secs] 
Total time for which application threads were stopped: 0.0712020 seconds
Application time: 18.5741110 seconds
2467.060: [Full GC (System) 2467.060: [CMS: 1711K->1711K(49152K), 0.0525070 secs] 1975K->1711K(63936K), [CMS Perm : 7393K->7393K(16384K)], 0.0526920 secs] [Times: user=0.05 sys=0.00, real=0.04 secs] 
Total time for which application threads were stopped: 0.0532300 seconds
Application time: 0.0003220 seconds
2467.114: [GC [1 CMS-initial-mark: 1711K(49152K)] 1975K(63936K), 0.0004410 secs] [Times: user=0.00 sys=0.00, real=0.00 secs] 
Total time for which application threads were stopped: 0.0006140 seconds
2467.114: [CMS-concurrent-mark-start]
Application time: 0.0001100 seconds
2467.114: [Full GC (System) 2467.114: [CMS2467.140: [CMS-concurrent-mark: 0.025/0.025 secs] [Times: user=0.02 sys=0.00, real=0.02 secs] 
 (concurrent mode interrupted): 1711K->1711K(49152K), 0.0693680 secs] 1975K->1711K(63936K), [CMS Perm : 7393K->7393K(16384K)], 0.0695340 secs] [Times: user=0.07 sys=0.00, real=0.05 secs] 
Total time for which application threads were stopped: 0.0697780 seconds
Application time: 18.2127750 seconds
2485.397: [Full GC (System) 2485.398: [CMS: 1711K->1711K(49152K), 0.0509910 secs] 1975K->1711K(63936K), [CMS Perm : 7393K->7393K(16384K)], 0.0512140 secs] [Times: user=0.05 sys=0.00, real=0.04 secs] 
Total time for which application threads were stopped: 0.0519930 seconds
Application time: 0.0002930 seconds
2485.450: [GC [1 CMS-initial-mark: 1711K(49152K)] 1975K(63936K), 0.0004650 secs] [Times: user=0.00 sys=0.00, real=0.01 secs] 
Total time for which application threads were stopped: 0.0006250 seconds
2485.450: [CMS-concurrent-mark-start]
Application time: 0.0001110 seconds
2485.450: [Full GC (System) 2485.450: [CMS2485.476: [CMS-concurrent-mark: 0.025/0.026 secs] [Times: user=0.02 sys=0.01, real=0.02 secs] 
 (concurrent mode interrupted): 1711K->1711K(49152K), 0.0699900 secs] 1975K->1711K(63936K), [CMS Perm : 7393K->7393K(16384K)], 0.0702680 secs] [Times: user=0.07 sys=0.01, real=0.05 secs] 
Total time for which application threads were stopped: 0.0705580 seconds
Application time: 18.2228150 seconds
2503.744: [Full GC (System) 2503.744: [CMS: 1711K->1711K(49152K), 0.0575700 secs] 1975K->1711K(63936K), [CMS Perm : 7393K->7393K(16384K)], 0.0577580 secs] [Times: user=0.05 sys=0.00, real=0.05 secs] 
Total time for which application threads were stopped: 0.0584240 seconds
Application time: 0.0003270 seconds
2503.803: [GC [1 CMS-initial-mark: 1711K(49152K)] 1975K(63936K), 0.0005580 secs] [Times: user=0.00 sys=0.00, real=0.00 secs] 
Total time for which application threads were stopped: 0.0007550 seconds
2503.804: [CMS-concurrent-mark-start]
Application time: 0.0001170 seconds
2503.804: [Full GC (System) 2503.804: [CMS2503.829: [CMS-concurrent-mark: 0.025/0.026 secs] [Times: user=0.03 sys=0.00, real=0.03 secs] 
 (concurrent mode interrupted): 1711K->1711K(49152K), 0.0722300 secs] 1975K->1711K(63936K), [CMS Perm : 7393K->7393K(16384K)], 0.0724070 secs] [Times: user=0.07 sys=0.00, real=0.06 secs] 
Total time for which application threads were stopped: 0.0726610 seconds
Application time: 18.0822730 seconds
2521.959: [Full GC (System) 2521.959: [CMS: 1711K->1711K(49152K), 0.0554020 secs] 1975K->1711K(63936K), [CMS Perm : 7393K->7393K(16384K)], 0.0558000 secs] [Times: user=0.06 sys=0.00, real=0.04 secs] 
Total time for which application threads were stopped: 0.0564920 seconds
Application time: 0.0003950 seconds
2522.016: [GC [1 CMS-initial-mark: 1711K(49152K)] 1975K(63936K), 0.0004650 secs] [Times: user=0.00 sys=0.00, real=0.00 secs] 
Total time for which application threads were stopped: 0.0006740 seconds
2522.016: [CMS-concurrent-mark-start]
Application time: 0.0001110 seconds
2522.017: [Full GC (System) 2522.017: [CMS2522.041: [CMS-concurrent-mark: 0.025/0.025 secs] [Times: user=0.03 sys=0.00, real=0.02 secs] 
 (concurrent mode interrupted): 1711K->1711K(49152K), 0.0702660 secs] 1975K->1711K(63936K), [CMS Perm : 7393K->7393K(16384K)], 0.0704550 secs] [Times: user=0.07 sys=0.00, real=0.06 secs] 
Total time for which application threads were stopped: 0.0708100 seconds
Application time: 17.9775780 seconds
2540.065: [Full GC (System) 2540.065: [CMS: 1711K->1711K(49152K), 0.0629930 secs] 1975K->1711K(63936K), [CMS Perm : 7393K->7393K(16384K)], 0.0632290 secs] [Times: user=0.06 sys=0.01, real=0.05 secs] 
Total time for which application threads were stopped: 0.0638940 seconds
Application time: 0.0003130 seconds
2540.129: [GC [1 CMS-initial-mark: 1711K(49152K)] 1975K(63936K), 0.0005900 secs] [Times: user=0.00 sys=0.00, real=0.00 secs] 
Total time for which application threads were stopped: 0.0007640 seconds
2540.130: [CMS-concurrent-mark-start]
Application time: 0.0001110 seconds
2540.130: [Full GC (System) 2540.130: [CMS2540.156: [CMS-concurrent-mark: 0.026/0.026 secs] [Times: user=0.03 sys=0.00, real=0.02 secs] 
 (concurrent mode interrupted): 1711K->1711K(49152K), 0.0716230 secs] 1975K->1711K(63936K), [CMS Perm : 7393K->7393K(16384K)], 0.0717790 secs] [Times: user=0.07 sys=0.00, real=0.05 secs] 
Total time for which application threads were stopped: 0.0720130 seconds
Application time: 18.4834570 seconds
2558.686: [Full GC (System) 2558.686: [CMS: 1711K->1711K(49152K), 0.0568750 secs] 1975K->1711K(63936K), [CMS Perm : 7393K->7393K(16384K)], 0.0570670 secs] [Times: user=0.06 sys=0.00, real=0.04 secs] 
Total time for which application threads were stopped: 0.0577000 seconds
Application time: 0.0002510 seconds
2558.744: [GC [1 CMS-initial-mark: 1711K(49152K)] 1975K(63936K), 0.0004800 secs] [Times: user=0.00 sys=0.00, real=0.00 secs] 
Total time for which application threads were stopped: 0.0006340 seconds
2558.745: [CMS-concurrent-mark-start]
Application time: 0.0001110 seconds
2558.745: [Full GC (System) 2558.745: [CMS2558.770: [CMS-concurrent-mark: 0.025/0.025 secs] [Times: user=0.02 sys=0.00, real=0.02 secs] 
 (concurrent mode interrupted): 1711K->1711K(49152K), 0.0692620 secs] 1975K->1711K(63936K), [CMS Perm : 7393K->7393K(16384K)], 0.0694220 secs] [Times: user=0.07 sys=0.00, real=0.06 secs] 
Total time for which application threads were stopped: 0.0697150 seconds
Application time: 18.3614840 seconds
2577.176: [Full GC (System) 2577.176: [CMS: 1711K->1711K(49152K), 0.0472970 secs] 1975K->1711K(63936K), [CMS Perm : 7393K->7393K(16384K)], 0.0474450 secs] [Times: user=0.05 sys=0.00, real=0.04 secs] 
Total time for which application threads were stopped: 0.0477530 seconds
Application time: 0.0003130 seconds
2577.224: [GC [1 CMS-initial-mark: 1711K(49152K)] 1975K(63936K), 0.0004580 secs] [Times: user=0.00 sys=0.00, real=0.00 secs] 
Total time for which application threads were stopped: 0.0006200 seconds
2577.225: [CMS-concurrent-mark-start]
Application time: 0.0001120 seconds
2577.225: [Full GC (System) 2577.225: [CMS2577.253: [CMS-concurrent-mark: 0.028/0.028 secs] [Times: user=0.02 sys=0.00, real=0.02 secs] 
 (concurrent mode interrupted): 1711K->1711K(49152K), 0.0719380 secs] 1975K->1711K(63936K), [CMS Perm : 7393K->7393K(16384K)], 0.0721290 secs] [Times: user=0.07 sys=0.00, real=0.05 secs] 
Total time for which application threads were stopped: 0.0723330 seconds
Application time: 18.8602070 seconds
2596.158: [Full GC (System) 2596.158: [CMS: 1711K->1711K(49152K), 0.0596040 secs] 1975K->1711K(63936K), [CMS Perm : 7393K->7393K(16384K)], 0.0598290 secs] [Times: user=0.05 sys=0.00, real=0.05 secs] 
Total time for which application threads were stopped: 0.0607290 seconds
Application time: 0.0003140 seconds
2596.219: [GC [1 CMS-initial-mark: 1711K(49152K)] 1975K(63936K), 0.0004530 secs] [Times: user=0.00 sys=0.00, real=0.00 secs] 
Total time for which application threads were stopped: 0.0006350 seconds
2596.220: [CMS-concurrent-mark-start]
Application time: 0.0001190 seconds
2596.220: [Full GC (System) 2596.220: [CMS2596.246: [CMS-concurrent-mark: 0.026/0.026 secs] [Times: user=0.03 sys=0.00, real=0.02 secs] 
 (concurrent mode interrupted): 1711K->1711K(49152K), 0.0775410 secs] 1975K->1711K(63936K), [CMS Perm : 7393K->7393K(16384K)], 0.0777620 secs] [Times: user=0.08 sys=0.01, real=0.06 secs] 
Total time for which application threads were stopped: 0.0781030 seconds
Application time: 18.4729890 seconds
2614.771: [Full GC (System) 2614.771: [CMS: 1711K->1711K(49152K), 0.0645430 secs] 1975K->1711K(63936K), [CMS Perm : 7393K->7393K(16384K)], 0.0648120 secs] [Times: user=0.06 sys=0.00, real=0.06 secs] 
Total time for which application threads were stopped: 0.0654110 seconds
Application time: 0.0003100 seconds
2614.837: [GC [1 CMS-initial-mark: 1711K(49152K)] 1975K(63936K), 0.0004830 secs] [Times: user=0.00 sys=0.00, real=0.00 secs] 
Total time for which application threads were stopped: 0.0006390 seconds
2614.837: [CMS-concurrent-mark-start]
Application time: 0.0001330 seconds
2614.838: [Full GC (System) 2614.838: [CMS2614.864: [CMS-concurrent-mark: 0.026/0.026 secs] [Times: user=0.03 sys=0.00, real=0.02 secs] 
 (concurrent mode interrupted): 1711K->1711K(49152K), 0.0721980 secs] 1975K->1711K(63936K), [CMS Perm : 7393K->7393K(16384K)], 0.0723920 secs] [Times: user=0.07 sys=0.00, real=0.06 secs] 
Total time for which application threads were stopped: 0.0726420 seconds
Application time: 18.0939450 seconds
2633.004: [Full GC (System) 2633.004: [CMS: 1711K->1711K(49152K), 0.0582360 secs] 1975K->1711K(63936K), [CMS Perm : 7393K->7393K(16384K)], 0.0586100 secs] [Times: user=0.06 sys=0.00, real=0.04 secs] 
Total time for which application threads were stopped: 0.0591580 seconds
Application time: 0.0005870 seconds
2633.064: [GC [1 CMS-initial-mark: 1711K(49152K)] 1975K(63936K), 0.0004540 secs] [Times: user=0.00 sys=0.00, real=0.00 secs] 
Total time for which application threads were stopped: 0.0006070 seconds
2633.064: [CMS-concurrent-mark-start]
Application time: 0.0001080 seconds
2633.065: [Full GC (System) 2633.065: [CMS2633.090: [CMS-concurrent-mark: 0.025/0.026 secs] [Times: user=0.02 sys=0.00, real=0.02 secs] 
 (concurrent mode interrupted): 1711K->1711K(49152K), 0.0708510 secs] 1975K->1711K(63936K), [CMS Perm : 7393K->7393K(16384K)], 0.0710280 secs] [Times: user=0.07 sys=0.00, real=0.05 secs] 
Total time for which application threads were stopped: 0.0713300 seconds
Application time: 18.2209380 seconds
2651.357: [Full GC (System) 2651.357: [CMS: 1711K->1711K(49152K), 0.0473630 secs] 1975K->1711K(63936K), [CMS Perm : 7393K->7393K(16384K)], 0.0476210 secs] [Times: user=0.04 sys=0.00, real=0.04 secs] 
Total time for which application threads were stopped: 0.0480830 seconds
Application time: 0.0011530 seconds
2651.406: [GC [1 CMS-initial-mark: 1711K(49152K)] 1975K(63936K), 0.0004840 secs] [Times: user=0.01 sys=0.00, real=0.00 secs] 
Total time for which application threads were stopped: 0.0006970 seconds
2651.407: [CMS-concurrent-mark-start]
Application time: 0.0001140 seconds
2651.407: [Full GC (System) 2651.407: [CMS2651.433: [CMS-concurrent-mark: 0.026/0.026 secs] [Times: user=0.02 sys=0.00, real=0.02 secs] 
 (concurrent mode interrupted): 1711K->1711K(49152K), 0.0724060 secs] 1975K->1711K(63936K), [CMS Perm : 7393K->7393K(16384K)], 0.0725940 secs] [Times: user=0.07 sys=0.00, real=0.06 secs] 
Total time for which application threads were stopped: 0.0728140 seconds
Application time: 18.0781240 seconds
2669.558: [Full GC (System) 2669.558: [CMS: 1711K->1711K(49152K), 0.0497050 secs] 1975K->1711K(63936K), [CMS Perm : 7393K->7393K(16384K)], 0.0499290 secs] [Times: user=0.05 sys=0.00, real=0.04 secs] 
Total time for which application threads were stopped: 0.0504580 seconds
Application time: 0.0003510 seconds
2669.609: [GC [1 CMS-initial-mark: 1711K(49152K)] 1975K(63936K), 0.0004680 secs] [Times: user=0.00 sys=0.00, real=0.00 secs] 
Total time for which application threads were stopped: 0.0007590 seconds
2669.609: [CMS-concurrent-mark-start]
Application time: 0.0002070 seconds
2669.610: [Full GC (System) 2669.610: [CMS2669.635: [CMS-concurrent-mark: 0.025/0.025 secs] [Times: user=0.02 sys=0.00, real=0.02 secs] 
 (concurrent mode interrupted): 1711K->1711K(49152K), 0.0693780 secs] 1975K->1711K(63936K), [CMS Perm : 7393K->7393K(16384K)], 0.0696010 secs] [Times: user=0.06 sys=0.00, real=0.06 secs] 
Total time for which application threads were stopped: 0.0699200 seconds
Application time: 18.0674590 seconds
2687.747: [Full GC (System) 2687.748: [CMS: 1711K->1711K(49152K), 0.0610810 secs] 1975K->1711K(63936K), [CMS Perm : 7393K->7393K(16384K)], 0.0613160 secs] [Times: user=0.06 sys=0.01, real=0.05 secs] 
Total time for which application threads were stopped: 0.0619160 seconds
Application time: 0.0003780 seconds
2687.810: [GC [1 CMS-initial-mark: 1711K(49152K)] 1975K(63936K), 0.0004600 secs] [Times: user=0.00 sys=0.00, real=0.00 secs] 
Total time for which application threads were stopped: 0.0006600 seconds
2687.810: [CMS-concurrent-mark-start]
Application time: 0.0001120 seconds
2687.810: [Full GC (System) 2687.810: [CMS2687.836: [CMS-concurrent-mark: 0.025/0.026 secs] [Times: user=0.03 sys=0.00, real=0.03 secs] 
 (concurrent mode interrupted): 1711K->1711K(49152K), 0.0704010 secs] 1975K->1711K(63936K), [CMS Perm : 7393K->7393K(16384K)], 0.0705740 secs] [Times: user=0.07 sys=0.00, real=0.06 secs] 
Total time for which application threads were stopped: 0.0708660 seconds
Application time: 18.1114390 seconds
2705.993: [Full GC (System) 2705.993: [CMS: 1711K->1711K(49152K), 0.0524360 secs] 1975K->1711K(63936K), [CMS Perm : 7393K->7393K(16384K)], 0.0526470 secs] [Times: user=0.05 sys=0.00, real=0.05 secs] 
Total time for which application threads were stopped: 0.0530860 seconds
Application time: 0.0009440 seconds
2706.047: [GC [1 CMS-initial-mark: 1711K(49152K)] 1975K(63936K), 0.0004410 secs] [Times: user=0.00 sys=0.00, real=0.00 secs] 
Total time for which application threads were stopped: 0.0006250 seconds
2706.047: [CMS-concurrent-mark-start]
Application time: 0.0001110 seconds
2706.047: [Full GC (System) 2706.047: [CMS2706.079: [CMS-concurrent-mark: 0.032/0.032 secs] [Times: user=0.03 sys=0.00, real=0.02 secs] 
 (concurrent mode interrupted): 1711K->1711K(49152K), 0.0793340 secs] 1975K->1711K(63936K), [CMS Perm : 7393K->7393K(16384K)], 0.0795170 secs] [Times: user=0.07 sys=0.00, real=0.06 secs] 
Total time for which application threads were stopped: 0.0798000 seconds
Application time: 18.2975300 seconds
2724.425: [Full GC (System) 2724.425: [CMS: 1711K->1711K(49152K), 0.0554590 secs] 1975K->1711K(63936K), [CMS Perm : 7393K->7393K(16384K)], 0.0556550 secs] [Times: user=0.06 sys=0.01, real=0.05 secs] 
Total time for which application threads were stopped: 0.0564330 seconds
Application time: 0.0006210 seconds
2724.482: [GC [1 CMS-initial-mark: 1711K(49152K)] 1975K(63936K), 0.0004520 secs] [Times: user=0.00 sys=0.00, real=0.00 secs] 
Total time for which application threads were stopped: 0.0006330 seconds
2724.482: [CMS-concurrent-mark-start]
Application time: 0.0001080 seconds
2724.483: [Full GC (System) 2724.483: [CMS2724.509: [CMS-concurrent-mark: 0.026/0.026 secs] [Times: user=0.03 sys=0.00, real=0.02 secs] 
 (concurrent mode interrupted): 1711K->1711K(49152K), 0.0728460 secs] 1975K->1711K(63936K), [CMS Perm : 7393K->7393K(16384K)], 0.0730080 secs] [Times: user=0.07 sys=0.00, real=0.06 secs] 
Total time for which application threads were stopped: 0.0732620 seconds
Application time: 18.1464550 seconds
2742.702: [Full GC (System) 2742.703: [CMS: 1711K->1711K(49152K), 0.0521920 secs] 1975K->1711K(63936K), [CMS Perm : 7393K->7393K(16384K)], 0.0523800 secs] [Times: user=0.05 sys=0.00, real=0.04 secs] 
Total time for which application threads were stopped: 0.0530200 seconds
Application time: 0.0006770 seconds
2742.756: [GC [1 CMS-initial-mark: 1711K(49152K)] 1975K(63936K), 0.0004360 secs] [Times: user=0.00 sys=0.00, real=0.00 secs] 
Total time for which application threads were stopped: 0.0006050 seconds
2742.757: [CMS-concurrent-mark-start]
Application time: 0.0001290 seconds
2742.757: [Full GC (System) 2742.757: [CMS2742.783: [CMS-concurrent-mark: 0.026/0.026 secs] [Times: user=0.03 sys=0.00, real=0.02 secs] 
 (concurrent mode interrupted): 1711K->1711K(49152K), 0.0697610 secs] 1975K->1711K(63936K), [CMS Perm : 7393K->7393K(16384K)], 0.0699280 secs] [Times: user=0.07 sys=0.00, real=0.06 secs] 
Total time for which application threads were stopped: 0.0702990 seconds
Application time: 18.1574300 seconds
2760.985: [Full GC (System) 2760.985: [CMS: 1711K->1711K(49152K), 0.0607980 secs] 1975K->1711K(63936K), [CMS Perm : 7393K->7393K(16384K)], 0.0610010 secs] [Times: user=0.06 sys=0.00, real=0.05 secs] 
Total time for which application threads were stopped: 0.0616170 seconds
Application time: 0.0005430 seconds
2761.047: [GC [1 CMS-initial-mark: 1711K(49152K)] 1975K(63936K), 0.0004830 secs] [Times: user=0.00 sys=0.00, real=0.00 secs] 
Total time for which application threads were stopped: 0.0007420 seconds
2761.047: [CMS-concurrent-mark-start]
Application time: 0.0002430 seconds
2761.048: [Full GC (System) 2761.048: [CMS2761.073: [CMS-concurrent-mark: 0.025/0.026 secs] [Times: user=0.03 sys=0.00, real=0.02 secs] 
 (concurrent mode interrupted): 1711K->1711K(49152K), 0.0702430 secs] 1975K->1711K(63936K), [CMS Perm : 7393K->7393K(16384K)], 0.0704290 secs] [Times: user=0.07 sys=0.00, real=0.06 secs] 
Total time for which application threads were stopped: 0.0706890 seconds
Application time: 18.4889940 seconds
2779.607: [Full GC (System) 2779.608: [CMS: 1711K->1711K(49152K), 0.1367840 secs] 1975K->1711K(63936K), [CMS Perm : 7393K->7393K(16384K)], 0.1370150 secs] [Times: user=0.07 sys=0.00, real=0.07 secs] 
Total time for which application threads were stopped: 0.1375500 seconds
Application time: 0.0009590 seconds
2779.746: [GC [1 CMS-initial-mark: 1711K(49152K)] 1975K(63936K), 0.0004100 secs] [Times: user=0.00 sys=0.00, real=0.00 secs] 
Total time for which application threads were stopped: 0.0006520 seconds
2779.746: [CMS-concurrent-mark-start]
Application time: 0.0001100 seconds
2779.746: [Full GC (System) 2779.747: [CMS2779.775: [CMS-concurrent-mark: 0.028/0.029 secs] [Times: user=0.03 sys=0.00, real=0.02 secs] 
 (concurrent mode interrupted): 1711K->1711K(49152K), 0.0728950 secs] 1975K->1711K(63936K), [CMS Perm : 7393K->7393K(16384K)], 0.0730660 secs] [Times: user=0.07 sys=0.00, real=0.06 secs] 
Total time for which application threads were stopped: 0.0733080 seconds
Application time: 20.3505010 seconds
2800.170: [Full GC (System) 2800.171: [CMS: 1711K->1711K(49152K), 0.0581880 secs] 1975K->1711K(63936K), [CMS Perm : 7393K->7393K(16384K)], 0.0583880 secs] [Times: user=0.06 sys=0.00, real=0.05 secs] 
Total time for which application threads were stopped: 0.0589340 seconds
Application time: 0.0006350 seconds
2800.230: [GC [1 CMS-initial-mark: 1711K(49152K)] 1975K(63936K), 0.0004110 secs] [Times: user=0.00 sys=0.00, real=0.00 secs] 
Total time for which application threads were stopped: 0.0006270 seconds
2800.230: [CMS-concurrent-mark-start]
Application time: 0.0001100 seconds
2800.231: [Full GC (System) 2800.231: [CMS2800.255: [CMS-concurrent-mark: 0.024/0.025 secs] [Times: user=0.02 sys=0.01, real=0.02 secs] 
 (concurrent mode interrupted): 1711K->1711K(49152K), 0.0687000 secs] 1975K->1711K(63936K), [CMS Perm : 7393K->7393K(16384K)], 0.0688750 secs] [Times: user=0.07 sys=0.00, real=0.05 secs] 
Total time for which application threads were stopped: 0.0692480 seconds
Application time: 7.4527000 seconds
Total time for which application threads were stopped: 0.0001710 seconds
Application time: 0.0009770 seconds
Total time for which application threads were stopped: 0.0001260 seconds
Application time: 0.0000940 seconds
Total time for which application threads were stopped: 0.0001080 seconds
Application time: 0.4637770 seconds
Total time for which application threads were stopped: 0.0001130 seconds
Application time: 0.0000490 seconds
Total time for which application threads were stopped: 0.0000670 seconds
Application time: 0.0057890 seconds
Total time for which application threads were stopped: 0.0000640 seconds
Application time: 12.0155380 seconds
2820.240: [Full GC (System) 2820.240: [CMS: 1711K->1720K(49152K), 0.1216400 secs] 3301K->1720K(63936K), [CMS Perm : 7396K->7393K(16384K)], 0.1218210 secs] [Times: user=0.06 sys=0.00, real=0.05 secs] 
Total time for which application threads were stopped: 0.1223180 seconds
Application time: 0.0032790 seconds
2820.365: [GC [1 CMS-initial-mark: 1720K(49152K)] 1984K(63936K), 0.0007460 secs] [Times: user=0.00 sys=0.00, real=0.00 secs] 
Total time for which application threads were stopped: 0.0010120 seconds
2820.366: [CMS-concurrent-mark-start]
Application time: 0.0025770 seconds
2820.369: [Full GC (System) 2820.369: [CMS2820.404: [CMS-concurrent-mark: 0.035/0.036 secs] [Times: user=0.04 sys=0.01, real=0.03 secs] 
 (concurrent mode interrupted): 1720K->1720K(49152K), 0.0856400 secs] 1984K->1720K(63936K), [CMS Perm : 7393K->7393K(16384K)], 0.0858150 secs] [Times: user=0.08 sys=0.01, real=0.07 secs] 
Total time for which application threads were stopped: 0.0861350 seconds
Application time: 17.9026240 seconds
2838.358: [Full GC (System) 2838.358: [CMS: 1720K->1715K(49152K), 0.0524680 secs] 1984K->1715K(63936K), [CMS Perm : 7393K->7393K(16384K)], 0.0526450 secs] [Times: user=0.05 sys=0.00, real=0.05 secs] 
Total time for which application threads were stopped: 0.0530860 seconds
Application time: 0.0016660 seconds
2838.413: [GC [1 CMS-initial-mark: 1715K(49152K)] 1979K(63936K), 0.0004660 secs] [Times: user=0.00 sys=0.00, real=0.00 secs] 
Total time for which application threads were stopped: 0.0017750 seconds
2838.414: [CMS-concurrent-mark-start]
Application time: 0.0002360 seconds
2838.414: [Full GC (System) 2838.414: [CMS2838.443: [CMS-concurrent-mark: 0.028/0.028 secs] [Times: user=0.03 sys=0.00, real=0.02 secs] 
 (concurrent mode interrupted): 1715K->1715K(49152K), 0.0865270 secs] 1979K->1715K(63936K), [CMS Perm : 7393K->7393K(16384K)], 0.0866270 secs] [Times: user=0.08 sys=0.00, real=0.07 secs] 
Total time for which application threads were stopped: 0.0868300 seconds
Application time: 18.2904440 seconds
2856.792: [Full GC (System) 2856.792: [CMS: 1715K->1715K(49152K), 0.0573040 secs] 1979K->1715K(63936K), [CMS Perm : 7393K->7393K(16384K)], 0.0574480 secs] [Times: user=0.05 sys=0.01, real=0.04 secs] 
Total time for which application threads were stopped: 0.0578870 seconds
Application time: 0.0003780 seconds
2856.850: [GC [1 CMS-initial-mark: 1715K(49152K)] 1979K(63936K), 0.0004660 secs] [Times: user=0.00 sys=0.00, real=0.00 secs] 
Total time for which application threads were stopped: 0.0006360 seconds
2856.851: [CMS-concurrent-mark-start]
Application time: 0.0001120 seconds
2856.851: [Full GC (System) 2856.851: [CMS2856.876: [CMS-concurrent-mark: 0.025/0.025 secs] [Times: user=0.03 sys=0.00, real=0.03 secs] 
 (concurrent mode interrupted): 1715K->1715K(49152K), 0.0699650 secs] 1979K->1715K(63936K), [CMS Perm : 7393K->7393K(16384K)], 0.0700940 secs] [Times: user=0.07 sys=0.00, real=0.06 secs] 
Total time for which application threads were stopped: 0.0702940 seconds
Application time: 18.4844220 seconds
2875.406: [Full GC (System) 2875.406: [CMS: 1715K->1716K(49152K), 0.0514540 secs] 2642K->1716K(63936K), [CMS Perm : 7393K->7393K(16384K)], 0.0516360 secs] [Times: user=0.05 sys=0.00, real=0.04 secs] 
Total time for which application threads were stopped: 0.0522110 seconds
Application time: 0.0006500 seconds
2875.459: [GC [1 CMS-initial-mark: 1716K(49152K)] 1979K(63936K), 0.0004410 secs] [Times: user=0.00 sys=0.00, real=0.00 secs] 
Total time for which application threads were stopped: 0.0005830 seconds
2875.459: [CMS-concurrent-mark-start]
Application time: 0.0001090 seconds
2875.459: [Full GC (System) 2875.459: [CMS2875.484: [CMS-concurrent-mark: 0.025/0.025 secs] [Times: user=0.03 sys=0.01, real=0.02 secs] 
 (concurrent mode interrupted): 1716K->1716K(49152K), 0.0698970 secs] 1979K->1716K(63936K), [CMS Perm : 7393K->7393K(16384K)], 0.0700080 secs] [Times: user=0.07 sys=0.01, real=0.05 secs] 
Total time for which application threads were stopped: 0.0703050 seconds
Application time: 18.1911160 seconds
2893.721: [Full GC (System) 2893.721: [CMS: 1716K->1713K(49152K), 0.0618120 secs] 1979K->1713K(63936K), [CMS Perm : 7393K->7393K(16384K)], 0.0620380 secs] [Times: user=0.06 sys=0.00, real=0.05 secs] 
Total time for which application threads were stopped: 0.0632060 seconds
Application time: 0.0002830 seconds
2893.785: [GC [1 CMS-initial-mark: 1713K(49152K)] 1977K(63936K), 0.0005280 secs] [Times: user=0.00 sys=0.00, real=0.00 secs] 
Total time for which application threads were stopped: 0.0006910 seconds
2893.785: [CMS-concurrent-mark-start]
Application time: 0.0001450 seconds
2893.785: [Full GC (System) 2893.785: [CMS2893.811: [CMS-concurrent-mark: 0.025/0.025 secs] [Times: user=0.03 sys=0.00, real=0.02 secs] 
 (concurrent mode interrupted): 1713K->1713K(49152K), 0.0703930 secs] 1977K->1713K(63936K), [CMS Perm : 7393K->7393K(16384K)], 0.0705870 secs] [Times: user=0.07 sys=0.00, real=0.06 secs] 
Total time for which application threads were stopped: 0.0708230 seconds
Application time: 18.3100880 seconds
2912.166: [Full GC (System) 2912.166: [CMS: 1713K->1713K(49152K), 0.0501330 secs] 1977K->1713K(63936K), [CMS Perm : 7393K->7393K(16384K)], 0.0503090 secs] [Times: user=0.05 sys=0.00, real=0.04 secs] 
Total time for which application threads were stopped: 0.0507000 seconds
Application time: 0.0003190 seconds
2912.218: [GC [1 CMS-initial-mark: 1713K(49152K)] 1977K(63936K), 0.0004500 secs] [Times: user=0.00 sys=0.00, real=0.00 secs] 
Total time for which application threads were stopped: 0.0006710 seconds
2912.218: [CMS-concurrent-mark-start]
Application time: 0.0001110 seconds
2912.218: [Full GC (System) 2912.218: [CMS2912.244: [CMS-concurrent-mark: 0.025/0.025 secs] [Times: user=0.03 sys=0.00, real=0.02 secs] 
 (concurrent mode interrupted): 1713K->1712K(49152K), 0.0729370 secs] 1977K->1712K(63936K), [CMS Perm : 7393K->7393K(16384K)], 0.0730910 secs] [Times: user=0.07 sys=0.00, real=0.06 secs] 
Total time for which application threads were stopped: 0.0733670 seconds
Application time: 18.3617650 seconds
2930.654: [Full GC (System) 2930.654: [CMS: 1712K->1712K(49152K), 0.0587100 secs] 1975K->1712K(63936K), [CMS Perm : 7393K->7393K(16384K)], 0.0589610 secs] [Times: user=0.06 sys=0.00, real=0.05 secs] 
Total time for which application threads were stopped: 0.0596920 seconds
Application time: 0.0002750 seconds
2930.714: [GC [1 CMS-initial-mark: 1712K(49152K)] 1975K(63936K), 0.0004540 secs] [Times: user=0.00 sys=0.00, real=0.00 secs] 
Total time for which application threads were stopped: 0.0006210 seconds
2930.714: [CMS-concurrent-mark-start]
Application time: 0.0001100 seconds
2930.714: [Full GC (System) 2930.715: [CMS2930.739: [CMS-concurrent-mark: 0.025/0.025 secs] [Times: user=0.03 sys=0.00, real=0.03 secs] 
 (concurrent mode interrupted): 1712K->1712K(49152K), 0.0719430 secs] 1975K->1712K(63936K), [CMS Perm : 7393K->7393K(16384K)], 0.0721400 secs] [Times: user=0.08 sys=0.00, real=0.06 secs] 
Total time for which application threads were stopped: 0.0723680 seconds
Application time: 18.5852680 seconds
2949.372: [Full GC (System) 2949.373: [CMS: 1712K->1712K(49152K), 0.0990200 secs] 1975K->1712K(63936K), [CMS Perm : 7393K->7393K(16384K)], 0.0992720 secs] [Times: user=0.06 sys=0.00, real=0.06 secs] 
Total time for which application threads were stopped: 0.0998590 seconds
Application time: 0.0002690 seconds
2949.476: [GC [1 CMS-initial-mark: 1712K(49152K)] 1975K(63936K), 0.0004790 secs] [Times: user=0.00 sys=0.01, real=0.00 secs] 
Total time for which application threads were stopped: 0.0006870 seconds
2949.476: [CMS-concurrent-mark-start]
Application time: 0.0001650 seconds
2949.477: [Full GC (System) 2949.477: [CMS2949.504: [CMS-concurrent-mark: 0.027/0.027 secs] [Times: user=0.03 sys=0.00, real=0.03 secs] 
 (concurrent mode interrupted): 1712K->1712K(49152K), 0.1441270 secs] 1975K->1712K(63936K), [CMS Perm : 7393K->7393K(16384K)], 0.1443880 secs] [Times: user=0.08 sys=0.00, real=0.08 secs] 
Total time for which application threads were stopped: 0.1447860 seconds
Application time: 18.7301930 seconds
2968.352: [Full GC (System) 2968.352: [CMS: 1712K->1712K(49152K), 0.0608570 secs] 1975K->1712K(63936K), [CMS Perm : 7393K->7393K(16384K)], 0.0627090 secs] [Times: user=0.05 sys=0.00, real=0.05 secs] 
Total time for which application threads were stopped: 0.0632250 seconds
Application time: 0.0003030 seconds
2968.415: [GC [1 CMS-initial-mark: 1712K(49152K)] 1975K(63936K), 0.0004720 secs] [Times: user=0.00 sys=0.00, real=0.00 secs] 
Total time for which application threads were stopped: 0.0006710 seconds
2968.416: [CMS-concurrent-mark-start]
Application time: 0.0001150 seconds
2968.416: [Full GC (System) 2968.416: [CMS2968.444: [CMS-concurrent-mark: 0.028/0.028 secs] [Times: user=0.03 sys=0.00, real=0.02 secs] 
 (concurrent mode interrupted): 1712K->1712K(49152K), 0.0755670 secs] 1975K->1712K(63936K), [CMS Perm : 7393K->7393K(16384K)], 0.0757640 secs] [Times: user=0.07 sys=0.00, real=0.06 secs] 
Total time for which application threads were stopped: 0.0762240 seconds
Application time: 17.9855880 seconds
2986.478: [Full GC (System) 2986.478: [CMS: 1712K->1712K(49152K), 0.0629050 secs] 1975K->1712K(63936K), [CMS Perm : 7393K->7393K(16384K)], 0.0631010 secs] [Times: user=0.06 sys=0.01, real=0.05 secs] 
Total time for which application threads were stopped: 0.0637400 seconds
Application time: 0.0002850 seconds
2986.542: [GC [1 CMS-initial-mark: 1712K(49152K)] 1712K(63936K), 0.0004510 secs] [Times: user=0.00 sys=0.00, real=0.00 secs] 
Total time for which application threads were stopped: 0.0006170 seconds
2986.542: [CMS-concurrent-mark-start]
Application time: 0.0006070 seconds
2986.543: [Full GC (System) 2986.543: [CMS2986.568: [CMS-concurrent-mark: 0.025/0.026 secs] [Times: user=0.02 sys=0.00, real=0.02 secs] 
 (concurrent mode interrupted): 1712K->1712K(49152K), 0.0691350 secs] 1975K->1712K(63936K), [CMS Perm : 7393K->7393K(16384K)], 0.0692820 secs] [Times: user=0.06 sys=0.00, real=0.06 secs] 
Total time for which application threads were stopped: 0.0701250 seconds
Application time: 18.3654270 seconds
3004.979: [Full GC (System) 3004.979: [CMS: 1712K->1712K(49152K), 0.0596950 secs] 1975K->1712K(63936K), [CMS Perm : 7393K->7393K(16384K)], 0.0598970 secs] [Times: user=0.06 sys=0.00, real=0.05 secs] 
Total time for which application threads were stopped: 0.0603930 seconds
Application time: 0.0003020 seconds
3005.040: [GC [1 CMS-initial-mark: 1712K(49152K)] 1975K(63936K), 0.0005020 secs] [Times: user=0.00 sys=0.00, real=0.00 secs] 
Total time for which application threads were stopped: 0.0006740 seconds
3005.040: [CMS-concurrent-mark-start]
Application time: 0.0001110 seconds
3005.040: [Full GC (System) 3005.040: [CMS3005.068: [CMS-concurrent-mark: 0.028/0.028 secs] [Times: user=0.03 sys=0.00, real=0.02 secs] 
 (concurrent mode interrupted): 1712K->1712K(49152K), 0.0731340 secs] 1975K->1712K(63936K), [CMS Perm : 7393K->7393K(16384K)], 0.0733100 secs] [Times: user=0.08 sys=0.00, real=0.06 secs] 
Total time for which application threads were stopped: 0.0734850 seconds
Application time: 18.2337690 seconds
3023.348: [Full GC (System) 3023.348: [CMS: 1712K->1712K(49152K), 0.0536770 secs] 1975K->1712K(63936K), [CMS Perm : 7393K->7393K(16384K)], 0.0539270 secs] [Times: user=0.05 sys=0.00, real=0.05 secs] 
Total time for which application threads were stopped: 0.0545080 seconds
Application time: 0.0006740 seconds
3023.403: [GC [1 CMS-initial-mark: 1712K(49152K)] 1975K(63936K), 0.0004940 secs] [Times: user=0.00 sys=0.00, real=0.00 secs] 
Total time for which application threads were stopped: 0.0006540 seconds
3023.404: [CMS-concurrent-mark-start]
Application time: 0.0001100 seconds
3023.404: [Full GC (System) 3023.404: [CMS3023.429: [CMS-concurrent-mark: 0.025/0.026 secs] [Times: user=0.03 sys=0.00, real=0.02 secs] 
 (concurrent mode interrupted): 1712K->1712K(49152K), 0.0723390 secs] 1975K->1712K(63936K), [CMS Perm : 7393K->7393K(16384K)], 0.0725610 secs] [Times: user=0.07 sys=0.00, real=0.06 secs] 
Total time for which application threads were stopped: 0.0728210 seconds
Application time: 18.0730480 seconds
3041.550: [Full GC (System) 3041.550: [CMS: 1712K->1712K(49152K), 0.0575830 secs] 1975K->1712K(63936K), [CMS Perm : 7393K->7393K(16384K)], 0.0580280 secs] [Times: user=0.06 sys=0.00, real=0.05 secs] 
Total time for which application threads were stopped: 0.0586970 seconds
Application time: 0.0006310 seconds
3041.609: [GC [1 CMS-initial-mark: 1712K(49152K)] 1975K(63936K), 0.0005240 secs] [Times: user=0.00 sys=0.00, real=0.00 secs] 
Total time for which application threads were stopped: 0.0007820 seconds
3041.610: [CMS-concurrent-mark-start]
Application time: 0.0001300 seconds
3041.610: [Full GC (System) 3041.610: [CMS3041.636: [CMS-concurrent-mark: 0.026/0.026 secs] [Times: user=0.03 sys=0.00, real=0.02 secs] 
 (concurrent mode interrupted): 1712K->1712K(49152K), 0.0702920 secs] 1975K->1712K(63936K), [CMS Perm : 7393K->7393K(16384K)], 0.0705540 secs] [Times: user=0.07 sys=0.00, real=0.05 secs] 
Total time for which application threads were stopped: 0.0708750 seconds
Application time: 18.2047910 seconds
3059.886: [Full GC (System) 3059.886: [CMS: 1712K->1712K(49152K), 0.0545750 secs] 1975K->1712K(63936K), [CMS Perm : 7393K->7393K(16384K)], 0.0548180 secs] [Times: user=0.05 sys=0.00, real=0.04 secs] 
Total time for which application threads were stopped: 0.0554280 seconds
Application time: 0.0005810 seconds
3059.941: [GC [1 CMS-initial-mark: 1712K(49152K)] 1975K(63936K), 0.0005170 secs] [Times: user=0.00 sys=0.00, real=0.00 secs] 
Total time for which application threads were stopped: 0.0007500 seconds
3059.942: [CMS-concurrent-mark-start]
Application time: 0.0001160 seconds
3059.942: [Full GC (System) 3059.942: [CMS3059.967: [CMS-concurrent-mark: 0.024/0.025 secs] [Times: user=0.03 sys=0.00, real=0.02 secs] 
 (concurrent mode interrupted): 1712K->1712K(49152K), 0.0683250 secs] 1975K->1712K(63936K), [CMS Perm : 7393K->7393K(16384K)], 0.0684670 secs] [Times: user=0.07 sys=0.00, real=0.06 secs] 
Total time for which application threads were stopped: 0.0687050 seconds
Application time: 18.1301900 seconds
3078.141: [Full GC (System) 3078.142: [CMS: 1712K->1712K(49152K), 0.0626230 secs] 1975K->1712K(63936K), [CMS Perm : 7393K->7393K(16384K)], 0.0628950 secs] [Times: user=0.06 sys=0.00, real=0.05 secs] 
Total time for which application threads were stopped: 0.0635250 seconds
Application time: 0.0006660 seconds
3078.205: [GC [1 CMS-initial-mark: 1712K(49152K)] 1975K(63936K), 0.0004590 secs] [Times: user=0.00 sys=0.00, real=0.00 secs] 
Total time for which application threads were stopped: 0.0006150 seconds
3078.206: [CMS-concurrent-mark-start]
Application time: 0.0001090 seconds
3078.206: [Full GC (System) 3078.206: [CMS3078.231: [CMS-concurrent-mark: 0.025/0.025 secs] [Times: user=0.03 sys=0.00, real=0.02 secs] 
 (concurrent mode interrupted): 1712K->1712K(49152K), 0.0706960 secs] 1975K->1712K(63936K), [CMS Perm : 7393K->7393K(16384K)], 0.0708500 secs] [Times: user=0.07 sys=0.00, real=0.06 secs] 
Total time for which application threads were stopped: 0.0710730 seconds
Application time: 18.1068270 seconds
3096.384: [Full GC (System) 3096.384: [CMS: 1712K->1712K(49152K), 0.0621710 secs] 1975K->1712K(63936K), [CMS Perm : 7393K->7393K(16384K)], 0.0624290 secs] [Times: user=0.06 sys=0.00, real=0.05 secs] 
Total time for which application threads were stopped: 0.0629820 seconds
Application time: 0.0006210 seconds
3096.447: [GC [1 CMS-initial-mark: 1712K(49152K)] 1975K(63936K), 0.0004520 secs] [Times: user=0.00 sys=0.00, real=0.00 secs] 
Total time for which application threads were stopped: 0.0006060 seconds
3096.448: [CMS-concurrent-mark-start]
Application time: 0.0001090 seconds
3096.448: [Full GC (System) 3096.448: [CMS3096.475: [CMS-concurrent-mark: 0.027/0.027 secs] [Times: user=0.03 sys=0.00, real=0.02 secs] 
 (concurrent mode interrupted): 1712K->1712K(49152K), 0.0724280 secs] 1975K->1712K(63936K), [CMS Perm : 7393K->7393K(16384K)], 0.0725970 secs] [Times: user=0.07 sys=0.00, real=0.06 secs] 
Total time for which application threads were stopped: 0.0729230 seconds
Application time: 18.2030240 seconds
3114.724: [Full GC (System) 3114.725: [CMS: 1712K->1712K(49152K), 0.0588570 secs] 1975K->1712K(63936K), [CMS Perm : 7393K->7393K(16384K)], 0.0592200 secs] [Times: user=0.06 sys=0.00, real=0.04 secs] 
Total time for which application threads were stopped: 0.0598480 seconds
Application time: 0.0008970 seconds
3114.785: [GC [1 CMS-initial-mark: 1712K(49152K)] 1975K(63936K), 0.0005930 secs] [Times: user=0.00 sys=0.01, real=0.00 secs] 
Total time for which application threads were stopped: 0.0008340 seconds
3114.786: [CMS-concurrent-mark-start]
Application time: 0.0002820 seconds
3114.786: [Full GC (System) 3114.786: [CMS3114.813: [CMS-concurrent-mark: 0.027/0.027 secs] [Times: user=0.02 sys=0.00, real=0.03 secs] 
 (concurrent mode interrupted): 1712K->1712K(49152K), 0.0739950 secs] 1975K->1712K(63936K), [CMS Perm : 7393K->7393K(16384K)], 0.0741730 secs] [Times: user=0.07 sys=0.00, real=0.06 secs] 
Total time for which application threads were stopped: 0.0744410 seconds
Application time: 18.0556070 seconds
3132.916: [Full GC (System) 3132.916: [CMS: 1712K->1712K(49152K), 0.0552720 secs] 1975K->1712K(63936K), [CMS Perm : 7393K->7393K(16384K)], 0.0555590 secs] [Times: user=0.05 sys=0.00, real=0.04 secs] 
Total time for which application threads were stopped: 0.0562030 seconds
Application time: 0.0005580 seconds
3132.973: [GC [1 CMS-initial-mark: 1712K(49152K)] 1975K(63936K), 0.0004680 secs] [Times: user=0.00 sys=0.00, real=0.00 secs] 
Total time for which application threads were stopped: 0.0006210 seconds
3132.973: [CMS-concurrent-mark-start]
Application time: 0.0001090 seconds
3132.974: [Full GC (System) 3132.974: [CMS3133.001: [CMS-concurrent-mark: 0.027/0.028 secs] [Times: user=0.03 sys=0.00, real=0.03 secs] 
 (concurrent mode interrupted): 1712K->1712K(49152K), 0.0742480 secs] 1975K->1712K(63936K), [CMS Perm : 7393K->7393K(16384K)], 0.0744490 secs] [Times: user=0.08 sys=0.00, real=0.06 secs] 
Total time for which application threads were stopped: 0.0748040 seconds
Application time: 17.8917090 seconds
3150.940: [Full GC (System) 3150.940: [CMS: 1712K->1712K(49152K), 0.0472900 secs] 1975K->1712K(63936K), [CMS Perm : 7393K->7393K(16384K)], 0.0474730 secs] [Times: user=0.04 sys=0.00, real=0.04 secs] 
Total time for which application threads were stopped: 0.0478010 seconds
Application time: 0.0006980 seconds
3150.988: [GC [1 CMS-initial-mark: 1712K(49152K)] 1975K(63936K), 0.0004380 secs] [Times: user=0.00 sys=0.00, real=0.00 secs] 
Total time for which application threads were stopped: 0.0006060 seconds
3150.989: [CMS-concurrent-mark-start]
Application time: 0.0001090 seconds
3150.989: [Full GC (System) 3150.989: [CMS3151.015: [CMS-concurrent-mark: 0.026/0.026 secs] [Times: user=0.03 sys=0.00, real=0.02 secs] 
 (concurrent mode interrupted): 1712K->1712K(49152K), 0.0921990 secs] 1975K->1712K(63936K), [CMS Perm : 7393K->7393K(16384K)], 0.0923790 secs] [Times: user=0.07 sys=0.01, real=0.08 secs] 
Total time for which application threads were stopped: 0.0926170 seconds
Application time: 18.1187880 seconds
3169.201: [Full GC (System) 3169.201: [CMS: 1712K->1712K(49152K), 0.0625150 secs] 1975K->1712K(63936K), [CMS Perm : 7393K->7393K(16384K)], 0.0627980 secs] [Times: user=0.07 sys=0.00, real=0.05 secs] 
Total time for which application threads were stopped: 0.0633560 seconds
Application time: 0.0005670 seconds
3169.265: [GC [1 CMS-initial-mark: 1712K(49152K)] 1975K(63936K), 0.0004750 secs] [Times: user=0.00 sys=0.00, real=0.00 secs] 
Total time for which application threads were stopped: 0.0006420 seconds
3169.265: [CMS-concurrent-mark-start]
Application time: 0.0001330 seconds
3169.265: [Full GC (System) 3169.265: [CMS3169.291: [CMS-concurrent-mark: 0.025/0.025 secs] [Times: user=0.02 sys=0.00, real=0.02 secs] 
 (concurrent mode interrupted): 1712K->1712K(49152K), 0.0745540 secs] 1975K->1712K(63936K), [CMS Perm : 7393K->7393K(16384K)], 0.0747270 secs] [Times: user=0.07 sys=0.00, real=0.06 secs] 
Total time for which application threads were stopped: 0.0750580 seconds
Application time: 18.1216590 seconds
3187.462: [Full GC (System) 3187.462: [CMS: 1712K->1712K(49152K), 0.0528120 secs] 1975K->1712K(63936K), [CMS Perm : 7393K->7393K(16384K)], 0.0530100 secs] [Times: user=0.05 sys=0.01, real=0.04 secs] 
Total time for which application threads were stopped: 0.0536240 seconds
Application time: 0.0007210 seconds
3187.516: [GC [1 CMS-initial-mark: 1712K(49152K)] 1975K(63936K), 0.0004710 secs] [Times: user=0.00 sys=0.00, real=0.00 secs] 
Total time for which application threads were stopped: 0.0006320 seconds
3187.517: [CMS-concurrent-mark-start]
Application time: 0.0001240 seconds
3187.517: [Full GC (System) 3187.517: [CMS3187.542: [CMS-concurrent-mark: 0.025/0.025 secs] [Times: user=0.03 sys=0.00, real=0.02 secs] 
 (concurrent mode interrupted): 1712K->1712K(49152K), 0.0927160 secs] 1975K->1712K(63936K), [CMS Perm : 7393K->7393K(16384K)], 0.0928900 secs] [Times: user=0.07 sys=0.00, real=0.08 secs] 
Total time for which application threads were stopped: 0.0931360 seconds
Application time: 18.3335610 seconds
3205.944: [Full GC (System) 3205.944: [CMS: 1712K->1712K(49152K), 0.0808370 secs] 1975K->1712K(63936K), [CMS Perm : 7393K->7393K(16384K)], 0.0810470 secs] [Times: user=0.06 sys=0.00, real=0.07 secs] 
Total time for which application threads were stopped: 0.0816800 seconds
Application time: 0.0008350 seconds
3206.026: [GC [1 CMS-initial-mark: 1712K(49152K)] 1975K(63936K), 0.0004200 secs] [Times: user=0.00 sys=0.00, real=0.00 secs] 
Total time for which application threads were stopped: 0.0013730 seconds
3206.028: [CMS-concurrent-mark-start]
Application time: 0.0003590 seconds
3206.028: [Full GC (System) 3206.029: [CMS3206.055: [CMS-concurrent-mark: 0.025/0.027 secs] [Times: user=0.03 sys=0.00, real=0.02 secs] 
 (concurrent mode interrupted): 1712K->1712K(49152K), 0.0713220 secs] 1975K->1712K(63936K), [CMS Perm : 7393K->7393K(16384K)], 0.0722560 secs] [Times: user=0.07 sys=0.00, real=0.06 secs] 
Total time for which application threads were stopped: 0.0726900 seconds
Application time: 19.4189550 seconds
3225.520: [Full GC (System) 3225.520: [CMS: 1712K->1712K(49152K), 0.0475320 secs] 1975K->1712K(63936K), [CMS Perm : 7393K->7393K(16384K)], 0.0477340 secs] [Times: user=0.05 sys=0.00, real=0.04 secs] 
Total time for which application threads were stopped: 0.0482950 seconds
Application time: 0.0005910 seconds
3225.569: [GC [1 CMS-initial-mark: 1712K(49152K)] 1975K(63936K), 0.0006710 secs] [Times: user=0.00 sys=0.00, real=0.00 secs] 
Total time for which application threads were stopped: 0.0009100 seconds
3225.569: [CMS-concurrent-mark-start]
Application time: 0.0001160 seconds
3225.570: [Full GC (System) 3225.570: [CMS3225.595: [CMS-concurrent-mark: 0.025/0.025 secs] [Times: user=0.03 sys=0.00, real=0.02 secs] 
 (concurrent mode interrupted): 1712K->1712K(49152K), 0.0692890 secs] 1975K->1712K(63936K), [CMS Perm : 7393K->7393K(16384K)], 0.0694930 secs] [Times: user=0.07 sys=0.00, real=0.06 secs] 
Total time for which application threads were stopped: 0.0697750 seconds
Application time: 18.1962820 seconds
3243.836: [Full GC (System) 3243.836: [CMS: 1712K->1712K(49152K), 0.0565590 secs] 1975K->1712K(63936K), [CMS Perm : 7393K->7393K(16384K)], 0.0568390 secs] [Times: user=0.06 sys=0.00, real=0.05 secs] 
Total time for which application threads were stopped: 0.0577190 seconds
Application time: 0.0008670 seconds
3243.894: [GC [1 CMS-initial-mark: 1712K(49152K)] 1975K(63936K), 0.0004740 secs] [Times: user=0.00 sys=0.00, real=0.00 secs] 
Total time for which application threads were stopped: 0.0006510 seconds
3243.895: [CMS-concurrent-mark-start]
Application time: 0.0001100 seconds
3243.895: [Full GC (System) 3243.895: [CMS3243.920: [CMS-concurrent-mark: 0.025/0.026 secs] [Times: user=0.02 sys=0.00, real=0.02 secs] 
 (concurrent mode interrupted): 1712K->1712K(49152K), 0.0767380 secs] 1975K->1712K(63936K), [CMS Perm : 7393K->7393K(16384K)], 0.0769100 secs] [Times: user=0.07 sys=0.00, real=0.07 secs] 
Total time for which application threads were stopped: 0.0771770 seconds
Application time: 17.9624400 seconds
3261.935: [Full GC (System) 3261.935: [CMS: 1712K->1712K(49152K), 0.0465540 secs] 1975K->1712K(63936K), [CMS Perm : 7393K->7393K(16384K)], 0.0467790 secs] [Times: user=0.05 sys=0.00, real=0.03 secs] 
Total time for which application threads were stopped: 0.0472060 seconds
Application time: 0.0007250 seconds
3261.983: [GC [1 CMS-initial-mark: 1712K(49152K)] 1975K(63936K), 0.0004490 secs] [Times: user=0.00 sys=0.00, real=0.00 secs] 
Total time for which application threads were stopped: 0.0005810 seconds
3261.983: [CMS-concurrent-mark-start]
Application time: 0.0001080 seconds
3261.983: [Full GC (System) 3261.983: [CMS3262.008: [CMS-concurrent-mark: 0.025/0.025 secs] [Times: user=0.02 sys=0.00, real=0.02 secs] 
 (concurrent mode interrupted): 1712K->1712K(49152K), 0.0692140 secs] 1975K->1712K(63936K), [CMS Perm : 7393K->7393K(16384K)], 0.0693370 secs] [Times: user=0.07 sys=0.00, real=0.05 secs] 
Total time for which application threads were stopped: 0.0695700 seconds
Application time: 19.4200540 seconds
3281.473: [Full GC (System) 3281.473: [CMS: 1712K->1718K(49152K), 0.0627880 secs] 2902K->1718K(63936K), [CMS Perm : 7395K->7395K(16384K)], 0.0630100 secs] [Times: user=0.06 sys=0.00, real=0.05 secs] 
Total time for which application threads were stopped: 0.0637530 seconds
Application time: 0.0002800 seconds
3281.537: [GC [1 CMS-initial-mark: 1718K(49152K)] 1982K(63936K), 0.0005020 secs] [Times: user=0.01 sys=0.00, real=0.00 secs] 
Total time for which application threads were stopped: 0.0006510 seconds
3281.538: [CMS-concurrent-mark-start]
Application time: 0.0001100 seconds
3281.538: [Full GC (System) 3281.538: [CMS3281.563: [CMS-concurrent-mark: 0.025/0.025 secs] [Times: user=0.02 sys=0.00, real=0.02 secs] 
 (concurrent mode interrupted): 1718K->1718K(49152K), 0.0707990 secs] 1982K->1718K(63936K), [CMS Perm : 7395K->7395K(16384K)], 0.0709110 secs] [Times: user=0.06 sys=0.00, real=0.05 secs] 
Total time for which application threads were stopped: 0.0712020 seconds
Application time: 18.8471280 seconds
3300.457: [Full GC (System) 3300.457: [CMS: 1718K->1715K(49152K), 0.0552440 secs] 2645K->1715K(63936K), [CMS Perm : 7395K->7395K(16384K)], 0.0553730 secs] [Times: user=0.05 sys=0.00, real=0.04 secs] 
Total time for which application threads were stopped: 0.0560150 seconds
Application time: 0.0002780 seconds
3300.513: [GC [1 CMS-initial-mark: 1715K(49152K)] 1979K(63936K), 0.0004110 secs] [Times: user=0.00 sys=0.00, real=0.00 secs] 
Total time for which application threads were stopped: 0.0005960 seconds
3300.513: [CMS-concurrent-mark-start]
Application time: 0.0001110 seconds
3300.513: [Full GC (System) 3300.513: [CMS3300.541: [CMS-concurrent-mark: 0.027/0.027 secs] [Times: user=0.02 sys=0.00, real=0.03 secs] 
 (concurrent mode interrupted): 1715K->1715K(49152K), 0.1228670 secs] 1979K->1715K(63936K), [CMS Perm : 7395K->7395K(16384K)], 0.1229780 secs] [Times: user=0.07 sys=0.00, real=0.07 secs] 
Total time for which application threads were stopped: 0.1231880 seconds
Application time: 17.9628750 seconds
3318.600: [Full GC (System) 3318.600: [CMS: 1715K->1713K(49152K), 0.0583250 secs] 1979K->1713K(63936K), [CMS Perm : 7395K->7395K(16384K)], 0.0584690 secs] [Times: user=0.06 sys=0.00, real=0.05 secs] 
Total time for which application threads were stopped: 0.0590090 seconds
Application time: 0.0003330 seconds
3318.659: [GC [1 CMS-initial-mark: 1713K(49152K)] 1977K(63936K), 0.0004530 secs] [Times: user=0.00 sys=0.00, real=0.00 secs] 
Total time for which application threads were stopped: 0.0005790 seconds
3318.660: [CMS-concurrent-mark-start]
Application time: 0.0001090 seconds
3318.660: [Full GC (System) 3318.660: [CMS3318.686: [CMS-concurrent-mark: 0.026/0.026 secs] [Times: user=0.03 sys=0.00, real=0.02 secs] 
 (concurrent mode interrupted): 1713K->1713K(49152K), 0.0744870 secs] 1977K->1713K(63936K), [CMS Perm : 7396K->7396K(16384K)], 0.0746120 secs] [Times: user=0.08 sys=0.00, real=0.06 secs] 
Total time for which application threads were stopped: 0.0748600 seconds
Application time: 18.1336770 seconds
3336.869: [Full GC (System) 3336.869: [CMS: 1713K->1713K(49152K), 0.1216720 secs] 1977K->1713K(63936K), [CMS Perm : 7396K->7396K(16384K)], 0.1218690 secs] [Times: user=0.07 sys=0.00, real=0.06 secs] 
Total time for which application threads were stopped: 0.1226990 seconds
Application time: 0.0002790 seconds
3336.992: [GC [1 CMS-initial-mark: 1713K(49152K)] 1977K(63936K), 0.0004460 secs] [Times: user=0.00 sys=0.00, real=0.00 secs] 
Total time for which application threads were stopped: 0.0007420 seconds
3336.992: [CMS-concurrent-mark-start]
Application time: 0.0001380 seconds
3336.993: [Full GC (System) 3336.993: [CMS3337.018: [CMS-concurrent-mark: 0.025/0.025 secs] [Times: user=0.03 sys=0.00, real=0.02 secs] 
 (concurrent mode interrupted): 1713K->1713K(49152K), 0.0692150 secs] 1977K->1713K(63936K), [CMS Perm : 7396K->7396K(16384K)], 0.0694340 secs] [Times: user=0.07 sys=0.00, real=0.06 secs] 
Total time for which application threads were stopped: 0.0696770 seconds
Application time: 18.2179970 seconds
3355.280: [Full GC (System) 3355.281: [CMS: 1713K->1713K(49152K), 0.0630110 secs] 1977K->1713K(63936K), [CMS Perm : 7396K->7396K(16384K)], 0.0634300 secs] [Times: user=0.06 sys=0.00, real=0.05 secs] 
Total time for which application threads were stopped: 0.0640110 seconds
Application time: 0.0003180 seconds
3355.345: [GC [1 CMS-initial-mark: 1713K(49152K)] 1977K(63936K), 0.0004430 secs] [Times: user=0.00 sys=0.00, real=0.01 secs] 
Total time for which application threads were stopped: 0.0006010 seconds
3355.345: [CMS-concurrent-mark-start]
Application time: 0.0001090 seconds
3355.346: [Full GC (System) 3355.346: [CMS3355.371: [CMS-concurrent-mark: 0.025/0.025 secs] [Times: user=0.03 sys=0.00, real=0.02 secs] 
 (concurrent mode interrupted): 1713K->1713K(49152K), 0.0694350 secs] 1977K->1713K(63936K), [CMS Perm : 7396K->7396K(16384K)], 0.0696540 secs] [Times: user=0.07 sys=0.00, real=0.05 secs] 
Total time for which application threads were stopped: 0.0699470 seconds
Application time: 18.7254460 seconds
3374.141: [Full GC (System) 3374.141: [CMS: 1713K->1713K(49152K), 0.0467570 secs] 1977K->1713K(63936K), [CMS Perm : 7396K->7396K(16384K)], 0.0469480 secs] [Times: user=0.05 sys=0.00, real=0.03 secs] 
Total time for which application threads were stopped: 0.0473940 seconds
Application time: 0.0002820 seconds
3374.189: [GC [1 CMS-initial-mark: 1713K(49152K)] 1977K(63936K), 0.0004740 secs] [Times: user=0.00 sys=0.00, real=0.00 secs] 
Total time for which application threads were stopped: 0.0006340 seconds
3374.190: [CMS-concurrent-mark-start]
Application time: 0.0001100 seconds
3374.190: [Full GC (System) 3374.190: [CMS3374.215: [CMS-concurrent-mark: 0.025/0.025 secs] [Times: user=0.02 sys=0.00, real=0.02 secs] 
 (concurrent mode interrupted): 1713K->1712K(49152K), 0.0710660 secs] 1977K->1712K(63936K), [CMS Perm : 7396K->7396K(16384K)], 0.0712350 secs] [Times: user=0.07 sys=0.00, real=0.06 secs] 
Total time for which application threads were stopped: 0.0715620 seconds
Application time: 18.0854980 seconds
3392.347: [Full GC (System) 3392.347: [CMS: 1712K->1712K(49152K), 0.0554930 secs] 1975K->1712K(63936K), [CMS Perm : 7396K->7396K(16384K)], 0.0556720 secs] [Times: user=0.05 sys=0.00, real=0.05 secs] 
Total time for which application threads were stopped: 0.0560650 seconds
Application time: 0.0004210 seconds
3392.415: [GC [1 CMS-initial-mark: 1712K(49152K)] 1975K(63936K), 0.0004660 secs] [Times: user=0.00 sys=0.00, real=0.00 secs] 
Total time for which application threads were stopped: 0.0006950 seconds
3392.416: [CMS-concurrent-mark-start]
Application time: 0.0016170 seconds
3392.418: [Full GC (System) 3392.418: [CMS3392.443: [CMS-concurrent-mark: 0.025/0.027 secs] [Times: user=0.02 sys=0.00, real=0.03 secs] 
 (concurrent mode interrupted): 1712K->1712K(49152K), 0.0705720 secs] 1975K->1712K(63936K), [CMS Perm : 7396K->7396K(16384K)], 0.0707550 secs] [Times: user=0.07 sys=0.00, real=0.06 secs] 
Total time for which application threads were stopped: 0.0710670 seconds
Application time: 18.7359950 seconds
3411.225: [Full GC (System) 3411.225: [CMS: 1712K->1712K(49152K), 0.0466770 secs] 1975K->1712K(63936K), [CMS Perm : 7396K->7396K(16384K)], 0.0468720 secs] [Times: user=0.05 sys=0.00, real=0.04 secs] 
Total time for which application threads were stopped: 0.0473160 seconds
Application time: 0.0002700 seconds
3411.273: [GC [1 CMS-initial-mark: 1712K(49152K)] 1975K(63936K), 0.0004380 secs] [Times: user=0.00 sys=0.00, real=0.00 secs] 
Total time for which application threads were stopped: 0.0007000 seconds
3411.273: [CMS-concurrent-mark-start]
Application time: 0.0001110 seconds
3411.273: [Full GC (System) 3411.273: [CMS3411.301: [CMS-concurrent-mark: 0.027/0.027 secs] [Times: user=0.02 sys=0.00, real=0.02 secs] 
 (concurrent mode interrupted): 1712K->1712K(49152K), 0.0736790 secs] 1975K->1712K(63936K), [CMS Perm : 7396K->7396K(16384K)], 0.0739990 secs] [Times: user=0.07 sys=0.00, real=0.06 secs] 
Total time for which application threads were stopped: 0.0746080 seconds
Application time: 18.0739110 seconds
3429.422: [Full GC (System) 3429.422: [CMS: 1712K->1712K(49152K), 0.0521800 secs] 1975K->1712K(63936K), [CMS Perm : 7396K->7396K(16384K)], 0.0524070 secs] [Times: user=0.04 sys=0.01, real=0.04 secs] 
Total time for which application threads were stopped: 0.0528430 seconds
Application time: 0.0002530 seconds
3429.475: [GC [1 CMS-initial-mark: 1712K(49152K)] 1975K(63936K), 0.0004540 secs] [Times: user=0.01 sys=0.00, real=0.00 secs] 
Total time for which application threads were stopped: 0.0006410 seconds
3429.476: [CMS-concurrent-mark-start]
Application time: 0.0001110 seconds
3429.476: [Full GC (System) 3429.476: [CMS3429.502: [CMS-concurrent-mark: 0.026/0.026 secs] [Times: user=0.02 sys=0.00, real=0.03 secs] 
 (concurrent mode interrupted): 1712K->1712K(49152K), 0.0856130 secs] 1975K->1712K(63936K), [CMS Perm : 7396K->7396K(16384K)], 0.0857990 secs] [Times: user=0.07 sys=0.00, real=0.07 secs] 
Total time for which application threads were stopped: 0.0860420 seconds
Application time: 17.9284700 seconds
3447.491: [Full GC (System) 3447.491: [CMS: 1712K->1712K(49152K), 0.0596430 secs] 1975K->1712K(63936K), [CMS Perm : 7396K->7396K(16384K)], 0.0598340 secs] [Times: user=0.06 sys=0.00, real=0.05 secs] 
Total time for which application threads were stopped: 0.0603890 seconds
Application time: 0.0002960 seconds
3447.551: [GC [1 CMS-initial-mark: 1712K(49152K)] 1975K(63936K), 0.0004410 secs] [Times: user=0.00 sys=0.00, real=0.00 secs] 
Total time for which application threads were stopped: 0.0006470 seconds
3447.552: [CMS-concurrent-mark-start]
Application time: 0.0001100 seconds
3447.552: [Full GC (System) 3447.552: [CMS3447.577: [CMS-concurrent-mark: 0.025/0.025 secs] [Times: user=0.02 sys=0.00, real=0.02 secs] 
 (concurrent mode interrupted): 1712K->1712K(49152K), 0.0785590 secs] 1975K->1712K(63936K), [CMS Perm : 7396K->7396K(16384K)], 0.0787090 secs] [Times: user=0.07 sys=0.00, real=0.06 secs] 
Total time for which application threads were stopped: 0.0790410 seconds
Application time: 18.2320360 seconds
3465.863: [Full GC (System) 3465.864: [CMS: 1712K->1712K(49152K), 0.0661120 secs] 1975K->1712K(63936K), [CMS Perm : 7396K->7396K(16384K)], 0.0663010 secs] [Times: user=0.07 sys=0.00, real=0.05 secs] 
Total time for which application threads were stopped: 0.0669460 seconds
Application time: 0.0003800 seconds
3465.931: [GC [1 CMS-initial-mark: 1712K(49152K)] 1975K(63936K), 0.0004630 secs] [Times: user=0.00 sys=0.00, real=0.00 secs] 
Total time for which application threads were stopped: 0.0008810 seconds
3465.932: [CMS-concurrent-mark-start]
Application time: 0.0002970 seconds
3465.932: [Full GC (System) 3465.932: [CMS3465.957: [CMS-concurrent-mark: 0.025/0.025 secs] [Times: user=0.02 sys=0.00, real=0.02 secs] 
 (concurrent mode interrupted): 1712K->1712K(49152K), 0.0711740 secs] 1975K->1712K(63936K), [CMS Perm : 7396K->7396K(16384K)], 0.0713750 secs] [Times: user=0.07 sys=0.00, real=0.06 secs] 
Total time for which application threads were stopped: 0.0716510 seconds
Application time: 18.0324430 seconds
3484.036: [Full GC (System) 3484.036: [CMS: 1712K->1712K(49152K), 0.0549020 secs] 1975K->1712K(63936K), [CMS Perm : 7396K->7396K(16384K)], 0.0551090 secs] [Times: user=0.05 sys=0.01, real=0.05 secs] 
Total time for which application threads were stopped: 0.0557600 seconds
Application time: 0.0006240 seconds
3484.092: [GC [1 CMS-initial-mark: 1712K(49152K)] 1975K(63936K), 0.0005000 secs] [Times: user=0.00 sys=0.00, real=0.00 secs] 
Total time for which application threads were stopped: 0.0007460 seconds
3484.093: [CMS-concurrent-mark-start]
Application time: 0.0001360 seconds
3484.093: [Full GC (System) 3484.093: [CMS3484.118: [CMS-concurrent-mark: 0.024/0.025 secs] [Times: user=0.03 sys=0.00, real=0.02 secs] 
 (concurrent mode interrupted): 1712K->1712K(49152K), 0.0686280 secs] 1975K->1712K(63936K), [CMS Perm : 7396K->7396K(16384K)], 0.0688480 secs] [Times: user=0.07 sys=0.00, real=0.06 secs] 
Total time for which application threads were stopped: 0.0691830 seconds
Application time: 19.2691470 seconds
3503.432: [Full GC (System) 3503.432: [CMS: 1712K->1712K(49152K), 0.0641900 secs] 1975K->1712K(63936K), [CMS Perm : 7396K->7396K(16384K)], 0.0643800 secs] [Times: user=0.06 sys=0.00, real=0.05 secs] 
Total time for which application threads were stopped: 0.0649660 seconds
Application time: 0.0006610 seconds
3503.497: [GC [1 CMS-initial-mark: 1712K(49152K)] 1975K(63936K), 0.0004800 secs] [Times: user=0.00 sys=0.00, real=0.00 secs] 
Total time for which application threads were stopped: 0.0006410 seconds
3503.498: [CMS-concurrent-mark-start]
Application time: 0.0001100 seconds
3503.498: [Full GC (System) 3503.498: [CMS3503.525: [CMS-concurrent-mark: 0.027/0.027 secs] [Times: user=0.03 sys=0.00, real=0.02 secs] 
 (concurrent mode interrupted): 1712K->1712K(49152K), 0.0863140 secs] 1975K->1712K(63936K), [CMS Perm : 7396K->7396K(16384K)], 0.0864690 secs] [Times: user=0.08 sys=0.00, real=0.07 secs] 
Total time for which application threads were stopped: 0.0867750 seconds
Application time: 19.2383610 seconds
3522.823: [Full GC (System) 3522.823: [CMS: 1712K->1712K(49152K), 0.0595220 secs] 1975K->1712K(63936K), [CMS Perm : 7396K->7396K(16384K)], 0.0598030 secs] [Times: user=0.06 sys=0.00, real=0.05 secs] 
Total time for which application threads were stopped: 0.0603110 seconds
Application time: 0.0006940 seconds
3522.884: [GC [1 CMS-initial-mark: 1712K(49152K)] 1975K(63936K), 0.0004670 secs] [Times: user=0.00 sys=0.00, real=0.00 secs] 
Total time for which application threads were stopped: 0.0006800 seconds
3522.885: [CMS-concurrent-mark-start]
Application time: 0.0001100 seconds
3522.885: [Full GC (System) 3522.885: [CMS3522.911: [CMS-concurrent-mark: 0.026/0.026 secs] [Times: user=0.03 sys=0.00, real=0.02 secs] 
 (concurrent mode interrupted): 1712K->1712K(49152K), 0.0714500 secs] 1975K->1712K(63936K), [CMS Perm : 7396K->7396K(16384K)], 0.0716160 secs] [Times: user=0.07 sys=0.00, real=0.06 secs] 
Total time for which application threads were stopped: 0.0719190 seconds
Application time: 18.3486610 seconds
3541.306: [Full GC (System) 3541.306: [CMS: 1712K->1712K(49152K), 0.0603140 secs] 1975K->1712K(63936K), [CMS Perm : 7396K->7396K(16384K)], 0.0606180 secs] [Times: user=0.06 sys=0.00, real=0.05 secs] 
Total time for which application threads were stopped: 0.0612790 seconds
Application time: 0.0005990 seconds
3541.367: [GC [1 CMS-initial-mark: 1712K(49152K)] 1975K(63936K), 0.0005360 secs] [Times: user=0.00 sys=0.00, real=0.00 secs] 
Total time for which application threads were stopped: 0.0007400 seconds
3541.368: [CMS-concurrent-mark-start]
Application time: 0.0001220 seconds
3541.368: [Full GC (System) 3541.368: [CMS3541.394: [CMS-concurrent-mark: 0.026/0.026 secs] [Times: user=0.03 sys=0.00, real=0.02 secs] 
 (concurrent mode interrupted): 1712K->1712K(49152K), 0.0709010 secs] 1975K->1712K(63936K), [CMS Perm : 7396K->7396K(16384K)], 0.0710610 secs] [Times: user=0.07 sys=0.00, real=0.06 secs] 
Total time for which application threads were stopped: 0.0713050 seconds
Application time: 18.1279880 seconds
3559.567: [Full GC (System) 3559.567: [CMS: 1712K->1712K(49152K), 0.0485260 secs] 1975K->1712K(63936K), [CMS Perm : 7396K->7396K(16384K)], 0.0488460 secs] [Times: user=0.05 sys=0.00, real=0.04 secs] 
Total time for which application threads were stopped: 0.0491630 seconds
Application time: 0.0004070 seconds
3559.617: [GC [1 CMS-initial-mark: 1712K(49152K)] 1975K(63936K), 0.0004250 secs] [Times: user=0.00 sys=0.00, real=0.00 secs] 
Total time for which application threads were stopped: 0.0008520 seconds
3559.618: [CMS-concurrent-mark-start]
Application time: 0.0002420 seconds
3559.618: [Full GC (System) 3559.618: [CMS3559.647: [CMS-concurrent-mark: 0.028/0.029 secs] [Times: user=0.02 sys=0.00, real=0.02 secs] 
 (concurrent mode interrupted): 1712K->1712K(49152K), 0.0728050 secs] 1975K->1712K(63936K), [CMS Perm : 7396K->7396K(16384K)], 0.0729690 secs] [Times: user=0.07 sys=0.00, real=0.05 secs] 
Total time for which application threads were stopped: 0.0732440 seconds
Application time: 17.9094690 seconds
3577.601: [Full GC (System) 3577.601: [CMS: 1712K->1712K(49152K), 0.0619920 secs] 1975K->1712K(63936K), [CMS Perm : 7396K->7396K(16384K)], 0.0622180 secs] [Times: user=0.06 sys=0.01, real=0.05 secs] 
Total time for which application threads were stopped: 0.0628280 seconds
Application time: 0.0007310 seconds
3577.664: [GC [1 CMS-initial-mark: 1712K(49152K)] 1975K(63936K), 0.0004520 secs] [Times: user=0.00 sys=0.00, real=0.00 secs] 
Total time for which application threads were stopped: 0.0006130 seconds
3577.665: [CMS-concurrent-mark-start]
Application time: 0.0001090 seconds
3577.665: [Full GC (System) 3577.665: [CMS3577.690: [CMS-concurrent-mark: 0.025/0.025 secs] [Times: user=0.02 sys=0.00, real=0.02 secs] 
 (concurrent mode interrupted): 1712K->1712K(49152K), 0.0713110 secs] 1975K->1712K(63936K), [CMS Perm : 7396K->7396K(16384K)], 0.0715120 secs] [Times: user=0.07 sys=0.00, real=0.05 secs] 
Total time for which application threads were stopped: 0.0717720 seconds
Application time: 18.6131560 seconds
3596.350: [Full GC (System) 3596.350: [CMS: 1712K->1712K(49152K), 0.0625240 secs] 1975K->1712K(63936K), [CMS Perm : 7396K->7396K(16384K)], 0.0630370 secs] [Times: user=0.06 sys=0.00, real=0.06 secs] 
Total time for which application threads were stopped: 0.0636080 seconds
Application time: 0.0006790 seconds
3596.414: [GC [1 CMS-initial-mark: 1712K(49152K)] 1975K(63936K), 0.0004380 secs] [Times: user=0.00 sys=0.00, real=0.00 secs] 
Total time for which application threads were stopped: 0.0005980 seconds
3596.415: [CMS-concurrent-mark-start]
Application time: 0.0001290 seconds
3596.415: [Full GC (System) 3596.415: [CMS3596.440: [CMS-concurrent-mark: 0.025/0.025 secs] [Times: user=0.03 sys=0.00, real=0.02 secs] 
 (concurrent mode interrupted): 1712K->1712K(49152K), 0.0699190 secs] 1975K->1712K(63936K), [CMS Perm : 7396K->7396K(16384K)], 0.0700860 secs] [Times: user=0.07 sys=0.00, real=0.05 secs] 
Total time for which application threads were stopped: 0.0703630 seconds
Application time: 19.1994010 seconds
3615.685: [Full GC (System) 3615.685: [CMS: 1712K->1712K(49152K), 0.0598270 secs] 1975K->1712K(63936K), [CMS Perm : 7396K->7396K(16384K)], 0.0602320 secs] [Times: user=0.06 sys=0.00, real=0.05 secs] 
Total time for which application threads were stopped: 0.0608710 seconds
Application time: 0.0003100 seconds
3615.746: [GC [1 CMS-initial-mark: 1712K(49152K)] 1975K(63936K), 0.0004890 secs] [Times: user=0.00 sys=0.00, real=0.00 secs] 
Total time for which application threads were stopped: 0.0006750 seconds
3615.747: [CMS-concurrent-mark-start]
Application time: 0.0001140 seconds
3615.747: [Full GC (System) 3615.747: [CMS3615.773: [CMS-concurrent-mark: 0.026/0.026 secs] [Times: user=0.03 sys=0.00, real=0.02 secs] 
 (concurrent mode interrupted): 1712K->1712K(49152K), 0.0744000 secs] 1975K->1712K(63936K), [CMS Perm : 7396K->7396K(16384K)], 0.0746170 secs] [Times: user=0.07 sys=0.00, real=0.06 secs] 
Total time for which application threads were stopped: 0.0749590 seconds
Application time: 19.3602780 seconds
3635.182: [Full GC (System) 3635.183: [CMS: 1712K->1712K(49152K), 0.0621000 secs] 1975K->1712K(63936K), [CMS Perm : 7396K->7396K(16384K)], 0.0623350 secs] [Times: user=0.06 sys=0.00, real=0.05 secs] 
Total time for which application threads were stopped: 0.0629330 seconds
Application time: 0.0003340 seconds
3635.246: [GC [1 CMS-initial-mark: 1712K(49152K)] 1975K(63936K), 0.0004860 secs] [Times: user=0.00 sys=0.00, real=0.00 secs] 
Total time for which application threads were stopped: 0.0007530 seconds
3635.246: [CMS-concurrent-mark-start]
Application time: 0.0001120 seconds
3635.247: [Full GC (System) 3635.247: [CMS3635.272: [CMS-concurrent-mark: 0.025/0.026 secs] [Times: user=0.03 sys=0.00, real=0.02 secs] 
 (concurrent mode interrupted): 1712K->1712K(49152K), 0.0722750 secs] 1975K->1712K(63936K), [CMS Perm : 7396K->7396K(16384K)], 0.0724360 secs] [Times: user=0.07 sys=0.00, real=0.06 secs] 
Total time for which application threads were stopped: 0.0726840 seconds
Application time: 19.1072130 seconds
3654.427: [Full GC (System) 3654.427: [CMS: 1712K->1712K(49152K), 0.0530020 secs] 1975K->1712K(63936K), [CMS Perm : 7396K->7396K(16384K)], 0.0532990 secs] [Times: user=0.06 sys=0.00, real=0.04 secs] 
Total time for which application threads were stopped: 0.0537990 seconds
Application time: 0.0002700 seconds
3654.481: [GC [1 CMS-initial-mark: 1712K(49152K)] 1975K(63936K), 0.0004520 secs] [Times: user=0.00 sys=0.00, real=0.00 secs] 
Total time for which application threads were stopped: 0.0006150 seconds
3654.481: [CMS-concurrent-mark-start]
Application time: 0.0001530 seconds
3654.482: [Full GC (System) 3654.482: [CMS3654.508: [CMS-concurrent-mark: 0.026/0.026 secs] [Times: user=0.02 sys=0.00, real=0.02 secs] 
 (concurrent mode interrupted): 1712K->1712K(49152K), 0.0724130 secs] 1975K->1712K(63936K), [CMS Perm : 7396K->7396K(16384K)], 0.0726510 secs] [Times: user=0.06 sys=0.01, real=0.06 secs] 
Total time for which application threads were stopped: 0.0728320 seconds
Application time: 19.2226370 seconds
3673.777: [Full GC (System) 3673.778: [CMS: 1712K->1712K(49152K), 0.0683210 secs] 1975K->1712K(63936K), [CMS Perm : 7398K->7398K(16384K)], 0.0686200 secs] [Times: user=0.07 sys=0.00, real=0.06 secs] 
Total time for which application threads were stopped: 0.0692400 seconds
Application time: 0.0002720 seconds
3673.847: [GC [1 CMS-initial-mark: 1712K(49152K)] 1975K(63936K), 0.0004410 secs] [Times: user=0.00 sys=0.00, real=0.00 secs] 
Total time for which application threads were stopped: 0.0005970 seconds
3673.848: [CMS-concurrent-mark-start]
Application time: 0.0001080 seconds
3673.848: [Full GC (System) 3673.848: [CMS3673.877: [CMS-concurrent-mark: 0.030/0.030 secs] [Times: user=0.03 sys=0.00, real=0.02 secs] 
 (concurrent mode interrupted): 1712K->1712K(49152K), 0.0738300 secs] 1975K->1712K(63936K), [CMS Perm : 7398K->7398K(16384K)], 0.0743890 secs] [Times: user=0.07 sys=0.00, real=0.06 secs] 
Total time for which application threads were stopped: 0.0746960 seconds
Application time: 18.6239640 seconds
3692.546: [Full GC (System) 3692.547: [CMS: 1712K->1712K(49152K), 0.0495980 secs] 1975K->1712K(63936K), [CMS Perm : 7398K->7398K(16384K)], 0.0497810 secs] [Times: user=0.05 sys=0.00, real=0.04 secs] 
Total time for which application threads were stopped: 0.0503120 seconds
Application time: 0.0002810 seconds
3692.597: [GC [1 CMS-initial-mark: 1712K(49152K)] 1975K(63936K), 0.0004920 secs] [Times: user=0.00 sys=0.00, real=0.00 secs] 
Total time for which application threads were stopped: 0.0006690 seconds
3692.598: [CMS-concurrent-mark-start]
Application time: 0.0001310 seconds
3692.598: [Full GC (System) 3692.598: [CMS3692.624: [CMS-concurrent-mark: 0.026/0.026 secs] [Times: user=0.02 sys=0.00, real=0.03 secs] 
 (concurrent mode interrupted): 1712K->1712K(49152K), 0.0709880 secs] 1975K->1712K(63936K), [CMS Perm : 7398K->7398K(16384K)], 0.0711800 secs] [Times: user=0.07 sys=0.00, real=0.06 secs] 
Total time for which application threads were stopped: 0.0714180 seconds
Application time: 18.6378930 seconds
3711.308: [Full GC (System) 3711.308: [CMS: 1712K->1712K(49152K), 0.0587830 secs] 1975K->1712K(63936K), [CMS Perm : 7398K->7398K(16384K)], 0.0590880 secs] [Times: user=0.06 sys=0.00, real=0.05 secs] 
Total time for which application threads were stopped: 0.0597450 seconds
Application time: 0.0002710 seconds
3711.368: [GC [1 CMS-initial-mark: 1712K(49152K)] 1975K(63936K), 0.0004960 secs] [Times: user=0.00 sys=0.00, real=0.00 secs] 
Total time for which application threads were stopped: 0.0007710 seconds
3711.368: [CMS-concurrent-mark-start]
Application time: 0.0001140 seconds
3711.369: [Full GC (System) 3711.369: [CMS3711.394: [CMS-concurrent-mark: 0.025/0.025 secs] [Times: user=0.02 sys=0.00, real=0.02 secs] 
 (concurrent mode interrupted): 1712K->1712K(49152K), 0.0704850 secs] 1975K->1712K(63936K), [CMS Perm : 7398K->7398K(16384K)], 0.0706510 secs] [Times: user=0.07 sys=0.00, real=0.05 secs] 
Total time for which application threads were stopped: 0.0709310 seconds
Application time: 18.2642700 seconds
3729.704: [Full GC (System) 3729.704: [CMS: 1712K->1712K(49152K), 0.0575130 secs] 1975K->1712K(63936K), [CMS Perm : 7398K->7398K(16384K)], 0.0578050 secs] [Times: user=0.05 sys=0.00, real=0.04 secs] 
Total time for which application threads were stopped: 0.0583860 seconds
Application time: 0.0003290 seconds
3729.763: [GC [1 CMS-initial-mark: 1712K(49152K)] 1975K(63936K), 0.0004620 secs] [Times: user=0.00 sys=0.00, real=0.00 secs] 
Total time for which application threads were stopped: 0.0006410 seconds
3729.763: [CMS-concurrent-mark-start]
Application time: 0.0001140 seconds
3729.763: [Full GC (System) 3729.764: [CMS3729.788: [CMS-concurrent-mark: 0.025/0.025 secs] [Times: user=0.02 sys=0.00, real=0.02 secs] 
 (concurrent mode interrupted): 1712K->1712K(49152K), 0.0703690 secs] 1975K->1712K(63936K), [CMS Perm : 7398K->7398K(16384K)], 0.0705410 secs] [Times: user=0.07 sys=0.00, real=0.05 secs] 
Total time for which application threads were stopped: 0.0707430 seconds
Application time: 18.2662810 seconds
3748.101: [Full GC (System) 3748.101: [CMS: 1712K->1712K(49152K), 0.0708930 secs] 1975K->1712K(63936K), [CMS Perm : 7398K->7398K(16384K)], 0.0710870 secs] [Times: user=0.07 sys=0.01, real=0.05 secs] 
Total time for which application threads were stopped: 0.0716240 seconds
Application time: 0.0002940 seconds
3748.173: [GC [1 CMS-initial-mark: 1712K(49152K)] 1975K(63936K), 0.0004840 secs] [Times: user=0.00 sys=0.00, real=0.00 secs] 
Total time for which application threads were stopped: 0.0006510 seconds
3748.173: [CMS-concurrent-mark-start]
Application time: 0.0001120 seconds
3748.174: [Full GC (System) 3748.174: [CMS3748.200: [CMS-concurrent-mark: 0.026/0.026 secs] [Times: user=0.02 sys=0.00, real=0.03 secs] 
 (concurrent mode interrupted): 1712K->1712K(49152K), 0.0760870 secs] 1975K->1712K(63936K), [CMS Perm : 7398K->7398K(16384K)], 0.0762640 secs] [Times: user=0.07 sys=0.00, real=0.07 secs] 
Total time for which application threads were stopped: 0.0765960 seconds
Application time: 18.3197950 seconds
3766.571: [Full GC (System) 3766.571: [CMS: 1712K->1712K(49152K), 0.0559680 secs] 1975K->1712K(63936K), [CMS Perm : 7398K->7398K(16384K)], 0.0561440 secs] [Times: user=0.06 sys=0.00, real=0.04 secs] 
Total time for which application threads were stopped: 0.0578440 seconds
Application time: 0.0005680 seconds
3766.628: [GC [1 CMS-initial-mark: 1712K(49152K)] 1975K(63936K), 0.0004320 secs] [Times: user=0.00 sys=0.00, real=0.00 secs] 
Total time for which application threads were stopped: 0.0005870 seconds
3766.629: [CMS-concurrent-mark-start]
Application time: 0.0001400 seconds
3766.629: [Full GC (System) 3766.629: [CMS3766.654: [CMS-concurrent-mark: 0.025/0.025 secs] [Times: user=0.02 sys=0.00, real=0.03 secs] 
 (concurrent mode interrupted): 1712K->1712K(49152K), 0.0708810 secs] 1975K->1712K(63936K), [CMS Perm : 7398K->7398K(16384K)], 0.0711290 secs] [Times: user=0.07 sys=0.00, real=0.06 secs] 
Total time for which application threads were stopped: 0.0713850 seconds
Application time: 18.2688340 seconds
3784.969: [Full GC (System) 3784.970: [CMS: 1712K->1712K(49152K), 0.0553020 secs] 1975K->1712K(63936K), [CMS Perm : 7398K->7398K(16384K)], 0.0556340 secs] [Times: user=0.05 sys=0.00, real=0.04 secs] 
Total time for which application threads were stopped: 0.0562540 seconds
Application time: 0.0006500 seconds
3785.026: [GC [1 CMS-initial-mark: 1712K(49152K)] 1975K(63936K), 0.0004210 secs] [Times: user=0.00 sys=0.00, real=0.00 secs] 
Total time for which application threads were stopped: 0.0007080 seconds
3785.027: [CMS-concurrent-mark-start]
Application time: 0.0001110 seconds
3785.027: [Full GC (System) 3785.027: [CMS3785.052: [CMS-concurrent-mark: 0.025/0.025 secs] [Times: user=0.03 sys=0.00, real=0.02 secs] 
 (concurrent mode interrupted): 1712K->1712K(49152K), 0.0770600 secs] 1975K->1712K(63936K), [CMS Perm : 7398K->7398K(16384K)], 0.0772180 secs] [Times: user=0.08 sys=0.00, real=0.07 secs] 
Total time for which application threads were stopped: 0.0775000 seconds
Application time: 18.2930490 seconds
3803.398: [Full GC (System) 3803.398: [CMS: 1712K->1712K(49152K), 0.0531910 secs] 1975K->1712K(63936K), [CMS Perm : 7398K->7398K(16384K)], 0.0533860 secs] [Times: user=0.05 sys=0.00, real=0.04 secs] 
Total time for which application threads were stopped: 0.0541560 seconds
Application time: 0.0006920 seconds
3803.452: [GC [1 CMS-initial-mark: 1712K(49152K)] 1975K(63936K), 0.0005150 secs] [Times: user=0.00 sys=0.00, real=0.00 secs] 
Total time for which application threads were stopped: 0.0006870 seconds
3803.453: [CMS-concurrent-mark-start]
Application time: 0.0001250 seconds
3803.453: [Full GC (System) 3803.453: [CMS3803.478: [CMS-concurrent-mark: 0.025/0.025 secs] [Times: user=0.03 sys=0.00, real=0.03 secs] 
 (concurrent mode interrupted): 1712K->1712K(49152K), 0.0694780 secs] 1975K->1712K(63936K), [CMS Perm : 7398K->7398K(16384K)], 0.0696420 secs] [Times: user=0.07 sys=0.00, real=0.06 secs] 
Total time for which application threads were stopped: 0.0698950 seconds
Application time: 18.3799060 seconds
3821.903: [Full GC (System) 3821.903: [CMS: 1712K->1712K(49152K), 0.0556040 secs] 1975K->1712K(63936K), [CMS Perm : 7398K->7398K(16384K)], 0.0558500 secs] [Times: user=0.06 sys=0.00, real=0.05 secs] 
Total time for which application threads were stopped: 0.0564150 seconds
Application time: 0.0005230 seconds
3821.960: [GC [1 CMS-initial-mark: 1712K(49152K)] 1975K(63936K), 0.0004210 secs] [Times: user=0.00 sys=0.00, real=0.00 secs] 
Total time for which application threads were stopped: 0.0006780 seconds
3821.961: [CMS-concurrent-mark-start]
Application time: 0.0002240 seconds
3821.961: [Full GC (System) 3821.961: [CMS3821.985: [CMS-concurrent-mark: 0.024/0.025 secs] [Times: user=0.02 sys=0.00, real=0.02 secs] 
 (concurrent mode interrupted): 1712K->1712K(49152K), 0.0688610 secs] 1975K->1712K(63936K), [CMS Perm : 7398K->7398K(16384K)], 0.0690130 secs] [Times: user=0.07 sys=0.00, real=0.06 secs] 
Total time for which application threads were stopped: 0.0692620 seconds
Application time: 19.6963010 seconds
3841.727: [Full GC (System) 3841.727: [CMS: 1712K->1712K(49152K), 0.0597680 secs] 1975K->1712K(63936K), [CMS Perm : 7398K->7398K(16384K)], 0.0600470 secs] [Times: user=0.06 sys=0.00, real=0.05 secs] 
Total time for which application threads were stopped: 0.0606060 seconds
Application time: 0.0007840 seconds
3841.788: [GC [1 CMS-initial-mark: 1712K(49152K)] 1975K(63936K), 0.0004680 secs] [Times: user=0.00 sys=0.00, real=0.00 secs] 
Total time for which application threads were stopped: 0.0006390 seconds
3841.788: [CMS-concurrent-mark-start]
Application time: 0.0001670 seconds
3841.789: [Full GC (System) 3841.789: [CMS3841.814: [CMS-concurrent-mark: 0.025/0.026 secs] [Times: user=0.02 sys=0.00, real=0.02 secs] 
 (concurrent mode interrupted): 1712K->1712K(49152K), 0.0715940 secs] 1975K->1712K(63936K), [CMS Perm : 7398K->7398K(16384K)], 0.0717920 secs] [Times: user=0.07 sys=0.00, real=0.06 secs] 
Total time for which application threads were stopped: 0.0720740 seconds
Application time: 18.3836100 seconds
3860.245: [Full GC (System) 3860.245: [CMS: 1712K->1712K(49152K), 0.0546320 secs] 1975K->1712K(63936K), [CMS Perm : 7398K->7398K(16384K)], 0.0548750 secs] [Times: user=0.05 sys=0.00, real=0.05 secs] 
Total time for which application threads were stopped: 0.0558600 seconds
Application time: 0.0006220 seconds
3860.301: [GC [1 CMS-initial-mark: 1712K(49152K)] 1975K(63936K), 0.0004760 secs] [Times: user=0.00 sys=0.00, real=0.00 secs] 
Total time for which application threads were stopped: 0.0007190 seconds
3860.301: [CMS-concurrent-mark-start]
Application time: 0.0001130 seconds
3860.301: [Full GC (System) 3860.302: [CMS3860.327: [CMS-concurrent-mark: 0.025/0.025 secs] [Times: user=0.03 sys=0.00, real=0.02 secs] 
 (concurrent mode interrupted): 1712K->1712K(49152K), 0.0691530 secs] 1975K->1712K(63936K), [CMS Perm : 7398K->7398K(16384K)], 0.0693720 secs] [Times: user=0.07 sys=0.00, real=0.06 secs] 
Total time for which application threads were stopped: 0.0696030 seconds
Application time: 18.3394970 seconds
3878.711: [Full GC (System) 3878.711: [CMS: 1712K->1712K(49152K), 0.0633520 secs] 1975K->1712K(63936K), [CMS Perm : 7398K->7398K(16384K)], 0.0635710 secs] [Times: user=0.06 sys=0.01, real=0.05 secs] 
Total time for which application threads were stopped: 0.0640230 seconds
Application time: 0.0005340 seconds
3878.775: [GC [1 CMS-initial-mark: 1712K(49152K)] 1975K(63936K), 0.0004430 secs] [Times: user=0.00 sys=0.00, real=0.00 secs] 
Total time for which application threads were stopped: 0.0005960 seconds
3878.776: [CMS-concurrent-mark-start]
Application time: 0.0001090 seconds
3878.776: [Full GC (System) 3878.776: [CMS3878.802: [CMS-concurrent-mark: 0.026/0.026 secs] [Times: user=0.03 sys=0.00, real=0.02 secs] 
 (concurrent mode interrupted): 1712K->1712K(49152K), 0.0693580 secs] 1975K->1712K(63936K), [CMS Perm : 7398K->7398K(16384K)], 0.0695350 secs] [Times: user=0.07 sys=0.00, real=0.06 secs] 
Total time for which application threads were stopped: 0.0697290 seconds
Application time: 18.9064120 seconds
3897.752: [Full GC (System) 3897.752: [CMS: 1712K->1712K(49152K), 0.0545540 secs] 1975K->1712K(63936K), [CMS Perm : 7398K->7398K(16384K)], 0.0547440 secs] [Times: user=0.06 sys=0.00, real=0.04 secs] 
Total time for which application threads were stopped: 0.0551970 seconds
Application time: 0.0009180 seconds
3897.808: [GC [1 CMS-initial-mark: 1712K(49152K)] 1975K(63936K), 0.0004570 secs] [Times: user=0.00 sys=0.00, real=0.00 secs] 
Total time for which application threads were stopped: 0.0006160 seconds
3897.809: [CMS-concurrent-mark-start]
Application time: 0.0001100 seconds
3897.809: [Full GC (System) 3897.809: [CMS3897.834: [CMS-concurrent-mark: 0.025/0.025 secs] [Times: user=0.03 sys=0.00, real=0.02 secs] 
 (concurrent mode interrupted): 1712K->1712K(49152K), 0.0723020 secs] 1975K->1712K(63936K), [CMS Perm : 7398K->7398K(16384K)], 0.0726050 secs] [Times: user=0.07 sys=0.00, real=0.05 secs] 
Total time for which application threads were stopped: 0.0728870 seconds
Application time: 19.2035670 seconds
3917.086: [Full GC (System) 3917.086: [CMS: 1712K->1712K(49152K), 0.0653230 secs] 1975K->1712K(63936K), [CMS Perm : 7398K->7398K(16384K)], 0.0655350 secs] [Times: user=0.06 sys=0.00, real=0.05 secs] 
Total time for which application threads were stopped: 0.0662290 seconds
Application time: 0.0003910 seconds
3917.152: [GC [1 CMS-initial-mark: 1712K(49152K)] 1975K(63936K), 0.0004660 secs] [Times: user=0.00 sys=0.00, real=0.00 secs] 
Total time for which application threads were stopped: 0.0006430 seconds
3917.153: [CMS-concurrent-mark-start]
Application time: 0.0001340 seconds
3917.153: [Full GC (System) 3917.153: [CMS3917.179: [CMS-concurrent-mark: 0.025/0.026 secs] [Times: user=0.03 sys=0.00, real=0.02 secs] 
 (concurrent mode interrupted): 1712K->1712K(49152K), 0.0720580 secs] 1975K->1712K(63936K), [CMS Perm : 7398K->7398K(16384K)], 0.0722370 secs] [Times: user=0.07 sys=0.00, real=0.06 secs] 
Total time for which application threads were stopped: 0.0725100 seconds
Application time: 18.6496650 seconds
3935.876: [Full GC (System) 3935.876: [CMS: 1712K->1712K(49152K), 0.0611300 secs] 1975K->1712K(63936K), [CMS Perm : 7398K->7398K(16384K)], 0.0614670 secs] [Times: user=0.06 sys=0.01, real=0.05 secs] 
Total time for which application threads were stopped: 0.0622070 seconds
Application time: 0.0002950 seconds
3935.938: [GC [1 CMS-initial-mark: 1712K(49152K)] 1975K(63936K), 0.0005130 secs] [Times: user=0.00 sys=0.00, real=0.00 secs] 
Total time for which application threads were stopped: 0.0009390 seconds
3935.939: [CMS-concurrent-mark-start]
Application time: 0.0001150 seconds
3935.939: [Full GC (System) 3935.939: [CMS3935.965: [CMS-concurrent-mark: 0.025/0.026 secs] [Times: user=0.02 sys=0.00, real=0.02 secs] 
 (concurrent mode interrupted): 1712K->1712K(49152K), 0.0705850 secs] 1975K->1712K(63936K), [CMS Perm : 7398K->7398K(16384K)], 0.0708360 secs] [Times: user=0.07 sys=0.00, real=0.06 secs] 
Total time for which application threads were stopped: 0.0711600 seconds
Application time: 18.3549880 seconds
3954.365: [Full GC (System) 3954.366: [CMS: 1712K->1712K(49152K), 0.0511060 secs] 1975K->1712K(63936K), [CMS Perm : 7398K->7398K(16384K)], 0.0512690 secs] [Times: user=0.05 sys=0.00, real=0.04 secs] 
Total time for which application threads were stopped: 0.0516520 seconds
Application time: 0.0003060 seconds
3954.418: [GC [1 CMS-initial-mark: 1712K(49152K)] 1975K(63936K), 0.0025790 secs] [Times: user=0.00 sys=0.00, real=0.00 secs] 
Total time for which application threads were stopped: 0.0028420 seconds
3954.420: [CMS-concurrent-mark-start]
Application time: 0.0001260 seconds
3954.421: [Full GC (System) 3954.421: [CMS3954.447: [CMS-concurrent-mark: 0.026/0.026 secs] [Times: user=0.03 sys=0.00, real=0.02 secs] 
 (concurrent mode interrupted): 1712K->1712K(49152K), 0.0807090 secs] 1975K->1712K(63936K), [CMS Perm : 7398K->7398K(16384K)], 0.0808940 secs] [Times: user=0.08 sys=0.01, real=0.07 secs] 
Total time for which application threads were stopped: 0.0811790 seconds
Application time: 18.4248150 seconds
3972.927: [Full GC (System) 3972.927: [CMS: 1712K->1712K(49152K), 0.0628810 secs] 1975K->1712K(63936K), [CMS Perm : 7398K->7398K(16384K)], 0.0630880 secs] [Times: user=0.06 sys=0.00, real=0.05 secs] 
Total time for which application threads were stopped: 0.0636250 seconds
Application time: 0.0002760 seconds
3972.991: [GC [1 CMS-initial-mark: 1712K(49152K)] 1975K(63936K), 0.0005800 secs] [Times: user=0.00 sys=0.00, real=0.00 secs] 
Total time for which application threads were stopped: 0.0007500 seconds
3972.991: [CMS-concurrent-mark-start]
Application time: 0.0001300 seconds
3972.992: [Full GC (System) 3972.992: [CMS3973.017: [CMS-concurrent-mark: 0.026/0.026 secs] [Times: user=0.02 sys=0.00, real=0.03 secs] 
 (concurrent mode interrupted): 1712K->1712K(49152K), 0.0719220 secs] 1975K->1712K(63936K), [CMS Perm : 7398K->7398K(16384K)], 0.0721200 secs] [Times: user=0.07 sys=0.00, real=0.06 secs] 
Total time for which application threads were stopped: 0.0723690 seconds
Application time: 18.3463300 seconds
3991.410: [Full GC (System) 3991.411: [CMS: 1712K->1712K(49152K), 0.0618870 secs] 1975K->1712K(63936K), [CMS Perm : 7398K->7398K(16384K)], 0.0620920 secs] [Times: user=0.06 sys=0.00, real=0.04 secs] 
Total time for which application threads were stopped: 0.0626320 seconds
Application time: 0.0003200 seconds
3991.474: [GC [1 CMS-initial-mark: 1712K(49152K)] 1975K(63936K), 0.0004360 secs] [Times: user=0.00 sys=0.00, real=0.01 secs] 
Total time for which application threads were stopped: 0.0006180 seconds
3991.474: [CMS-concurrent-mark-start]
Application time: 0.0001090 seconds
3991.474: [Full GC (System) 3991.474: [CMS3991.500: [CMS-concurrent-mark: 0.025/0.026 secs] [Times: user=0.02 sys=0.00, real=0.02 secs] 
 (concurrent mode interrupted): 1712K->1712K(49152K), 0.0692890 secs] 1975K->1712K(63936K), [CMS Perm : 7398K->7398K(16384K)], 0.0694250 secs] [Times: user=0.07 sys=0.00, real=0.05 secs] 
Total time for which application threads were stopped: 0.0696400 seconds
Application time: 18.4297910 seconds
4009.974: [Full GC (System) 4009.974: [CMS: 1712K->1712K(49152K), 0.0645490 secs] 1975K->1712K(63936K), [CMS Perm : 7398K->7398K(16384K)], 0.0647370 secs] [Times: user=0.06 sys=0.00, real=0.06 secs] 
Total time for which application threads were stopped: 0.0657280 seconds
Application time: 0.0002550 seconds
4010.040: [GC [1 CMS-initial-mark: 1712K(49152K)] 1975K(63936K), 0.0004670 secs] [Times: user=0.00 sys=0.00, real=0.00 secs] 
Total time for which application threads were stopped: 0.0007420 seconds
4010.041: [CMS-concurrent-mark-start]
Application time: 0.0001330 seconds
4010.041: [Full GC (System) 4010.041: [CMS4010.066: [CMS-concurrent-mark: 0.025/0.025 secs] [Times: user=0.02 sys=0.00, real=0.02 secs] 
 (concurrent mode interrupted): 1712K->1712K(49152K), 0.0694830 secs] 1975K->1712K(63936K), [CMS Perm : 7398K->7398K(16384K)], 0.0696790 secs] [Times: user=0.07 sys=0.00, real=0.05 secs] 
Total time for which application threads were stopped: 0.0700070 seconds
Application time: 21.6731440 seconds
4031.784: [Full GC (System) 4031.784: [CMS: 1712K->1712K(49152K), 0.0650390 secs] 1975K->1712K(63936K), [CMS Perm : 7398K->7398K(16384K)], 0.0653060 secs] [Times: user=0.06 sys=0.00, real=0.05 secs] 
Total time for which application threads were stopped: 0.0659300 seconds
Application time: 0.0007400 seconds
4031.851: [GC [1 CMS-initial-mark: 1712K(49152K)] 1975K(63936K), 0.0006810 secs] [Times: user=0.01 sys=0.00, real=0.00 secs] 
Total time for which application threads were stopped: 0.0008780 seconds
4031.852: [CMS-concurrent-mark-start]
Application time: 0.0001310 seconds
4031.852: [Full GC (System) 4031.852: [CMS4031.877: [CMS-concurrent-mark: 0.025/0.025 secs] [Times: user=0.02 sys=0.00, real=0.02 secs] 
 (concurrent mode interrupted): 1712K->1712K(49152K), 0.0718350 secs] 1975K->1712K(63936K), [CMS Perm : 7398K->7398K(16384K)], 0.0719880 secs] [Times: user=0.07 sys=0.00, real=0.06 secs] 
Total time for which application threads were stopped: 0.0722330 seconds
Application time: 20.5566350 seconds
4052.481: [Full GC (System) 4052.481: [CMS: 1712K->1712K(49152K), 0.0538140 secs] 1975K->1712K(63936K), [CMS Perm : 7398K->7398K(16384K)], 0.0540840 secs] [Times: user=0.05 sys=0.00, real=0.05 secs] 
Total time for which application threads were stopped: 0.0545120 seconds
Application time: 0.0006220 seconds
4052.536: [Full GC (System) 4052.536: [CMS: 1712K->1712K(49152K), 0.0543770 secs] 1975K->1712K(63936K), [CMS Perm : 7398K->7398K(16384K)], 0.0545620 secs] [Times: user=0.05 sys=0.00, real=0.04 secs] 
Total time for which application threads were stopped: 0.0548660 seconds
Application time: 0.0009650 seconds
4052.591: [GC [1 CMS-initial-mark: 1712K(49152K)] 1975K(63936K), 0.0004780 secs] [Times: user=0.00 sys=0.01, real=0.00 secs] 
Total time for which application threads were stopped: 0.0006440 seconds
4052.592: [CMS-concurrent-mark-start]
4052.618: [CMS-concurrent-mark: 0.026/0.026 secs] [Times: user=0.03 sys=0.00, real=0.03 secs] 
4052.618: [CMS-concurrent-preclean-start]
4052.618: [CMS-concurrent-preclean: 0.000/0.000 secs] [Times: user=0.00 sys=0.00, real=0.00 secs] 
Application time: 0.0266300 seconds
4052.619: [GC[YG occupancy: 263 K (14784 K)]4052.619: [Rescan (non-parallel) 4052.619: [grey object rescan, 0.0001700 secs]4052.619: [root rescan, 0.0004390 secs], 0.0008510 secs]4052.620: [weak refs processing, 0.0000070 secs] [1 CMS-remark: 1712K(49152K)] 1975K(63936K), 0.0009700 secs] [Times: user=0.00 sys=0.00, real=0.00 secs] 
Total time for which application threads were stopped: 0.0011690 seconds
4052.620: [CMS-concurrent-sweep-start]
4052.622: [CMS-concurrent-sweep: 0.002/0.002 secs] [Times: user=0.00 sys=0.00, real=0.00 secs] 
4052.622: [CMS-concurrent-reset-start]
4052.624: [CMS-concurrent-reset: 0.002/0.002 secs] [Times: user=0.00 sys=0.00, real=0.00 secs] 
Application time: 18.3878940 seconds
4071.008: [Full GC (System) 4071.008: [CMS: 1712K->1712K(49152K), 0.0640840 secs] 1975K->1712K(63936K), [CMS Perm : 7398K->7398K(16384K)], 0.0643070 secs] [Times: user=0.06 sys=0.00, real=0.04 secs] 
Total time for which application threads were stopped: 0.0648290 seconds
Application time: 0.0006100 seconds
4071.073: [Full GC (System) 4071.073: [CMS: 1712K->1712K(49152K), 0.0509600 secs] 1975K->1712K(63936K), [CMS Perm : 7398K->7398K(16384K)], 0.0511880 secs] [Times: user=0.05 sys=0.00, real=0.04 secs] 
Total time for which application threads were stopped: 0.0514000 seconds
Application time: 0.0002590 seconds
4071.125: [GC [1 CMS-initial-mark: 1712K(49152K)] 1975K(63936K), 0.0005390 secs] [Times: user=0.00 sys=0.00, real=0.00 secs] 
Total time for which application threads were stopped: 0.0008260 seconds
4071.126: [CMS-concurrent-mark-start]
4071.180: [CMS-concurrent-mark: 0.054/0.054 secs] [Times: user=0.03 sys=0.00, real=0.03 secs] 
4071.180: [CMS-concurrent-preclean-start]
4071.180: [CMS-concurrent-preclean: 0.000/0.000 secs] [Times: user=0.00 sys=0.00, real=0.00 secs] 
Application time: 0.0547960 seconds
4071.181: [GC[YG occupancy: 263 K (14784 K)]4071.181: [Rescan (non-parallel) 4071.181: [grey object rescan, 0.0001700 secs]4071.181: [root rescan, 0.0004400 secs], 0.0006940 secs]4071.181: [weak refs processing, 0.0000070 secs] [1 CMS-remark: 1712K(49152K)] 1975K(63936K), 0.0008300 secs] [Times: user=0.00 sys=0.00, real=0.00 secs] 
Total time for which application threads were stopped: 0.0010390 seconds
4071.182: [CMS-concurrent-sweep-start]
4071.249: [CMS-concurrent-sweep: 0.067/0.067 secs] [Times: user=0.00 sys=0.00, real=0.05 secs] 
4071.249: [CMS-concurrent-reset-start]
4071.251: [CMS-concurrent-reset: 0.002/0.002 secs] [Times: user=0.01 sys=0.00, real=0.00 secs] 
Application time: 20.9458710 seconds
4092.128: [Full GC (System) 4092.128: [CMS: 1712K->1712K(49152K), 0.0570260 secs] 1975K->1712K(63936K), [CMS Perm : 7398K->7398K(16384K)], 0.0572220 secs] [Times: user=0.05 sys=0.00, real=0.05 secs] 
Total time for which application threads were stopped: 0.0578060 seconds
Application time: 0.0001300 seconds
4092.185: [GC [1 CMS-initial-mark: 1712K(49152K)] 1712K(63936K), 0.0004720 secs] [Times: user=0.00 sys=0.00, real=0.00 secs] 
Total time for which application threads were stopped: 0.0006280 seconds
4092.186: [CMS-concurrent-mark-start]
Application time: 0.0005300 seconds
4092.187: [Full GC (System) 4092.187: [CMS4092.214: [CMS-concurrent-mark: 0.027/0.027 secs] [Times: user=0.03 sys=0.00, real=0.02 secs] 
 (concurrent mode interrupted): 1712K->1712K(49152K), 0.6225420 secs] 1975K->1712K(63936K), [CMS Perm : 7398K->7398K(16384K)], 0.6227120 secs] [Times: user=0.09 sys=0.01, real=0.16 secs] 
Total time for which application threads were stopped: 0.6231920 seconds
Application time: 3.7652380 seconds
Total time for which application threads were stopped: 0.0002270 seconds
Application time: 18.4185250 seconds
Total time for which application threads were stopped: 0.0001400 seconds
Application time: 0.0055660 seconds
Total time for which application threads were stopped: 0.0001460 seconds
Application time: 0.0000590 seconds
Total time for which application threads were stopped: 0.0000750 seconds
Application time: 0.0417670 seconds
Total time for which application threads were stopped: 0.0001250 seconds
Application time: 0.0001660 seconds
Total time for which application threads were stopped: 0.0000520 seconds
Application time: 0.0098790 seconds
Total time for which application threads were stopped: 0.0000860 seconds
Application time: 0.0033120 seconds
Total time for which application threads were stopped: 0.0002900 seconds
Application time: 0.1089550 seconds
4115.165: [GC [1 CMS-initial-mark: 1712K(49152K)] 4604K(63936K), 0.0005750 secs] [Times: user=0.00 sys=0.00, real=0.00 secs] 
Total time for which application threads were stopped: 0.0008690 seconds
4115.165: [CMS-concurrent-mark-start]
4115.191: [CMS-concurrent-mark: 0.025/0.025 secs] [Times: user=0.02 sys=0.00, real=0.02 secs] 
4115.191: [CMS-concurrent-preclean-start]
4115.192: [CMS-concurrent-preclean: 0.001/0.001 secs] [Times: user=0.00 sys=0.00, real=0.00 secs] 
4115.192: [CMS-concurrent-abortable-preclean-start]
4115.192: [CMS-concurrent-abortable-preclean: 0.000/0.000 secs] [Times: user=0.00 sys=0.00, real=0.00 secs] 
Application time: 0.0272380 seconds
4115.193: [GC[YG occupancy: 2892 K (14784 K)]4115.193: [Rescan (non-parallel) 4115.193: [grey object rescan, 0.0001740 secs]4115.193: [root rescan, 0.0009340 secs], 0.0012160 secs]4115.194: [weak refs processing, 0.0000510 secs] [1 CMS-remark: 1712K(49152K)] 4604K(63936K), 0.0013850 secs] [Times: user=0.00 sys=0.00, real=0.00 secs] 
Total time for which application threads were stopped: 0.0015860 seconds
4115.200: [CMS-concurrent-sweep-start]
4115.202: [CMS-concurrent-sweep: 0.002/0.002 secs] [Times: user=0.01 sys=0.00, real=0.00 secs] 
4115.202: [CMS-concurrent-reset-start]
4115.204: [CMS-concurrent-reset: 0.002/0.002 secs] [Times: user=0.00 sys=0.00, real=0.00 secs] 
Heap
 def new generation   total 14784K, used 3155K [0xaa2d0000, 0xab2d0000, 0xab2d0000)
  eden space 13184K,  23% used [0xaa2d0000, 0xaa5e4fa8, 0xaafb0000)
  from space 1600K,   0% used [0xaafb0000, 0xaafb0000, 0xab140000)
  to   space 1600K,   0% used [0xab140000, 0xab140000, 0xab2d0000)
 concurrent mark-sweep generation total 49152K, used 1674K [0xab2d0000, 0xae2d0000, 0xb02d0000)
 concurrent-mark-sweep perm gen total 16384K, used 7418K [0xb02d0000, 0xb12d0000, 0xb42d0000)
