Application time: 0.6078960 seconds
Total time for which application threads were stopped: 0.0004920 seconds
Application time: 0.0648460 seconds
3.482: [Full GC (System) 3.482: [CMS: 0K->772K(49152K), 0.0567500 secs] 9049K->772K(63936K), [CMS Perm : 5179K->5174K(16384K)], 0.0568970 secs] [Times: user=0.04 sys=0.02, real=0.05 secs] 
Total time for which application threads were stopped: 0.1961250 seconds
Application time: 0.0003080 seconds
3.540: [GC [1 CMS-initial-mark: 772K(49152K)] 772K(63936K), 0.0005850 secs] [Times: user=0.00 sys=0.00, real=0.00 secs] 
Total time for which application threads were stopped: 0.0008640 seconds
3.541: [CMS-concurrent-mark-start]
Application time: 0.1293600 seconds
3.671: [Full GC (System) 3.671: [CMS3.691: [CMS-concurrent-mark: 0.020/0.151 secs] [Times: user=0.12 sys=0.03, real=0.13 secs] 
 (concurrent mode interrupted): 772K->967K(49152K), 0.0570980 secs] 2034K->967K(63936K), [CMS Perm : 5758K->5755K(16384K)], 0.0572580 secs] [Times: user=0.05 sys=0.00, real=0.05 secs] 
Total time for which application threads were stopped: 0.0576720 seconds
Application time: 1.0193750 seconds
4.748: [Full GC (System) 4.748: [CMS: 967K->1286K(49152K), 0.0447290 secs] 2650K->1286K(63936K), [CMS Perm : 7162K->7158K(16384K)], 0.0448620 secs] [Times: user=0.04 sys=0.00, real=0.03 secs] 
Total time for which application threads were stopped: 0.0452580 seconds
Application time: 0.0001390 seconds
4.793: [GC [1 CMS-initial-mark: 1286K(49152K)] 1286K(63936K), 0.0004230 secs] [Times: user=0.00 sys=0.00, real=0.00 secs] 
Total time for which application threads were stopped: 0.0010160 seconds
4.794: [CMS-concurrent-mark-start]
Application time: 0.0008760 seconds
4.795: [Full GC (System) 4.795: [CMS4.818: [CMS-concurrent-mark: 0.023/0.024 secs] [Times: user=0.02 sys=0.00, real=0.02 secs] 
 (concurrent mode interrupted): 1286K->1271K(49152K), 0.0630820 secs] 1418K->1271K(63936K), [CMS Perm : 7158K->7158K(16384K)], 0.0632200 secs] [Times: user=0.06 sys=0.00, real=0.06 secs] 
Total time for which application threads were stopped: 0.0635590 seconds
Application time: 0.4975720 seconds
5.356: [Full GC (System) 5.356: [CMS: 1271K->1327K(49152K), 0.0408150 secs] 1667K->1327K(63936K), [CMS Perm : 7182K->7182K(16384K)], 0.0410040 secs] [Times: user=0.04 sys=0.00, real=0.03 secs] 
Total time for which application threads were stopped: 0.0413820 seconds
Application time: 0.0001390 seconds
5.397: [GC [1 CMS-initial-mark: 1327K(49152K)] 1327K(63936K), 0.0004000 secs] [Times: user=0.00 sys=0.00, real=0.00 secs] 
Total time for which application threads were stopped: 0.0008160 seconds
5.398: [CMS-concurrent-mark-start]
Application time: 0.0005900 seconds
5.399: [Full GC (System) 5.399: [CMS5.422: [CMS-concurrent-mark: 0.023/0.024 secs] [Times: user=0.03 sys=0.01, real=0.02 secs] 
 (concurrent mode interrupted): 1327K->1327K(49152K), 0.0625490 secs] 1459K->1327K(63936K), [CMS Perm : 7182K->7182K(16384K)], 0.0626550 secs] [Times: user=0.07 sys=0.00, real=0.05 secs] 
Total time for which application threads were stopped: 0.0629970 seconds
Application time: 0.3201750 seconds
5.782: [Full GC (System) 5.782: [CMS: 1327K->1313K(49152K), 0.0410580 secs] 1723K->1313K(63936K), [CMS Perm : 7187K->7187K(16384K)], 0.0411950 secs] [Times: user=0.04 sys=0.01, real=0.03 secs] 
Total time for which application threads were stopped: 0.0418480 seconds
Application time: 0.0009910 seconds
5.825: [GC [1 CMS-initial-mark: 1313K(49152K)] 1313K(63936K), 0.0004200 secs] [Times: user=0.00 sys=0.00, real=0.00 secs] 
Total time for which application threads were stopped: 0.0007980 seconds
5.825: [CMS-concurrent-mark-start]
Application time: 0.0005900 seconds
5.826: [Full GC (System) 5.826: [CMS5.850: [CMS-concurrent-mark: 0.024/0.024 secs] [Times: user=0.02 sys=0.00, real=0.02 secs] 
 (concurrent mode interrupted): 1313K->1313K(49152K), 0.0639360 secs] 1445K->1313K(63936K), [CMS Perm : 7187K->7187K(16384K)], 0.0640980 secs] [Times: user=0.06 sys=0.00, real=0.05 secs] 
Total time for which application threads were stopped: 0.0644060 seconds
Application time: 0.8563470 seconds
Total time for which application threads were stopped: 0.0003850 seconds
Application time: 14.1277120 seconds
20.875: [Full GC (System) 20.875: [CMS: 1313K->1312K(49152K), 0.0442920 secs] 1445K->1312K(63936K), [CMS Perm : 7187K->7187K(16384K)], 0.0444430 secs] [Times: user=0.04 sys=0.01, real=0.04 secs] 
Total time for which application threads were stopped: 0.0449470 seconds
Application time: 0.0001420 seconds
20.920: [GC [1 CMS-initial-mark: 1312K(49152K)] 1312K(63936K), 0.0003680 secs] [Times: user=0.00 sys=0.00, real=0.00 secs] 
Total time for which application threads were stopped: 0.0006400 seconds
20.920: [CMS-concurrent-mark-start]
Application time: 0.0004890 seconds
20.921: [Full GC (System) 20.921: [CMS20.944: [CMS-concurrent-mark: 0.023/0.024 secs] [Times: user=0.03 sys=0.00, real=0.02 secs] 
 (concurrent mode interrupted): 1312K->1312K(49152K), 0.0640670 secs] 1576K->1312K(63936K), [CMS Perm : 7187K->7187K(16384K)], 0.0641720 secs] [Times: user=0.07 sys=0.00, real=0.05 secs] 
Total time for which application threads were stopped: 0.0645470 seconds
Application time: 16.9667500 seconds
37.953: [Full GC (System) 37.953: [CMS: 1312K->1312K(49152K), 0.0522190 secs] 1576K->1312K(63936K), [CMS Perm : 7187K->7187K(16384K)], 0.0524210 secs] [Times: user=0.05 sys=0.00, real=0.05 secs] 
Total time for which application threads were stopped: 0.0530370 seconds
Application time: 0.0003760 seconds
38.006: [GC [1 CMS-initial-mark: 1312K(49152K)] 1576K(63936K), 0.0006430 secs] [Times: user=0.00 sys=0.00, real=0.00 secs] 
Total time for which application threads were stopped: 0.0009430 seconds
38.007: [CMS-concurrent-mark-start]
38.032: [CMS-concurrent-mark: 0.025/0.025 secs] [Times: user=0.02 sys=0.00, real=0.02 secs] 
38.032: [CMS-concurrent-preclean-start]
38.032: [CMS-concurrent-preclean: 0.000/0.000 secs] [Times: user=0.00 sys=0.00, real=0.00 secs] 
Application time: 0.0269490 seconds
38.034: [GC[YG occupancy: 263 K (14784 K)]38.034: [Rescan (non-parallel) 38.034: [grey object rescan, 0.0001730 secs]38.034: [root rescan, 0.0004200 secs], 0.0006620 secs]38.034: [weak refs processing, 0.0000070 secs] [1 CMS-remark: 1312K(49152K)] 1576K(63936K), 0.0007410 secs] [Times: user=0.00 sys=0.00, real=0.00 secs] 
Total time for which application threads were stopped: 0.0009730 seconds
38.035: [CMS-concurrent-sweep-start]
38.036: [CMS-concurrent-sweep: 0.001/0.001 secs] [Times: user=0.00 sys=0.00, real=0.00 secs] 
38.036: [CMS-concurrent-reset-start]
38.038: [CMS-concurrent-reset: 0.002/0.002 secs] [Times: user=0.01 sys=0.00, real=0.00 secs] 
Application time: 0.0079370 seconds
38.043: [Full GC (System) 38.043: [CMS: 1312K->1312K(49152K), 0.0411590 secs] 1576K->1312K(63936K), [CMS Perm : 7187K->7187K(16384K)], 0.0412900 secs] [Times: user=0.04 sys=0.00, real=0.03 secs] 
Total time for which application threads were stopped: 0.0416480 seconds
Application time: 0.0002640 seconds
38.085: [GC [1 CMS-initial-mark: 1312K(49152K)] 1576K(63936K), 0.0003540 secs] [Times: user=0.00 sys=0.00, real=0.00 secs] 
Total time for which application threads were stopped: 0.0005450 seconds
38.085: [CMS-concurrent-mark-start]
38.109: [CMS-concurrent-mark: 0.024/0.024 secs] [Times: user=0.02 sys=0.00, real=0.02 secs] 
38.109: [CMS-concurrent-preclean-start]
38.110: [CMS-concurrent-preclean: 0.000/0.000 secs] [Times: user=0.00 sys=0.00, real=0.00 secs] 
Application time: 0.0247020 seconds
38.110: [GC[YG occupancy: 263 K (14784 K)]38.110: [Rescan (non-parallel) 38.110: [grey object rescan, 0.0002030 secs]38.110: [root rescan, 0.0003250 secs], 0.0005720 secs]38.110: [weak refs processing, 0.0000070 secs] [1 CMS-remark: 1312K(49152K)] 1576K(63936K), 0.0006430 secs] [Times: user=0.00 sys=0.00, real=0.01 secs] 
Total time for which application threads were stopped: 0.0008840 seconds
38.111: [CMS-concurrent-sweep-start]
38.112: [CMS-concurrent-sweep: 0.001/0.001 secs] [Times: user=0.00 sys=0.00, real=0.00 secs] 
38.112: [CMS-concurrent-reset-start]
38.114: [CMS-concurrent-reset: 0.002/0.002 secs] [Times: user=0.01 sys=0.00, real=0.00 secs] 
Application time: 16.8634350 seconds
54.974: [Full GC (System) 54.975: [CMS: 1312K->1312K(49152K), 0.0489030 secs] 1576K->1312K(63936K), [CMS Perm : 7187K->7187K(16384K)], 0.0490810 secs] [Times: user=0.04 sys=0.01, real=0.05 secs] 
Total time for which application threads were stopped: 0.0498740 seconds
Application time: 0.0003610 seconds
55.025: [GC [1 CMS-initial-mark: 1312K(49152K)] 1576K(63936K), 0.0004090 secs] [Times: user=0.00 sys=0.00, real=0.00 secs] 
Total time for which application threads were stopped: 0.0007130 seconds
55.025: [CMS-concurrent-mark-start]
55.048: [CMS-concurrent-mark: 0.023/0.023 secs] [Times: user=0.03 sys=0.00, real=0.02 secs] 
55.048: [CMS-concurrent-preclean-start]
55.048: [CMS-concurrent-preclean: 0.000/0.000 secs] [Times: user=0.00 sys=0.00, real=0.00 secs] 
Application time: 0.0233440 seconds
55.049: [Full GC (System) 55.049: [CMS (concurrent mode interrupted): 1312K->1312K(49152K), 0.0423720 secs] 1576K->1312K(63936K), [CMS Perm : 7187K->7187K(16384K)], 0.0425670 secs] [Times: user=0.04 sys=0.00, real=0.03 secs] 
Total time for which application threads were stopped: 0.0429350 seconds
Application time: 10.7917780 seconds
Total time for which application threads were stopped: 0.0002040 seconds
Application time: 0.0001680 seconds
Total time for which application threads were stopped: 0.0001290 seconds
Application time: 0.0000940 seconds
Total time for which application threads were stopped: 0.0001370 seconds
Application time: 0.0002460 seconds
Total time for which application threads were stopped: 0.0001430 seconds
Application time: 0.0001010 seconds
Total time for which application threads were stopped: 0.0001440 seconds
Application time: 3.5590220 seconds
Total time for which application threads were stopped: 0.0002200 seconds
Application time: 0.0024480 seconds
Total time for which application threads were stopped: 0.0001960 seconds
Application time: 0.0000960 seconds
Total time for which application threads were stopped: 0.0001250 seconds
Application time: 0.8142450 seconds
Total time for which application threads were stopped: 0.0010880 seconds
Application time: 0.3887740 seconds
71.804: [Full GC (System) 71.804: [CMS: 1312K->1386K(49152K), 0.0682640 secs] 3440K->1386K(63936K), [CMS Perm : 7349K->7347K(16384K)], 0.0684560 secs] [Times: user=0.02 sys=0.05, real=0.06 secs] 
Total time for which application threads were stopped: 0.0688520 seconds
Application time: 0.0019220 seconds
Total time for which application threads were stopped: 0.0001180 seconds
Application time: 0.0000740 seconds
Total time for which application threads were stopped: 0.0001010 seconds
Application time: 0.0001010 seconds
Total time for which application threads were stopped: 0.0000870 seconds
Application time: 0.0000630 seconds
Total time for which application threads were stopped: 0.0000910 seconds
Application time: 0.0001090 seconds
Total time for which application threads were stopped: 0.0001210 seconds
Application time: 0.0001170 seconds
Total time for which application threads were stopped: 0.0000830 seconds
Application time: 0.0001030 seconds
Total time for which application threads were stopped: 0.0001180 seconds
Application time: 0.0001150 seconds
Total time for which application threads were stopped: 0.0001000 seconds
Application time: 0.0001040 seconds
Total time for which application threads were stopped: 0.0000870 seconds
Application time: 0.0000780 seconds
Total time for which application threads were stopped: 0.0000930 seconds
Application time: 0.0001090 seconds
Total time for which application threads were stopped: 0.0000870 seconds
Application time: 0.0000810 seconds
Total time for which application threads were stopped: 0.0000970 seconds
Application time: 0.0001130 seconds
Total time for which application threads were stopped: 0.0001390 seconds
Application time: 0.0002790 seconds
71.877: [Full GC (System) 71.877: [CMS: 1386K->1379K(49152K), 0.0430600 secs] 1650K->1379K(63936K), [CMS Perm : 7347K->7347K(16384K)], 0.0431920 secs] [Times: user=0.04 sys=0.00, real=0.04 secs] 
Total time for which application threads were stopped: 0.0434710 seconds
Application time: 0.0011340 seconds
71.922: [GC [1 CMS-initial-mark: 1379K(49152K)] 1642K(63936K), 0.0004380 secs] [Times: user=0.00 sys=0.00, real=0.00 secs] 
Total time for which application threads were stopped: 0.0007490 seconds
71.923: [CMS-concurrent-mark-start]
71.948: [CMS-concurrent-mark: 0.026/0.026 secs] [Times: user=0.02 sys=0.00, real=0.02 secs] 
71.948: [CMS-concurrent-preclean-start]
71.949: [CMS-concurrent-preclean: 0.000/0.000 secs] [Times: user=0.00 sys=0.00, real=0.00 secs] 
Application time: 0.0261740 seconds
71.949: [GC[YG occupancy: 263 K (14784 K)]71.949: [Rescan (non-parallel) 71.949: [grey object rescan, 0.0001700 secs]71.949: [root rescan, 0.0003590 secs], 0.0006030 secs]71.950: [weak refs processing, 0.0000110 secs] [1 CMS-remark: 1379K(49152K)] 1642K(63936K), 0.0006820 secs] [Times: user=0.00 sys=0.00, real=0.00 secs] 
Total time for which application threads were stopped: 0.0009140 seconds
Application time: 0.0001500 seconds
Total time for which application threads were stopped: 0.0001410 seconds
Application time: 0.0000720 seconds
Total time for which application threads were stopped: 0.0000840 seconds
71.950: [CMS-concurrent-sweep-start]
71.952: [CMS-concurrent-sweep: 0.001/0.001 secs] [Times: user=0.00 sys=0.00, real=0.00 secs] 
71.952: [CMS-concurrent-reset-start]
71.954: [CMS-concurrent-reset: 0.002/0.002 secs] [Times: user=0.00 sys=0.00, real=0.00 secs] 
Application time: 0.0239410 seconds
71.974: [Full GC (System) 71.974: [CMS: 1378K->1379K(49152K), 0.0590710 secs] 2305K->1379K(63936K), [CMS Perm : 7347K->7347K(16384K)], 0.0592070 secs] [Times: user=0.05 sys=0.00, real=0.06 secs] 
Total time for which application threads were stopped: 0.0596050 seconds
Application time: 0.0007340 seconds
Total time for which application threads were stopped: 0.0001720 seconds
Application time: 0.0001200 seconds
Total time for which application threads were stopped: 0.0000850 seconds
Application time: 0.0000680 seconds
Total time for which application threads were stopped: 0.0000970 seconds
Application time: 0.0004830 seconds
72.036: [Full GC (System) 72.036: [CMS: 1379K->1378K(49152K), 0.0427430 secs] 1642K->1378K(63936K), [CMS Perm : 7347K->7347K(16384K)], 0.0431570 secs] [Times: user=0.04 sys=0.00, real=0.03 secs] 
Total time for which application threads were stopped: 0.0434580 seconds
Application time: 0.0003460 seconds
72.079: [GC [1 CMS-initial-mark: 1378K(49152K)] 1642K(63936K), 0.0004390 secs] [Times: user=0.00 sys=0.00, real=0.00 secs] 
Total time for which application threads were stopped: 0.0006010 seconds
72.080: [CMS-concurrent-mark-start]
72.110: [CMS-concurrent-mark: 0.030/0.030 secs] [Times: user=0.02 sys=0.00, real=0.03 secs] 
72.110: [CMS-concurrent-preclean-start]
72.111: [CMS-concurrent-preclean: 0.000/0.000 secs] [Times: user=0.00 sys=0.00, real=0.00 secs] 
Application time: 0.0308090 seconds
72.111: [GC[YG occupancy: 263 K (14784 K)]72.111: [Rescan (non-parallel) 72.111: [grey object rescan, 0.0001700 secs]72.111: [root rescan, 0.0003980 secs], 0.0006120 secs]72.112: [weak refs processing, 0.0000070 secs] [1 CMS-remark: 1378K(49152K)] 1642K(63936K), 0.0006860 secs] [Times: user=0.00 sys=0.00, real=0.00 secs] 
Total time for which application threads were stopped: 0.0008830 seconds
72.112: [CMS-concurrent-sweep-start]
72.113: [CMS-concurrent-sweep: 0.001/0.001 secs] [Times: user=0.00 sys=0.00, real=0.00 secs] 
72.113: [CMS-concurrent-reset-start]
72.115: [CMS-concurrent-reset: 0.002/0.002 secs] [Times: user=0.01 sys=0.00, real=0.00 secs] 
Application time: 11.0653340 seconds
Total time for which application threads were stopped: 0.0003010 seconds
Application time: 0.0009850 seconds
Total time for which application threads were stopped: 0.0001680 seconds
Application time: 0.0000490 seconds
Total time for which application threads were stopped: 0.0000870 seconds
Application time: 5.9771600 seconds
89.156: [Full GC (System) 89.156: [CMS: 1378K->1389K(49152K), 0.0470020 secs] 2573K->1389K(63936K), [CMS Perm : 7348K->7347K(16384K)], 0.0472310 secs] [Times: user=0.04 sys=0.00, real=0.04 secs] 
Total time for which application threads were stopped: 0.0479650 seconds
Application time: 0.0003460 seconds
Total time for which application threads were stopped: 0.0001750 seconds
Application time: 0.0000850 seconds
Total time for which application threads were stopped: 0.0001000 seconds
Application time: 0.0000650 seconds
Total time for which application threads were stopped: 0.0000820 seconds
Application time: 0.0000560 seconds
Total time for which application threads were stopped: 0.0000820 seconds
Application time: 0.0000560 seconds
Total time for which application threads were stopped: 0.0001360 seconds
Application time: 0.0000570 seconds
Total time for which application threads were stopped: 0.0000830 seconds
Application time: 0.0003080 seconds
89.206: [GC [1 CMS-initial-mark: 1389K(49152K)] 1653K(63936K), 0.0004580 secs] [Times: user=0.00 sys=0.00, real=0.00 secs] 
Total time for which application threads were stopped: 0.0008650 seconds
89.207: [CMS-concurrent-mark-start]
89.230: [CMS-concurrent-mark: 0.023/0.023 secs] [Times: user=0.03 sys=0.00, real=0.01 secs] 
89.230: [CMS-concurrent-preclean-start]
89.230: [CMS-concurrent-preclean: 0.000/0.000 secs] [Times: user=0.00 sys=0.00, real=0.00 secs] 
Application time: 0.0240190 seconds
89.231: [GC[YG occupancy: 263 K (14784 K)]89.231: [Rescan (non-parallel) 89.231: [grey object rescan, 0.0001720 secs]89.231: [root rescan, 0.0003810 secs], 0.0006670 secs]89.231: [weak refs processing, 0.0000080 secs] [1 CMS-remark: 1389K(49152K)] 1653K(63936K), 0.0008250 secs] [Times: user=0.00 sys=0.00, real=0.00 secs] 
Total time for which application threads were stopped: 0.0010470 seconds
89.232: [CMS-concurrent-sweep-start]
89.233: [CMS-concurrent-sweep: 0.001/0.001 secs] [Times: user=0.00 sys=0.00, real=0.00 secs] 
89.233: [CMS-concurrent-reset-start]
89.235: [CMS-concurrent-reset: 0.002/0.002 secs] [Times: user=0.00 sys=0.00, real=0.00 secs] 
Application time: 0.0039150 seconds
89.236: [Full GC (System) 89.236: [CMS: 1388K->1388K(49152K), 0.0425300 secs] 1651K->1388K(63936K), [CMS Perm : 7347K->7347K(16384K)], 0.0427730 secs] [Times: user=0.04 sys=0.00, real=0.04 secs] 
Total time for which application threads were stopped: 0.0431590 seconds
Application time: 0.0001690 seconds
89.279: [GC [1 CMS-initial-mark: 1388K(49152K)] 1388K(63936K), 0.0004030 secs] [Times: user=0.00 sys=0.00, real=0.00 secs] 
Total time for which application threads were stopped: 0.0006940 seconds
89.280: [CMS-concurrent-mark-start]
89.304: [CMS-concurrent-mark: 0.025/0.025 secs] [Times: user=0.02 sys=0.00, real=0.02 secs] 
89.304: [CMS-concurrent-preclean-start]
89.305: [CMS-concurrent-preclean: 0.000/0.000 secs] [Times: user=0.00 sys=0.00, real=0.00 secs] 
Application time: 0.0253400 seconds
89.305: [GC[YG occupancy: 0 K (14784 K)]89.305: [Rescan (non-parallel) 89.305: [grey object rescan, 0.0001700 secs]89.305: [root rescan, 0.0004020 secs], 0.0006660 secs]89.306: [weak refs processing, 0.0000070 secs] [1 CMS-remark: 1388K(49152K)] 1388K(63936K), 0.0007760 secs] [Times: user=0.01 sys=0.00, real=0.00 secs] 
Total time for which application threads were stopped: 0.0010400 seconds
89.306: [CMS-concurrent-sweep-start]
89.308: [CMS-concurrent-sweep: 0.001/0.001 secs] [Times: user=0.00 sys=0.00, real=0.00 secs] 
89.308: [CMS-concurrent-reset-start]
89.310: [CMS-concurrent-reset: 0.002/0.002 secs] [Times: user=0.00 sys=0.00, real=0.00 secs] 
Application time: 5.3672700 seconds
Total time for which application threads were stopped: 0.0002200 seconds
Application time: 0.0004910 seconds
Total time for which application threads were stopped: 0.0001450 seconds
Application time: 0.0000500 seconds
Total time for which application threads were stopped: 0.0001160 seconds
Application time: 0.3655110 seconds
Total time for which application threads were stopped: 0.0001520 seconds
Application time: 11.3440730 seconds
106.385: [Full GC (System) 106.385: [CMS: 1388K->1400K(49152K), 0.0575140 secs] 2670K->1400K(63936K), [CMS Perm : 7350K->7347K(16384K)], 0.0578050 secs] [Times: user=0.06 sys=0.00, real=0.05 secs] 
Total time for which application threads were stopped: 0.0588230 seconds
Application time: 0.0003390 seconds
Total time for which application threads were stopped: 0.0001680 seconds
Application time: 0.0000880 seconds
Total time for which application threads were stopped: 0.0000960 seconds
Application time: 0.0000690 seconds
Total time for which application threads were stopped: 0.0001170 seconds
Application time: 0.0000680 seconds
Total time for which application threads were stopped: 0.0000830 seconds
Application time: 0.0000620 seconds
Total time for which application threads were stopped: 0.0000820 seconds
Application time: 0.0000630 seconds
Total time for which application threads were stopped: 0.0001000 seconds
Application time: 0.0000620 seconds
Total time for which application threads were stopped: 0.0000820 seconds
Application time: 0.0000630 seconds
Total time for which application threads were stopped: 0.0000890 seconds
Application time: 0.0000800 seconds
Total time for which application threads were stopped: 0.0001070 seconds
Application time: 0.0000630 seconds
Total time for which application threads were stopped: 0.0000830 seconds
Application time: 0.0000630 seconds
Total time for which application threads were stopped: 0.0000820 seconds
Application time: 0.0000620 seconds
Total time for which application threads were stopped: 0.0001090 seconds
Application time: 0.0000640 seconds
Total time for which application threads were stopped: 0.0000820 seconds
Application time: 0.0000610 seconds
Total time for which application threads were stopped: 0.0000930 seconds
Application time: 0.0000630 seconds
Total time for which application threads were stopped: 0.0000960 seconds
Application time: 0.0000630 seconds
Total time for which application threads were stopped: 0.0000920 seconds
Application time: 0.0000620 seconds
Total time for which application threads were stopped: 0.0000820 seconds
Application time: 0.0000630 seconds
Total time for which application threads were stopped: 0.0000820 seconds
Application time: 0.0000890 seconds
Total time for which application threads were stopped: 0.0000830 seconds
Application time: 0.0000610 seconds
Total time for which application threads were stopped: 0.0001400 seconds
Application time: 0.0003940 seconds
106.447: [GC [1 CMS-initial-mark: 1400K(49152K)] 1664K(63936K), 0.0004370 secs] [Times: user=0.00 sys=0.00, real=0.00 secs] 
Total time for which application threads were stopped: 0.0007420 seconds
106.448: [CMS-concurrent-mark-start]
106.471: [CMS-concurrent-mark: 0.023/0.023 secs] [Times: user=0.02 sys=0.00, real=0.03 secs] 
106.471: [CMS-concurrent-preclean-start]
106.471: [CMS-concurrent-preclean: 0.000/0.000 secs] [Times: user=0.00 sys=0.00, real=0.00 secs] 
Application time: 0.0237620 seconds
106.472: [GC[YG occupancy: 263 K (14784 K)]106.472: [Rescan (non-parallel) 106.472: [grey object rescan, 0.0001690 secs]106.472: [root rescan, 0.0004080 secs], 0.0006510 secs]106.472: [weak refs processing, 0.0000160 secs] [1 CMS-remark: 1400K(49152K)] 1664K(63936K), 0.0007390 secs] [Times: user=0.00 sys=0.00, real=0.00 secs] 
Total time for which application threads were stopped: 0.0009910 seconds
106.473: [CMS-concurrent-sweep-start]
106.474: [CMS-concurrent-sweep: 0.002/0.002 secs] [Times: user=0.00 sys=0.00, real=0.00 secs] 
106.474: [CMS-concurrent-reset-start]
106.476: [CMS-concurrent-reset: 0.002/0.002 secs] [Times: user=0.00 sys=0.00, real=0.00 secs] 
Application time: 0.0041470 seconds
106.477: [Full GC (System) 106.477: [CMS: 1304K->1304K(49152K), 0.0510440 secs] 1567K->1304K(63936K), [CMS Perm : 7347K->7341K(16384K)], 0.0511630 secs] [Times: user=0.05 sys=0.00, real=0.04 secs] 
Total time for which application threads were stopped: 0.0516070 seconds
Application time: 0.0003680 seconds
106.529: [GC [1 CMS-initial-mark: 1304K(49152K)] 1568K(63936K), 0.0004420 secs] [Times: user=0.00 sys=0.00, real=0.00 secs] 
Total time for which application threads were stopped: 0.0006080 seconds
106.529: [CMS-concurrent-mark-start]
106.553: [CMS-concurrent-mark: 0.024/0.024 secs] [Times: user=0.02 sys=0.00, real=0.02 secs] 
106.553: [CMS-concurrent-preclean-start]
106.553: [CMS-concurrent-preclean: 0.000/0.000 secs] [Times: user=0.00 sys=0.00, real=0.00 secs] 
Application time: 0.0240440 seconds
106.553: [GC[YG occupancy: 263 K (14784 K)]106.554: [Rescan (non-parallel) 106.554: [grey object rescan, 0.0002060 secs]106.554: [root rescan, 0.0003970 secs], 0.0006490 secs]106.554: [weak refs processing, 0.0000080 secs] [1 CMS-remark: 1304K(49152K)] 1568K(63936K), 0.0007220 secs] [Times: user=0.00 sys=0.00, real=0.00 secs] 
Total time for which application threads were stopped: 0.0009580 seconds
106.554: [CMS-concurrent-sweep-start]
106.556: [CMS-concurrent-sweep: 0.001/0.001 secs] [Times: user=0.01 sys=0.00, real=0.00 secs] 
106.556: [CMS-concurrent-reset-start]
106.558: [CMS-concurrent-reset: 0.002/0.002 secs] [Times: user=0.00 sys=0.00, real=0.01 secs] 
Application time: 16.6334030 seconds
Total time for which application threads were stopped: 0.0002230 seconds
Application time: 0.0009710 seconds
Total time for which application threads were stopped: 0.0001140 seconds
Application time: 0.0000490 seconds
Total time for which application threads were stopped: 0.0000860 seconds
Application time: 0.3576480 seconds
Total time for which application threads were stopped: 0.0001360 seconds
Application time: 0.0000490 seconds
Total time for which application threads were stopped: 0.0001010 seconds
Application time: 0.0001300 seconds
Total time for which application threads were stopped: 0.0001050 seconds
Application time: 0.0721710 seconds
123.620: [Full GC (System) 123.620: [CMS: 1304K->1305K(49152K), 0.0423390 secs] 2498K->1305K(63936K), [CMS Perm : 7344K->7341K(16384K)], 0.0424970 secs] [Times: user=0.04 sys=0.00, real=0.04 secs] 
Total time for which application threads were stopped: 0.0428620 seconds
Application time: 0.0002420 seconds
Total time for which application threads were stopped: 0.0002210 seconds
Application time: 0.0000910 seconds
Total time for which application threads were stopped: 0.0000850 seconds
Application time: 0.0000690 seconds
Total time for which application threads were stopped: 0.0000830 seconds
Application time: 0.0000670 seconds
Total time for which application threads were stopped: 0.0003780 seconds
Application time: 0.0000750 seconds
Total time for which application threads were stopped: 0.0001210 seconds
Application time: 0.0000640 seconds
Total time for which application threads were stopped: 0.0000830 seconds
Application time: 0.0000630 seconds
Total time for which application threads were stopped: 0.0000830 seconds
Application time: 0.0000610 seconds
Total time for which application threads were stopped: 0.0001000 seconds
Application time: 0.0002490 seconds
123.753: [GC [1 CMS-initial-mark: 1305K(49152K)] 1569K(63936K), 0.0004530 secs] [Times: user=0.00 sys=0.00, real=0.00 secs] 
Total time for which application threads were stopped: 0.0887680 seconds
123.754: [CMS-concurrent-mark-start]
123.777: [CMS-concurrent-mark: 0.024/0.024 secs] [Times: user=0.02 sys=0.00, real=0.02 secs] 
123.777: [CMS-concurrent-preclean-start]
123.778: [CMS-concurrent-preclean: 0.000/0.000 secs] [Times: user=0.00 sys=0.00, real=0.00 secs] 
Application time: 0.0241700 seconds
123.778: [GC[YG occupancy: 263 K (14784 K)]123.778: [Rescan (non-parallel) 123.778: [grey object rescan, 0.0001710 secs]123.778: [root rescan, 0.0004130 secs], 0.0006380 secs]123.779: [weak refs processing, 0.0000070 secs] [1 CMS-remark: 1305K(49152K)] 1569K(63936K), 0.0007490 secs] [Times: user=0.00 sys=0.00, real=0.00 secs] 
Total time for which application threads were stopped: 0.0009570 seconds
123.779: [CMS-concurrent-sweep-start]
123.780: [CMS-concurrent-sweep: 0.001/0.001 secs] [Times: user=0.00 sys=0.00, real=0.00 secs] 
123.780: [CMS-concurrent-reset-start]
123.782: [CMS-concurrent-reset: 0.002/0.002 secs] [Times: user=0.01 sys=0.00, real=0.00 secs] 
Application time: 0.0038500 seconds
123.783: [Full GC (System) 123.783: [CMS: 1303K->1303K(49152K), 0.0408240 secs] 1567K->1303K(63936K), [CMS Perm : 7341K->7341K(16384K)], 0.0409400 secs] [Times: user=0.04 sys=0.00, real=0.04 secs] 
Total time for which application threads were stopped: 0.0414500 seconds
Application time: 0.0003400 seconds
123.824: [GC [1 CMS-initial-mark: 1303K(49152K)] 1567K(63936K), 0.0004060 secs] [Times: user=0.00 sys=0.00, real=0.00 secs] 
Total time for which application threads were stopped: 0.0006370 seconds
123.825: [CMS-concurrent-mark-start]
123.849: [CMS-concurrent-mark: 0.024/0.024 secs] [Times: user=0.02 sys=0.00, real=0.02 secs] 
123.849: [CMS-concurrent-preclean-start]
123.849: [CMS-concurrent-preclean: 0.000/0.000 secs] [Times: user=0.00 sys=0.00, real=0.00 secs] 
Application time: 0.0242620 seconds
123.849: [GC[YG occupancy: 263 K (14784 K)]123.849: [Rescan (non-parallel) 123.849: [grey object rescan, 0.0001720 secs]123.850: [root rescan, 0.0003990 secs], 0.0006150 secs]123.850: [weak refs processing, 0.0000070 secs] [1 CMS-remark: 1303K(49152K)] 1567K(63936K), 0.0007150 secs] [Times: user=0.00 sys=0.00, real=0.00 secs] 
Total time for which application threads were stopped: 0.0009340 seconds
123.850: [CMS-concurrent-sweep-start]
123.852: [CMS-concurrent-sweep: 0.001/0.001 secs] [Times: user=0.00 sys=0.00, real=0.00 secs] 
123.852: [CMS-concurrent-reset-start]
123.854: [CMS-concurrent-reset: 0.002/0.002 secs] [Times: user=0.00 sys=0.00, real=0.00 secs] 
Application time: 0.3521340 seconds
124.202: [Full GC (System) 124.202: [CMS: 1303K->1721K(49152K), 0.0447960 secs] 3375K->1721K(63936K), [CMS Perm : 7393K->7393K(16384K)], 0.0449410 secs] [Times: user=0.05 sys=0.00, real=0.03 secs] 
Total time for which application threads were stopped: 0.0453240 seconds
Application time: 0.0009680 seconds
124.249: [GC [1 CMS-initial-mark: 1721K(49152K)] 1985K(63936K), 0.0005560 secs] [Times: user=0.00 sys=0.00, real=0.00 secs] 
Total time for which application threads were stopped: 0.0007680 seconds
124.250: [CMS-concurrent-mark-start]
Application time: 0.0001200 seconds
Total time for which application threads were stopped: 0.0000890 seconds
Application time: 0.0001050 seconds
Total time for which application threads were stopped: 0.0001030 seconds
Application time: 0.0000650 seconds
Total time for which application threads were stopped: 0.0000830 seconds
Application time: 0.0001160 seconds
Total time for which application threads were stopped: 0.0000870 seconds
Application time: 0.0000700 seconds
Total time for which application threads were stopped: 0.0001380 seconds
Application time: 0.0001040 seconds
Total time for which application threads were stopped: 0.0000870 seconds
Application time: 0.0000670 seconds
Total time for which application threads were stopped: 0.0001500 seconds
Application time: 0.0002130 seconds
124.251: [Full GC (System) 124.251: [CMS124.276: [CMS-concurrent-mark: 0.025/0.026 secs] [Times: user=0.02 sys=0.00, real=0.02 secs] 
 (concurrent mode interrupted): 1721K->1718K(49152K), 0.0689260 secs] 1985K->1718K(63936K), [CMS Perm : 7393K->7393K(16384K)], 0.0690410 secs] [Times: user=0.06 sys=0.01, real=0.05 secs] 
Total time for which application threads were stopped: 0.0693450 seconds
Application time: 16.7604860 seconds
141.082: [Full GC (System) 141.082: [CMS: 1718K->1718K(49152K), 0.0544740 secs] 1982K->1718K(63936K), [CMS Perm : 7393K->7393K(16384K)], 0.0546490 secs] [Times: user=0.05 sys=0.00, real=0.04 secs] 
Total time for which application threads were stopped: 0.0557510 seconds
Application time: 0.0007420 seconds
141.138: [Full GC (System) 141.138: [CMS: 1718K->1718K(49152K), 0.0646250 secs] 1982K->1718K(63936K), [CMS Perm : 7393K->7393K(16384K)], 0.0647710 secs] [Times: user=0.05 sys=0.00, real=0.05 secs] 
Total time for which application threads were stopped: 0.0653110 seconds
Application time: 0.0352790 seconds
141.238: [GC [1 CMS-initial-mark: 1718K(49152K)] 1981K(63936K), 0.0004340 secs] [Times: user=0.00 sys=0.00, real=0.00 secs] 
Total time for which application threads were stopped: 0.0006960 seconds
141.239: [CMS-concurrent-mark-start]
141.276: [CMS-concurrent-mark: 0.038/0.038 secs] [Times: user=0.03 sys=0.00, real=0.03 secs] 
141.277: [CMS-concurrent-preclean-start]
141.277: [CMS-concurrent-preclean: 0.000/0.000 secs] [Times: user=0.00 sys=0.00, real=0.00 secs] 
Application time: 0.0382020 seconds
141.277: [GC[YG occupancy: 263 K (14784 K)]141.277: [Rescan (non-parallel) 141.277: [grey object rescan, 0.0001710 secs]141.277: [root rescan, 0.0004270 secs], 0.0006440 secs]141.278: [weak refs processing, 0.0000070 secs] [1 CMS-remark: 1718K(49152K)] 1981K(63936K), 0.0008150 secs] [Times: user=0.00 sys=0.00, real=0.00 secs] 
Total time for which application threads were stopped: 0.0010990 seconds
141.278: [CMS-concurrent-sweep-start]
141.280: [CMS-concurrent-sweep: 0.002/0.002 secs] [Times: user=0.00 sys=0.00, real=0.00 secs] 
141.280: [CMS-concurrent-reset-start]
141.282: [CMS-concurrent-reset: 0.002/0.002 secs] [Times: user=0.00 sys=0.00, real=0.01 secs] 
Application time: 17.1156790 seconds
158.394: [Full GC (System) 158.394: [CMS: 1718K->1718K(49152K), 0.0523310 secs] 1981K->1718K(63936K), [CMS Perm : 7393K->7393K(16384K)], 0.0524670 secs] [Times: user=0.05 sys=0.00, real=0.04 secs] 
Total time for which application threads were stopped: 0.0533270 seconds
Application time: 0.0004150 seconds
158.448: [GC [1 CMS-initial-mark: 1718K(49152K)] 1981K(63936K), 0.0004650 secs] [Times: user=0.00 sys=0.00, real=0.01 secs] 
Total time for which application threads were stopped: 0.0007770 seconds
158.448: [CMS-concurrent-mark-start]
158.473: [CMS-concurrent-mark: 0.024/0.024 secs] [Times: user=0.02 sys=0.00, real=0.01 secs] 
158.473: [CMS-concurrent-preclean-start]
158.473: [CMS-concurrent-preclean: 0.000/0.000 secs] [Times: user=0.00 sys=0.00, real=0.00 secs] 
Application time: 0.0248250 seconds
158.473: [GC[YG occupancy: 263 K (14784 K)]158.473: [Rescan (non-parallel) 158.473: [grey object rescan, 0.0001700 secs]158.474: [root rescan, 0.0004390 secs], 0.0006620 secs]158.474: [weak refs processing, 0.0000090 secs] [1 CMS-remark: 1718K(49152K)] 1981K(63936K), 0.0007370 secs] [Times: user=0.00 sys=0.00, real=0.00 secs] 
Total time for which application threads were stopped: 0.0009770 seconds
158.474: [CMS-concurrent-sweep-start]
158.476: [CMS-concurrent-sweep: 0.002/0.002 secs] [Times: user=0.00 sys=0.00, real=0.00 secs] 
158.476: [CMS-concurrent-reset-start]
158.478: [CMS-concurrent-reset: 0.002/0.002 secs] [Times: user=0.01 sys=0.00, real=0.00 secs] 
Application time: 0.0042530 seconds
158.479: [Full GC (System) 158.479: [CMS: 1713K->1713K(49152K), 0.0509950 secs] 1977K->1713K(63936K), [CMS Perm : 7393K->7393K(16384K)], 0.0511450 secs] [Times: user=0.05 sys=0.00, real=0.04 secs] 
Total time for which application threads were stopped: 0.0522570 seconds
Application time: 0.0002720 seconds
158.531: [GC [1 CMS-initial-mark: 1713K(49152K)] 1713K(63936K), 0.0004680 secs] [Times: user=0.00 sys=0.00, real=0.00 secs] 
Total time for which application threads were stopped: 0.0008330 seconds
158.532: [CMS-concurrent-mark-start]
158.556: [CMS-concurrent-mark: 0.025/0.025 secs] [Times: user=0.02 sys=0.00, real=0.03 secs] 
158.557: [CMS-concurrent-preclean-start]
158.557: [CMS-concurrent-preclean: 0.000/0.000 secs] [Times: user=0.00 sys=0.00, real=0.00 secs] 
Application time: 0.0251720 seconds
158.557: [GC[YG occupancy: 0 K (14784 K)]158.557: [Rescan (non-parallel) 158.557: [grey object rescan, 0.0002020 secs]158.557: [root rescan, 0.0004070 secs], 0.0006570 secs]158.558: [weak refs processing, 0.0000060 secs] [1 CMS-remark: 1713K(49152K)] 1713K(63936K), 0.0007310 secs] [Times: user=0.00 sys=0.00, real=0.00 secs] 
Total time for which application threads were stopped: 0.0009630 seconds
158.558: [CMS-concurrent-sweep-start]
158.560: [CMS-concurrent-sweep: 0.002/0.002 secs] [Times: user=0.00 sys=0.00, real=0.00 secs] 
158.560: [CMS-concurrent-reset-start]
158.563: [CMS-concurrent-reset: 0.003/0.003 secs] [Times: user=0.00 sys=0.00, real=0.00 secs] 
Application time: 20.6287860 seconds
179.187: [Full GC (System) 179.187: [CMS: 1713K->1713K(49152K), 0.0542030 secs] 2464K->1713K(63936K), [CMS Perm : 7393K->7393K(16384K)], 0.0544040 secs] [Times: user=0.06 sys=0.00, real=0.05 secs] 
Total time for which application threads were stopped: 0.0550550 seconds
Application time: 0.0001480 seconds
179.242: [GC [1 CMS-initial-mark: 1713K(49152K)] 1713K(63936K), 0.0004730 secs] [Times: user=0.00 sys=0.00, real=0.00 secs] 
Total time for which application threads were stopped: 0.0006590 seconds
179.243: [CMS-concurrent-mark-start]
Application time: 0.0005200 seconds
179.243: [Full GC (System) 179.243: [CMS179.269: [CMS-concurrent-mark: 0.025/0.026 secs] [Times: user=0.02 sys=0.00, real=0.02 secs] 
 (concurrent mode interrupted): 1713K->1713K(49152K), 0.0708190 secs] 1977K->1713K(63936K), [CMS Perm : 7393K->7393K(16384K)], 0.0709300 secs] [Times: user=0.07 sys=0.00, real=0.06 secs] 
Total time for which application threads were stopped: 0.0712230 seconds
Application time: 17.1779740 seconds
196.493: [Full GC (System) 196.493: [CMS: 1713K->1711K(49152K), 0.0568080 secs] 1977K->1711K(63936K), [CMS Perm : 7393K->7393K(16384K)], 0.0569960 secs] [Times: user=0.05 sys=0.00, real=0.05 secs] 
Total time for which application threads were stopped: 0.0575240 seconds
Application time: 0.0001460 seconds
196.550: [GC [1 CMS-initial-mark: 1711K(49152K)] 1711K(63936K), 0.0004270 secs] [Times: user=0.00 sys=0.00, real=0.00 secs] 
Total time for which application threads were stopped: 0.0006730 seconds
196.551: [CMS-concurrent-mark-start]
Application time: 0.0005680 seconds
196.551: [Full GC (System) 196.551: [CMS196.577: [CMS-concurrent-mark: 0.025/0.026 secs] [Times: user=0.03 sys=0.01, real=0.02 secs] 
 (concurrent mode interrupted): 1711K->1711K(49152K), 0.0723510 secs] 1975K->1711K(63936K), [CMS Perm : 7393K->7393K(16384K)], 0.0724890 secs] [Times: user=0.07 sys=0.00, real=0.06 secs] 
Total time for which application threads were stopped: 0.0727650 seconds
Application time: 17.1550420 seconds
213.779: [Full GC (System) 213.779: [CMS: 1711K->1711K(49152K), 0.0547320 secs] 1975K->1711K(63936K), [CMS Perm : 7393K->7393K(16384K)], 0.0548670 secs] [Times: user=0.06 sys=0.00, real=0.05 secs] 
Total time for which application threads were stopped: 0.0554040 seconds
Application time: 0.0001220 seconds
213.835: [GC [1 CMS-initial-mark: 1711K(49152K)] 1711K(63936K), 0.0004580 secs] [Times: user=0.00 sys=0.00, real=0.00 secs] 
Total time for which application threads were stopped: 0.0006400 seconds
213.835: [CMS-concurrent-mark-start]
Application time: 0.0005670 seconds
213.836: [Full GC (System) 213.836: [CMS213.861: [CMS-concurrent-mark: 0.025/0.025 secs] [Times: user=0.02 sys=0.00, real=0.02 secs] 
 (concurrent mode interrupted): 1711K->1711K(49152K), 0.0705300 secs] 1975K->1711K(63936K), [CMS Perm : 7393K->7393K(16384K)], 0.0706390 secs] [Times: user=0.07 sys=0.00, real=0.06 secs] 
Total time for which application threads were stopped: 0.0709460 seconds
Application time: 17.3091370 seconds
231.216: [Full GC (System) 231.216: [CMS: 1711K->1711K(49152K), 0.0672710 secs] 1974K->1711K(63936K), [CMS Perm : 7393K->7393K(16384K)], 0.0674250 secs] [Times: user=0.06 sys=0.00, real=0.05 secs] 
Total time for which application threads were stopped: 0.0680470 seconds
Application time: 0.0005550 seconds
231.285: [GC [1 CMS-initial-mark: 1711K(49152K)] 1974K(63936K), 0.0004940 secs] [Times: user=0.01 sys=0.00, real=0.00 secs] 
Total time for which application threads were stopped: 0.0009290 seconds
231.285: [CMS-concurrent-mark-start]
Application time: 0.0001020 seconds
231.286: [Full GC (System) 231.286: [CMS231.311: [CMS-concurrent-mark: 0.026/0.026 secs] [Times: user=0.02 sys=0.00, real=0.03 secs] 
 (concurrent mode interrupted): 1711K->1710K(49152K), 0.0728200 secs] 1974K->1710K(63936K), [CMS Perm : 7393K->7393K(16384K)], 0.0730020 secs] [Times: user=0.07 sys=0.00, real=0.06 secs] 
Total time for which application threads were stopped: 0.0733150 seconds
Application time: 17.0055610 seconds
248.365: [Full GC (System) 248.365: [CMS: 1710K->1710K(49152K), 0.0571770 secs] 1973K->1710K(63936K), [CMS Perm : 7393K->7393K(16384K)], 0.0573350 secs] [Times: user=0.06 sys=0.00, real=0.04 secs] 
Total time for which application threads were stopped: 0.0580430 seconds
Application time: 0.0005570 seconds
248.424: [GC [1 CMS-initial-mark: 1710K(49152K)] 1973K(63936K), 0.0005390 secs] [Times: user=0.00 sys=0.00, real=0.00 secs] 
Total time for which application threads were stopped: 0.0009100 seconds
248.424: [CMS-concurrent-mark-start]
Application time: 0.0001170 seconds
248.425: [Full GC (System) 248.425: [CMS248.450: [CMS-concurrent-mark: 0.025/0.025 secs] [Times: user=0.02 sys=0.00, real=0.02 secs] 
 (concurrent mode interrupted): 1710K->1710K(49152K), 0.0681700 secs] 1973K->1710K(63936K), [CMS Perm : 7393K->7393K(16384K)], 0.0683650 secs] [Times: user=0.06 sys=0.00, real=0.05 secs] 
Total time for which application threads were stopped: 0.0687160 seconds
Application time: 17.2065640 seconds
265.700: [Full GC (System) 265.700: [CMS: 1710K->1710K(49152K), 0.0605750 secs] 1973K->1710K(63936K), [CMS Perm : 7393K->7393K(16384K)], 0.0609200 secs] [Times: user=0.06 sys=0.00, real=0.05 secs] 
Total time for which application threads were stopped: 0.0615530 seconds
Application time: 0.0005930 seconds
265.762: [GC [1 CMS-initial-mark: 1710K(49152K)] 1973K(63936K), 0.0006560 secs] [Times: user=0.00 sys=0.00, real=0.00 secs] 
Total time for which application threads were stopped: 0.0008500 seconds
265.763: [CMS-concurrent-mark-start]
Application time: 0.0000940 seconds
265.763: [Full GC (System) 265.763: [CMS265.788: [CMS-concurrent-mark: 0.025/0.026 secs] [Times: user=0.03 sys=0.00, real=0.02 secs] 
 (concurrent mode interrupted): 1710K->1709K(49152K), 0.0717820 secs] 1973K->1709K(63936K), [CMS Perm : 7393K->7393K(16384K)], 0.0722640 secs] [Times: user=0.07 sys=0.00, real=0.06 secs] 
Total time for which application threads were stopped: 0.0726130 seconds
Application time: 17.1694740 seconds
283.005: [Full GC (System) 283.005: [CMS: 1709K->1709K(49152K), 0.0519600 secs] 1973K->1709K(63936K), [CMS Perm : 7393K->7393K(16384K)], 0.0522970 secs] [Times: user=0.06 sys=0.01, real=0.04 secs] 
Total time for which application threads were stopped: 0.0529520 seconds
Application time: 0.0001240 seconds
283.058: [GC [1 CMS-initial-mark: 1709K(49152K)] 1709K(63936K), 0.0004100 secs] [Times: user=0.00 sys=0.00, real=0.00 secs] 
Total time for which application threads were stopped: 0.0006420 seconds
283.059: [CMS-concurrent-mark-start]
Application time: 0.0005230 seconds
283.059: [Full GC (System) 283.059: [CMS283.084: [CMS-concurrent-mark: 0.024/0.025 secs] [Times: user=0.02 sys=0.00, real=0.02 secs] 
 (concurrent mode interrupted): 1709K->1709K(49152K), 0.0673410 secs] 1973K->1709K(63936K), [CMS Perm : 7393K->7393K(16384K)], 0.0675030 secs] [Times: user=0.06 sys=0.00, real=0.06 secs] 
Total time for which application threads were stopped: 0.0677860 seconds
Application time: 8.4146840 seconds
Total time for which application threads were stopped: 0.0002100 seconds
Application time: 0.0009620 seconds
Total time for which application threads were stopped: 0.0001750 seconds
Application time: 0.0000510 seconds
Total time for which application threads were stopped: 0.0000860 seconds
Application time: 0.2267110 seconds
Total time for which application threads were stopped: 0.0001380 seconds
Application time: 0.0000480 seconds
Total time for which application threads were stopped: 0.0001020 seconds
Application time: 0.0412170 seconds
Total time for which application threads were stopped: 0.0001380 seconds
Application time: 8.3065840 seconds
300.118: [Full GC (System) 300.119: [CMS: 1709K->1719K(49152K), 0.0598640 secs] 2992K->1719K(63936K), [CMS Perm : 7396K->7393K(16384K)], 0.0601380 secs] [Times: user=0.06 sys=0.00, real=0.05 secs] 
Total time for which application threads were stopped: 0.0609880 seconds
Application time: 0.0004880 seconds
300.182: [GC [1 CMS-initial-mark: 1719K(49152K)] 1982K(63936K), 0.0004720 secs] [Times: user=0.00 sys=0.00, real=0.00 secs] 
Total time for which application threads were stopped: 0.0007920 seconds
300.183: [CMS-concurrent-mark-start]
300.207: [CMS-concurrent-mark: 0.025/0.025 secs] [Times: user=0.02 sys=0.00, real=0.02 secs] 
300.207: [CMS-concurrent-preclean-start]
300.208: [CMS-concurrent-preclean: 0.000/0.000 secs] [Times: user=0.00 sys=0.00, real=0.00 secs] 
Application time: 0.0252200 seconds
300.208: [GC[YG occupancy: 263 K (14784 K)]300.208: [Rescan (non-parallel) 300.208: [grey object rescan, 0.0001930 secs]300.208: [root rescan, 0.0004260 secs], 0.0007110 secs]300.209: [weak refs processing, 0.0000060 secs] [1 CMS-remark: 1719K(49152K)] 1982K(63936K), 0.0008230 secs] [Times: user=0.00 sys=0.00, real=0.00 secs] 
Total time for which application threads were stopped: 0.0011850 seconds
300.209: [CMS-concurrent-sweep-start]
300.211: [CMS-concurrent-sweep: 0.002/0.002 secs] [Times: user=0.00 sys=0.00, real=0.00 secs] 
300.211: [CMS-concurrent-reset-start]
300.213: [CMS-concurrent-reset: 0.002/0.002 secs] [Times: user=0.01 sys=0.00, real=0.01 secs] 
Application time: 0.0042400 seconds
300.214: [Full GC (System) 300.214: [CMS: 1713K->1714K(49152K), 0.0436320 secs] 1977K->1714K(63936K), [CMS Perm : 7393K->7393K(16384K)], 0.0438070 secs] [Times: user=0.04 sys=0.00, real=0.03 secs] 
Total time for which application threads were stopped: 0.0445710 seconds
Application time: 0.0002880 seconds
300.258: [GC [1 CMS-initial-mark: 1714K(49152K)] 1714K(63936K), 0.0004590 secs] [Times: user=0.00 sys=0.00, real=0.01 secs] 
Total time for which application threads were stopped: 0.0007540 seconds
300.259: [CMS-concurrent-mark-start]
300.284: [CMS-concurrent-mark: 0.025/0.025 secs] [Times: user=0.02 sys=0.01, real=0.02 secs] 
300.284: [CMS-concurrent-preclean-start]
300.284: [CMS-concurrent-preclean: 0.000/0.000 secs] [Times: user=0.00 sys=0.00, real=0.00 secs] 
Application time: 0.0251220 seconds
300.284: [GC[YG occupancy: 0 K (14784 K)]300.284: [Rescan (non-parallel) 300.284: [grey object rescan, 0.0001710 secs]300.284: [root rescan, 0.0004210 secs], 0.0006970 secs]300.285: [weak refs processing, 0.0000070 secs] [1 CMS-remark: 1714K(49152K)] 1714K(63936K), 0.0008070 secs] [Times: user=0.00 sys=0.00, real=0.00 secs] 
Total time for which application threads were stopped: 0.0010350 seconds
300.285: [CMS-concurrent-sweep-start]
300.287: [CMS-concurrent-sweep: 0.002/0.002 secs] [Times: user=0.01 sys=0.00, real=0.00 secs] 
300.287: [CMS-concurrent-reset-start]
300.289: [CMS-concurrent-reset: 0.002/0.002 secs] [Times: user=0.00 sys=0.00, real=0.00 secs] 
Application time: 17.2176000 seconds
317.503: [Full GC (System) 317.503: [CMS: 1714K->1713K(49152K), 0.0694450 secs] 1977K->1713K(63936K), [CMS Perm : 7393K->7393K(16384K)], 0.0697060 secs] [Times: user=0.06 sys=0.00, real=0.06 secs] 
Total time for which application threads were stopped: 0.0705250 seconds
Application time: 0.0405800 seconds
317.614: [GC [1 CMS-initial-mark: 1713K(49152K)] 1713K(63936K), 0.0004820 secs] [Times: user=0.00 sys=0.00, real=0.00 secs] 
Total time for which application threads were stopped: 0.0008270 seconds
317.615: [CMS-concurrent-mark-start]
317.641: [CMS-concurrent-mark: 0.026/0.026 secs] [Times: user=0.03 sys=0.00, real=0.02 secs] 
317.641: [CMS-concurrent-preclean-start]
317.641: [CMS-concurrent-preclean: 0.000/0.000 secs] [Times: user=0.00 sys=0.00, real=0.00 secs] 
Application time: 0.0267830 seconds
317.642: [GC[YG occupancy: 0 K (14784 K)]317.642: [Rescan (non-parallel) 317.642: [grey object rescan, 0.0001710 secs]317.642: [root rescan, 0.0004210 secs], 0.0006870 secs]317.642: [weak refs processing, 0.0000070 secs] [1 CMS-remark: 1713K(49152K)] 1713K(63936K), 0.0008110 secs] [Times: user=0.00 sys=0.00, real=0.00 secs] 
Total time for which application threads were stopped: 0.0010970 seconds
317.643: [CMS-concurrent-sweep-start]
317.644: [CMS-concurrent-sweep: 0.002/0.002 secs] [Times: user=0.00 sys=0.00, real=0.00 secs] 
317.644: [CMS-concurrent-reset-start]
317.647: [CMS-concurrent-reset: 0.002/0.002 secs] [Times: user=0.00 sys=0.00, real=0.01 secs] 
Application time: 0.0057020 seconds
Total time for which application threads were stopped: 0.0004320 seconds
Application time: 0.0001740 seconds
317.649: [Full GC (System) 317.649: [CMS: 1713K->1714K(49152K), 0.0449120 secs] 1977K->1714K(63936K), [CMS Perm : 7393K->7393K(16384K)], 0.0451920 secs] [Times: user=0.05 sys=0.01, real=0.03 secs] 
Total time for which application threads were stopped: 0.0455090 seconds
Application time: 0.0001940 seconds
317.695: [GC [1 CMS-initial-mark: 1714K(49152K)] 1714K(63936K), 0.0004650 secs] [Times: user=0.00 sys=0.00, real=0.00 secs] 
Total time for which application threads were stopped: 0.0007180 seconds
317.695: [CMS-concurrent-mark-start]
317.721: [CMS-concurrent-mark: 0.026/0.026 secs] [Times: user=0.02 sys=0.00, real=0.03 secs] 
317.721: [CMS-concurrent-preclean-start]
317.721: [CMS-concurrent-preclean: 0.000/0.000 secs] [Times: user=0.00 sys=0.00, real=0.00 secs] 
Application time: 0.0260000 seconds
317.721: [GC[YG occupancy: 0 K (14784 K)]317.721: [Rescan (non-parallel) 317.721: [grey object rescan, 0.0001700 secs]317.722: [root rescan, 0.0004350 secs], 0.0006930 secs]317.722: [weak refs processing, 0.0000080 secs] [1 CMS-remark: 1714K(49152K)] 1714K(63936K), 0.0008060 secs] [Times: user=0.00 sys=0.00, real=0.00 secs] 
Total time for which application threads were stopped: 0.0010530 seconds
317.722: [CMS-concurrent-sweep-start]
317.724: [CMS-concurrent-sweep: 0.002/0.002 secs] [Times: user=0.00 sys=0.00, real=0.00 secs] 
317.724: [CMS-concurrent-reset-start]
317.726: [CMS-concurrent-reset: 0.002/0.002 secs] [Times: user=0.00 sys=0.00, real=0.00 secs] 
Application time: 17.6442990 seconds
335.367: [Full GC (System) 335.367: [CMS: 1714K->1714K(49152K), 0.0594900 secs] 2465K->1714K(63936K), [CMS Perm : 7393K->7393K(16384K)], 0.0597700 secs] [Times: user=0.06 sys=0.00, real=0.05 secs] 
Total time for which application threads were stopped: 0.0604800 seconds
Application time: 0.0005130 seconds
335.428: [GC [1 CMS-initial-mark: 1714K(49152K)] 1978K(63936K), 0.0004740 secs] [Times: user=0.00 sys=0.00, real=0.00 secs] 
Total time for which application threads were stopped: 0.0007530 seconds
335.429: [CMS-concurrent-mark-start]
Application time: 0.0002220 seconds
335.429: [Full GC (System) 335.429: [CMS335.454: [CMS-concurrent-mark: 0.025/0.026 secs] [Times: user=0.03 sys=0.00, real=0.03 secs] 
 (concurrent mode interrupted): 1714K->1714K(49152K), 0.0699920 secs] 1978K->1714K(63936K), [CMS Perm : 7393K->7393K(16384K)], 0.0701720 secs] [Times: user=0.07 sys=0.00, real=0.06 secs] 
Total time for which application threads were stopped: 0.0705540 seconds
Application time: 17.1672470 seconds
352.667: [Full GC (System) 352.667: [CMS: 1714K->1711K(49152K), 0.0460470 secs] 1978K->1711K(63936K), [CMS Perm : 7393K->7393K(16384K)], 0.0462880 secs] [Times: user=0.05 sys=0.00, real=0.04 secs] 
Total time for which application threads were stopped: 0.0469730 seconds
Application time: 0.0002220 seconds
352.714: [GC [1 CMS-initial-mark: 1711K(49152K)] 1711K(63936K), 0.0004590 secs] [Times: user=0.00 sys=0.00, real=0.00 secs] 
Total time for which application threads were stopped: 0.0007290 seconds
352.715: [CMS-concurrent-mark-start]
352.740: [CMS-concurrent-mark: 0.025/0.025 secs] [Times: user=0.02 sys=0.00, real=0.02 secs] 
352.740: [CMS-concurrent-preclean-start]
352.740: [CMS-concurrent-preclean: 0.000/0.000 secs] [Times: user=0.00 sys=0.00, real=0.00 secs] 
Application time: 0.0256040 seconds
352.740: [GC[YG occupancy: 0 K (14784 K)]352.740: [Rescan (non-parallel) 352.740: [grey object rescan, 0.0001700 secs]352.741: [root rescan, 0.0004110 secs], 0.0006760 secs]352.741: [weak refs processing, 0.0000070 secs] [1 CMS-remark: 1711K(49152K)] 1711K(63936K), 0.0008150 secs] [Times: user=0.00 sys=0.00, real=0.00 secs] 
Total time for which application threads were stopped: 0.0010490 seconds
352.741: [CMS-concurrent-sweep-start]
352.743: [CMS-concurrent-sweep: 0.002/0.002 secs] [Times: user=0.00 sys=0.00, real=0.01 secs] 
352.743: [CMS-concurrent-reset-start]
352.745: [CMS-concurrent-reset: 0.002/0.002 secs] [Times: user=0.01 sys=0.00, real=0.00 secs] 
Application time: 0.0045750 seconds
352.746: [Full GC (System) 352.746: [CMS: 1711K->1712K(49152K), 0.0435690 secs] 1975K->1712K(63936K), [CMS Perm : 7393K->7393K(16384K)], 0.0437390 secs] [Times: user=0.04 sys=0.00, real=0.03 secs] 
Total time for which application threads were stopped: 0.0442080 seconds
Application time: 0.0001450 seconds
352.790: [GC [1 CMS-initial-mark: 1712K(49152K)] 1712K(63936K), 0.0004650 secs] [Times: user=0.00 sys=0.00, real=0.01 secs] 
Total time for which application threads were stopped: 0.0007050 seconds
352.791: [CMS-concurrent-mark-start]
Application time: 17.1400810 seconds
369.931: [Full GC (System) 369.932: [CMS369.975: [CMS-concurrent-mark: 0.043/17.184 secs] [Times: user=0.05 sys=0.00, real=15.03 secs] 
 (concurrent mode interrupted): 1712K->1711K(49152K), 0.0876570 secs] 1975K->1711K(63936K), [CMS Perm : 7393K->7393K(16384K)], 0.0879650 secs] [Times: user=0.09 sys=0.00, real=0.07 secs] 
Total time for which application threads were stopped: 0.0887890 seconds
Application time: 0.0005640 seconds
370.020: [Full GC (System) 370.020: [CMS: 1711K->1712K(49152K), 0.0434660 secs] 1975K->1712K(63936K), [CMS Perm : 7393K->7393K(16384K)], 0.0436470 secs] [Times: user=0.04 sys=0.01, real=0.04 secs] 
Total time for which application threads were stopped: 0.0439620 seconds
Application time: 0.0001450 seconds
370.065: [GC [1 CMS-initial-mark: 1712K(49152K)] 1712K(63936K), 0.0004520 secs] [Times: user=0.00 sys=0.00, real=0.00 secs] 
Total time for which application threads were stopped: 0.0007350 seconds
370.065: [CMS-concurrent-mark-start]
Application time: 17.1417350 seconds
387.207: [Full GC (System) 387.207: [CMS387.233: [CMS-concurrent-mark: 0.025/17.167 secs] [Times: user=0.03 sys=0.00, real=15.02 secs] 
 (concurrent mode interrupted): 1712K->1711K(49152K), 0.0691670 secs] 1975K->1711K(63936K), [CMS Perm : 7393K->7393K(16384K)], 0.0693840 secs] [Times: user=0.07 sys=0.00, real=0.06 secs] 
Total time for which application threads were stopped: 0.0697880 seconds
Application time: 0.0005830 seconds
387.277: [Full GC (System) 387.277: [CMS: 1711K->1710K(49152K), 0.0445230 secs] 1975K->1710K(63936K), [CMS Perm : 7393K->7393K(16384K)], 0.0446860 secs] [Times: user=0.05 sys=0.00, real=0.03 secs] 
Total time for which application threads were stopped: 0.0456070 seconds
Application time: 0.0001580 seconds
387.323: [GC [1 CMS-initial-mark: 1710K(49152K)] 1710K(63936K), 0.0005020 secs] [Times: user=0.00 sys=0.00, real=0.00 secs] 
Total time for which application threads were stopped: 0.0009610 seconds
387.324: [CMS-concurrent-mark-start]
Application time: 17.3388930 seconds
404.664: [Full GC (System) 404.664: [CMS404.699: [CMS-concurrent-mark: 0.035/17.375 secs] [Times: user=0.03 sys=0.00, real=15.03 secs] 
 (concurrent mode interrupted): 1710K->1710K(49152K), 0.0796760 secs] 1974K->1710K(63936K), [CMS Perm : 7393K->7393K(16384K)], 0.0799510 secs] [Times: user=0.07 sys=0.01, real=0.06 secs] 
Total time for which application threads were stopped: 0.0813300 seconds
Application time: 0.0005780 seconds
404.745: [Full GC (System) 404.745: [CMS: 1710K->1710K(49152K), 0.0455820 secs] 1974K->1710K(63936K), [CMS Perm : 7393K->7393K(16384K)], 0.0457590 secs] [Times: user=0.05 sys=0.00, real=0.04 secs] 
Total time for which application threads were stopped: 0.0460880 seconds
Application time: 0.0001530 seconds
404.791: [GC [1 CMS-initial-mark: 1710K(49152K)] 1710K(63936K), 0.0004620 secs] [Times: user=0.00 sys=0.00, real=0.00 secs] 
Total time for which application threads were stopped: 0.0007160 seconds
404.792: [CMS-concurrent-mark-start]
Application time: 17.2443840 seconds
422.036: [Full GC (System) 422.037: [CMS422.084: [CMS-concurrent-mark: 0.047/17.293 secs] [Times: user=0.04 sys=0.00, real=15.04 secs] 
 (concurrent mode interrupted): 1710K->1710K(49152K), 0.0935050 secs] 1974K->1710K(63936K), [CMS Perm : 7393K->7393K(16384K)], 0.0937550 secs] [Times: user=0.09 sys=0.01, real=0.08 secs] 
Total time for which application threads were stopped: 0.0945210 seconds
Application time: 0.0007330 seconds
422.131: [Full GC (System) 422.132: [CMS: 1710K->1710K(49152K), 0.0459820 secs] 1974K->1710K(63936K), [CMS Perm : 7393K->7393K(16384K)], 0.0461890 secs] [Times: user=0.04 sys=0.00, real=0.04 secs] 
Total time for which application threads were stopped: 0.0465220 seconds
Application time: 0.0001450 seconds
422.178: [GC [1 CMS-initial-mark: 1710K(49152K)] 1710K(63936K), 0.0004770 secs] [Times: user=0.00 sys=0.00, real=0.00 secs] 
Total time for which application threads were stopped: 0.0009380 seconds
422.179: [CMS-concurrent-mark-start]
Application time: 17.1598420 seconds
439.339: [Full GC (System) 439.340: [CMS439.378: [CMS-concurrent-mark: 0.038/17.199 secs] [Times: user=0.04 sys=0.00, real=15.03 secs] 
 (concurrent mode interrupted): 1710K->1710K(49152K), 0.0828110 secs] 1974K->1710K(63936K), [CMS Perm : 7393K->7393K(16384K)], 0.0830490 secs] [Times: user=0.08 sys=0.00, real=0.07 secs] 
Total time for which application threads were stopped: 0.0839460 seconds
Application time: 0.0008370 seconds
439.424: [Full GC (System) 439.424: [CMS: 1710K->1710K(49152K), 0.0445340 secs] 1974K->1710K(63936K), [CMS Perm : 7393K->7393K(16384K)], 0.0447460 secs] [Times: user=0.05 sys=0.00, real=0.04 secs] 
Total time for which application threads were stopped: 0.0450620 seconds
Application time: 0.0001460 seconds
439.469: [GC [1 CMS-initial-mark: 1710K(49152K)] 1710K(63936K), 0.0004600 secs] [Times: user=0.00 sys=0.00, real=0.00 secs] 
Total time for which application threads were stopped: 0.0007340 seconds
439.469: [CMS-concurrent-mark-start]
Application time: 14.2724310 seconds
Total time for which application threads were stopped: 0.0001570 seconds
Application time: 0.0009160 seconds
Total time for which application threads were stopped: 0.0001490 seconds
Application time: 0.0001220 seconds
Total time for which application threads were stopped: 0.0001530 seconds
Application time: 0.4093890 seconds
Total time for which application threads were stopped: 0.0001340 seconds
Application time: 0.0000480 seconds
Total time for which application threads were stopped: 0.0000850 seconds
Application time: 0.0001590 seconds
Total time for which application threads were stopped: 0.0000960 seconds
Application time: 0.0002350 seconds
Total time for which application threads were stopped: 0.0001680 seconds
Application time: 2.2888190 seconds
456.443: [Full GC (System) 456.443: [CMS456.482: [CMS-concurrent-mark: 0.038/17.012 secs] [Times: user=0.05 sys=0.01, real=15.03 secs] 
 (concurrent mode interrupted): 1710K->1719K(49152K), 0.0835570 secs] 2993K->1719K(63936K), [CMS Perm : 7398K->7395K(16384K)], 0.0838770 secs] [Times: user=0.08 sys=0.00, real=0.07 secs] 
Total time for which application threads were stopped: 0.0845600 seconds
Application time: 0.0027420 seconds
456.530: [Full GC (System) 456.530: [CMS: 1719K->1714K(49152K), 0.0455600 secs] 1983K->1714K(63936K), [CMS Perm : 7395K->7395K(16384K)], 0.0457530 secs] [Times: user=0.05 sys=0.00, real=0.04 secs] 
Total time for which application threads were stopped: 0.0461040 seconds
Application time: 0.0003740 seconds
456.576: [GC [1 CMS-initial-mark: 1714K(49152K)] 1978K(63936K), 0.0004620 secs] [Times: user=0.00 sys=0.00, real=0.00 secs] 
Total time for which application threads were stopped: 0.0006920 seconds
456.577: [CMS-concurrent-mark-start]
456.603: [CMS-concurrent-mark: 0.026/0.026 secs] [Times: user=0.02 sys=0.00, real=0.02 secs] 
456.603: [CMS-concurrent-preclean-start]
456.603: [CMS-concurrent-preclean: 0.000/0.000 secs] [Times: user=0.00 sys=0.00, real=0.00 secs] 
Application time: 0.0260250 seconds
456.603: [GC[YG occupancy: 263 K (14784 K)]456.603: [Rescan (non-parallel) 456.603: [grey object rescan, 0.0002630 secs]456.604: [root rescan, 0.0004170 secs], 0.0007660 secs]456.604: [weak refs processing, 0.0000070 secs] [1 CMS-remark: 1714K(49152K)] 1978K(63936K), 0.0008790 secs] [Times: user=0.00 sys=0.00, real=0.00 secs] 
Total time for which application threads were stopped: 0.0011270 seconds
456.604: [CMS-concurrent-sweep-start]
456.606: [CMS-concurrent-sweep: 0.002/0.002 secs] [Times: user=0.00 sys=0.00, real=0.00 secs] 
456.606: [CMS-concurrent-reset-start]
456.608: [CMS-concurrent-reset: 0.002/0.002 secs] [Times: user=0.01 sys=0.00, real=0.00 secs] 
Application time: 17.1508330 seconds
473.756: [Full GC (System) 473.756: [CMS: 1714K->1714K(49152K), 0.0561200 secs] 1978K->1714K(63936K), [CMS Perm : 7395K->7395K(16384K)], 0.0564760 secs] [Times: user=0.05 sys=0.00, real=0.05 secs] 
Total time for which application threads were stopped: 0.0574940 seconds
Application time: 0.0003660 seconds
473.813: [GC [1 CMS-initial-mark: 1714K(49152K)] 1978K(63936K), 0.0006910 secs] [Times: user=0.00 sys=0.00, real=0.00 secs] 
Total time for which application threads were stopped: 0.0010740 seconds
473.814: [CMS-concurrent-mark-start]
473.839: [CMS-concurrent-mark: 0.025/0.025 secs] [Times: user=0.03 sys=0.00, real=0.02 secs] 
473.839: [CMS-concurrent-preclean-start]
473.839: [CMS-concurrent-preclean: 0.000/0.000 secs] [Times: user=0.00 sys=0.00, real=0.00 secs] 
Application time: 0.0250750 seconds
473.839: [GC[YG occupancy: 263 K (14784 K)]473.839: [Rescan (non-parallel) 473.839: [grey object rescan, 0.0001720 secs]473.840: [root rescan, 0.0004290 secs], 0.0006940 secs]473.840: [weak refs processing, 0.0000070 secs] [1 CMS-remark: 1714K(49152K)] 1978K(63936K), 0.0008280 secs] [Times: user=0.00 sys=0.00, real=0.00 secs] 
Total time for which application threads were stopped: 0.0010560 seconds
473.840: [CMS-concurrent-sweep-start]
473.842: [CMS-concurrent-sweep: 0.002/0.002 secs] [Times: user=0.00 sys=0.00, real=0.00 secs] 
473.842: [CMS-concurrent-reset-start]
473.845: [CMS-concurrent-reset: 0.003/0.003 secs] [Times: user=0.00 sys=0.00, real=0.00 secs] 
Application time: 0.0050030 seconds
473.846: [Full GC (System) 473.846: [CMS: 1714K->1714K(49152K), 0.0444210 secs] 1978K->1714K(63936K), [CMS Perm : 7395K->7395K(16384K)], 0.0446060 secs] [Times: user=0.04 sys=0.01, real=0.04 secs] 
Total time for which application threads were stopped: 0.0450500 seconds
Application time: 0.0012700 seconds
473.892: [GC [1 CMS-initial-mark: 1714K(49152K)] 1714K(63936K), 0.0004600 secs] [Times: user=0.00 sys=0.00, real=0.00 secs] 
Total time for which application threads were stopped: 0.0007650 seconds
473.892: [CMS-concurrent-mark-start]
473.918: [CMS-concurrent-mark: 0.025/0.025 secs] [Times: user=0.03 sys=0.00, real=0.02 secs] 
473.918: [CMS-concurrent-preclean-start]
473.918: [CMS-concurrent-preclean: 0.000/0.000 secs] [Times: user=0.00 sys=0.00, real=0.00 secs] 
Application time: 0.0256310 seconds
473.918: [GC[YG occupancy: 0 K (14784 K)]473.918: [Rescan (non-parallel) 473.918: [grey object rescan, 0.0001700 secs]473.918: [root rescan, 0.0004160 secs], 0.0006830 secs]473.919: [weak refs processing, 0.0000070 secs] [1 CMS-remark: 1714K(49152K)] 1714K(63936K), 0.0008170 secs] [Times: user=0.00 sys=0.00, real=0.00 secs] 
Total time for which application threads were stopped: 0.0010510 seconds
473.919: [CMS-concurrent-sweep-start]
473.921: [CMS-concurrent-sweep: 0.002/0.002 secs] [Times: user=0.00 sys=0.00, real=0.00 secs] 
473.921: [CMS-concurrent-reset-start]
473.924: [CMS-concurrent-reset: 0.002/0.002 secs] [Times: user=0.00 sys=0.00, real=0.01 secs] 
Application time: 17.2161970 seconds
491.136: [Full GC (System) 491.136: [CMS: 1714K->1714K(49152K), 0.0674330 secs] 2465K->1714K(63936K), [CMS Perm : 7395K->7395K(16384K)], 0.0677120 secs] [Times: user=0.06 sys=0.00, real=0.05 secs] 
Total time for which application threads were stopped: 0.0684990 seconds
Application time: 0.0001910 seconds
491.204: [GC [1 CMS-initial-mark: 1714K(49152K)] 1714K(63936K), 0.0004600 secs] [Times: user=0.00 sys=0.00, real=0.00 secs] 
Total time for which application threads were stopped: 0.0009640 seconds
491.205: [CMS-concurrent-mark-start]
491.230: [CMS-concurrent-mark: 0.025/0.025 secs] [Times: user=0.03 sys=0.01, real=0.02 secs] 
491.230: [CMS-concurrent-preclean-start]
491.230: [CMS-concurrent-preclean: 0.000/0.000 secs] [Times: user=0.00 sys=0.00, real=0.00 secs] 
Application time: 0.0255310 seconds
491.230: [GC[YG occupancy: 0 K (14784 K)]491.231: [Rescan (non-parallel) 491.231: [grey object rescan, 0.0001710 secs]491.231: [root rescan, 0.0004370 secs], 0.0006930 secs]491.231: [weak refs processing, 0.0000060 secs] [1 CMS-remark: 1714K(49152K)] 1714K(63936K), 0.0008640 secs] [Times: user=0.00 sys=0.00, real=0.00 secs] 
Total time for which application threads were stopped: 0.0011440 seconds
491.232: [CMS-concurrent-sweep-start]
491.233: [CMS-concurrent-sweep: 0.002/0.002 secs] [Times: user=0.00 sys=0.00, real=0.01 secs] 
491.233: [CMS-concurrent-reset-start]
491.236: [CMS-concurrent-reset: 0.002/0.002 secs] [Times: user=0.00 sys=0.00, real=0.00 secs] 
Application time: 0.0048210 seconds
491.236: [Full GC (System) 491.237: [CMS: 1712K->1712K(49152K), 0.0446000 secs] 1976K->1712K(63936K), [CMS Perm : 7395K->7395K(16384K)], 0.0447450 secs] [Times: user=0.05 sys=0.00, real=0.04 secs] 
Total time for which application threads were stopped: 0.0451500 seconds
Application time: 0.0001920 seconds
491.282: [GC [1 CMS-initial-mark: 1712K(49152K)] 1712K(63936K), 0.0004760 secs] [Times: user=0.00 sys=0.00, real=0.00 secs] 
Total time for which application threads were stopped: 0.0007190 seconds
491.282: [CMS-concurrent-mark-start]
491.308: [CMS-concurrent-mark: 0.026/0.026 secs] [Times: user=0.02 sys=0.00, real=0.02 secs] 
491.308: [CMS-concurrent-preclean-start]
491.308: [CMS-concurrent-preclean: 0.000/0.000 secs] [Times: user=0.00 sys=0.00, real=0.00 secs] 
Application time: 0.0260930 seconds
491.309: [GC[YG occupancy: 0 K (14784 K)]491.309: [Rescan (non-parallel) 491.309: [grey object rescan, 0.0001720 secs]491.309: [root rescan, 0.0004510 secs], 0.0006690 secs]491.309: [weak refs processing, 0.0000070 secs] [1 CMS-remark: 1712K(49152K)] 1712K(63936K), 0.0007440 secs] [Times: user=0.00 sys=0.00, real=0.00 secs] 
Total time for which application threads were stopped: 0.0009920 seconds
491.310: [CMS-concurrent-sweep-start]
491.311: [CMS-concurrent-sweep: 0.002/0.002 secs] [Times: user=0.01 sys=0.00, real=0.00 secs] 
491.311: [CMS-concurrent-reset-start]
491.314: [CMS-concurrent-reset: 0.003/0.003 secs] [Times: user=0.00 sys=0.00, real=0.00 secs] 
Application time: 17.5365040 seconds
508.846: [Full GC (System) 508.847: [CMS: 1712K->1712K(49152K), 0.0627380 secs] 1976K->1712K(63936K), [CMS Perm : 7395K->7395K(16384K)], 0.0629040 secs] [Times: user=0.06 sys=0.00, real=0.05 secs] 
Total time for which application threads were stopped: 0.0635580 seconds
Application time: 0.0010630 seconds
508.911: [GC [1 CMS-initial-mark: 1712K(49152K)] 1976K(63936K), 0.0004740 secs] [Times: user=0.00 sys=0.00, real=0.00 secs] 
Total time for which application threads were stopped: 0.0007020 seconds
508.911: [CMS-concurrent-mark-start]
Application time: 0.0001100 seconds
508.911: [Full GC (System) 508.912: [CMS508.937: [CMS-concurrent-mark: 0.025/0.025 secs] [Times: user=0.03 sys=0.00, real=0.02 secs] 
 (concurrent mode interrupted): 1712K->1712K(49152K), 0.0695760 secs] 1976K->1712K(63936K), [CMS Perm : 7395K->7395K(16384K)], 0.0697390 secs] [Times: user=0.07 sys=0.00, real=0.06 secs] 
Total time for which application threads were stopped: 0.0700040 seconds
Application time: 17.3786630 seconds
526.360: [Full GC (System) 526.360: [CMS: 1712K->1712K(49152K), 0.0466590 secs] 1976K->1712K(63936K), [CMS Perm : 7395K->7395K(16384K)], 0.0468220 secs] [Times: user=0.05 sys=0.00, real=0.04 secs] 
Total time for which application threads were stopped: 0.0472230 seconds
Application time: 0.0007900 seconds
526.408: [GC [1 CMS-initial-mark: 1712K(49152K)] 1976K(63936K), 0.0005410 secs] [Times: user=0.00 sys=0.00, real=0.00 secs] 
Total time for which application threads were stopped: 0.0007500 seconds
526.409: [CMS-concurrent-mark-start]
Application time: 0.0001270 seconds
526.409: [Full GC (System) 526.409: [CMS526.434: [CMS-concurrent-mark: 0.025/0.025 secs] [Times: user=0.02 sys=0.00, real=0.02 secs] 
 (concurrent mode interrupted): 1712K->1712K(49152K), 0.0693770 secs] 1976K->1712K(63936K), [CMS Perm : 7395K->7395K(16384K)], 0.0694880 secs] [Times: user=0.06 sys=0.01, real=0.06 secs] 
Total time for which application threads were stopped: 0.0697460 seconds
Application time: 17.1237560 seconds
543.603: [Full GC (System) 543.603: [CMS: 1712K->1712K(49152K), 0.0552740 secs] 1976K->1712K(63936K), [CMS Perm : 7395K->7395K(16384K)], 0.0555860 secs] [Times: user=0.05 sys=0.00, real=0.05 secs] 
Total time for which application threads were stopped: 0.0562830 seconds
Application time: 0.0003870 seconds
543.659: [GC [1 CMS-initial-mark: 1712K(49152K)] 1976K(63936K), 0.0004580 secs] [Times: user=0.00 sys=0.00, real=0.00 secs] 
Total time for which application threads were stopped: 0.0007230 seconds
543.660: [CMS-concurrent-mark-start]
543.685: [CMS-concurrent-mark: 0.025/0.025 secs] [Times: user=0.03 sys=0.00, real=0.02 secs] 
543.685: [CMS-concurrent-preclean-start]
543.685: [CMS-concurrent-preclean: 0.000/0.000 secs] [Times: user=0.00 sys=0.00, real=0.00 secs] 
Application time: 0.0251940 seconds
543.685: [GC[YG occupancy: 263 K (14784 K)]543.685: [Rescan (non-parallel) 543.685: [grey object rescan, 0.0001710 secs]543.686: [root rescan, 0.0004040 secs], 0.0006440 secs]543.686: [weak refs processing, 0.0000080 secs] [1 CMS-remark: 1712K(49152K)] 1976K(63936K), 0.0007180 secs] [Times: user=0.00 sys=0.00, real=0.00 secs] 
Total time for which application threads were stopped: 0.0009810 seconds
543.686: [CMS-concurrent-sweep-start]
543.688: [CMS-concurrent-sweep: 0.002/0.002 secs] [Times: user=0.00 sys=0.00, real=0.00 secs] 
543.688: [CMS-concurrent-reset-start]
543.690: [CMS-concurrent-reset: 0.002/0.002 secs] [Times: user=0.00 sys=0.00, real=0.00 secs] 
Application time: 0.0042020 seconds
543.691: [Full GC (System) 543.691: [CMS: 1711K->1711K(49152K), 0.0444450 secs] 1974K->1711K(63936K), [CMS Perm : 7395K->7395K(16384K)], 0.0445650 secs] [Times: user=0.04 sys=0.00, real=0.04 secs] 
Total time for which application threads were stopped: 0.0450310 seconds
Application time: 0.0003590 seconds
543.736: [GC [1 CMS-initial-mark: 1711K(49152K)] 1975K(63936K), 0.0004610 secs] [Times: user=0.00 sys=0.00, real=0.00 secs] 
Total time for which application threads were stopped: 0.0006390 seconds
543.736: [CMS-concurrent-mark-start]
543.767: [CMS-concurrent-mark: 0.030/0.030 secs] [Times: user=0.03 sys=0.00, real=0.03 secs] 
543.767: [CMS-concurrent-preclean-start]
543.767: [CMS-concurrent-preclean: 0.000/0.000 secs] [Times: user=0.00 sys=0.00, real=0.00 secs] 
Application time: 0.0306150 seconds
543.767: [GC[YG occupancy: 263 K (14784 K)]543.767: [Rescan (non-parallel) 543.767: [grey object rescan, 0.0001700 secs]543.767: [root rescan, 0.0004130 secs], 0.0006370 secs]543.768: [weak refs processing, 0.0000070 secs] [1 CMS-remark: 1711K(49152K)] 1975K(63936K), 0.0007110 secs] [Times: user=0.00 sys=0.01, real=0.00 secs] 
Total time for which application threads were stopped: 0.0009560 seconds
543.768: [CMS-concurrent-sweep-start]
543.770: [CMS-concurrent-sweep: 0.002/0.002 secs] [Times: user=0.00 sys=0.00, real=0.00 secs] 
543.770: [CMS-concurrent-reset-start]
543.772: [CMS-concurrent-reset: 0.002/0.002 secs] [Times: user=0.00 sys=0.00, real=0.00 secs] 
Application time: 17.0871400 seconds
560.856: [Full GC (System) 560.856: [CMS: 1711K->1711K(49152K), 0.0598720 secs] 1975K->1711K(63936K), [CMS Perm : 7395K->7395K(16384K)], 0.0600230 secs] [Times: user=0.06 sys=0.00, real=0.05 secs] 
Total time for which application threads were stopped: 0.0610330 seconds
Application time: 0.0100210 seconds
560.927: [GC [1 CMS-initial-mark: 1711K(49152K)] 1974K(63936K), 0.0005200 secs] [Times: user=0.00 sys=0.00, real=0.00 secs] 
Total time for which application threads were stopped: 0.0008650 seconds
560.927: [CMS-concurrent-mark-start]
560.968: [CMS-concurrent-mark: 0.041/0.041 secs] [Times: user=0.03 sys=0.00, real=0.03 secs] 
560.968: [CMS-concurrent-preclean-start]
560.969: [CMS-concurrent-preclean: 0.000/0.000 secs] [Times: user=0.00 sys=0.00, real=0.00 secs] 
Application time: 0.0415460 seconds
560.969: [GC[YG occupancy: 263 K (14784 K)]560.969: [Rescan (non-parallel) 560.969: [grey object rescan, 0.0001700 secs]560.969: [root rescan, 0.0004300 secs], 0.0006550 secs]560.970: [weak refs processing, 0.0000070 secs] [1 CMS-remark: 1711K(49152K)] 1974K(63936K), 0.0007290 secs] [Times: user=0.00 sys=0.00, real=0.00 secs] 
Total time for which application threads were stopped: 0.0009950 seconds
560.970: [CMS-concurrent-sweep-start]
560.972: [CMS-concurrent-sweep: 0.002/0.002 secs] [Times: user=0.00 sys=0.00, real=0.00 secs] 
560.972: [CMS-concurrent-reset-start]
560.974: [CMS-concurrent-reset: 0.002/0.002 secs] [Times: user=0.00 sys=0.00, real=0.00 secs] 
Application time: 0.0046360 seconds
560.975: [Full GC (System) 560.975: [CMS: 1711K->1711K(49152K), 0.0444250 secs] 1974K->1711K(63936K), [CMS Perm : 7395K->7395K(16384K)], 0.0445440 secs] [Times: user=0.04 sys=0.00, real=0.04 secs] 
Total time for which application threads were stopped: 0.0450640 seconds
Application time: 0.0002730 seconds
561.020: [GC [1 CMS-initial-mark: 1711K(49152K)] 1975K(63936K), 0.0004410 secs] [Times: user=0.00 sys=0.00, real=0.00 secs] 
Total time for which application threads were stopped: 0.0006540 seconds
561.020: [CMS-concurrent-mark-start]
561.045: [CMS-concurrent-mark: 0.025/0.025 secs] [Times: user=0.03 sys=0.00, real=0.02 secs] 
561.045: [CMS-concurrent-preclean-start]
561.046: [CMS-concurrent-preclean: 0.000/0.000 secs] [Times: user=0.00 sys=0.00, real=0.00 secs] 
Application time: 0.0253040 seconds
561.046: [GC[YG occupancy: 263 K (14784 K)]561.046: [Rescan (non-parallel) 561.046: [grey object rescan, 0.0001700 secs]561.046: [root rescan, 0.0004190 secs], 0.0006340 secs]561.047: [weak refs processing, 0.0000070 secs] [1 CMS-remark: 1711K(49152K)] 1975K(63936K), 0.0007080 secs] [Times: user=0.00 sys=0.00, real=0.00 secs] 
Total time for which application threads were stopped: 0.0009430 seconds
561.047: [CMS-concurrent-sweep-start]
561.048: [CMS-concurrent-sweep: 0.002/0.002 secs] [Times: user=0.00 sys=0.00, real=0.01 secs] 
561.049: [CMS-concurrent-reset-start]
561.051: [CMS-concurrent-reset: 0.002/0.002 secs] [Times: user=0.00 sys=0.00, real=0.00 secs] 
Application time: 17.1731980 seconds
578.220: [Full GC (System) 578.221: [CMS: 1711K->1711K(49152K), 0.0572100 secs] 1975K->1711K(63936K), [CMS Perm : 7395K->7395K(16384K)], 0.0573530 secs] [Times: user=0.06 sys=0.00, real=0.05 secs] 
Total time for which application threads were stopped: 0.0581300 seconds
Application time: 0.0006100 seconds
578.279: [GC [1 CMS-initial-mark: 1711K(49152K)] 1974K(63936K), 0.0004170 secs] [Times: user=0.00 sys=0.00, real=0.00 secs] 
Total time for which application threads were stopped: 0.0008110 seconds
578.280: [CMS-concurrent-mark-start]
578.304: [CMS-concurrent-mark: 0.024/0.024 secs] [Times: user=0.03 sys=0.00, real=0.02 secs] 
578.304: [CMS-concurrent-preclean-start]
578.304: [CMS-concurrent-preclean: 0.000/0.000 secs] [Times: user=0.00 sys=0.00, real=0.00 secs] 
Application time: 0.0250070 seconds
578.305: [GC[YG occupancy: 263 K (14784 K)]578.305: [Rescan (non-parallel) 578.305: [grey object rescan, 0.0001700 secs]578.305: [root rescan, 0.0004330 secs], 0.0006490 secs]578.305: [weak refs processing, 0.0000070 secs] [1 CMS-remark: 1711K(49152K)] 1974K(63936K), 0.0007240 secs] [Times: user=0.00 sys=0.00, real=0.00 secs] 
Total time for which application threads were stopped: 0.0009790 seconds
578.306: [CMS-concurrent-sweep-start]
578.308: [CMS-concurrent-sweep: 0.002/0.002 secs] [Times: user=0.00 sys=0.00, real=0.00 secs] 
578.308: [CMS-concurrent-reset-start]
578.310: [CMS-concurrent-reset: 0.002/0.002 secs] [Times: user=0.00 sys=0.00, real=0.01 secs] 
Application time: 0.0042580 seconds
578.310: [Full GC (System) 578.310: [CMS: 1711K->1711K(49152K), 0.0433970 secs] 1974K->1711K(63936K), [CMS Perm : 7395K->7395K(16384K)], 0.0435170 secs] [Times: user=0.04 sys=0.00, real=0.03 secs] 
Total time for which application threads were stopped: 0.0439960 seconds
Application time: 0.0002900 seconds
578.354: [GC [1 CMS-initial-mark: 1711K(49152K)] 1974K(63936K), 0.0004460 secs] [Times: user=0.00 sys=0.00, real=0.00 secs] 
Total time for which application threads were stopped: 0.0006110 seconds
578.355: [CMS-concurrent-mark-start]
578.379: [CMS-concurrent-mark: 0.025/0.025 secs] [Times: user=0.03 sys=0.00, real=0.02 secs] 
578.379: [CMS-concurrent-preclean-start]
578.380: [CMS-concurrent-preclean: 0.000/0.000 secs] [Times: user=0.00 sys=0.00, real=0.00 secs] 
Application time: 0.0249620 seconds
578.380: [GC[YG occupancy: 263 K (14784 K)]578.380: [Rescan (non-parallel) 578.380: [grey object rescan, 0.0002050 secs]578.380: [root rescan, 0.0004490 secs], 0.0007030 secs]578.381: [weak refs processing, 0.0000070 secs] [1 CMS-remark: 1711K(49152K)] 1974K(63936K), 0.0007790 secs] [Times: user=0.00 sys=0.00, real=0.01 secs] 
Total time for which application threads were stopped: 0.0010470 seconds
578.381: [CMS-concurrent-sweep-start]
578.382: [CMS-concurrent-sweep: 0.002/0.002 secs] [Times: user=0.00 sys=0.00, real=0.00 secs] 
578.383: [CMS-concurrent-reset-start]
578.385: [CMS-concurrent-reset: 0.002/0.002 secs] [Times: user=0.00 sys=0.00, real=0.00 secs] 
Application time: 15.5531230 seconds
Total time for which application threads were stopped: 0.0002230 seconds
Application time: 0.0009060 seconds
Total time for which application threads were stopped: 0.0001480 seconds
Application time: 0.0000940 seconds
Total time for which application threads were stopped: 0.0001370 seconds
Application time: 0.4047010 seconds
Total time for which application threads were stopped: 0.0001380 seconds
Application time: 0.0000480 seconds
Total time for which application threads were stopped: 0.0001420 seconds
Application time: 0.0001500 seconds
Total time for which application threads were stopped: 0.0000870 seconds
Application time: 1.0581420 seconds
595.399: [Full GC (System) 595.399: [CMS: 1711K->1720K(49152K), 0.0501070 secs] 2993K->1720K(63936K), [CMS Perm : 7398K->7395K(16384K)], 0.0502400 secs] [Times: user=0.05 sys=0.01, real=0.05 secs] 
Total time for which application threads were stopped: 0.0508560 seconds
Application time: 0.0013910 seconds
595.451: [GC [1 CMS-initial-mark: 1720K(49152K)] 1984K(63936K), 0.0004320 secs] [Times: user=0.00 sys=0.00, real=0.00 secs] 
Total time for which application threads were stopped: 0.0007560 seconds
595.452: [CMS-concurrent-mark-start]
595.477: [CMS-concurrent-mark: 0.025/0.025 secs] [Times: user=0.02 sys=0.00, real=0.02 secs] 
595.477: [CMS-concurrent-preclean-start]
595.477: [CMS-concurrent-preclean: 0.000/0.000 secs] [Times: user=0.00 sys=0.00, real=0.00 secs] 
Application time: 0.0254300 seconds
595.478: [GC[YG occupancy: 263 K (14784 K)]595.478: [Rescan (non-parallel) 595.478: [grey object rescan, 0.0002030 secs]595.478: [root rescan, 0.0004110 secs], 0.0006610 secs]595.478: [weak refs processing, 0.0000070 secs] [1 CMS-remark: 1720K(49152K)] 1984K(63936K), 0.0007340 secs] [Times: user=0.00 sys=0.00, real=0.00 secs] 
Total time for which application threads were stopped: 0.0009470 seconds
595.478: [CMS-concurrent-sweep-start]
595.480: [CMS-concurrent-sweep: 0.002/0.002 secs] [Times: user=0.00 sys=0.00, real=0.00 secs] 
595.480: [CMS-concurrent-reset-start]
595.482: [CMS-concurrent-reset: 0.002/0.002 secs] [Times: user=0.00 sys=0.00, real=0.00 secs] 
Application time: 0.0041120 seconds
595.483: [Full GC (System) 595.483: [CMS: 1715K->1715K(49152K), 0.0431650 secs] 1978K->1715K(63936K), [CMS Perm : 7395K->7395K(16384K)], 0.0432830 secs] [Times: user=0.05 sys=0.00, real=0.04 secs] 
Total time for which application threads were stopped: 0.0437890 seconds
Application time: 0.0003980 seconds
595.527: [GC [1 CMS-initial-mark: 1715K(49152K)] 1978K(63936K), 0.0004540 secs] [Times: user=0.00 sys=0.00, real=0.00 secs] 
Total time for which application threads were stopped: 0.0006180 seconds
595.527: [CMS-concurrent-mark-start]
595.552: [CMS-concurrent-mark: 0.025/0.025 secs] [Times: user=0.02 sys=0.00, real=0.02 secs] 
595.552: [CMS-concurrent-preclean-start]
595.555: [CMS-concurrent-preclean: 0.002/0.002 secs] [Times: user=0.00 sys=0.00, real=0.00 secs] 
Application time: 0.0274290 seconds
595.555: [GC[YG occupancy: 263 K (14784 K)]595.555: [Rescan (non-parallel) 595.555: [grey object rescan, 0.0001700 secs]595.555: [root rescan, 0.0004220 secs], 0.0006370 secs]595.556: [weak refs processing, 0.0000070 secs] [1 CMS-remark: 1715K(49152K)] 1978K(63936K), 0.0007110 secs] [Times: user=0.00 sys=0.00, real=0.01 secs] 
Total time for which application threads were stopped: 0.0009180 seconds
595.556: [CMS-concurrent-sweep-start]
595.558: [CMS-concurrent-sweep: 0.002/0.002 secs] [Times: user=0.00 sys=0.01, real=0.00 secs] 
595.558: [CMS-concurrent-reset-start]
595.560: [CMS-concurrent-reset: 0.002/0.002 secs] [Times: user=0.00 sys=0.00, real=0.00 secs] 
Application time: 17.2165250 seconds
612.773: [Full GC (System) 612.773: [CMS: 1715K->1715K(49152K), 0.0496550 secs] 1978K->1715K(63936K), [CMS Perm : 7395K->7395K(16384K)], 0.0498110 secs] [Times: user=0.05 sys=0.00, real=0.04 secs] 
Total time for which application threads were stopped: 0.0507190 seconds
Application time: 0.0002320 seconds
612.823: [GC [1 CMS-initial-mark: 1715K(49152K)] 1715K(63936K), 0.0004120 secs] [Times: user=0.00 sys=0.00, real=0.00 secs] 
Total time for which application threads were stopped: 0.0006780 seconds
612.824: [CMS-concurrent-mark-start]
612.849: [CMS-concurrent-mark: 0.025/0.025 secs] [Times: user=0.03 sys=0.01, real=0.02 secs] 
612.849: [CMS-concurrent-preclean-start]
612.849: [CMS-concurrent-preclean: 0.000/0.000 secs] [Times: user=0.00 sys=0.00, real=0.00 secs] 
Application time: 0.0253380 seconds
612.849: [GC[YG occupancy: 0 K (14784 K)]612.849: [Rescan (non-parallel) 612.849: [grey object rescan, 0.0001710 secs]612.850: [root rescan, 0.0004040 secs], 0.0006190 secs]612.850: [weak refs processing, 0.0000070 secs] [1 CMS-remark: 1715K(49152K)] 1715K(63936K), 0.0007150 secs] [Times: user=0.00 sys=0.00, real=0.00 secs] 
Total time for which application threads were stopped: 0.0009330 seconds
612.850: [CMS-concurrent-sweep-start]
612.852: [CMS-concurrent-sweep: 0.002/0.002 secs] [Times: user=0.00 sys=0.00, real=0.00 secs] 
612.852: [CMS-concurrent-reset-start]
612.854: [CMS-concurrent-reset: 0.002/0.002 secs] [Times: user=0.00 sys=0.00, real=0.00 secs] 
Application time: 0.0044590 seconds
612.855: [Full GC (System) 612.855: [CMS: 1715K->1715K(49152K), 0.0424220 secs] 1978K->1715K(63936K), [CMS Perm : 7395K->7395K(16384K)], 0.0426400 secs] [Times: user=0.04 sys=0.00, real=0.04 secs] 
Total time for which application threads were stopped: 0.0430230 seconds
Application time: 0.0001680 seconds
612.898: [GC [1 CMS-initial-mark: 1715K(49152K)] 1715K(63936K), 0.0004310 secs] [Times: user=0.00 sys=0.00, real=0.00 secs] 
Total time for which application threads were stopped: 0.0006810 seconds
612.898: [CMS-concurrent-mark-start]
612.924: [CMS-concurrent-mark: 0.026/0.026 secs] [Times: user=0.03 sys=0.00, real=0.02 secs] 
612.924: [CMS-concurrent-preclean-start]
612.925: [CMS-concurrent-preclean: 0.000/0.000 secs] [Times: user=0.00 sys=0.00, real=0.00 secs] 
Application time: 0.0264760 seconds
612.925: [GC[YG occupancy: 0 K (14784 K)]612.925: [Rescan (non-parallel) 612.925: [grey object rescan, 0.0001730 secs]612.925: [root rescan, 0.0005640 secs], 0.0007990 secs]612.926: [weak refs processing, 0.0000080 secs] [1 CMS-remark: 1715K(49152K)] 1715K(63936K), 0.0008820 secs] [Times: user=0.00 sys=0.00, real=0.00 secs] 
Total time for which application threads were stopped: 0.0011280 seconds
612.926: [CMS-concurrent-sweep-start]
612.928: [CMS-concurrent-sweep: 0.002/0.002 secs] [Times: user=0.00 sys=0.00, real=0.00 secs] 
612.928: [CMS-concurrent-reset-start]
612.931: [CMS-concurrent-reset: 0.003/0.003 secs] [Times: user=0.00 sys=0.00, real=0.00 secs] 
Application time: 17.1333790 seconds
630.060: [Full GC (System) 630.060: [CMS: 1715K->1715K(49152K), 0.0603780 secs] 1978K->1715K(63936K), [CMS Perm : 7395K->7395K(16384K)], 0.0605100 secs] [Times: user=0.06 sys=0.00, real=0.05 secs] 
Total time for which application threads were stopped: 0.0611370 seconds
Application time: 0.0009750 seconds
630.122: [GC [1 CMS-initial-mark: 1715K(49152K)] 1978K(63936K), 0.0004800 secs] [Times: user=0.00 sys=0.00, real=0.00 secs] 
Total time for which application threads were stopped: 0.0008070 seconds
630.123: [CMS-concurrent-mark-start]
630.151: [CMS-concurrent-mark: 0.028/0.028 secs] [Times: user=0.03 sys=0.00, real=0.02 secs] 
630.151: [CMS-concurrent-preclean-start]
630.151: [CMS-concurrent-preclean: 0.000/0.000 secs] [Times: user=0.00 sys=0.00, real=0.00 secs] 
Application time: 0.0286950 seconds
630.151: [GC[YG occupancy: 263 K (14784 K)]630.151: [Rescan (non-parallel) 630.151: [grey object rescan, 0.0002050 secs]630.152: [root rescan, 0.0004300 secs], 0.0006830 secs]630.152: [weak refs processing, 0.0000070 secs] [1 CMS-remark: 1715K(49152K)] 1978K(63936K), 0.0007580 secs] [Times: user=0.00 sys=0.00, real=0.01 secs] 
Total time for which application threads were stopped: 0.0010180 seconds
630.152: [CMS-concurrent-sweep-start]
630.154: [CMS-concurrent-sweep: 0.002/0.002 secs] [Times: user=0.01 sys=0.00, real=0.00 secs] 
630.154: [CMS-concurrent-reset-start]
630.156: [CMS-concurrent-reset: 0.002/0.002 secs] [Times: user=0.00 sys=0.00, real=0.00 secs] 
Application time: 0.0042190 seconds
630.157: [Full GC (System) 630.157: [CMS: 1715K->1715K(49152K), 0.0446390 secs] 1978K->1715K(63936K), [CMS Perm : 7395K->7395K(16384K)], 0.0448110 secs] [Times: user=0.04 sys=0.00, real=0.04 secs] 
Total time for which application threads were stopped: 0.0452780 seconds
Application time: 0.0001720 seconds
630.202: [GC [1 CMS-initial-mark: 1715K(49152K)] 1715K(63936K), 0.0004110 secs] [Times: user=0.00 sys=0.00, real=0.00 secs] 
Total time for which application threads were stopped: 0.0006880 seconds
630.203: [CMS-concurrent-mark-start]
630.227: [CMS-concurrent-mark: 0.025/0.025 secs] [Times: user=0.03 sys=0.00, real=0.02 secs] 
630.227: [CMS-concurrent-preclean-start]
630.228: [CMS-concurrent-preclean: 0.000/0.000 secs] [Times: user=0.00 sys=0.00, real=0.00 secs] 
Application time: 0.0251000 seconds
630.228: [GC[YG occupancy: 0 K (14784 K)]630.228: [Rescan (non-parallel) 630.228: [grey object rescan, 0.0001710 secs]630.228: [root rescan, 0.0003790 secs], 0.0006430 secs]630.228: [weak refs processing, 0.0000060 secs] [1 CMS-remark: 1715K(49152K)] 1715K(63936K), 0.0007400 secs] [Times: user=0.00 sys=0.00, real=0.00 secs] 
Total time for which application threads were stopped: 0.0009430 seconds
630.229: [CMS-concurrent-sweep-start]
630.230: [CMS-concurrent-sweep: 0.002/0.002 secs] [Times: user=0.00 sys=0.00, real=0.00 secs] 
630.231: [CMS-concurrent-reset-start]
630.232: [CMS-concurrent-reset: 0.002/0.002 secs] [Times: user=0.00 sys=0.00, real=0.00 secs] 
Application time: 17.1530450 seconds
647.382: [Full GC (System) 647.382: [CMS: 1715K->1715K(49152K), 0.0559320 secs] 2466K->1715K(63936K), [CMS Perm : 7395K->7395K(16384K)], 0.0560680 secs] [Times: user=0.06 sys=0.00, real=0.05 secs] 
Total time for which application threads were stopped: 0.0568960 seconds
Application time: 0.0004980 seconds
647.439: [GC [1 CMS-initial-mark: 1715K(49152K)] 1979K(63936K), 0.0004410 secs] [Times: user=0.00 sys=0.00, real=0.00 secs] 
Total time for which application threads were stopped: 0.0008000 seconds
647.440: [CMS-concurrent-mark-start]
647.465: [CMS-concurrent-mark: 0.025/0.025 secs] [Times: user=0.02 sys=0.00, real=0.02 secs] 
647.465: [CMS-concurrent-preclean-start]
647.465: [CMS-concurrent-preclean: 0.000/0.000 secs] [Times: user=0.00 sys=0.00, real=0.00 secs] 
Application time: 0.0255010 seconds
647.466: [GC[YG occupancy: 263 K (14784 K)]647.466: [Rescan (non-parallel) 647.466: [grey object rescan, 0.0001710 secs]647.466: [root rescan, 0.0004200 secs], 0.0006660 secs]647.466: [weak refs processing, 0.0000070 secs] [1 CMS-remark: 1715K(49152K)] 1979K(63936K), 0.0007370 secs] [Times: user=0.00 sys=0.00, real=0.00 secs] 
Total time for which application threads were stopped: 0.0009580 seconds
647.467: [CMS-concurrent-sweep-start]
647.468: [CMS-concurrent-sweep: 0.002/0.002 secs] [Times: user=0.00 sys=0.00, real=0.00 secs] 
647.468: [CMS-concurrent-reset-start]
647.471: [CMS-concurrent-reset: 0.002/0.002 secs] [Times: user=0.01 sys=0.00, real=0.00 secs] 
Application time: 0.0043630 seconds
647.471: [Full GC (System) 647.471: [CMS: 1713K->1713K(49152K), 0.0426730 secs] 1976K->1713K(63936K), [CMS Perm : 7395K->7395K(16384K)], 0.0427900 secs] [Times: user=0.04 sys=0.01, real=0.04 secs] 
Total time for which application threads were stopped: 0.0432040 seconds
Application time: 0.0002960 seconds
647.514: [GC [1 CMS-initial-mark: 1713K(49152K)] 1976K(63936K), 0.0004490 secs] [Times: user=0.00 sys=0.00, real=0.00 secs] 
Total time for which application threads were stopped: 0.0006870 seconds
647.515: [CMS-concurrent-mark-start]
647.541: [CMS-concurrent-mark: 0.025/0.025 secs] [Times: user=0.02 sys=0.00, real=0.02 secs] 
647.541: [CMS-concurrent-preclean-start]
647.541: [CMS-concurrent-preclean: 0.000/0.000 secs] [Times: user=0.00 sys=0.00, real=0.00 secs] 
Application time: 0.0259310 seconds
647.541: [GC[YG occupancy: 263 K (14784 K)]647.541: [Rescan (non-parallel) 647.541: [grey object rescan, 0.0001910 secs]647.541: [root rescan, 0.0004070 secs], 0.0006520 secs]647.542: [weak refs processing, 0.0000070 secs] [1 CMS-remark: 1713K(49152K)] 1976K(63936K), 0.0007260 secs] [Times: user=0.00 sys=0.00, real=0.00 secs] 
Total time for which application threads were stopped: 0.0009320 seconds
647.542: [CMS-concurrent-sweep-start]
647.544: [CMS-concurrent-sweep: 0.002/0.002 secs] [Times: user=0.00 sys=0.00, real=0.00 secs] 
647.544: [CMS-concurrent-reset-start]
647.546: [CMS-concurrent-reset: 0.002/0.002 secs] [Times: user=0.00 sys=0.00, real=0.01 secs] 
Application time: 17.2003430 seconds
664.743: [Full GC (System) 664.743: [CMS: 1713K->1713K(49152K), 0.0614550 secs] 1976K->1713K(63936K), [CMS Perm : 7395K->7395K(16384K)], 0.0616200 secs] [Times: user=0.06 sys=0.00, real=0.05 secs] 
Total time for which application threads were stopped: 0.0622860 seconds
Application time: 0.0005280 seconds
664.805: [GC [1 CMS-initial-mark: 1713K(49152K)] 1976K(63936K), 0.0006200 secs] [Times: user=0.00 sys=0.00, real=0.00 secs] 
Total time for which application threads were stopped: 0.0009470 seconds
664.806: [CMS-concurrent-mark-start]
664.831: [CMS-concurrent-mark: 0.025/0.025 secs] [Times: user=0.02 sys=0.00, real=0.01 secs] 
664.831: [CMS-concurrent-preclean-start]
664.832: [CMS-concurrent-preclean: 0.000/0.000 secs] [Times: user=0.00 sys=0.00, real=0.00 secs] 
Application time: 0.0254700 seconds
664.832: [GC[YG occupancy: 263 K (14784 K)]664.832: [Rescan (non-parallel) 664.832: [grey object rescan, 0.0001980 secs]664.832: [root rescan, 0.0004150 secs], 0.0006600 secs]664.833: [weak refs processing, 0.0000070 secs] [1 CMS-remark: 1713K(49152K)] 1976K(63936K), 0.0007400 secs] [Times: user=0.00 sys=0.00, real=0.00 secs] 
Total time for which application threads were stopped: 0.0009590 seconds
664.833: [CMS-concurrent-sweep-start]
664.834: [CMS-concurrent-sweep: 0.002/0.002 secs] [Times: user=0.00 sys=0.00, real=0.00 secs] 
664.834: [CMS-concurrent-reset-start]
664.837: [CMS-concurrent-reset: 0.002/0.002 secs] [Times: user=0.01 sys=0.00, real=0.00 secs] 
Application time: 0.0041820 seconds
664.837: [Full GC (System) 664.837: [CMS: 1713K->1713K(49152K), 0.0422420 secs] 1976K->1713K(63936K), [CMS Perm : 7395K->7395K(16384K)], 0.0423850 secs] [Times: user=0.04 sys=0.00, real=0.03 secs] 
Total time for which application threads were stopped: 0.0428110 seconds
Application time: 0.0001660 seconds
664.880: [GC [1 CMS-initial-mark: 1713K(49152K)] 1713K(63936K), 0.0004120 secs] [Times: user=0.00 sys=0.00, real=0.00 secs] 
Total time for which application threads were stopped: 0.0006950 seconds
664.881: [CMS-concurrent-mark-start]
664.905: [CMS-concurrent-mark: 0.024/0.024 secs] [Times: user=0.02 sys=0.00, real=0.02 secs] 
664.905: [CMS-concurrent-preclean-start]
664.905: [CMS-concurrent-preclean: 0.000/0.000 secs] [Times: user=0.00 sys=0.00, real=0.00 secs] 
Application time: 0.0246840 seconds
664.905: [GC[YG occupancy: 0 K (14784 K)]664.905: [Rescan (non-parallel) 664.905: [grey object rescan, 0.0002060 secs]664.906: [root rescan, 0.0004050 secs], 0.0006580 secs]664.906: [weak refs processing, 0.0000070 secs] [1 CMS-remark: 1713K(49152K)] 1713K(63936K), 0.0007290 secs] [Times: user=0.00 sys=0.00, real=0.00 secs] 
Total time for which application threads were stopped: 0.0009330 seconds
664.906: [CMS-concurrent-sweep-start]
664.908: [CMS-concurrent-sweep: 0.002/0.002 secs] [Times: user=0.01 sys=0.01, real=0.01 secs] 
664.908: [CMS-concurrent-reset-start]
664.910: [CMS-concurrent-reset: 0.002/0.002 secs] [Times: user=0.00 sys=0.00, real=0.00 secs] 
Application time: 17.1577020 seconds
682.064: [Full GC (System) 682.065: [CMS: 1713K->1713K(49152K), 0.0560990 secs] 1976K->1713K(63936K), [CMS Perm : 7395K->7395K(16384K)], 0.0562340 secs] [Times: user=0.05 sys=0.00, real=0.05 secs] 
Total time for which application threads were stopped: 0.0572920 seconds
Application time: 0.0003370 seconds
682.122: [GC [1 CMS-initial-mark: 1713K(49152K)] 1976K(63936K), 0.0004580 secs] [Times: user=0.00 sys=0.00, real=0.00 secs] 
Total time for which application threads were stopped: 0.0007740 seconds
Application time: 0.0000720 seconds
Total time for which application threads were stopped: 0.0001990 seconds
682.123: [CMS-concurrent-mark-start]
682.148: [CMS-concurrent-mark: 0.025/0.025 secs] [Times: user=0.03 sys=0.00, real=0.02 secs] 
682.148: [CMS-concurrent-preclean-start]
682.148: [CMS-concurrent-preclean: 0.000/0.000 secs] [Times: user=0.00 sys=0.00, real=0.00 secs] 
Application time: 0.0257270 seconds
682.149: [GC[YG occupancy: 263 K (14784 K)]682.149: [Rescan (non-parallel) 682.149: [grey object rescan, 0.0001700 secs]682.149: [root rescan, 0.0004340 secs], 0.0006500 secs]682.149: [weak refs processing, 0.0000080 secs] [1 CMS-remark: 1713K(49152K)] 1976K(63936K), 0.0007500 secs] [Times: user=0.00 sys=0.00, real=0.00 secs] 
Total time for which application threads were stopped: 0.0009650 seconds
682.149: [CMS-concurrent-sweep-start]
682.151: [CMS-concurrent-sweep: 0.002/0.002 secs] [Times: user=0.00 sys=0.00, real=0.00 secs] 
682.151: [CMS-concurrent-reset-start]
682.153: [CMS-concurrent-reset: 0.002/0.002 secs] [Times: user=0.00 sys=0.00, real=0.00 secs] 
Application time: 0.0043840 seconds
682.154: [Full GC (System) 682.154: [CMS: 1711K->1711K(49152K), 0.0443330 secs] 1975K->1711K(63936K), [CMS Perm : 7395K->7395K(16384K)], 0.0444530 secs] [Times: user=0.05 sys=0.00, real=0.04 secs] 
Total time for which application threads were stopped: 0.0448730 seconds
Application time: 0.0008520 seconds
682.200: [GC [1 CMS-initial-mark: 1711K(49152K)] 1975K(63936K), 0.0004200 secs] [Times: user=0.00 sys=0.00, real=0.00 secs] 
Total time for which application threads were stopped: 0.0006530 seconds
682.200: [CMS-concurrent-mark-start]
682.224: [CMS-concurrent-mark: 0.024/0.024 secs] [Times: user=0.02 sys=0.00, real=0.02 secs] 
682.225: [CMS-concurrent-preclean-start]
682.225: [CMS-concurrent-preclean: 0.000/0.000 secs] [Times: user=0.00 sys=0.00, real=0.00 secs] 
Application time: 0.0247490 seconds
682.225: [GC[YG occupancy: 263 K (14784 K)]682.225: [Rescan (non-parallel) 682.225: [grey object rescan, 0.0001700 secs]682.225: [root rescan, 0.0004210 secs], 0.0006400 secs]682.226: [weak refs processing, 0.0000070 secs] [1 CMS-remark: 1711K(49152K)] 1975K(63936K), 0.0007460 secs] [Times: user=0.00 sys=0.00, real=0.00 secs] 
Total time for which application threads were stopped: 0.0009660 seconds
682.226: [CMS-concurrent-sweep-start]
682.228: [CMS-concurrent-sweep: 0.002/0.002 secs] [Times: user=0.00 sys=0.00, real=0.01 secs] 
682.228: [CMS-concurrent-reset-start]
682.230: [CMS-concurrent-reset: 0.002/0.002 secs] [Times: user=0.01 sys=0.00, real=0.00 secs] 
Application time: 17.6367990 seconds
699.863: [Full GC (System) 699.863: [CMS: 1711K->1711K(49152K), 0.0561150 secs] 1975K->1711K(63936K), [CMS Perm : 7395K->7395K(16384K)], 0.0563050 secs] [Times: user=0.05 sys=0.01, real=0.05 secs] 
Total time for which application threads were stopped: 0.0568650 seconds
Application time: 0.0008840 seconds
699.921: [GC [1 CMS-initial-mark: 1711K(49152K)] 1975K(63936K), 0.0004660 secs] [Times: user=0.00 sys=0.00, real=0.00 secs] 
Total time for which application threads were stopped: 0.0006530 seconds
699.921: [CMS-concurrent-mark-start]
Application time: 0.0001090 seconds
699.921: [Full GC (System) 699.921: [CMS699.946: [CMS-concurrent-mark: 0.025/0.025 secs] [Times: user=0.02 sys=0.00, real=0.02 secs] 
 (concurrent mode interrupted): 1711K->1711K(49152K), 0.0694630 secs] 1975K->1711K(63936K), [CMS Perm : 7395K->7395K(16384K)], 0.0697010 secs] [Times: user=0.07 sys=0.00, real=0.06 secs] 
Total time for which application threads were stopped: 0.0699820 seconds
Application time: 17.8071380 seconds
717.799: [Full GC (System) 717.799: [CMS: 1711K->1711K(49152K), 0.0550060 secs] 1975K->1711K(63936K), [CMS Perm : 7395K->7395K(16384K)], 0.0551950 secs] [Times: user=0.05 sys=0.00, real=0.04 secs] 
Total time for which application threads were stopped: 0.0555770 seconds
Application time: 0.0009670 seconds
717.855: [GC [1 CMS-initial-mark: 1711K(49152K)] 1975K(63936K), 0.0006080 secs] [Times: user=0.00 sys=0.00, real=0.01 secs] 
Total time for which application threads were stopped: 0.0008120 seconds
717.856: [CMS-concurrent-mark-start]
Application time: 0.0001130 seconds
717.856: [Full GC (System) 717.856: [CMS717.884: [CMS-concurrent-mark: 0.028/0.028 secs] [Times: user=0.03 sys=0.00, real=0.02 secs] 
 (concurrent mode interrupted): 1711K->1711K(49152K), 0.0854050 secs] 1975K->1711K(63936K), [CMS Perm : 7395K->7395K(16384K)], 0.0855280 secs] [Times: user=0.09 sys=0.00, real=0.07 secs] 
Total time for which application threads were stopped: 0.0858160 seconds
Application time: 17.9097110 seconds
735.852: [Full GC (System) 735.852: [CMS: 1711K->1711K(49152K), 0.0640290 secs] 1975K->1711K(63936K), [CMS Perm : 7395K->7395K(16384K)], 0.0642660 secs] [Times: user=0.06 sys=0.01, real=0.05 secs] 
Total time for which application threads were stopped: 0.0649130 seconds
Application time: 0.0004080 seconds
735.917: [GC [1 CMS-initial-mark: 1711K(49152K)] 1975K(63936K), 0.0004770 secs] [Times: user=0.00 sys=0.00, real=0.00 secs] 
Total time for which application threads were stopped: 0.0008810 seconds
735.918: [CMS-concurrent-mark-start]
Application time: 0.0001180 seconds
735.918: [Full GC (System) 735.918: [CMS735.943: [CMS-concurrent-mark: 0.025/0.025 secs] [Times: user=0.02 sys=0.00, real=0.02 secs] 
 (concurrent mode interrupted): 1711K->1711K(49152K), 0.0706180 secs] 1975K->1711K(63936K), [CMS Perm : 7395K->7395K(16384K)], 0.0707700 secs] [Times: user=0.07 sys=0.00, real=0.06 secs] 
Total time for which application threads were stopped: 0.0711130 seconds
Application time: 17.4160440 seconds
753.405: [Full GC (System) 753.405: [CMS: 1711K->1711K(49152K), 0.0593530 secs] 1975K->1711K(63936K), [CMS Perm : 7395K->7395K(16384K)], 0.0594890 secs] [Times: user=0.06 sys=0.00, real=0.05 secs] 
Total time for which application threads were stopped: 0.0600460 seconds
Application time: 0.0002890 seconds
753.466: [GC [1 CMS-initial-mark: 1711K(49152K)] 1975K(63936K), 0.0004450 secs] [Times: user=0.00 sys=0.00, real=0.00 secs] 
Total time for which application threads were stopped: 0.0006300 seconds
753.466: [CMS-concurrent-mark-start]
Application time: 0.0001090 seconds
753.466: [Full GC (System) 753.466: [CMS753.491: [CMS-concurrent-mark: 0.025/0.025 secs] [Times: user=0.02 sys=0.00, real=0.02 secs] 
 (concurrent mode interrupted): 1711K->1711K(49152K), 0.0676170 secs] 1975K->1711K(63936K), [CMS Perm : 7395K->7395K(16384K)], 0.0677650 secs] [Times: user=0.07 sys=0.00, real=0.06 secs] 
Total time for which application threads were stopped: 0.0680400 seconds
Application time: 17.4135750 seconds
770.948: [Full GC (System) 770.948: [CMS: 1711K->1711K(49152K), 0.0518740 secs] 1975K->1711K(63936K), [CMS Perm : 7395K->7395K(16384K)], 0.0520220 secs] [Times: user=0.05 sys=0.00, real=0.04 secs] 
Total time for which application threads were stopped: 0.0526690 seconds
Application time: 0.0003490 seconds
771.001: [GC [1 CMS-initial-mark: 1711K(49152K)] 1975K(63936K), 0.0005190 secs] [Times: user=0.00 sys=0.00, real=0.00 secs] 
Total time for which application threads were stopped: 0.0007790 seconds
771.002: [CMS-concurrent-mark-start]
Application time: 0.0001240 seconds
771.002: [Full GC (System) 771.002: [CMS771.027: [CMS-concurrent-mark: 0.025/0.025 secs] [Times: user=0.02 sys=0.00, real=0.02 secs] 
 (concurrent mode interrupted): 1711K->1711K(49152K), 0.0688170 secs] 1975K->1711K(63936K), [CMS Perm : 7395K->7395K(16384K)], 0.0690170 secs] [Times: user=0.07 sys=0.00, real=0.06 secs] 
Total time for which application threads were stopped: 0.0692990 seconds
Application time: 17.3854160 seconds
788.457: [Full GC (System) 788.457: [CMS: 1711K->1711K(49152K), 0.0564300 secs] 1975K->1711K(63936K), [CMS Perm : 7395K->7395K(16384K)], 0.0565590 secs] [Times: user=0.05 sys=0.01, real=0.04 secs] 
Total time for which application threads were stopped: 0.0570800 seconds
Application time: 0.0002920 seconds
788.515: [GC [1 CMS-initial-mark: 1711K(49152K)] 1975K(63936K), 0.0004450 secs] [Times: user=0.00 sys=0.00, real=0.00 secs] 
Total time for which application threads were stopped: 0.0006530 seconds
788.515: [CMS-concurrent-mark-start]
Application time: 0.0001110 seconds
788.515: [Full GC (System) 788.516: [CMS788.540: [CMS-concurrent-mark: 0.025/0.025 secs] [Times: user=0.03 sys=0.00, real=0.02 secs] 
 (concurrent mode interrupted): 1711K->1711K(49152K), 0.0697970 secs] 1975K->1711K(63936K), [CMS Perm : 7395K->7395K(16384K)], 0.0699290 secs] [Times: user=0.07 sys=0.00, real=0.06 secs] 
Total time for which application threads were stopped: 0.0702880 seconds
Application time: 17.5381480 seconds
806.124: [Full GC (System) 806.124: [CMS: 1711K->1711K(49152K), 0.0641470 secs] 1975K->1711K(63936K), [CMS Perm : 7395K->7395K(16384K)], 0.0642940 secs] [Times: user=0.06 sys=0.00, real=0.05 secs] 
Total time for which application threads were stopped: 0.0651300 seconds
Application time: 0.0003000 seconds
806.190: [GC [1 CMS-initial-mark: 1711K(49152K)] 1975K(63936K), 0.0004520 secs] [Times: user=0.00 sys=0.00, real=0.00 secs] 
Total time for which application threads were stopped: 0.0006320 seconds
806.190: [CMS-concurrent-mark-start]
Application time: 0.0001080 seconds
806.190: [Full GC (System) 806.190: [CMS806.216: [CMS-concurrent-mark: 0.026/0.026 secs] [Times: user=0.02 sys=0.01, real=0.02 secs] 
 (concurrent mode interrupted): 1711K->1711K(49152K), 0.0701870 secs] 1975K->1711K(63936K), [CMS Perm : 7395K->7395K(16384K)], 0.0703050 secs] [Times: user=0.07 sys=0.01, real=0.06 secs] 
Total time for which application threads were stopped: 0.0705700 seconds
Application time: 17.3937250 seconds
823.655: [Full GC (System) 823.655: [CMS: 1711K->1711K(49152K), 0.0546840 secs] 1975K->1711K(63936K), [CMS Perm : 7395K->7395K(16384K)], 0.0549000 secs] [Times: user=0.05 sys=0.00, real=0.04 secs] 
Total time for which application threads were stopped: 0.0555910 seconds
Application time: 0.0002830 seconds
823.711: [GC [1 CMS-initial-mark: 1711K(49152K)] 1975K(63936K), 0.0004470 secs] [Times: user=0.00 sys=0.00, real=0.00 secs] 
Total time for which application threads were stopped: 0.0006810 seconds
823.711: [CMS-concurrent-mark-start]
Application time: 0.0001110 seconds
823.712: [Full GC (System) 823.712: [CMS823.737: [CMS-concurrent-mark: 0.025/0.025 secs] [Times: user=0.03 sys=0.00, real=0.03 secs] 
 (concurrent mode interrupted): 1711K->1711K(49152K), 0.0685750 secs] 1975K->1711K(63936K), [CMS Perm : 7395K->7395K(16384K)], 0.0686830 secs] [Times: user=0.07 sys=0.00, real=0.06 secs] 
Total time for which application threads were stopped: 0.0689920 seconds
Application time: 17.7710000 seconds
841.552: [Full GC (System) 841.552: [CMS: 1711K->1711K(49152K), 0.0540390 secs] 1975K->1711K(63936K), [CMS Perm : 7395K->7395K(16384K)], 0.0542140 secs] [Times: user=0.05 sys=0.00, real=0.04 secs] 
Total time for which application threads were stopped: 0.0545930 seconds
Application time: 0.0003700 seconds
841.607: [GC [1 CMS-initial-mark: 1711K(49152K)] 1975K(63936K), 0.0004850 secs] [Times: user=0.00 sys=0.01, real=0.00 secs] 
Total time for which application threads were stopped: 0.0006830 seconds
841.607: [CMS-concurrent-mark-start]
Application time: 0.0001130 seconds
841.608: [Full GC (System) 841.608: [CMS841.633: [CMS-concurrent-mark: 0.026/0.026 secs] [Times: user=0.02 sys=0.00, real=0.02 secs] 
 (concurrent mode interrupted): 1711K->1711K(49152K), 0.0720990 secs] 1975K->1711K(63936K), [CMS Perm : 7395K->7395K(16384K)], 0.0722360 secs] [Times: user=0.07 sys=0.00, real=0.06 secs] 
Total time for which application threads were stopped: 0.0725740 seconds
Application time: 17.8029050 seconds
859.483: [Full GC (System) 859.484: [CMS: 1711K->1711K(49152K), 0.0546390 secs] 1975K->1711K(63936K), [CMS Perm : 7395K->7395K(16384K)], 0.0548530 secs] [Times: user=0.05 sys=0.00, real=0.05 secs] 
Total time for which application threads were stopped: 0.0555550 seconds
Application time: 0.0002880 seconds
859.539: [GC [1 CMS-initial-mark: 1711K(49152K)] 1975K(63936K), 0.0004570 secs] [Times: user=0.00 sys=0.00, real=0.00 secs] 
Total time for which application threads were stopped: 0.0006930 seconds
859.540: [CMS-concurrent-mark-start]
Application time: 0.0001120 seconds
859.540: [Full GC (System) 859.540: [CMS859.565: [CMS-concurrent-mark: 0.025/0.025 secs] [Times: user=0.03 sys=0.00, real=0.02 secs] 
 (concurrent mode interrupted): 1711K->1711K(49152K), 0.0694080 secs] 1975K->1711K(63936K), [CMS Perm : 7395K->7395K(16384K)], 0.0695070 secs] [Times: user=0.07 sys=0.00, real=0.06 secs] 
Total time for which application threads were stopped: 0.0697890 seconds
Application time: 18.1336270 seconds
877.744: [Full GC (System) 877.744: [CMS: 1711K->1711K(49152K), 0.0600060 secs] 1975K->1711K(63936K), [CMS Perm : 7395K->7395K(16384K)], 0.0602170 secs] [Times: user=0.06 sys=0.01, real=0.05 secs] 
Total time for which application threads were stopped: 0.0609670 seconds
Application time: 0.0003210 seconds
877.805: [GC [1 CMS-initial-mark: 1711K(49152K)] 1975K(63936K), 0.0004080 secs] [Times: user=0.00 sys=0.00, real=0.00 secs] 
Total time for which application threads were stopped: 0.0006440 seconds
877.806: [CMS-concurrent-mark-start]
Application time: 0.0001110 seconds
877.806: [Full GC (System) 877.806: [CMS877.832: [CMS-concurrent-mark: 0.026/0.026 secs] [Times: user=0.03 sys=0.00, real=0.02 secs] 
 (concurrent mode interrupted): 1711K->1711K(49152K), 0.0721000 secs] 1975K->1711K(63936K), [CMS Perm : 7395K->7395K(16384K)], 0.0722310 secs] [Times: user=0.07 sys=0.00, real=0.06 secs] 
Total time for which application threads were stopped: 0.0725270 seconds
Application time: 18.1053960 seconds
895.984: [Full GC (System) 895.984: [CMS: 1711K->1711K(49152K), 0.0612700 secs] 1975K->1711K(63936K), [CMS Perm : 7395K->7395K(16384K)], 0.0614730 secs] [Times: user=0.06 sys=0.00, real=0.05 secs] 
Total time for which application threads were stopped: 0.0620210 seconds
Application time: 0.0003010 seconds
896.046: [GC [1 CMS-initial-mark: 1711K(49152K)] 1975K(63936K), 0.0004270 secs] [Times: user=0.00 sys=0.00, real=0.00 secs] 
Total time for which application threads were stopped: 0.0006280 seconds
896.047: [CMS-concurrent-mark-start]
Application time: 0.0001090 seconds
896.047: [Full GC (System) 896.047: [CMS896.075: [CMS-concurrent-mark: 0.028/0.028 secs] [Times: user=0.03 sys=0.00, real=0.02 secs] 
 (concurrent mode interrupted): 1711K->1711K(49152K), 0.0748240 secs] 1975K->1711K(63936K), [CMS Perm : 7395K->7395K(16384K)], 0.0749520 secs] [Times: user=0.07 sys=0.00, real=0.06 secs] 
Total time for which application threads were stopped: 0.0752060 seconds
Application time: 17.8577950 seconds
913.980: [Full GC (System) 913.980: [CMS: 1711K->1711K(49152K), 0.0506450 secs] 1975K->1711K(63936K), [CMS Perm : 7395K->7395K(16384K)], 0.0508440 secs] [Times: user=0.05 sys=0.00, real=0.05 secs] 
Total time for which application threads were stopped: 0.0514170 seconds
Application time: 0.0003290 seconds
914.032: [GC [1 CMS-initial-mark: 1711K(49152K)] 1975K(63936K), 0.0004990 secs] [Times: user=0.00 sys=0.00, real=0.00 secs] 
Total time for which application threads were stopped: 0.0007160 seconds
914.033: [CMS-concurrent-mark-start]
Application time: 0.0001190 seconds
914.033: [Full GC (System) 914.033: [CMS914.058: [CMS-concurrent-mark: 0.025/0.025 secs] [Times: user=0.02 sys=0.00, real=0.02 secs] 
 (concurrent mode interrupted): 1711K->1711K(49152K), 0.0730810 secs] 1975K->1711K(63936K), [CMS Perm : 7395K->7395K(16384K)], 0.0732250 secs] [Times: user=0.07 sys=0.00, real=0.06 secs] 
Total time for which application threads were stopped: 0.0734920 seconds
Application time: 19.8982430 seconds
934.005: [Full GC (System) 934.005: [CMS: 1711K->1711K(49152K), 0.0581300 secs] 1975K->1711K(63936K), [CMS Perm : 7395K->7395K(16384K)], 0.0583600 secs] [Times: user=0.05 sys=0.01, real=0.05 secs] 
Total time for which application threads were stopped: 0.0592310 seconds
Application time: 0.0002780 seconds
934.064: [GC [1 CMS-initial-mark: 1711K(49152K)] 1975K(63936K), 0.0004720 secs] [Times: user=0.00 sys=0.00, real=0.00 secs] 
Total time for which application threads were stopped: 0.0006620 seconds
934.065: [CMS-concurrent-mark-start]
Application time: 0.0001790 seconds
934.065: [Full GC (System) 934.065: [CMS934.091: [CMS-concurrent-mark: 0.026/0.026 secs] [Times: user=0.03 sys=0.00, real=0.02 secs] 
 (concurrent mode interrupted): 1711K->1711K(49152K), 0.0706760 secs] 1975K->1711K(63936K), [CMS Perm : 7395K->7395K(16384K)], 0.0709150 secs] [Times: user=0.07 sys=0.00, real=0.06 secs] 
Total time for which application threads were stopped: 0.0712080 seconds
Application time: 18.1658770 seconds
952.303: [Full GC (System) 952.303: [CMS: 1711K->1711K(49152K), 0.0594810 secs] 1975K->1711K(63936K), [CMS Perm : 7395K->7395K(16384K)], 0.0596770 secs] [Times: user=0.06 sys=0.00, real=0.05 secs] 
Total time for which application threads were stopped: 0.0602830 seconds
Application time: 0.0005490 seconds
952.363: [GC [1 CMS-initial-mark: 1711K(49152K)] 1975K(63936K), 0.0004460 secs] [Times: user=0.00 sys=0.00, real=0.00 secs] 
Total time for which application threads were stopped: 0.0006340 seconds
952.364: [CMS-concurrent-mark-start]
Application time: 0.0001100 seconds
952.364: [Full GC (System) 952.364: [CMS952.390: [CMS-concurrent-mark: 0.026/0.026 secs] [Times: user=0.03 sys=0.00, real=0.02 secs] 
 (concurrent mode interrupted): 1711K->1711K(49152K), 0.0693230 secs] 1975K->1711K(63936K), [CMS Perm : 7395K->7395K(16384K)], 0.0695820 secs] [Times: user=0.07 sys=0.00, real=0.05 secs] 
Total time for which application threads were stopped: 0.0698450 seconds
Application time: 7.5764790 seconds
Total time for which application threads were stopped: 0.0001630 seconds
Application time: 0.0009400 seconds
Total time for which application threads were stopped: 0.0001820 seconds
Application time: 0.0000960 seconds
Total time for which application threads were stopped: 0.0001410 seconds
Application time: 0.2283180 seconds
Total time for which application threads were stopped: 0.0001350 seconds
Application time: 0.0000490 seconds
Total time for which application threads were stopped: 0.0001020 seconds
Application time: 0.0001580 seconds
Total time for which application threads were stopped: 0.0000870 seconds
Application time: 11.3866560 seconds
971.628: [Full GC (System) 971.628: [CMS: 1711K->1720K(49152K), 0.0588880 secs] 2994K->1720K(63936K), [CMS Perm : 7398K->7395K(16384K)], 0.0591630 secs] [Times: user=0.06 sys=0.01, real=0.04 secs] 
Total time for which application threads were stopped: 0.0597560 seconds
Application time: 0.0005640 seconds
971.688: [GC [1 CMS-initial-mark: 1720K(49152K)] 1984K(63936K), 0.0004550 secs] [Times: user=0.00 sys=0.00, real=0.00 secs] 
Total time for which application threads were stopped: 0.0006420 seconds
971.688: [CMS-concurrent-mark-start]
Application time: 0.0001070 seconds
971.688: [Full GC (System) 971.688: [CMS971.714: [CMS-concurrent-mark: 0.025/0.025 secs] [Times: user=0.02 sys=0.00, real=0.03 secs] 
 (concurrent mode interrupted): 1720K->1720K(49152K), 0.0694850 secs] 1984K->1720K(63936K), [CMS Perm : 7395K->7395K(16384K)], 0.0696510 secs] [Times: user=0.07 sys=0.00, real=0.05 secs] 
Total time for which application threads were stopped: 0.0698980 seconds
Application time: 17.8452550 seconds
989.604: [Full GC (System) 989.604: [CMS: 1720K->1715K(49152K), 0.0587420 secs] 1984K->1715K(63936K), [CMS Perm : 7395K->7395K(16384K)], 0.0589700 secs] [Times: user=0.06 sys=0.00, real=0.05 secs] 
Total time for which application threads were stopped: 0.0595220 seconds
Application time: 0.0007980 seconds
989.664: [GC [1 CMS-initial-mark: 1715K(49152K)] 1979K(63936K), 0.0004750 secs] [Times: user=0.00 sys=0.00, real=0.00 secs] 
Total time for which application threads were stopped: 0.0007150 seconds
989.665: [CMS-concurrent-mark-start]
Application time: 0.0001340 seconds
989.665: [Full GC (System) 989.665: [CMS989.690: [CMS-concurrent-mark: 0.025/0.026 secs] [Times: user=0.02 sys=0.00, real=0.02 secs] 
 (concurrent mode interrupted): 1715K->1715K(49152K), 0.0716210 secs] 1979K->1715K(63936K), [CMS Perm : 7395K->7395K(16384K)], 0.0717550 secs] [Times: user=0.07 sys=0.00, real=0.06 secs] 
Total time for which application threads were stopped: 0.0720580 seconds
Application time: 15.4256030 seconds
Total time for which application threads were stopped: 0.0002260 seconds
Application time: 0.0012970 seconds
Total time for which application threads were stopped: 0.0001630 seconds
Application time: 0.0000520 seconds
Total time for which application threads were stopped: 0.0001380 seconds
Application time: 0.2880210 seconds
Total time for which application threads were stopped: 0.0001440 seconds
Application time: 0.0000490 seconds
Total time for which application threads were stopped: 0.0000850 seconds
Application time: 0.0001700 seconds
Total time for which application threads were stopped: 0.0000910 seconds
Application time: 2.1170040 seconds
1007.570: [Full GC (System) 1007.570: [CMS: 1715K->1718K(49152K), 0.0648310 secs] 2910K->1718K(63936K), [CMS Perm : 7398K->7395K(16384K)], 0.0649800 secs] [Times: user=0.06 sys=0.01, real=0.05 secs] 
Total time for which application threads were stopped: 0.0655340 seconds
Application time: 0.0066950 seconds
1007.642: [GC [1 CMS-initial-mark: 1718K(49152K)] 1982K(63936K), 0.0004680 secs] [Times: user=0.00 sys=0.00, real=0.00 secs] 
Total time for which application threads were stopped: 0.0007190 seconds
1007.643: [CMS-concurrent-mark-start]
Application time: 0.0001460 seconds
1007.643: [Full GC (System) 1007.643: [CMS1007.673: [CMS-concurrent-mark: 0.030/0.030 secs] [Times: user=0.03 sys=0.00, real=0.03 secs] 
 (concurrent mode interrupted): 1718K->1718K(49152K), 0.0760790 secs] 1982K->1718K(63936K), [CMS Perm : 7395K->7395K(16384K)], 0.0762110 secs] [Times: user=0.07 sys=0.00, real=0.06 secs] 
Total time for which application threads were stopped: 0.0765380 seconds
Application time: 17.9461080 seconds
1025.666: [Full GC (System) 1025.666: [CMS: 1718K->1716K(49152K), 0.0576150 secs] 1982K->1716K(63936K), [CMS Perm : 7395K->7395K(16384K)], 0.0578070 secs] [Times: user=0.06 sys=0.00, real=0.04 secs] 
Total time for which application threads were stopped: 0.0583260 seconds
Application time: 0.0005570 seconds
1025.725: [GC [1 CMS-initial-mark: 1716K(49152K)] 1979K(63936K), 0.0005250 secs] [Times: user=0.00 sys=0.00, real=0.00 secs] 
Total time for which application threads were stopped: 0.0007960 seconds
1025.725: [CMS-concurrent-mark-start]
Application time: 0.0001190 seconds
1025.726: [Full GC (System) 1025.726: [CMS1025.751: [CMS-concurrent-mark: 0.025/0.025 secs] [Times: user=0.02 sys=0.00, real=0.03 secs] 
 (concurrent mode interrupted): 1716K->1716K(49152K), 0.0742750 secs] 1979K->1716K(63936K), [CMS Perm : 7395K->7395K(16384K)], 0.0744160 secs] [Times: user=0.07 sys=0.01, real=0.07 secs] 
Total time for which application threads were stopped: 0.0747170 seconds
Application time: 18.0604110 seconds
1043.861: [Full GC (System) 1043.861: [CMS: 1716K->1716K(49152K), 0.0520760 secs] 1979K->1716K(63936K), [CMS Perm : 7395K->7395K(16384K)], 0.0522270 secs] [Times: user=0.05 sys=0.00, real=0.04 secs] 
Total time for which application threads were stopped: 0.0528070 seconds
Application time: 0.0006860 seconds
1043.914: [GC [1 CMS-initial-mark: 1716K(49152K)] 1979K(63936K), 0.0004440 secs] [Times: user=0.00 sys=0.00, real=0.00 secs] 
Total time for which application threads were stopped: 0.0006090 seconds
1043.915: [CMS-concurrent-mark-start]
Application time: 0.0001090 seconds
1043.915: [Full GC (System) 1043.915: [CMS1043.941: [CMS-concurrent-mark: 0.026/0.027 secs] [Times: user=0.03 sys=0.00, real=0.02 secs] 
 (concurrent mode interrupted): 1716K->1716K(49152K), 0.0726050 secs] 1979K->1716K(63936K), [CMS Perm : 7395K->7395K(16384K)], 0.0728040 secs] [Times: user=0.07 sys=0.00, real=0.06 secs] 
Total time for which application threads were stopped: 0.0730740 seconds
Application time: 18.0100530 seconds
1061.998: [Full GC (System) 1061.999: [CMS: 1716K->1716K(49152K), 0.0578070 secs] 1979K->1716K(63936K), [CMS Perm : 7395K->7395K(16384K)], 0.0579540 secs] [Times: user=0.06 sys=0.00, real=0.05 secs] 
Total time for which application threads were stopped: 0.0586530 seconds
Application time: 0.0007940 seconds
1062.057: [GC [1 CMS-initial-mark: 1716K(49152K)] 1979K(63936K), 0.0005260 secs] [Times: user=0.00 sys=0.00, real=0.00 secs] 
Total time for which application threads were stopped: 0.0007610 seconds
1062.058: [CMS-concurrent-mark-start]
Application time: 0.0002700 seconds
1062.059: [Full GC (System) 1062.059: [CMS1062.084: [CMS-concurrent-mark: 0.025/0.026 secs] [Times: user=0.03 sys=0.00, real=0.02 secs] 
 (concurrent mode interrupted): 1716K->1715K(49152K), 0.0711660 secs] 1979K->1715K(63936K), [CMS Perm : 7395K->7395K(16384K)], 0.0713960 secs] [Times: user=0.07 sys=0.00, real=0.06 secs] 
Total time for which application threads were stopped: 0.0716700 seconds
Application time: 17.8894280 seconds
1080.020: [Full GC (System) 1080.020: [CMS: 1715K->1715K(49152K), 0.0639330 secs] 1978K->1715K(63936K), [CMS Perm : 7395K->7395K(16384K)], 0.0641670 secs] [Times: user=0.07 sys=0.00, real=0.06 secs] 
Total time for which application threads were stopped: 0.0647850 seconds
Application time: 0.0005900 seconds
1080.085: [GC [1 CMS-initial-mark: 1715K(49152K)] 1978K(63936K), 0.0004780 secs] [Times: user=0.00 sys=0.00, real=0.00 secs] 
Total time for which application threads were stopped: 0.0006460 seconds
1080.086: [CMS-concurrent-mark-start]
Application time: 0.0001330 seconds
1080.086: [Full GC (System) 1080.086: [CMS1080.111: [CMS-concurrent-mark: 0.026/0.026 secs] [Times: user=0.02 sys=0.00, real=0.02 secs] 
 (concurrent mode interrupted): 1715K->1715K(49152K), 0.0735370 secs] 1978K->1715K(63936K), [CMS Perm : 7395K->7395K(16384K)], 0.0736520 secs] [Times: user=0.07 sys=0.00, real=0.06 secs] 
Total time for which application threads were stopped: 0.0739610 seconds
Application time: 18.1145630 seconds
1098.274: [Full GC (System) 1098.275: [CMS: 1715K->1715K(49152K), 0.0636630 secs] 1978K->1715K(63936K), [CMS Perm : 7395K->7395K(16384K)], 0.0638600 secs] [Times: user=0.06 sys=0.00, real=0.05 secs] 
Total time for which application threads were stopped: 0.0644240 seconds
Application time: 0.0009360 seconds
1098.340: [GC [1 CMS-initial-mark: 1715K(49152K)] 1978K(63936K), 0.0004410 secs] [Times: user=0.00 sys=0.00, real=0.00 secs] 
Total time for which application threads were stopped: 0.0006090 seconds
1098.340: [CMS-concurrent-mark-start]
Application time: 0.0001070 seconds
1098.340: [Full GC (System) 1098.340: [CMS1098.367: [CMS-concurrent-mark: 0.027/0.027 secs] [Times: user=0.03 sys=0.00, real=0.02 secs] 
 (concurrent mode interrupted): 1715K->1714K(49152K), 0.0753270 secs] 1978K->1714K(63936K), [CMS Perm : 7395K->7395K(16384K)], 0.0756370 secs] [Times: user=0.07 sys=0.01, real=0.06 secs] 
Total time for which application threads were stopped: 0.0759030 seconds
Application time: 18.5591940 seconds
1116.975: [Full GC (System) 1116.976: [CMS: 1714K->1715K(49152K), 0.0512270 secs] 2466K->1715K(63936K), [CMS Perm : 7395K->7395K(16384K)], 0.0513460 secs] [Times: user=0.05 sys=0.00, real=0.04 secs] 
Total time for which application threads were stopped: 0.0517290 seconds
Application time: 0.0049230 seconds
1117.032: [GC [1 CMS-initial-mark: 1715K(49152K)] 1979K(63936K), 0.0004750 secs] [Times: user=0.00 sys=0.00, real=0.00 secs] 
Total time for which application threads were stopped: 0.0007020 seconds
1117.033: [CMS-concurrent-mark-start]
Application time: 0.0006380 seconds
1117.033: [Full GC (System) 1117.033: [CMS1117.060: [CMS-concurrent-mark: 0.026/0.027 secs] [Times: user=0.03 sys=0.00, real=0.02 secs] 
 (concurrent mode interrupted): 1715K->1715K(49152K), 0.0742540 secs] 1979K->1715K(63936K), [CMS Perm : 7395K->7395K(16384K)], 0.0745730 secs] [Times: user=0.08 sys=0.00, real=0.05 secs] 
Total time for which application threads were stopped: 0.0748120 seconds
Application time: 17.9692080 seconds
1135.078: [Full GC (System) 1135.078: [CMS: 1715K->1712K(49152K), 0.0603900 secs] 1979K->1712K(63936K), [CMS Perm : 7395K->7395K(16384K)], 0.0605500 secs] [Times: user=0.06 sys=0.00, real=0.05 secs] 
Total time for which application threads were stopped: 0.0611900 seconds
Application time: 0.0002890 seconds
1135.139: [GC [1 CMS-initial-mark: 1712K(49152K)] 1976K(63936K), 0.0004450 secs] [Times: user=0.00 sys=0.00, real=0.00 secs] 
Total time for which application threads were stopped: 0.0006140 seconds
1135.140: [CMS-concurrent-mark-start]
Application time: 0.0001090 seconds
1135.140: [Full GC (System) 1135.140: [CMS1135.165: [CMS-concurrent-mark: 0.025/0.025 secs] [Times: user=0.02 sys=0.00, real=0.02 secs] 
 (concurrent mode interrupted): 1712K->1712K(49152K), 0.0715240 secs] 1976K->1712K(63936K), [CMS Perm : 7395K->7395K(16384K)], 0.0717000 secs] [Times: user=0.07 sys=0.00, real=0.05 secs] 
Total time for which application threads were stopped: 0.0719770 seconds
Application time: 18.0671980 seconds
1153.279: [Full GC (System) 1153.280: [CMS: 1712K->1712K(49152K), 0.0541160 secs] 1976K->1712K(63936K), [CMS Perm : 7395K->7395K(16384K)], 0.0542490 secs] [Times: user=0.05 sys=0.01, real=0.04 secs] 
Total time for which application threads were stopped: 0.0548710 seconds
Application time: 0.0002850 seconds
1153.335: [GC [1 CMS-initial-mark: 1712K(49152K)] 1976K(63936K), 0.0004420 secs] [Times: user=0.00 sys=0.00, real=0.00 secs] 
Total time for which application threads were stopped: 0.0006240 seconds
1153.335: [CMS-concurrent-mark-start]
Application time: 0.0001100 seconds
1153.335: [Full GC (System) 1153.335: [CMS1153.361: [CMS-concurrent-mark: 0.025/0.026 secs] [Times: user=0.03 sys=0.00, real=0.02 secs] 
 (concurrent mode interrupted): 1712K->1712K(49152K), 0.0736550 secs] 1976K->1712K(63936K), [CMS Perm : 7395K->7395K(16384K)], 0.0737520 secs] [Times: user=0.08 sys=0.00, real=0.06 secs] 
Total time for which application threads were stopped: 0.0740480 seconds
Application time: 18.1268520 seconds
1171.537: [Full GC (System) 1171.537: [CMS: 1712K->1712K(49152K), 0.0590320 secs] 1976K->1712K(63936K), [CMS Perm : 7395K->7395K(16384K)], 0.0592660 secs] [Times: user=0.06 sys=0.00, real=0.05 secs] 
Total time for which application threads were stopped: 0.0599250 seconds
Application time: 0.0003720 seconds
1171.597: [GC [1 CMS-initial-mark: 1712K(49152K)] 1976K(63936K), 0.0004720 secs] [Times: user=0.00 sys=0.00, real=0.00 secs] 
Total time for which application threads were stopped: 0.0006440 seconds
1171.598: [CMS-concurrent-mark-start]
Application time: 0.0001350 seconds
1171.598: [Full GC (System) 1171.598: [CMS1171.623: [CMS-concurrent-mark: 0.025/0.025 secs] [Times: user=0.02 sys=0.00, real=0.02 secs] 
 (concurrent mode interrupted): 1712K->1712K(49152K), 0.0714090 secs] 1976K->1712K(63936K), [CMS Perm : 7395K->7395K(16384K)], 0.0715340 secs] [Times: user=0.07 sys=0.00, real=0.06 secs] 
Total time for which application threads were stopped: 0.0718230 seconds
Application time: 17.9122650 seconds
1189.582: [Full GC (System) 1189.582: [CMS: 1712K->1712K(49152K), 0.0655810 secs] 1976K->1712K(63936K), [CMS Perm : 7395K->7395K(16384K)], 0.0657440 secs] [Times: user=0.06 sys=0.00, real=0.06 secs] 
Total time for which application threads were stopped: 0.0663740 seconds
Application time: 0.0002840 seconds
1189.649: [GC [1 CMS-initial-mark: 1712K(49152K)] 1976K(63936K), 0.0004550 secs] [Times: user=0.00 sys=0.00, real=0.00 secs] 
Total time for which application threads were stopped: 0.0006410 seconds
1189.649: [CMS-concurrent-mark-start]
Application time: 0.0001360 seconds
1189.650: [Full GC (System) 1189.650: [CMS1189.675: [CMS-concurrent-mark: 0.025/0.025 secs] [Times: user=0.03 sys=0.00, real=0.02 secs] 
 (concurrent mode interrupted): 1712K->1712K(49152K), 0.0695760 secs] 1976K->1712K(63936K), [CMS Perm : 7395K->7395K(16384K)], 0.0697800 secs] [Times: user=0.07 sys=0.01, real=0.06 secs] 
Total time for which application threads were stopped: 0.0701490 seconds
Application time: 18.1478330 seconds
1207.868: [Full GC (System) 1207.868: [CMS: 1712K->1712K(49152K), 0.0595170 secs] 1976K->1712K(63936K), [CMS Perm : 7395K->7395K(16384K)], 0.0596820 secs] [Times: user=0.06 sys=0.00, real=0.05 secs] 
Total time for which application threads were stopped: 0.0602440 seconds
Application time: 0.0003120 seconds
1207.928: [GC [1 CMS-initial-mark: 1712K(49152K)] 1976K(63936K), 0.0004450 secs] [Times: user=0.00 sys=0.00, real=0.00 secs] 
Total time for which application threads were stopped: 0.0006160 seconds
1207.929: [CMS-concurrent-mark-start]
Application time: 0.0001090 seconds
1207.929: [Full GC (System) 1207.929: [CMS1207.954: [CMS-concurrent-mark: 0.025/0.025 secs] [Times: user=0.02 sys=0.00, real=0.02 secs] 
 (concurrent mode interrupted): 1712K->1712K(49152K), 0.0686990 secs] 1976K->1712K(63936K), [CMS Perm : 7395K->7395K(16384K)], 0.0688290 secs] [Times: user=0.07 sys=0.00, real=0.05 secs] 
Total time for which application threads were stopped: 0.0690920 seconds
Application time: 18.2811650 seconds
1226.280: [Full GC (System) 1226.280: [CMS: 1712K->1712K(49152K), 0.0548390 secs] 1976K->1712K(63936K), [CMS Perm : 7395K->7395K(16384K)], 0.0549790 secs] [Times: user=0.05 sys=0.00, real=0.04 secs] 
Total time for which application threads were stopped: 0.0554660 seconds
Application time: 0.0002470 seconds
1226.335: [GC [1 CMS-initial-mark: 1712K(49152K)] 1976K(63936K), 0.0004540 secs] [Times: user=0.00 sys=0.00, real=0.00 secs] 
Total time for which application threads were stopped: 0.0006410 seconds
1226.336: [CMS-concurrent-mark-start]
Application time: 0.0002300 seconds
1226.336: [Full GC (System) 1226.336: [CMS1226.362: [CMS-concurrent-mark: 0.025/0.025 secs] [Times: user=0.03 sys=0.00, real=0.02 secs] 
 (concurrent mode interrupted): 1712K->1712K(49152K), 0.0781340 secs] 1976K->1712K(63936K), [CMS Perm : 7395K->7395K(16384K)], 0.0783560 secs] [Times: user=0.08 sys=0.00, real=0.07 secs] 
Total time for which application threads were stopped: 0.0786470 seconds
Application time: 18.4593130 seconds
1244.874: [Full GC (System) 1244.874: [CMS: 1712K->1712K(49152K), 0.0556090 secs] 1976K->1712K(63936K), [CMS Perm : 7395K->7395K(16384K)], 0.0557460 secs] [Times: user=0.04 sys=0.00, real=0.04 secs] 
Total time for which application threads were stopped: 0.0561210 seconds
Application time: 0.0003010 seconds
1244.931: [GC [1 CMS-initial-mark: 1712K(49152K)] 1976K(63936K), 0.0004450 secs] [Times: user=0.00 sys=0.00, real=0.00 secs] 
Total time for which application threads were stopped: 0.0006100 seconds
1244.931: [CMS-concurrent-mark-start]
Application time: 0.0001100 seconds
1244.932: [Full GC (System) 1244.932: [CMS1244.957: [CMS-concurrent-mark: 0.025/0.025 secs] [Times: user=0.03 sys=0.00, real=0.02 secs] 
 (concurrent mode interrupted): 1712K->1712K(49152K), 0.0717240 secs] 1976K->1712K(63936K), [CMS Perm : 7395K->7395K(16384K)], 0.0718600 secs] [Times: user=0.07 sys=0.00, real=0.06 secs] 
Total time for which application threads were stopped: 0.0721290 seconds
Application time: 18.0796160 seconds
1263.084: [Full GC (System) 1263.084: [CMS: 1712K->1712K(49152K), 0.0540220 secs] 1976K->1712K(63936K), [CMS Perm : 7395K->7395K(16384K)], 0.0541520 secs] [Times: user=0.06 sys=0.00, real=0.05 secs] 
Total time for which application threads were stopped: 0.0547990 seconds
Application time: 0.0002790 seconds
1263.139: [GC [1 CMS-initial-mark: 1712K(49152K)] 1976K(63936K), 0.0004060 secs] [Times: user=0.00 sys=0.00, real=0.00 secs] 
Total time for which application threads were stopped: 0.0006320 seconds
1263.139: [CMS-concurrent-mark-start]
Application time: 0.0001090 seconds
1263.139: [Full GC (System) 1263.139: [CMS1263.165: [CMS-concurrent-mark: 0.025/0.025 secs] [Times: user=0.02 sys=0.00, real=0.02 secs] 
 (concurrent mode interrupted): 1712K->1712K(49152K), 0.0695930 secs] 1976K->1712K(63936K), [CMS Perm : 7395K->7395K(16384K)], 0.0699540 secs] [Times: user=0.06 sys=0.00, real=0.05 secs] 
Total time for which application threads were stopped: 0.0702010 seconds
Application time: 18.7132930 seconds
1281.923: [Full GC (System) 1281.923: [CMS: 1712K->1712K(49152K), 0.0567460 secs] 1976K->1712K(63936K), [CMS Perm : 7395K->7395K(16384K)], 0.0569360 secs] [Times: user=0.06 sys=0.00, real=0.04 secs] 
Total time for which application threads were stopped: 0.0575110 seconds
Application time: 0.0003480 seconds
1281.981: [GC [1 CMS-initial-mark: 1712K(49152K)] 1976K(63936K), 0.0004580 secs] [Times: user=0.00 sys=0.00, real=0.00 secs] 
Total time for which application threads were stopped: 0.0006230 seconds
1281.982: [CMS-concurrent-mark-start]
Application time: 0.0001660 seconds
1281.982: [Full GC (System) 1281.982: [CMS1282.007: [CMS-concurrent-mark: 0.025/0.026 secs] [Times: user=0.02 sys=0.00, real=0.02 secs] 
 (concurrent mode interrupted): 1712K->1712K(49152K), 0.0716680 secs] 1976K->1712K(63936K), [CMS Perm : 7395K->7395K(16384K)], 0.0719130 secs] [Times: user=0.07 sys=0.00, real=0.06 secs] 
Total time for which application threads were stopped: 0.0721810 seconds
Application time: 18.0190020 seconds
1300.073: [Full GC (System) 1300.074: [CMS: 1712K->1712K(49152K), 0.0789840 secs] 1976K->1712K(63936K), [CMS Perm : 7395K->7395K(16384K)], 0.0791280 secs] [Times: user=0.05 sys=0.01, real=0.07 secs] 
Total time for which application threads were stopped: 0.0797530 seconds
Application time: 0.0002910 seconds
1300.153: [GC [1 CMS-initial-mark: 1712K(49152K)] 1976K(63936K), 0.0004590 secs] [Times: user=0.00 sys=0.00, real=0.00 secs] 
Total time for which application threads were stopped: 0.0006410 seconds
1300.154: [CMS-concurrent-mark-start]
Application time: 0.0001100 seconds
1300.154: [Full GC (System) 1300.154: [CMS1300.180: [CMS-concurrent-mark: 0.025/0.026 secs] [Times: user=0.03 sys=0.00, real=0.02 secs] 
 (concurrent mode interrupted): 1712K->1712K(49152K), 0.0779580 secs] 1976K->1712K(63936K), [CMS Perm : 7395K->7395K(16384K)], 0.0780680 secs] [Times: user=0.08 sys=0.00, real=0.06 secs] 
Total time for which application threads were stopped: 0.0783200 seconds
Application time: 16.2094570 seconds
Total time for which application threads were stopped: 0.0001750 seconds
Application time: 0.0023400 seconds
Total time for which application threads were stopped: 0.0002020 seconds
Application time: 0.0000960 seconds
Total time for which application threads were stopped: 0.0001250 seconds
Application time: 0.6810360 seconds
Total time for which application threads were stopped: 0.0001960 seconds
Application time: 0.0000490 seconds
Total time for which application threads were stopped: 0.0001040 seconds
Application time: 0.0136220 seconds
Total time for which application threads were stopped: 0.0001680 seconds
Application time: 1.4912170 seconds
1318.632: [Full GC (System) 1318.632: [CMS: 1712K->1722K(49152K), 0.0650960 secs] 2995K->1722K(63936K), [CMS Perm : 7399K->7396K(16384K)], 0.0652580 secs] [Times: user=0.06 sys=0.01, real=0.05 secs] 
Total time for which application threads were stopped: 0.0660070 seconds
Application time: 0.0006520 seconds
1318.699: [GC [1 CMS-initial-mark: 1722K(49152K)] 1985K(63936K), 0.0004270 secs] [Times: user=0.00 sys=0.00, real=0.00 secs] 
Total time for which application threads were stopped: 0.0006840 seconds
1318.700: [CMS-concurrent-mark-start]
Application time: 0.0001170 seconds
1318.700: [Full GC (System) 1318.700: [CMS1318.728: [CMS-concurrent-mark: 0.027/0.028 secs] [Times: user=0.02 sys=0.00, real=0.02 secs] 
 (concurrent mode interrupted): 1722K->1716K(49152K), 0.0803700 secs] 1985K->1716K(63936K), [CMS Perm : 7396K->7396K(16384K)], 0.0804870 secs] [Times: user=0.07 sys=0.00, real=0.06 secs] 
Total time for which application threads were stopped: 0.0807490 seconds
Application time: 18.2338220 seconds
1337.015: [Full GC (System) 1337.015: [CMS: 1716K->1716K(49152K), 0.0545660 secs] 1980K->1716K(63936K), [CMS Perm : 7396K->7396K(16384K)], 0.0547700 secs] [Times: user=0.05 sys=0.00, real=0.04 secs] 
Total time for which application threads were stopped: 0.0554970 seconds
Application time: 0.0006960 seconds
1337.071: [GC [1 CMS-initial-mark: 1716K(49152K)] 1980K(63936K), 0.0004790 secs] [Times: user=0.00 sys=0.00, real=0.00 secs] 
Total time for which application threads were stopped: 0.0006500 seconds
1337.071: [CMS-concurrent-mark-start]
Application time: 0.0001100 seconds
1337.072: [Full GC (System) 1337.072: [CMS1337.097: [CMS-concurrent-mark: 0.025/0.026 secs] [Times: user=0.03 sys=0.00, real=0.02 secs] 
 (concurrent mode interrupted): 1716K->1716K(49152K), 0.0709700 secs] 1980K->1716K(63936K), [CMS Perm : 7396K->7396K(16384K)], 0.0711240 secs] [Times: user=0.07 sys=0.00, real=0.06 secs] 
Total time for which application threads were stopped: 0.0713940 seconds
Application time: 17.7944560 seconds
1354.938: [Full GC (System) 1354.938: [CMS: 1716K->1716K(49152K), 0.0613480 secs] 1980K->1716K(63936K), [CMS Perm : 7396K->7396K(16384K)], 0.0616420 secs] [Times: user=0.07 sys=0.00, real=0.05 secs] 
Total time for which application threads were stopped: 0.0622400 seconds
Application time: 0.0007840 seconds
1355.001: [GC [1 CMS-initial-mark: 1716K(49152K)] 1980K(63936K), 0.0004590 secs] [Times: user=0.00 sys=0.00, real=0.00 secs] 
Total time for which application threads were stopped: 0.0006280 seconds
1355.001: [CMS-concurrent-mark-start]
Application time: 0.0001080 seconds
1355.001: [Full GC (System) 1355.001: [CMS1355.026: [CMS-concurrent-mark: 0.025/0.025 secs] [Times: user=0.02 sys=0.00, real=0.02 secs] 
 (concurrent mode interrupted): 1716K->1716K(49152K), 0.1212200 secs] 1980K->1716K(63936K), [CMS Perm : 7396K->7396K(16384K)], 0.1213500 secs] [Times: user=0.07 sys=0.00, real=0.10 secs] 
Total time for which application threads were stopped: 0.1299090 seconds
Application time: 6.1821900 seconds
Total time for which application threads were stopped: 0.0002340 seconds
Application time: 0.0009070 seconds
Total time for which application threads were stopped: 0.0001630 seconds
Application time: 0.0002480 seconds
Total time for which application threads were stopped: 0.0000900 seconds
Application time: 0.2532830 seconds
Total time for which application threads were stopped: 0.0001470 seconds
Application time: 0.0000490 seconds
Total time for which application threads were stopped: 0.0000850 seconds
Application time: 0.0001500 seconds
Total time for which application threads were stopped: 0.0000880 seconds
Application time: 0.0002290 seconds
Total time for which application threads were stopped: 0.0001790 seconds
Application time: 12.0349150 seconds
1373.596: [Full GC (System) 1373.596: [CMS: 1716K->1725K(49152K), 0.0515670 secs] 2999K->1725K(63936K), [CMS Perm : 7399K->7396K(16384K)], 0.0517020 secs] [Times: user=0.05 sys=0.00, real=0.04 secs] 
Total time for which application threads were stopped: 0.0522820 seconds
Application time: 0.0033710 seconds
1373.651: [GC [1 CMS-initial-mark: 1725K(49152K)] 1988K(63936K), 0.0004520 secs] [Times: user=0.00 sys=0.00, real=0.00 secs] 
Total time for which application threads were stopped: 0.0006560 seconds
1373.652: [CMS-concurrent-mark-start]
Application time: 0.0021520 seconds
1373.654: [Full GC (System) 1373.654: [CMS1373.681: [CMS-concurrent-mark: 0.026/0.029 secs] [Times: user=0.03 sys=0.00, real=0.02 secs] 
 (concurrent mode interrupted): 1725K->1725K(49152K), 0.0762270 secs] 1988K->1725K(63936K), [CMS Perm : 7396K->7396K(16384K)], 0.0765280 secs] [Times: user=0.07 sys=0.00, real=0.06 secs] 
Total time for which application threads were stopped: 0.0769060 seconds
Application time: 18.0163000 seconds
1391.748: [Full GC (System) 1391.748: [CMS: 1725K->1717K(49152K), 0.0519410 secs] 1988K->1717K(63936K), [CMS Perm : 7396K->7396K(16384K)], 0.0520960 secs] [Times: user=0.05 sys=0.00, real=0.05 secs] 
Total time for which application threads were stopped: 0.0527380 seconds
Application time: 0.0006050 seconds
1391.801: [GC [1 CMS-initial-mark: 1717K(49152K)] 1981K(63936K), 0.0005220 secs] [Times: user=0.00 sys=0.00, real=0.00 secs] 
Total time for which application threads were stopped: 0.0006950 seconds
1391.801: [CMS-concurrent-mark-start]
Application time: 0.0001130 seconds
1391.802: [Full GC (System) 1391.802: [CMS1391.828: [CMS-concurrent-mark: 0.026/0.027 secs] [Times: user=0.02 sys=0.00, real=0.02 secs] 
 (concurrent mode interrupted): 1717K->1717K(49152K), 0.0735930 secs] 1981K->1717K(63936K), [CMS Perm : 7396K->7396K(16384K)], 0.0737350 secs] [Times: user=0.07 sys=0.00, real=0.06 secs] 
Total time for which application threads were stopped: 0.0741110 seconds
Application time: 18.1006980 seconds
1409.977: [Full GC (System) 1409.977: [CMS: 1717K->1717K(49152K), 0.0475160 secs] 1981K->1717K(63936K), [CMS Perm : 7396K->7396K(16384K)], 0.0476400 secs] [Times: user=0.05 sys=0.00, real=0.04 secs] 
Total time for which application threads were stopped: 0.0480300 seconds
Application time: 0.0023390 seconds
1410.028: [GC [1 CMS-initial-mark: 1717K(49152K)] 1981K(63936K), 0.0005540 secs] [Times: user=0.00 sys=0.00, real=0.00 secs] 
Total time for which application threads were stopped: 0.0008490 seconds
1410.029: [CMS-concurrent-mark-start]
Application time: 0.0016520 seconds
1410.031: [Full GC (System) 1410.031: [CMS1410.059: [CMS-concurrent-mark: 0.027/0.029 secs] [Times: user=0.03 sys=0.00, real=0.03 secs] 
 (concurrent mode interrupted): 1717K->1717K(49152K), 0.0828500 secs] 1981K->1717K(63936K), [CMS Perm : 7396K->7396K(16384K)], 0.0842390 secs] [Times: user=0.07 sys=0.01, real=0.07 secs] 
Total time for which application threads were stopped: 0.0845480 seconds
Application time: 17.9003020 seconds
1428.016: [Full GC (System) 1428.016: [CMS: 1717K->1717K(49152K), 0.0529980 secs] 1981K->1717K(63936K), [CMS Perm : 7396K->7396K(16384K)], 0.0531120 secs] [Times: user=0.06 sys=0.00, real=0.04 secs] 
Total time for which application threads were stopped: 0.0535710 seconds
Application time: 0.0152670 seconds
1428.085: [GC [1 CMS-initial-mark: 1717K(49152K)] 1981K(63936K), 0.0005200 secs] [Times: user=0.00 sys=0.00, real=0.00 secs] 
Total time for which application threads were stopped: 0.0007670 seconds
1428.085: [CMS-concurrent-mark-start]
Application time: 0.0015110 seconds
1428.087: [Full GC (System) 1428.087: [CMS1428.114: [CMS-concurrent-mark: 0.027/0.029 secs] [Times: user=0.02 sys=0.00, real=0.03 secs] 
 (concurrent mode interrupted): 1717K->1717K(49152K), 0.1030660 secs] 1981K->1717K(63936K), [CMS Perm : 7396K->7396K(16384K)], 0.1032860 secs] [Times: user=0.07 sys=0.00, real=0.09 secs] 
Total time for which application threads were stopped: 0.1036740 seconds
Application time: 19.0591080 seconds
1447.250: [Full GC (System) 1447.250: [CMS: 1717K->1717K(49152K), 0.0533730 secs] 2468K->1717K(63936K), [CMS Perm : 7396K->7396K(16384K)], 0.0535190 secs] [Times: user=0.05 sys=0.00, real=0.05 secs] 
Total time for which application threads were stopped: 0.0541710 seconds
Application time: 0.0006830 seconds
1447.304: [GC [1 CMS-initial-mark: 1717K(49152K)] 1981K(63936K), 0.0006600 secs] [Times: user=0.00 sys=0.00, real=0.00 secs] 
Total time for which application threads were stopped: 0.0008420 seconds
1447.305: [CMS-concurrent-mark-start]
Application time: 0.0001140 seconds
1447.305: [Full GC (System) 1447.305: [CMS1447.331: [CMS-concurrent-mark: 0.025/0.025 secs] [Times: user=0.03 sys=0.00, real=0.02 secs] 
 (concurrent mode interrupted): 1717K->1717K(49152K), 0.0721200 secs] 1981K->1717K(63936K), [CMS Perm : 7396K->7396K(16384K)], 0.0722540 secs] [Times: user=0.08 sys=0.00, real=0.06 secs] 
Total time for which application threads were stopped: 0.0725520 seconds
Application time: 18.0482530 seconds
1465.427: [Full GC (System) 1465.427: [CMS: 1717K->1715K(49152K), 0.0540000 secs] 1981K->1715K(63936K), [CMS Perm : 7396K->7396K(16384K)], 0.0541330 secs] [Times: user=0.05 sys=0.00, real=0.04 secs] 
Total time for which application threads were stopped: 0.0548650 seconds
Application time: 0.0005790 seconds
1465.482: [GC [1 CMS-initial-mark: 1715K(49152K)] 1979K(63936K), 0.0004600 secs] [Times: user=0.00 sys=0.00, real=0.00 secs] 
Total time for which application threads were stopped: 0.0006260 seconds
1465.482: [CMS-concurrent-mark-start]
Application time: 0.0001090 seconds
1465.482: [Full GC (System) 1465.483: [CMS1465.508: [CMS-concurrent-mark: 0.026/0.026 secs] [Times: user=0.03 sys=0.00, real=0.02 secs] 
 (concurrent mode interrupted): 1715K->1714K(49152K), 0.0712230 secs] 1979K->1714K(63936K), [CMS Perm : 7396K->7396K(16384K)], 0.0713350 secs] [Times: user=0.07 sys=0.00, real=0.06 secs] 
Total time for which application threads were stopped: 0.0717100 seconds
Application time: 18.1070670 seconds
1483.662: [Full GC (System) 1483.662: [CMS: 1714K->1714K(49152K), 0.0560640 secs] 1977K->1714K(63936K), [CMS Perm : 7396K->7396K(16384K)], 0.0563040 secs] [Times: user=0.06 sys=0.00, real=0.05 secs] 
Total time for which application threads were stopped: 0.0570080 seconds
Application time: 0.0009420 seconds
1483.719: [GC [1 CMS-initial-mark: 1714K(49152K)] 1977K(63936K), 0.0004450 secs] [Times: user=0.00 sys=0.00, real=0.00 secs] 
Total time for which application threads were stopped: 0.0006370 seconds
1483.720: [CMS-concurrent-mark-start]
Application time: 0.0001480 seconds
1483.720: [Full GC (System) 1483.720: [CMS1483.745: [CMS-concurrent-mark: 0.025/0.025 secs] [Times: user=0.03 sys=0.00, real=0.02 secs] 
 (concurrent mode interrupted): 1714K->1714K(49152K), 0.0690600 secs] 1977K->1714K(63936K), [CMS Perm : 7396K->7396K(16384K)], 0.0691670 secs] [Times: user=0.07 sys=0.00, real=0.06 secs] 
Total time for which application threads were stopped: 0.0694620 seconds
Application time: 17.7706680 seconds
1501.560: [Full GC (System) 1501.561: [CMS: 1714K->1714K(49152K), 0.0650000 secs] 1977K->1714K(63936K), [CMS Perm : 7396K->7396K(16384K)], 0.0651370 secs] [Times: user=0.06 sys=0.00, real=0.05 secs] 
Total time for which application threads were stopped: 0.0658050 seconds
Application time: 0.0006090 seconds
1501.627: [GC [1 CMS-initial-mark: 1714K(49152K)] 1977K(63936K), 0.0004460 secs] [Times: user=0.00 sys=0.00, real=0.00 secs] 
Total time for which application threads were stopped: 0.0006980 seconds
1501.627: [CMS-concurrent-mark-start]
Application time: 0.0001110 seconds
1501.627: [Full GC (System) 1501.627: [CMS1501.653: [CMS-concurrent-mark: 0.025/0.026 secs] [Times: user=0.03 sys=0.00, real=0.02 secs] 
 (concurrent mode interrupted): 1714K->1714K(49152K), 0.0702470 secs] 1977K->1714K(63936K), [CMS Perm : 7396K->7396K(16384K)], 0.0703520 secs] [Times: user=0.07 sys=0.00, real=0.06 secs] 
Total time for which application threads were stopped: 0.0706340 seconds
Application time: 11.7755620 seconds
Total time for which application threads were stopped: 0.0002100 seconds
Application time: 0.0015490 seconds
Total time for which application threads were stopped: 0.0001270 seconds
Application time: 0.0000490 seconds
Total time for which application threads were stopped: 0.0001050 seconds
Application time: 0.4059410 seconds
Total time for which application threads were stopped: 0.0001470 seconds
Application time: 0.0000690 seconds
Total time for which application threads were stopped: 0.0000990 seconds
Application time: 0.0001260 seconds
Total time for which application threads were stopped: 0.0000870 seconds
Application time: 5.6066830 seconds
1519.489: [Full GC (System) 1519.489: [CMS: 1714K->1723K(49152K), 0.0570470 secs] 2996K->1723K(63936K), [CMS Perm : 7399K->7396K(16384K)], 0.0572090 secs] [Times: user=0.05 sys=0.00, real=0.05 secs] 
Total time for which application threads were stopped: 0.0580700 seconds
Application time: 0.0008550 seconds
1519.548: [GC [1 CMS-initial-mark: 1723K(49152K)] 1986K(63936K), 0.0004540 secs] [Times: user=0.00 sys=0.00, real=0.00 secs] 
Total time for which application threads were stopped: 0.0006400 seconds
1519.548: [CMS-concurrent-mark-start]
Application time: 0.0001340 seconds
1519.548: [Full GC (System) 1519.548: [CMS1519.577: [CMS-concurrent-mark: 0.027/0.028 secs] [Times: user=0.03 sys=0.00, real=0.02 secs] 
 (concurrent mode interrupted): 1723K->1723K(49152K), 0.0831000 secs] 1986K->1723K(63936K), [CMS Perm : 7396K->7396K(16384K)], 0.0832020 secs] [Times: user=0.08 sys=0.00, real=0.07 secs] 
Total time for which application threads were stopped: 0.0835130 seconds
Application time: 18.1321780 seconds
1537.764: [Full GC (System) 1537.764: [CMS: 1723K->1717K(49152K), 0.0543430 secs] 1986K->1717K(63936K), [CMS Perm : 7396K->7396K(16384K)], 0.0544810 secs] [Times: user=0.05 sys=0.00, real=0.05 secs] 
Total time for which application threads were stopped: 0.0550800 seconds
Application time: 0.0011580 seconds
1537.820: [GC [1 CMS-initial-mark: 1717K(49152K)] 1981K(63936K), 0.0004560 secs] [Times: user=0.01 sys=0.00, real=0.00 secs] 
Total time for which application threads were stopped: 0.0006700 seconds
1537.821: [CMS-concurrent-mark-start]
Application time: 0.0001110 seconds
1537.821: [Full GC (System) 1537.821: [CMS1537.848: [CMS-concurrent-mark: 0.027/0.027 secs] [Times: user=0.02 sys=0.00, real=0.02 secs] 
 (concurrent mode interrupted): 1717K->1717K(49152K), 0.0731790 secs] 1981K->1717K(63936K), [CMS Perm : 7396K->7396K(16384K)], 0.0732970 secs] [Times: user=0.07 sys=0.00, real=0.06 secs] 
Total time for which application threads were stopped: 0.0735280 seconds
Application time: 17.6198810 seconds
1555.515: [Full GC (System) 1555.515: [CMS: 1717K->1717K(49152K), 0.0590490 secs] 1981K->1717K(63936K), [CMS Perm : 7396K->7396K(16384K)], 0.0592020 secs] [Times: user=0.05 sys=0.00, real=0.05 secs] 
Total time for which application threads were stopped: 0.0598060 seconds
Application time: 0.0010600 seconds
1555.575: [GC [1 CMS-initial-mark: 1717K(49152K)] 1981K(63936K), 0.0005720 secs] [Times: user=0.00 sys=0.00, real=0.01 secs] 
Total time for which application threads were stopped: 0.0007810 seconds
1555.576: [CMS-concurrent-mark-start]
Application time: 0.0001200 seconds
1555.576: [Full GC (System) 1555.576: [CMS1555.602: [CMS-concurrent-mark: 0.025/0.025 secs] [Times: user=0.02 sys=0.00, real=0.02 secs] 
 (concurrent mode interrupted): 1717K->1717K(49152K), 0.0756920 secs] 1981K->1717K(63936K), [CMS Perm : 7396K->7396K(16384K)], 0.0758460 secs] [Times: user=0.07 sys=0.00, real=0.06 secs] 
Total time for which application threads were stopped: 0.0761750 seconds
Application time: 12.5469760 seconds
Total time for which application threads were stopped: 0.0001830 seconds
Application time: 0.0154660 seconds
Total time for which application threads were stopped: 0.0001500 seconds
Application time: 0.0000500 seconds
Total time for which application threads were stopped: 0.0000850 seconds
Application time: 0.4170660 seconds
Total time for which application threads were stopped: 0.0001650 seconds
Application time: 0.0000490 seconds
Total time for which application threads were stopped: 0.0000850 seconds
Application time: 0.0001300 seconds
Total time for which application threads were stopped: 0.0000970 seconds
Application time: 4.9118240 seconds
1573.545: [Full GC (System) 1573.545: [CMS: 1717K->1727K(49152K), 0.0521450 secs] 3000K->1727K(63936K), [CMS Perm : 7466K->7463K(16384K)], 0.0523170 secs] [Times: user=0.05 sys=0.00, real=0.04 secs] 
Total time for which application threads were stopped: 0.0528590 seconds
Application time: 0.0010020 seconds
1573.599: [GC [1 CMS-initial-mark: 1727K(49152K)] 1990K(63936K), 0.0004410 secs] [Times: user=0.00 sys=0.00, real=0.00 secs] 
Total time for which application threads were stopped: 0.0006220 seconds
1573.599: [CMS-concurrent-mark-start]
Application time: 0.0001120 seconds
1573.599: [Full GC (System) 1573.599: [CMS1573.626: [CMS-concurrent-mark: 0.027/0.027 secs] [Times: user=0.03 sys=0.00, real=0.03 secs] 
 (concurrent mode interrupted): 1727K->1727K(49152K), 0.0743400 secs] 1990K->1727K(63936K), [CMS Perm : 7463K->7463K(16384K)], 0.0744370 secs] [Times: user=0.08 sys=0.00, real=0.06 secs] 
Total time for which application threads were stopped: 0.0747040 seconds
Application time: 17.9462570 seconds
1591.621: [Full GC (System) 1591.621: [CMS: 1727K->1719K(49152K), 0.0547950 secs] 1990K->1719K(63936K), [CMS Perm : 7463K->7463K(16384K)], 0.0549240 secs] [Times: user=0.05 sys=0.01, real=0.04 secs] 
Total time for which application threads were stopped: 0.0556220 seconds
Application time: 0.0003100 seconds
1591.677: [GC [1 CMS-initial-mark: 1719K(49152K)] 1982K(63936K), 0.0004370 secs] [Times: user=0.00 sys=0.00, real=0.00 secs] 
Total time for which application threads were stopped: 0.0006710 seconds
1591.677: [CMS-concurrent-mark-start]
Application time: 0.0001100 seconds
1591.678: [Full GC (System) 1591.678: [CMS1591.702: [CMS-concurrent-mark: 0.025/0.025 secs] [Times: user=0.02 sys=0.00, real=0.02 secs] 
 (concurrent mode interrupted): 1719K->1719K(49152K), 0.0711260 secs] 1982K->1719K(63936K), [CMS Perm : 7463K->7463K(16384K)], 0.0712750 secs] [Times: user=0.07 sys=0.00, real=0.06 secs] 
Total time for which application threads were stopped: 0.0717230 seconds
Application time: 18.2401240 seconds
1609.989: [Full GC (System) 1609.990: [CMS: 1719K->1719K(49152K), 0.0526230 secs] 1982K->1719K(63936K), [CMS Perm : 7463K->7463K(16384K)], 0.0527920 secs] [Times: user=0.05 sys=0.00, real=0.05 secs] 
Total time for which application threads were stopped: 0.0533360 seconds
Application time: 0.0003020 seconds
1610.043: [GC [1 CMS-initial-mark: 1719K(49152K)] 1982K(63936K), 0.0004900 secs] [Times: user=0.00 sys=0.00, real=0.00 secs] 
Total time for which application threads were stopped: 0.0007090 seconds
1610.044: [CMS-concurrent-mark-start]
Application time: 0.0001250 seconds
1610.044: [Full GC (System) 1610.044: [CMS1610.070: [CMS-concurrent-mark: 0.025/0.026 secs] [Times: user=0.03 sys=0.00, real=0.02 secs] 
 (concurrent mode interrupted): 1719K->1719K(49152K), 0.0705000 secs] 1982K->1719K(63936K), [CMS Perm : 7463K->7463K(16384K)], 0.0706550 secs] [Times: user=0.07 sys=0.00, real=0.06 secs] 
Total time for which application threads were stopped: 0.0709000 seconds
Application time: 18.2170320 seconds
1628.332: [Full GC (System) 1628.332: [CMS: 1719K->1719K(49152K), 0.0590360 secs] 1982K->1719K(63936K), [CMS Perm : 7463K->7463K(16384K)], 0.0592410 secs] [Times: user=0.06 sys=0.00, real=0.05 secs] 
Total time for which application threads were stopped: 0.0598960 seconds
Application time: 0.0003070 seconds
1628.392: [GC [1 CMS-initial-mark: 1719K(49152K)] 1982K(63936K), 0.0004570 secs] [Times: user=0.00 sys=0.00, real=0.00 secs] 
Total time for which application threads were stopped: 0.0006410 seconds
1628.393: [CMS-concurrent-mark-start]
Application time: 0.0001290 seconds
1628.393: [Full GC (System) 1628.393: [CMS1628.419: [CMS-concurrent-mark: 0.026/0.026 secs] [Times: user=0.03 sys=0.00, real=0.02 secs] 
 (concurrent mode interrupted): 1719K->1719K(49152K), 0.0717250 secs] 1982K->1719K(63936K), [CMS Perm : 7463K->7463K(16384K)], 0.0718870 secs] [Times: user=0.07 sys=0.00, real=0.06 secs] 
Total time for which application threads were stopped: 0.0721520 seconds
Application time: 18.1780380 seconds
1646.644: [Full GC (System) 1646.644: [CMS: 1719K->1719K(49152K), 0.0603690 secs] 1982K->1719K(63936K), [CMS Perm : 7463K->7463K(16384K)], 0.0605350 secs] [Times: user=0.06 sys=0.00, real=0.05 secs] 
Total time for which application threads were stopped: 0.0614460 seconds
Application time: 0.0003060 seconds
1646.706: [GC [1 CMS-initial-mark: 1719K(49152K)] 1982K(63936K), 0.0005490 secs] [Times: user=0.00 sys=0.00, real=0.00 secs] 
Total time for which application threads were stopped: 0.0007780 seconds
1646.706: [CMS-concurrent-mark-start]
Application time: 0.0001460 seconds
1646.707: [Full GC (System) 1646.707: [CMS1646.734: [CMS-concurrent-mark: 0.027/0.027 secs] [Times: user=0.02 sys=0.00, real=0.03 secs] 
 (concurrent mode interrupted): 1719K->1719K(49152K), 0.0799180 secs] 1982K->1719K(63936K), [CMS Perm : 7463K->7463K(16384K)], 0.0800860 secs] [Times: user=0.07 sys=0.00, real=0.07 secs] 
Total time for which application threads were stopped: 0.0803950 seconds
Application time: 18.6542630 seconds
1665.441: [Full GC (System) 1665.442: [CMS: 1719K->1710K(49152K), 0.0598750 secs] 2070K->1710K(63936K), [CMS Perm : 7465K->7463K(16384K)], 0.0600230 secs] [Times: user=0.06 sys=0.00, real=0.06 secs] 
Total time for which application threads were stopped: 0.0606560 seconds
Application time: 0.0002820 seconds
1665.502: [GC [1 CMS-initial-mark: 1710K(49152K)] 1974K(63936K), 0.0004630 secs] [Times: user=0.00 sys=0.00, real=0.00 secs] 
Total time for which application threads were stopped: 0.0008020 seconds
1665.503: [CMS-concurrent-mark-start]
Application time: 0.0001420 seconds
1665.503: [Full GC (System) 1665.503: [CMS1665.528: [CMS-concurrent-mark: 0.025/0.025 secs] [Times: user=0.02 sys=0.00, real=0.02 secs] 
 (concurrent mode interrupted): 1710K->1709K(49152K), 0.0687780 secs] 1974K->1709K(63936K), [CMS Perm : 7463K->7463K(16384K)], 0.0690010 secs] [Times: user=0.07 sys=0.00, real=0.06 secs] 
Total time for which application threads were stopped: 0.0692840 seconds
Application time: 18.4528980 seconds
1684.026: [Full GC (System) 1684.026: [CMS: 1709K->1708K(49152K), 0.0570360 secs] 1972K->1708K(63936K), [CMS Perm : 7463K->7463K(16384K)], 0.0573250 secs] [Times: user=0.06 sys=0.00, real=0.04 secs] 
Total time for which application threads were stopped: 0.0581570 seconds
Application time: 0.0002710 seconds
1684.084: [GC [1 CMS-initial-mark: 1708K(49152K)] 1972K(63936K), 0.0004430 secs] [Times: user=0.00 sys=0.00, real=0.01 secs] 
Total time for which application threads were stopped: 0.0006430 seconds
1684.085: [CMS-concurrent-mark-start]
Application time: 0.0001090 seconds
1684.085: [Full GC (System) 1684.085: [CMS1684.113: [CMS-concurrent-mark: 0.028/0.028 secs] [Times: user=0.02 sys=0.00, real=0.02 secs] 
 (concurrent mode interrupted): 1708K->1708K(49152K), 0.0732520 secs] 1972K->1708K(63936K), [CMS Perm : 7463K->7463K(16384K)], 0.0734550 secs] [Times: user=0.07 sys=0.01, real=0.05 secs] 
Total time for which application threads were stopped: 0.0737170 seconds
Application time: 18.1554440 seconds
1702.315: [Full GC (System) 1702.315: [CMS: 1708K->1708K(49152K), 0.0582740 secs] 1972K->1708K(63936K), [CMS Perm : 7463K->7463K(16384K)], 0.0584640 secs] [Times: user=0.05 sys=0.00, real=0.05 secs] 
Total time for which application threads were stopped: 0.0590940 seconds
Application time: 0.0003570 seconds
1702.374: [GC [1 CMS-initial-mark: 1708K(49152K)] 1972K(63936K), 0.0004720 secs] [Times: user=0.00 sys=0.00, real=0.00 secs] 
Total time for which application threads were stopped: 0.0007170 seconds
1702.375: [CMS-concurrent-mark-start]
Application time: 0.0001160 seconds
1702.375: [Full GC (System) 1702.375: [CMS1702.403: [CMS-concurrent-mark: 0.027/0.028 secs] [Times: user=0.03 sys=0.00, real=0.02 secs] 
 (concurrent mode interrupted): 1708K->1708K(49152K), 0.0917690 secs] 1972K->1708K(63936K), [CMS Perm : 7463K->7463K(16384K)], 0.0919510 secs] [Times: user=0.08 sys=0.01, real=0.07 secs] 
Total time for which application threads were stopped: 0.0922870 seconds
Application time: 20.1512160 seconds
1722.619: [Full GC (System) 1722.619: [CMS: 1708K->1708K(49152K), 0.1578910 secs] 1972K->1708K(63936K), [CMS Perm : 7463K->7463K(16384K)], 0.1580860 secs] [Times: user=0.05 sys=0.00, real=0.09 secs] 
Total time for which application threads were stopped: 0.1585090 seconds
Application time: 0.0003100 seconds
1722.820: [GC [1 CMS-initial-mark: 1708K(49152K)] 1972K(63936K), 0.0004920 secs] [Times: user=0.00 sys=0.00, real=0.00 secs] 
Total time for which application threads were stopped: 0.0220280 seconds
1722.820: [CMS-concurrent-mark-start]
Application time: 0.0001760 seconds
1722.821: [Full GC (System) 1722.821: [CMS1722.847: [CMS-concurrent-mark: 0.026/0.026 secs] [Times: user=0.02 sys=0.00, real=0.02 secs] 
 (concurrent mode interrupted): 1708K->1709K(49152K), 0.0744020 secs] 1972K->1709K(63936K), [CMS Perm : 7463K->7463K(16384K)], 0.0746500 secs] [Times: user=0.07 sys=0.00, real=0.06 secs] 
Total time for which application threads were stopped: 0.0750090 seconds
Application time: 19.1997860 seconds
1742.096: [Full GC (System) 1742.096: [CMS: 1709K->1708K(49152K), 0.0636440 secs] 1972K->1708K(63936K), [CMS Perm : 7463K->7463K(16384K)], 0.0640890 secs] [Times: user=0.06 sys=0.01, real=0.05 secs] 
Total time for which application threads were stopped: 0.0648290 seconds
Application time: 0.0002840 seconds
1742.161: [GC [1 CMS-initial-mark: 1708K(49152K)] 1972K(63936K), 0.0004750 secs] [Times: user=0.00 sys=0.00, real=0.01 secs] 
Total time for which application threads were stopped: 0.0009710 seconds
1742.162: [CMS-concurrent-mark-start]
Application time: 0.0001150 seconds
1742.162: [Full GC (System) 1742.162: [CMS1742.188: [CMS-concurrent-mark: 0.026/0.026 secs] [Times: user=0.03 sys=0.00, real=0.02 secs] 
 (concurrent mode interrupted): 1708K->1708K(49152K), 0.0718160 secs] 1972K->1708K(63936K), [CMS Perm : 7463K->7463K(16384K)], 0.0719870 secs] [Times: user=0.07 sys=0.00, real=0.05 secs] 
Total time for which application threads were stopped: 0.0723790 seconds
Application time: 18.0524980 seconds
1760.287: [Full GC (System) 1760.287: [CMS: 1708K->1708K(49152K), 0.0475080 secs] 1972K->1708K(63936K), [CMS Perm : 7463K->7463K(16384K)], 0.0476720 secs] [Times: user=0.05 sys=0.00, real=0.04 secs] 
Total time for which application threads were stopped: 0.0481410 seconds
Application time: 0.0031210 seconds
1760.338: [GC [1 CMS-initial-mark: 1708K(49152K)] 1972K(63936K), 0.0005750 secs] [Times: user=0.00 sys=0.00, real=0.00 secs] 
Total time for which application threads were stopped: 0.0009990 seconds
1760.339: [CMS-concurrent-mark-start]
Application time: 0.0106950 seconds
1760.350: [Full GC (System) 1760.350: [CMS1760.376: [CMS-concurrent-mark: 0.026/0.037 secs] [Times: user=0.03 sys=0.00, real=0.03 secs] 
 (concurrent mode interrupted): 1708K->1709K(49152K), 0.0727380 secs] 1972K->1709K(63936K), [CMS Perm : 7463K->7463K(16384K)], 0.0729140 secs] [Times: user=0.07 sys=0.00, real=0.06 secs] 
Total time for which application threads were stopped: 0.0733940 seconds
Application time: 17.9126340 seconds
1778.336: [Full GC (System) 1778.336: [CMS: 1709K->1708K(49152K), 0.0450590 secs] 1972K->1708K(63936K), [CMS Perm : 7463K->7463K(16384K)], 0.0453380 secs] [Times: user=0.05 sys=0.00, real=0.04 secs] 
Total time for which application threads were stopped: 0.0456930 seconds
Application time: 0.0002860 seconds
1778.382: [GC [1 CMS-initial-mark: 1708K(49152K)] 1972K(63936K), 0.0004070 secs] [Times: user=0.00 sys=0.00, real=0.00 secs] 
Total time for which application threads were stopped: 0.0006490 seconds
1778.383: [CMS-concurrent-mark-start]
Application time: 0.0001100 seconds
1778.383: [Full GC (System) 1778.383: [CMS1778.408: [CMS-concurrent-mark: 0.025/0.025 secs] [Times: user=0.02 sys=0.00, real=0.02 secs] 
 (concurrent mode interrupted): 1708K->1708K(49152K), 0.0702260 secs] 1972K->1708K(63936K), [CMS Perm : 7463K->7463K(16384K)], 0.0703410 secs] [Times: user=0.07 sys=0.00, real=0.06 secs] 
Total time for which application threads were stopped: 0.0706370 seconds
Application time: 18.0414340 seconds
1796.495: [Full GC (System) 1796.495: [CMS: 1708K->1708K(49152K), 0.0607190 secs] 1972K->1708K(63936K), [CMS Perm : 7463K->7463K(16384K)], 0.0608490 secs] [Times: user=0.06 sys=0.00, real=0.05 secs] 
Total time for which application threads were stopped: 0.0615960 seconds
Application time: 0.0002760 seconds
1796.557: [GC [1 CMS-initial-mark: 1708K(49152K)] 1972K(63936K), 0.0004660 secs] [Times: user=0.00 sys=0.00, real=0.00 secs] 
Total time for which application threads were stopped: 0.0006320 seconds
1796.558: [CMS-concurrent-mark-start]
Application time: 0.0001110 seconds
1796.558: [Full GC (System) 1796.558: [CMS1796.583: [CMS-concurrent-mark: 0.025/0.025 secs] [Times: user=0.02 sys=0.00, real=0.02 secs] 
 (concurrent mode interrupted): 1708K->1708K(49152K), 0.0697200 secs] 1972K->1708K(63936K), [CMS Perm : 7463K->7463K(16384K)], 0.0698260 secs] [Times: user=0.07 sys=0.00, real=0.06 secs] 
Total time for which application threads were stopped: 0.0700980 seconds
Application time: 18.1182270 seconds
1814.746: [Full GC (System) 1814.747: [CMS: 1708K->1708K(49152K), 0.0561270 secs] 1972K->1708K(63936K), [CMS Perm : 7463K->7463K(16384K)], 0.0563040 secs] [Times: user=0.05 sys=0.01, real=0.05 secs] 
Total time for which application threads were stopped: 0.0569140 seconds
Application time: 0.0010980 seconds
1814.804: [GC [1 CMS-initial-mark: 1708K(49152K)] 1972K(63936K), 0.0004560 secs] [Times: user=0.00 sys=0.00, real=0.00 secs] 
Total time for which application threads were stopped: 0.0007850 seconds
1814.805: [CMS-concurrent-mark-start]
Application time: 0.0001140 seconds
1814.805: [Full GC (System) 1814.805: [CMS1814.832: [CMS-concurrent-mark: 0.027/0.027 secs] [Times: user=0.02 sys=0.00, real=0.02 secs] 
 (concurrent mode interrupted): 1708K->1708K(49152K), 0.0743170 secs] 1972K->1708K(63936K), [CMS Perm : 7463K->7463K(16384K)], 0.0744510 secs] [Times: user=0.07 sys=0.00, real=0.06 secs] 
Total time for which application threads were stopped: 0.0747380 seconds
Application time: 18.0155160 seconds
1832.895: [Full GC (System) 1832.895: [CMS: 1708K->1708K(49152K), 0.0458170 secs] 1972K->1708K(63936K), [CMS Perm : 7463K->7463K(16384K)], 0.0459300 secs] [Times: user=0.05 sys=0.00, real=0.04 secs] 
Total time for which application threads were stopped: 0.0462690 seconds
Application time: 0.0005760 seconds
1832.942: [GC [1 CMS-initial-mark: 1708K(49152K)] 1972K(63936K), 0.0004300 secs] [Times: user=0.00 sys=0.00, real=0.00 secs] 
Total time for which application threads were stopped: 0.0005950 seconds
1832.943: [CMS-concurrent-mark-start]
Application time: 0.0001080 seconds
1832.943: [Full GC (System) 1832.943: [CMS1832.968: [CMS-concurrent-mark: 0.025/0.025 secs] [Times: user=0.02 sys=0.00, real=0.02 secs] 
 (concurrent mode interrupted): 1708K->1708K(49152K), 0.0807020 secs] 1972K->1708K(63936K), [CMS Perm : 7463K->7463K(16384K)], 0.0808080 secs] [Times: user=0.07 sys=0.00, real=0.06 secs] 
Total time for which application threads were stopped: 0.0810950 seconds
Application time: 18.0548380 seconds
1851.079: [Full GC (System) 1851.079: [CMS: 1708K->1708K(49152K), 0.0692390 secs] 1972K->1708K(63936K), [CMS Perm : 7463K->7463K(16384K)], 0.0693910 secs] [Times: user=0.05 sys=0.00, real=0.06 secs] 
Total time for which application threads were stopped: 0.0702320 seconds
Application time: 0.0003190 seconds
1851.150: [GC [1 CMS-initial-mark: 1708K(49152K)] 1972K(63936K), 0.0012370 secs] [Times: user=0.00 sys=0.00, real=0.00 secs] 
Total time for which application threads were stopped: 0.0014770 seconds
1851.151: [CMS-concurrent-mark-start]
Application time: 0.0003450 seconds
1851.151: [Full GC (System) 1851.152: [CMS1851.178: [CMS-concurrent-mark: 0.026/0.027 secs] [Times: user=0.03 sys=0.01, real=0.02 secs] 
 (concurrent mode interrupted): 1708K->1708K(49152K), 0.0805760 secs] 1972K->1708K(63936K), [CMS Perm : 7463K->7463K(16384K)], 0.0806890 secs] [Times: user=0.08 sys=0.00, real=0.07 secs] 
Total time for which application threads were stopped: 0.0809630 seconds
Application time: 18.0697250 seconds
1869.302: [Full GC (System) 1869.303: [CMS: 1708K->1708K(49152K), 0.0527590 secs] 1972K->1708K(63936K), [CMS Perm : 7463K->7463K(16384K)], 0.0528930 secs] [Times: user=0.05 sys=0.00, real=0.04 secs] 
Total time for which application threads were stopped: 0.0534490 seconds
Application time: 0.0007940 seconds
1869.356: [GC [1 CMS-initial-mark: 1708K(49152K)] 1972K(63936K), 0.0004500 secs] [Times: user=0.00 sys=0.00, real=0.00 secs] 
Total time for which application threads were stopped: 0.0006340 seconds
1869.357: [CMS-concurrent-mark-start]
Application time: 0.0001090 seconds
1869.357: [Full GC (System) 1869.357: [CMS1869.382: [CMS-concurrent-mark: 0.025/0.025 secs] [Times: user=0.02 sys=0.00, real=0.02 secs] 
 (concurrent mode interrupted): 1708K->1708K(49152K), 0.0720360 secs] 1972K->1708K(63936K), [CMS Perm : 7463K->7463K(16384K)], 0.0721640 secs] [Times: user=0.07 sys=0.00, real=0.06 secs] 
Total time for which application threads were stopped: 0.0724420 seconds
Application time: 17.8633250 seconds
1887.293: [Full GC (System) 1887.293: [CMS: 1708K->1708K(49152K), 0.0620300 secs] 1972K->1708K(63936K), [CMS Perm : 7463K->7463K(16384K)], 0.0622490 secs] [Times: user=0.06 sys=0.00, real=0.05 secs] 
Total time for which application threads were stopped: 0.0628940 seconds
Application time: 0.0043390 seconds
1887.360: [GC [1 CMS-initial-mark: 1708K(49152K)] 1972K(63936K), 0.0004670 secs] [Times: user=0.00 sys=0.00, real=0.00 secs] 
Total time for which application threads were stopped: 0.0009040 seconds
1887.361: [CMS-concurrent-mark-start]
Application time: 0.0095320 seconds
1887.374: [Full GC (System) 1887.374: [CMS1887.402: [CMS-concurrent-mark: 0.027/0.041 secs] [Times: user=0.03 sys=0.00, real=0.03 secs] 
 (concurrent mode interrupted): 1708K->1708K(49152K), 0.0763410 secs] 1972K->1708K(63936K), [CMS Perm : 7463K->7463K(16384K)], 0.0765080 secs] [Times: user=0.07 sys=0.00, real=0.06 secs] 
Total time for which application threads were stopped: 0.0806620 seconds
Application time: 17.8594220 seconds
1905.311: [Full GC (System) 1905.311: [CMS: 1708K->1708K(49152K), 0.0692130 secs] 1972K->1708K(63936K), [CMS Perm : 7463K->7463K(16384K)], 0.0694520 secs] [Times: user=0.06 sys=0.00, real=0.05 secs] 
Total time for which application threads were stopped: 0.0701520 seconds
Application time: 0.0044050 seconds
1905.385: [GC [1 CMS-initial-mark: 1708K(49152K)] 1972K(63936K), 0.0004800 secs] [Times: user=0.00 sys=0.00, real=0.00 secs] 
Total time for which application threads were stopped: 0.0007300 seconds
1905.386: [CMS-concurrent-mark-start]
Application time: 0.0092760 seconds
1905.395: [Full GC (System) 1905.395: [CMS1905.421: [CMS-concurrent-mark: 0.026/0.035 secs] [Times: user=0.03 sys=0.00, real=0.03 secs] 
 (concurrent mode interrupted): 1708K->1708K(49152K), 0.0753210 secs] 1972K->1708K(63936K), [CMS Perm : 7463K->7463K(16384K)], 0.0788510 secs] [Times: user=0.07 sys=0.00, real=0.06 secs] 
Total time for which application threads were stopped: 0.0792400 seconds
Application time: 18.1058430 seconds
1923.581: [Full GC (System) 1923.581: [CMS: 1708K->1708K(49152K), 0.0552400 secs] 1972K->1708K(63936K), [CMS Perm : 7463K->7463K(16384K)], 0.0554180 secs] [Times: user=0.06 sys=0.00, real=0.04 secs] 
Total time for which application threads were stopped: 0.0559260 seconds
Application time: 0.0020930 seconds
1923.638: [GC [1 CMS-initial-mark: 1708K(49152K)] 1972K(63936K), 0.0004810 secs] [Times: user=0.00 sys=0.00, real=0.00 secs] 
Total time for which application threads were stopped: 0.0007120 seconds
1923.639: [CMS-concurrent-mark-start]
Application time: 0.0001130 seconds
1923.639: [Full GC (System) 1923.639: [CMS1923.665: [CMS-concurrent-mark: 0.026/0.026 secs] [Times: user=0.02 sys=0.00, real=0.03 secs] 
 (concurrent mode interrupted): 1708K->1708K(49152K), 0.0864480 secs] 1972K->1708K(63936K), [CMS Perm : 7463K->7463K(16384K)], 0.0865860 secs] [Times: user=0.07 sys=0.00, real=0.07 secs] 
Total time for which application threads were stopped: 0.0868570 seconds
Application time: 17.8235390 seconds
1941.550: [Full GC (System) 1941.550: [CMS: 1708K->1708K(49152K), 0.0473510 secs] 1972K->1708K(63936K), [CMS Perm : 7463K->7463K(16384K)], 0.0475330 secs] [Times: user=0.05 sys=0.01, real=0.04 secs] 
Total time for which application threads were stopped: 0.0479580 seconds
Application time: 0.0044890 seconds
1941.602: [GC [1 CMS-initial-mark: 1708K(49152K)] 1972K(63936K), 0.0004760 secs] [Times: user=0.00 sys=0.00, real=0.00 secs] 
Total time for which application threads were stopped: 0.0006740 seconds
1941.603: [CMS-concurrent-mark-start]
Application time: 0.0001130 seconds
1941.603: [Full GC (System) 1941.603: [CMS1941.629: [CMS-concurrent-mark: 0.026/0.026 secs] [Times: user=0.02 sys=0.00, real=0.02 secs] 
 (concurrent mode interrupted): 1708K->1708K(49152K), 0.1062080 secs] 1972K->1708K(63936K), [CMS Perm : 7463K->7463K(16384K)], 0.1063400 secs] [Times: user=0.07 sys=0.00, real=0.07 secs] 
Total time for which application threads were stopped: 0.1066280 seconds
Application time: 18.0800190 seconds
1959.790: [Full GC (System) 1959.790: [CMS: 1708K->1708K(49152K), 0.0534260 secs] 1972K->1708K(63936K), [CMS Perm : 7463K->7463K(16384K)], 0.0535540 secs] [Times: user=0.05 sys=0.00, real=0.05 secs] 
Total time for which application threads were stopped: 0.0542480 seconds
Application time: 0.0272740 seconds
1959.871: [GC [1 CMS-initial-mark: 1708K(49152K)] 1972K(63936K), 0.0004890 secs] [Times: user=0.00 sys=0.00, real=0.00 secs] 
Total time for which application threads were stopped: 0.0008080 seconds
1959.872: [CMS-concurrent-mark-start]
Application time: 0.0003050 seconds
1959.872: [Full GC (System) 1959.872: [CMS1959.900: [CMS-concurrent-mark: 0.028/0.028 secs] [Times: user=0.03 sys=0.00, real=0.03 secs] 
 (concurrent mode interrupted): 1708K->1708K(49152K), 0.0769580 secs] 1972K->1708K(63936K), [CMS Perm : 7463K->7463K(16384K)], 0.0770860 secs] [Times: user=0.08 sys=0.01, real=0.07 secs] 
Total time for which application threads were stopped: 0.0774580 seconds
Application time: 18.0303510 seconds
1977.980: [Full GC (System) 1977.980: [CMS: 1708K->1708K(49152K), 0.0625670 secs] 1972K->1708K(63936K), [CMS Perm : 7463K->7463K(16384K)], 0.0627160 secs] [Times: user=0.06 sys=0.00, real=0.05 secs] 
Total time for which application threads were stopped: 0.0635250 seconds
Application time: 0.0007680 seconds
1978.044: [GC [1 CMS-initial-mark: 1708K(49152K)] 1972K(63936K), 0.0004760 secs] [Times: user=0.00 sys=0.00, real=0.00 secs] 
Total time for which application threads were stopped: 0.0006470 seconds
1978.045: [CMS-concurrent-mark-start]
Application time: 0.0001090 seconds
1978.045: [Full GC (System) 1978.045: [CMS1978.070: [CMS-concurrent-mark: 0.025/0.025 secs] [Times: user=0.03 sys=0.00, real=0.02 secs] 
 (concurrent mode interrupted): 1708K->1708K(49152K), 0.0725000 secs] 1972K->1708K(63936K), [CMS Perm : 7463K->7463K(16384K)], 0.0726320 secs] [Times: user=0.07 sys=0.00, real=0.05 secs] 
Total time for which application threads were stopped: 0.0729190 seconds
Application time: 17.9520650 seconds
1996.070: [Full GC (System) 1996.070: [CMS: 1708K->1708K(49152K), 0.0492010 secs] 1972K->1708K(63936K), [CMS Perm : 7463K->7463K(16384K)], 0.0493760 secs] [Times: user=0.05 sys=0.00, real=0.04 secs] 
Total time for which application threads were stopped: 0.0497440 seconds
Application time: 0.0016210 seconds
1996.121: [GC [1 CMS-initial-mark: 1708K(49152K)] 1972K(63936K), 0.0004450 secs] [Times: user=0.00 sys=0.00, real=0.00 secs] 
Total time for which application threads were stopped: 0.0006480 seconds
1996.122: [CMS-concurrent-mark-start]
Application time: 0.0001110 seconds
1996.122: [Full GC (System) 1996.122: [CMS1996.148: [CMS-concurrent-mark: 0.026/0.026 secs] [Times: user=0.03 sys=0.00, real=0.02 secs] 
 (concurrent mode interrupted): 1708K->1708K(49152K), 0.0713770 secs] 1972K->1708K(63936K), [CMS Perm : 7463K->7463K(16384K)], 0.0715080 secs] [Times: user=0.07 sys=0.00, real=0.06 secs] 
Total time for which application threads were stopped: 0.0718120 seconds
Application time: 18.0622650 seconds
2014.256: [Full GC (System) 2014.256: [CMS: 1708K->1708K(49152K), 0.0629710 secs] 1972K->1708K(63936K), [CMS Perm : 7463K->7463K(16384K)], 0.0631710 secs] [Times: user=0.07 sys=0.00, real=0.05 secs] 
Total time for which application threads were stopped: 0.0636870 seconds
Application time: 0.0007950 seconds
2014.321: [GC [1 CMS-initial-mark: 1708K(49152K)] 1972K(63936K), 0.0004400 secs] [Times: user=0.00 sys=0.00, real=0.00 secs] 
Total time for which application threads were stopped: 0.0006100 seconds
2014.321: [CMS-concurrent-mark-start]
Application time: 0.0001070 seconds
2014.321: [Full GC (System) 2014.321: [CMS2014.348: [CMS-concurrent-mark: 0.026/0.027 secs] [Times: user=0.02 sys=0.00, real=0.02 secs] 
 (concurrent mode interrupted): 1708K->1708K(49152K), 0.0807610 secs] 1972K->1708K(63936K), [CMS Perm : 7463K->7463K(16384K)], 0.0808670 secs] [Times: user=0.07 sys=0.00, real=0.07 secs] 
Total time for which application threads were stopped: 0.0811260 seconds
Application time: 18.1221220 seconds
2032.525: [Full GC (System) 2032.525: [CMS: 1708K->1708K(49152K), 0.0484520 secs] 1972K->1708K(63936K), [CMS Perm : 7463K->7463K(16384K)], 0.0486000 secs] [Times: user=0.05 sys=0.00, real=0.04 secs] 
Total time for which application threads were stopped: 0.0489970 seconds
Application time: 0.0008180 seconds
2032.574: [GC [1 CMS-initial-mark: 1708K(49152K)] 1972K(63936K), 0.0004410 secs] [Times: user=0.00 sys=0.00, real=0.00 secs] 
Total time for which application threads were stopped: 0.0007490 seconds
2032.575: [CMS-concurrent-mark-start]
Application time: 0.0001140 seconds
2032.575: [Full GC (System) 2032.575: [CMS2032.601: [CMS-concurrent-mark: 0.025/0.026 secs] [Times: user=0.02 sys=0.00, real=0.02 secs] 
 (concurrent mode interrupted): 1708K->1708K(49152K), 0.0707950 secs] 1972K->1708K(63936K), [CMS Perm : 7463K->7463K(16384K)], 0.0709010 secs] [Times: user=0.07 sys=0.00, real=0.06 secs] 
Total time for which application threads were stopped: 0.0711150 seconds
Application time: 18.3862610 seconds
2051.033: [Full GC (System) 2051.033: [CMS: 1708K->1708K(49152K), 0.0558800 secs] 1972K->1708K(63936K), [CMS Perm : 7463K->7463K(16384K)], 0.0564970 secs] [Times: user=0.06 sys=0.01, real=0.04 secs] 
Total time for which application threads were stopped: 0.0572050 seconds
Application time: 0.0006700 seconds
2051.091: [GC [1 CMS-initial-mark: 1708K(49152K)] 1972K(63936K), 0.0004900 secs] [Times: user=0.00 sys=0.00, real=0.00 secs] 
Total time for which application threads were stopped: 0.0007620 seconds
2051.091: [CMS-concurrent-mark-start]
Application time: 0.0001210 seconds
2051.091: [Full GC (System) 2051.091: [CMS2051.117: [CMS-concurrent-mark: 0.026/0.026 secs] [Times: user=0.02 sys=0.00, real=0.02 secs] 
 (concurrent mode interrupted): 1708K->1708K(49152K), 0.0725620 secs] 1972K->1708K(63936K), [CMS Perm : 7463K->7463K(16384K)], 0.0726740 secs] [Times: user=0.07 sys=0.00, real=0.06 secs] 
Total time for which application threads were stopped: 0.0730140 seconds
Application time: 18.3537380 seconds
2069.518: [Full GC (System) 2069.519: [CMS: 1708K->1708K(49152K), 0.0635840 secs] 1972K->1708K(63936K), [CMS Perm : 7463K->7463K(16384K)], 0.0637230 secs] [Times: user=0.06 sys=0.00, real=0.05 secs] 
Total time for which application threads were stopped: 0.0642980 seconds
Application time: 0.0003090 seconds
2069.583: [GC [1 CMS-initial-mark: 1708K(49152K)] 1972K(63936K), 0.0004690 secs] [Times: user=0.00 sys=0.00, real=0.00 secs] 
Total time for which application threads were stopped: 0.0006680 seconds
2069.584: [CMS-concurrent-mark-start]
Application time: 0.0001100 seconds
2069.584: [Full GC (System) 2069.584: [CMS2069.609: [CMS-concurrent-mark: 0.025/0.026 secs] [Times: user=0.03 sys=0.00, real=0.03 secs] 
 (concurrent mode interrupted): 1708K->1708K(49152K), 0.0717160 secs] 1972K->1708K(63936K), [CMS Perm : 7463K->7463K(16384K)], 0.0718250 secs] [Times: user=0.07 sys=0.00, real=0.06 secs] 
Total time for which application threads were stopped: 0.0720860 seconds
Application time: 18.2354360 seconds
2087.892: [Full GC (System) 2087.892: [CMS: 1708K->1708K(49152K), 0.0718140 secs] 1972K->1708K(63936K), [CMS Perm : 7463K->7463K(16384K)], 0.0719540 secs] [Times: user=0.07 sys=0.00, real=0.05 secs] 
Total time for which application threads were stopped: 0.0724900 seconds
Application time: 0.0003770 seconds
2087.964: [GC [1 CMS-initial-mark: 1708K(49152K)] 1972K(63936K), 0.0004490 secs] [Times: user=0.00 sys=0.00, real=0.00 secs] 
Total time for which application threads were stopped: 0.0006160 seconds
2087.965: [CMS-concurrent-mark-start]
Application time: 0.0001080 seconds
2087.965: [Full GC (System) 2087.965: [CMS2087.991: [CMS-concurrent-mark: 0.025/0.026 secs] [Times: user=0.03 sys=0.00, real=0.02 secs] 
 (concurrent mode interrupted): 1708K->1708K(49152K), 0.0716560 secs] 1972K->1708K(63936K), [CMS Perm : 7463K->7463K(16384K)], 0.0717600 secs] [Times: user=0.07 sys=0.00, real=0.06 secs] 
Total time for which application threads were stopped: 0.0720720 seconds
Application time: 18.0333700 seconds
2106.071: [Full GC (System) 2106.071: [CMS: 1708K->1708K(49152K), 0.0673310 secs] 1972K->1708K(63936K), [CMS Perm : 7463K->7463K(16384K)], 0.0677790 secs] [Times: user=0.07 sys=0.00, real=0.06 secs] 
Total time for which application threads were stopped: 0.0684830 seconds
Application time: 0.0003970 seconds
2106.140: [GC [1 CMS-initial-mark: 1708K(49152K)] 1972K(63936K), 0.0006240 secs] [Times: user=0.00 sys=0.00, real=0.00 secs] 
Total time for which application threads were stopped: 0.0009480 seconds
2106.141: [CMS-concurrent-mark-start]
Application time: 0.0003030 seconds
2106.141: [Full GC (System) 2106.141: [CMS2106.174: [CMS-concurrent-mark: 0.033/0.034 secs] [Times: user=0.03 sys=0.00, real=0.03 secs] 
 (concurrent mode interrupted): 1708K->1708K(49152K), 0.0799010 secs] 1972K->1708K(63936K), [CMS Perm : 7463K->7463K(16384K)], 0.0800660 secs] [Times: user=0.08 sys=0.00, real=0.07 secs] 
Total time for which application threads were stopped: 0.0804050 seconds
Application time: 18.0336280 seconds
2124.255: [Full GC (System) 2124.255: [CMS: 1708K->1708K(49152K), 0.0650420 secs] 1972K->1708K(63936K), [CMS Perm : 7463K->7463K(16384K)], 0.0652200 secs] [Times: user=0.05 sys=0.01, real=0.05 secs] 
Total time for which application threads were stopped: 0.0658250 seconds
Application time: 0.0032670 seconds
2124.324: [GC [1 CMS-initial-mark: 1708K(49152K)] 1972K(63936K), 0.0005320 secs] [Times: user=0.00 sys=0.00, real=0.00 secs] 
Total time for which application threads were stopped: 0.0007640 seconds
2124.325: [CMS-concurrent-mark-start]
Application time: 0.0047190 seconds
2124.330: [Full GC (System) 2124.330: [CMS2124.356: [CMS-concurrent-mark: 0.026/0.031 secs] [Times: user=0.03 sys=0.00, real=0.03 secs] 
 (concurrent mode interrupted): 1708K->1708K(49152K), 0.0836020 secs] 1972K->1708K(63936K), [CMS Perm : 7463K->7463K(16384K)], 0.0837900 secs] [Times: user=0.08 sys=0.00, real=0.07 secs] 
Total time for which application threads were stopped: 0.0841600 seconds
Application time: 18.0902350 seconds
2142.504: [Full GC (System) 2142.504: [CMS: 1708K->1708K(49152K), 0.0469880 secs] 1972K->1708K(63936K), [CMS Perm : 7463K->7463K(16384K)], 0.0471050 secs] [Times: user=0.05 sys=0.00, real=0.04 secs] 
Total time for which application threads were stopped: 0.0475900 seconds
Application time: 0.0010590 seconds
2142.553: [GC [1 CMS-initial-mark: 1708K(49152K)] 1972K(63936K), 0.0005210 secs] [Times: user=0.00 sys=0.00, real=0.00 secs] 
Total time for which application threads were stopped: 0.0007690 seconds
2142.554: [CMS-concurrent-mark-start]
Application time: 0.0087900 seconds
2142.562: [Full GC (System) 2142.562: [CMS2142.588: [CMS-concurrent-mark: 0.025/0.034 secs] [Times: user=0.02 sys=0.00, real=0.03 secs] 
 (concurrent mode interrupted): 1708K->1708K(49152K), 0.0876440 secs] 1972K->1708K(63936K), [CMS Perm : 7463K->7463K(16384K)], 0.0877700 secs] [Times: user=0.07 sys=0.00, real=0.07 secs] 
Total time for which application threads were stopped: 0.0881510 seconds
Application time: 17.8697620 seconds
2160.520: [Full GC (System) 2160.521: [CMS: 1708K->1708K(49152K), 0.0629680 secs] 1972K->1708K(63936K), [CMS Perm : 7463K->7463K(16384K)], 0.0631020 secs] [Times: user=0.06 sys=0.00, real=0.06 secs] 
Total time for which application threads were stopped: 0.0636840 seconds
Application time: 0.0101310 seconds
2160.594: [GC [1 CMS-initial-mark: 1708K(49152K)] 1972K(63936K), 0.0004620 secs] [Times: user=0.00 sys=0.00, real=0.00 secs] 
Total time for which application threads were stopped: 0.0007080 seconds
2160.595: [CMS-concurrent-mark-start]
Application time: 0.0028880 seconds
2160.598: [Full GC (System) 2160.598: [CMS2160.625: [CMS-concurrent-mark: 0.026/0.030 secs] [Times: user=0.03 sys=0.00, real=0.02 secs] 
 (concurrent mode interrupted): 1708K->1708K(49152K), 0.0851640 secs] 1972K->1708K(63936K), [CMS Perm : 7463K->7463K(16384K)], 0.0854150 secs] [Times: user=0.08 sys=0.00, real=0.07 secs] 
Total time for which application threads were stopped: 0.0857430 seconds
Application time: 18.2298080 seconds
2178.914: [Full GC (System) 2178.914: [CMS: 1708K->1708K(49152K), 0.0751330 secs] 1972K->1708K(63936K), [CMS Perm : 7463K->7463K(16384K)], 0.0752690 secs] [Times: user=0.07 sys=0.00, real=0.06 secs] 
Total time for which application threads were stopped: 0.0759930 seconds
Application time: 0.0006340 seconds
2178.990: [GC [1 CMS-initial-mark: 1708K(49152K)] 1972K(63936K), 0.0004320 secs] [Times: user=0.00 sys=0.00, real=0.00 secs] 
Total time for which application threads were stopped: 0.0006770 seconds
2178.990: [CMS-concurrent-mark-start]
Application time: 0.0000940 seconds
2178.991: [Full GC (System) 2178.991: [CMS2179.016: [CMS-concurrent-mark: 0.025/0.026 secs] [Times: user=0.03 sys=0.00, real=0.02 secs] 
 (concurrent mode interrupted): 1708K->1708K(49152K), 0.0723440 secs] 1972K->1708K(63936K), [CMS Perm : 7463K->7463K(16384K)], 0.0724940 secs] [Times: user=0.07 sys=0.00, real=0.06 secs] 
Total time for which application threads were stopped: 0.0729070 seconds
Application time: 18.0881500 seconds
2197.152: [Full GC (System) 2197.152: [CMS: 1708K->1708K(49152K), 0.0647230 secs] 1972K->1708K(63936K), [CMS Perm : 7463K->7463K(16384K)], 0.0649360 secs] [Times: user=0.07 sys=0.01, real=0.06 secs] 
Total time for which application threads were stopped: 0.0658520 seconds
Application time: 0.0002680 seconds
2197.218: [GC [1 CMS-initial-mark: 1708K(49152K)] 1972K(63936K), 0.0004630 secs] [Times: user=0.00 sys=0.00, real=0.00 secs] 
Total time for which application threads were stopped: 0.0006310 seconds
2197.219: [CMS-concurrent-mark-start]
Application time: 0.0001320 seconds
2197.219: [Full GC (System) 2197.219: [CMS2197.245: [CMS-concurrent-mark: 0.026/0.026 secs] [Times: user=0.02 sys=0.00, real=0.02 secs] 
 (concurrent mode interrupted): 1708K->1708K(49152K), 0.0709290 secs] 1972K->1708K(63936K), [CMS Perm : 7463K->7463K(16384K)], 0.0710650 secs] [Times: user=0.07 sys=0.00, real=0.06 secs] 
Total time for which application threads were stopped: 0.0713500 seconds
Application time: 18.0582510 seconds
2215.349: [Full GC (System) 2215.349: [CMS: 1708K->1708K(49152K), 0.0605910 secs] 1972K->1708K(63936K), [CMS Perm : 7463K->7463K(16384K)], 0.0608690 secs] [Times: user=0.06 sys=0.00, real=0.05 secs] 
Total time for which application threads were stopped: 0.0614960 seconds
Application time: 0.0003030 seconds
2215.410: [GC [1 CMS-initial-mark: 1708K(49152K)] 1972K(63936K), 0.0004070 secs] [Times: user=0.00 sys=0.00, real=0.00 secs] 
Total time for which application threads were stopped: 0.0006660 seconds
2215.411: [CMS-concurrent-mark-start]
Application time: 0.0001110 seconds
2215.411: [Full GC (System) 2215.411: [CMS2215.437: [CMS-concurrent-mark: 0.025/0.026 secs] [Times: user=0.02 sys=0.00, real=0.02 secs] 
 (concurrent mode interrupted): 1708K->1708K(49152K), 0.0724440 secs] 1972K->1708K(63936K), [CMS Perm : 7463K->7463K(16384K)], 0.0725430 secs] [Times: user=0.07 sys=0.00, real=0.06 secs] 
Total time for which application threads were stopped: 0.0727830 seconds
Application time: 18.1937880 seconds
2233.678: [Full GC (System) 2233.678: [CMS: 1708K->1708K(49152K), 0.0573000 secs] 1972K->1708K(63936K), [CMS Perm : 7463K->7463K(16384K)], 0.0574430 secs] [Times: user=0.06 sys=0.01, real=0.05 secs] 
Total time for which application threads were stopped: 0.0580880 seconds
Application time: 0.0003320 seconds
2233.737: [GC [1 CMS-initial-mark: 1708K(49152K)] 1972K(63936K), 0.0004440 secs] [Times: user=0.00 sys=0.00, real=0.00 secs] 
Total time for which application threads were stopped: 0.0006170 seconds
2233.737: [CMS-concurrent-mark-start]
Application time: 0.0001100 seconds
2233.737: [Full GC (System) 2233.737: [CMS2233.763: [CMS-concurrent-mark: 0.025/0.026 secs] [Times: user=0.02 sys=0.00, real=0.02 secs] 
 (concurrent mode interrupted): 1708K->1708K(49152K), 0.0721390 secs] 1972K->1708K(63936K), [CMS Perm : 7463K->7463K(16384K)], 0.0723000 secs] [Times: user=0.07 sys=0.00, real=0.06 secs] 
Total time for which application threads were stopped: 0.0725620 seconds
Application time: 14.8666260 seconds
Total time for which application threads were stopped: 0.0001920 seconds
Application time: 4.7858730 seconds
2253.463: [Full GC (System) 2253.463: [CMS: 1708K->1700K(49152K), 0.0487290 secs] 2635K->1700K(63936K), [CMS Perm : 7465K->7463K(16384K)], 0.0488510 secs] [Times: user=0.04 sys=0.00, real=0.04 secs] 
Total time for which application threads were stopped: 0.0491910 seconds
Application time: 0.0003070 seconds
2253.512: [GC [1 CMS-initial-mark: 1700K(49152K)] 1964K(63936K), 0.0004170 secs] [Times: user=0.00 sys=0.00, real=0.00 secs] 
Total time for which application threads were stopped: 0.0007230 seconds
2253.513: [CMS-concurrent-mark-start]
Application time: 0.0001100 seconds
2253.513: [Full GC (System) 2253.513: [CMS2253.539: [CMS-concurrent-mark: 0.025/0.026 secs] [Times: user=0.03 sys=0.00, real=0.02 secs] 
 (concurrent mode interrupted): 1700K->1700K(49152K), 0.0714850 secs] 1964K->1700K(63936K), [CMS Perm : 7463K->7463K(16384K)], 0.0715930 secs] [Times: user=0.08 sys=0.00, real=0.05 secs] 
Total time for which application threads were stopped: 0.0722670 seconds
Application time: 5.5142870 seconds
Total time for which application threads were stopped: 0.0002170 seconds
Application time: 0.0038320 seconds
Total time for which application threads were stopped: 0.0001740 seconds
Application time: 0.0000530 seconds
Total time for which application threads were stopped: 0.0000870 seconds
Application time: 0.0091640 seconds
Total time for which application threads were stopped: 0.0011280 seconds
Application time: 0.0002090 seconds
Total time for which application threads were stopped: 0.0001310 seconds
Application time: 0.0000910 seconds
Total time for which application threads were stopped: 0.0001400 seconds
Application time: 0.0018910 seconds
Total time for which application threads were stopped: 0.0001650 seconds
Application time: 0.0003170 seconds
Total time for which application threads were stopped: 0.0001390 seconds
Application time: 0.0311360 seconds
2259.148: [GC [1 CMS-initial-mark: 1700K(49152K)] 3669K(63936K), 0.0005600 secs] [Times: user=0.00 sys=0.00, real=0.00 secs] 
Total time for which application threads were stopped: 0.0008130 seconds
2259.149: [CMS-concurrent-mark-start]
2259.188: [CMS-concurrent-mark: 0.039/0.039 secs] [Times: user=0.04 sys=0.01, real=0.03 secs] 
2259.188: [CMS-concurrent-preclean-start]
2259.190: [CMS-concurrent-preclean: 0.001/0.001 secs] [Times: user=0.00 sys=0.00, real=0.00 secs] 
Application time: 0.0495920 seconds
2259.199: [GC[YG occupancy: 1969 K (14784 K)]2259.199: [Rescan (non-parallel) 2259.199: [grey object rescan, 0.0001760 secs]2259.199: [root rescan, 0.0005640 secs], 0.0008570 secs]2259.200: [weak refs processing, 0.0000200 secs] [1 CMS-remark: 1700K(49152K)] 3669K(63936K), 0.0009670 secs] [Times: user=0.00 sys=0.00, real=0.00 secs] 
Total time for which application threads were stopped: 0.0011830 seconds
2259.200: [CMS-concurrent-sweep-start]
2259.202: [CMS-concurrent-sweep: 0.002/0.002 secs] [Times: user=0.00 sys=0.00, real=0.01 secs] 
2259.202: [CMS-concurrent-reset-start]
2259.204: [CMS-concurrent-reset: 0.003/0.003 secs] [Times: user=0.00 sys=0.00, real=0.00 secs] 
Heap
 def new generation   total 14784K, used 2232K [0xaa2d0000, 0xab2d0000, 0xab2d0000)
  eden space 13184K,  16% used [0xaa2d0000, 0xaa4fe3a0, 0xaafb0000)
  from space 1600K,   0% used [0xaafb0000, 0xaafb0000, 0xab140000)
  to   space 1600K,   0% used [0xab140000, 0xab140000, 0xab2d0000)
 concurrent mark-sweep generation total 49152K, used 1666K [0xab2d0000, 0xae2d0000, 0xb02d0000)
 concurrent-mark-sweep perm gen total 16384K, used 7483K [0xb02d0000, 0xb12d0000, 0xb42d0000)
