Application time: 0.2438970 seconds
Total time for which application threads were stopped: 0.0001670 seconds
Application time: 0.0574880 seconds
1.585: [Full GC (System) 1.585: [CMS: 0K->732K(49152K), 0.0415220 secs] 9339K->732K(63936K), [CMS Perm : 5173K->5168K(16384K)], 0.0416300 secs] [Times: user=0.03 sys=0.00, real=0.04 secs] 
Total time for which application threads were stopped: 0.0418710 seconds
Application time: 0.0009800 seconds
1.628: [GC [1 CMS-initial-mark: 732K(49152K)] 996K(63936K), 0.0005780 secs] [Times: user=0.00 sys=0.00, real=0.00 secs] 
Total time for which application threads were stopped: 0.0010930 seconds
1.629: [CMS-concurrent-mark-start]
Application time: 0.1008930 seconds
1.730: [Full GC (System) 1.730: [CMS1.754: [CMS-concurrent-mark: 0.023/0.125 secs] [Times: user=0.12 sys=0.00, real=0.13 secs] 
 (concurrent mode interrupted): 732K->897K(49152K), 0.0582790 secs] 1490K->897K(63936K), [CMS Perm : 5631K->5628K(16384K)], 0.0584010 secs] [Times: user=0.06 sys=0.00, real=0.06 secs] 
Total time for which application threads were stopped: 0.0590080 seconds
Application time: 3.2769600 seconds
Total time for which application threads were stopped: 0.0003310 seconds
Application time: 6.7107940 seconds
Total time for which application threads were stopped: 0.0001690 seconds
Application time: 0.0000970 seconds
Total time for which application threads were stopped: 0.0001200 seconds
Application time: 0.0000400 seconds
Total time for which application threads were stopped: 0.0000910 seconds
Application time: 0.0001500 seconds
Total time for which application threads were stopped: 0.0001060 seconds
Application time: 0.0000470 seconds
Total time for which application threads were stopped: 0.0001090 seconds
Application time: 5.5473640 seconds
17.325: [Full GC (System) 17.325: [CMS: 897K->949K(49152K), 0.0388650 secs] 2599K->949K(63936K), [CMS Perm : 5903K->5897K(16384K)], 0.0389710 secs] [Times: user=0.03 sys=0.00, real=0.03 secs] 
Total time for which application threads were stopped: 0.0392380 seconds
Application time: 0.0002540 seconds
Total time for which application threads were stopped: 0.0001490 seconds
Application time: 0.0000570 seconds
Total time for which application threads were stopped: 0.0001060 seconds
Application time: 0.0000420 seconds
Total time for which application threads were stopped: 0.0000830 seconds
Application time: 0.0000750 seconds
Total time for which application threads were stopped: 0.0000800 seconds
Application time: 0.0000340 seconds
Total time for which application threads were stopped: 0.0000950 seconds
Application time: 0.0007170 seconds
17.368: [GC [1 CMS-initial-mark: 949K(49152K)] 1212K(63936K), 0.0004210 secs] [Times: user=0.00 sys=0.00, real=0.00 secs] 
Total time for which application threads were stopped: 0.0016420 seconds
17.369: [CMS-concurrent-mark-start]
Application time: 0.0010020 seconds
Total time for which application threads were stopped: 0.0000790 seconds
Application time: 0.0017230 seconds
Total time for which application threads were stopped: 0.0000820 seconds
Application time: 0.0000420 seconds
Total time for which application threads were stopped: 0.0000530 seconds
Application time: 0.0003190 seconds
17.372: [Full GC (System) 17.372: [CMS17.397: [CMS-concurrent-mark: 0.024/0.028 secs] [Times: user=0.02 sys=0.00, real=0.03 secs] 
 (concurrent mode interrupted): 949K->943K(49152K), 0.0558730 secs] 1681K->943K(63936K), [CMS Perm : 5904K->5903K(16384K)], 0.0559940 secs] [Times: user=0.05 sys=0.00, real=0.06 secs] 
Total time for which application threads were stopped: 0.0561720 seconds
Application time: 0.0014660 seconds
Total time for which application threads were stopped: 0.0008670 seconds
Application time: 0.0000660 seconds
Total time for which application threads were stopped: 0.0005370 seconds
Application time: 15.0041130 seconds
32.435: [Full GC (System) 32.435: [CMS: 943K->954K(49152K), 0.0388770 secs] 1540K->954K(63936K), [CMS Perm : 5905K->5904K(16384K)], 0.0390110 secs] [Times: user=0.04 sys=0.00, real=0.04 secs] 
Total time for which application threads were stopped: 0.0392930 seconds
Application time: 0.0001480 seconds
32.475: [GC [1 CMS-initial-mark: 954K(49152K)] 954K(63936K), 0.0004440 secs] [Times: user=0.00 sys=0.00, real=0.00 secs] 
Total time for which application threads were stopped: 0.0005940 seconds
32.475: [CMS-concurrent-mark-start]
Application time: 0.0001530 seconds
Total time for which application threads were stopped: 0.0001070 seconds
Application time: 0.0000600 seconds
Total time for which application threads were stopped: 0.0000440 seconds
Application time: 0.0000610 seconds
Total time for which application threads were stopped: 0.0000950 seconds
Application time: 0.0000430 seconds
Total time for which application threads were stopped: 0.0000830 seconds
Application time: 0.0000710 seconds
Total time for which application threads were stopped: 0.0000480 seconds
Application time: 0.0000630 seconds
Total time for which application threads were stopped: 0.0000500 seconds
Application time: 0.0000530 seconds
Total time for which application threads were stopped: 0.0000590 seconds
Application time: 0.0000830 seconds
Total time for which application threads were stopped: 0.0000890 seconds
Application time: 0.0001890 seconds
32.477: [Full GC (System) 32.477: [CMS32.501: [CMS-concurrent-mark: 0.024/0.025 secs] [Times: user=0.02 sys=0.00, real=0.03 secs] 
 (concurrent mode interrupted): 954K->946K(49152K), 0.0543040 secs] 1547K->946K(63936K), [CMS Perm : 5904K->5904K(16384K)], 0.0544110 secs] [Times: user=0.05 sys=0.00, real=0.06 secs] 
Total time for which application threads were stopped: 0.0545360 seconds
Application time: 15.0037330 seconds
47.535: [Full GC (System) 47.535: [CMS: 946K->951K(49152K), 0.0401150 secs] 1543K->951K(63936K), [CMS Perm : 5906K->5905K(16384K)], 0.0403120 secs] [Times: user=0.04 sys=0.00, real=0.04 secs] 
Total time for which application threads were stopped: 0.0406190 seconds
Application time: 0.0002160 seconds
47.576: [GC [1 CMS-initial-mark: 951K(49152K)] 1215K(63936K), 0.0004650 secs] [Times: user=0.00 sys=0.00, real=0.00 secs] 
Total time for which application threads were stopped: 0.0005990 seconds
47.577: [CMS-concurrent-mark-start]
Application time: 0.0000480 seconds
Total time for which application threads were stopped: 0.0001200 seconds
Application time: 0.0000860 seconds
Total time for which application threads were stopped: 0.0000530 seconds
Application time: 0.0000680 seconds
Total time for which application threads were stopped: 0.0000520 seconds
Application time: 0.0000540 seconds
Total time for which application threads were stopped: 0.0000590 seconds
Application time: 0.0000830 seconds
Total time for which application threads were stopped: 0.0000470 seconds
Application time: 0.0000620 seconds
Total time for which application threads were stopped: 0.0000490 seconds
Application time: 0.0000530 seconds
Total time for which application threads were stopped: 0.0006110 seconds
Application time: 0.0000700 seconds
47.578: [Full GC (System) 47.578: [CMS47.602: [CMS-concurrent-mark: 0.024/0.026 secs] [Times: user=0.02 sys=0.00, real=0.03 secs] 
 (concurrent mode interrupted): 951K->948K(49152K), 0.0563080 secs] 1215K->948K(63936K), [CMS Perm : 5905K->5905K(16384K)], 0.0564230 secs] [Times: user=0.05 sys=0.00, real=0.06 secs] 
Total time for which application threads were stopped: 0.0565490 seconds
Application time: 15.0061880 seconds
62.641: [Full GC (System) 62.641: [CMS: 948K->948K(49152K), 0.0380030 secs] 1211K->948K(63936K), [CMS Perm : 5905K->5905K(16384K)], 0.0381390 secs] [Times: user=0.03 sys=0.00, real=0.04 secs] 
Total time for which application threads were stopped: 0.0384130 seconds
Application time: 0.0002740 seconds
62.680: [GC [1 CMS-initial-mark: 948K(49152K)] 1211K(63936K), 0.0004710 secs] [Times: user=0.00 sys=0.00, real=0.00 secs] 
Total time for which application threads were stopped: 0.0006560 seconds
62.680: [CMS-concurrent-mark-start]
Application time: 0.0001440 seconds
62.680: [Full GC (System) 62.680: [CMS62.705: [CMS-concurrent-mark: 0.024/0.024 secs] [Times: user=0.03 sys=0.00, real=0.03 secs] 
 (concurrent mode interrupted): 948K->948K(49152K), 0.0554180 secs] 1211K->948K(63936K), [CMS Perm : 5905K->5905K(16384K)], 0.0555650 secs] [Times: user=0.06 sys=0.00, real=0.06 secs] 
Total time for which application threads were stopped: 0.0556990 seconds
Application time: 15.0057320 seconds
77.742: [Full GC (System) 77.742: [CMS: 948K->948K(49152K), 0.0374490 secs] 1211K->948K(63936K), [CMS Perm : 5905K->5905K(16384K)], 0.0375890 secs] [Times: user=0.04 sys=0.00, real=0.04 secs] 
Total time for which application threads were stopped: 0.0378650 seconds
Application time: 0.0002640 seconds
77.780: [GC [1 CMS-initial-mark: 948K(49152K)] 1211K(63936K), 0.0004110 secs] [Times: user=0.00 sys=0.00, real=0.00 secs] 
Total time for which application threads were stopped: 0.0005880 seconds
77.781: [CMS-concurrent-mark-start]
Application time: 0.0001220 seconds
77.781: [Full GC (System) 77.781: [CMS77.804: [CMS-concurrent-mark: 0.024/0.024 secs] [Times: user=0.02 sys=0.00, real=0.02 secs] 
 (concurrent mode interrupted): 948K->875K(49152K), 0.0594580 secs] 1211K->875K(63936K), [CMS Perm : 5905K->5902K(16384K)], 0.0595650 secs] [Times: user=0.06 sys=0.00, real=0.06 secs] 
Total time for which application threads were stopped: 0.0597010 seconds
Application time: 15.0050060 seconds
92.846: [Full GC (System) 92.846: [CMS: 875K->875K(49152K), 0.0440010 secs] 1139K->875K(63936K), [CMS Perm : 5902K->5902K(16384K)], 0.0441290 secs] [Times: user=0.04 sys=0.00, real=0.04 secs] 
Total time for which application threads were stopped: 0.0443810 seconds
Application time: 0.0002280 seconds
92.890: [GC [1 CMS-initial-mark: 875K(49152K)] 1139K(63936K), 0.0003890 secs] [Times: user=0.00 sys=0.00, real=0.00 secs] 
Total time for which application threads were stopped: 0.0005070 seconds
92.891: [CMS-concurrent-mark-start]
Application time: 0.0000760 seconds
92.891: [Full GC (System) 92.891: [CMS92.924: [CMS-concurrent-mark: 0.033/0.033 secs] [Times: user=0.04 sys=0.00, real=0.04 secs] 
 (concurrent mode interrupted): 875K->873K(49152K), 0.0669610 secs] 1139K->873K(63936K), [CMS Perm : 5902K->5902K(16384K)], 0.0670630 secs] [Times: user=0.07 sys=0.00, real=0.07 secs] 
Total time for which application threads were stopped: 0.0671930 seconds
Application time: 15.0042760 seconds
107.962: [Full GC (System) 107.963: [CMS: 873K->873K(49152K), 0.0382980 secs] 1137K->873K(63936K), [CMS Perm : 5902K->5902K(16384K)], 0.0384360 secs] [Times: user=0.04 sys=0.00, real=0.04 secs] 
Total time for which application threads were stopped: 0.0387110 seconds
Application time: 0.0002000 seconds
108.001: [GC [1 CMS-initial-mark: 873K(49152K)] 1137K(63936K), 0.0004140 secs] [Times: user=0.00 sys=0.00, real=0.00 secs] 
Total time for which application threads were stopped: 0.0006000 seconds
108.002: [CMS-concurrent-mark-start]
Application time: 0.0002530 seconds
108.002: [Full GC (System) 108.002: [CMS108.026: [CMS-concurrent-mark: 0.024/0.024 secs] [Times: user=0.02 sys=0.00, real=0.03 secs] 
 (concurrent mode interrupted): 873K->873K(49152K), 0.0547130 secs] 1137K->873K(63936K), [CMS Perm : 5902K->5902K(16384K)], 0.0548260 secs] [Times: user=0.05 sys=0.00, real=0.06 secs] 
Total time for which application threads were stopped: 0.0549760 seconds
Application time: 15.0050720 seconds
123.062: [Full GC (System) 123.062: [CMS: 873K->873K(49152K), 0.0383100 secs] 1137K->873K(63936K), [CMS Perm : 5902K->5902K(16384K)], 0.0384830 secs] [Times: user=0.04 sys=0.00, real=0.04 secs] 
Total time for which application threads were stopped: 0.0388700 seconds
Application time: 0.0002340 seconds
123.101: [GC [1 CMS-initial-mark: 873K(49152K)] 1137K(63936K), 0.0003990 secs] [Times: user=0.00 sys=0.00, real=0.00 secs] 
Total time for which application threads were stopped: 0.0005060 seconds
123.102: [CMS-concurrent-mark-start]
Application time: 0.0000810 seconds
123.102: [Full GC (System) 123.102: [CMS123.126: [CMS-concurrent-mark: 0.024/0.024 secs] [Times: user=0.02 sys=0.00, real=0.02 secs] 
 (concurrent mode interrupted): 873K->873K(49152K), 0.0540220 secs] 1137K->873K(63936K), [CMS Perm : 5902K->5902K(16384K)], 0.0541300 secs] [Times: user=0.06 sys=0.00, real=0.05 secs] 
Total time for which application threads were stopped: 0.0543040 seconds
Application time: 15.0036260 seconds
138.160: [Full GC (System) 138.160: [CMS: 873K->873K(49152K), 0.0391540 secs] 1137K->873K(63936K), [CMS Perm : 5902K->5902K(16384K)], 0.0392930 secs] [Times: user=0.03 sys=0.00, real=0.04 secs] 
Total time for which application threads were stopped: 0.0395480 seconds
Application time: 0.0002350 seconds
138.200: [GC [1 CMS-initial-mark: 873K(49152K)] 1137K(63936K), 0.0004010 secs] [Times: user=0.00 sys=0.00, real=0.00 secs] 
Total time for which application threads were stopped: 0.0005030 seconds
138.200: [CMS-concurrent-mark-start]
Application time: 0.0000760 seconds
138.201: [Full GC (System) 138.201: [CMS138.224: [CMS-concurrent-mark: 0.024/0.024 secs] [Times: user=0.03 sys=0.00, real=0.02 secs] 
 (concurrent mode interrupted): 873K->873K(49152K), 0.0542370 secs] 1137K->873K(63936K), [CMS Perm : 5902K->5902K(16384K)], 0.0543400 secs] [Times: user=0.06 sys=0.00, real=0.05 secs] 
Total time for which application threads were stopped: 0.0544690 seconds
Application time: 15.0047650 seconds
153.260: [Full GC (System) 153.260: [CMS: 873K->873K(49152K), 0.0391880 secs] 1137K->873K(63936K), [CMS Perm : 5902K->5902K(16384K)], 0.0393340 secs] [Times: user=0.04 sys=0.00, real=0.04 secs] 
Total time for which application threads were stopped: 0.0396110 seconds
Application time: 0.0002530 seconds
153.300: [GC [1 CMS-initial-mark: 873K(49152K)] 1137K(63936K), 0.0004040 secs] [Times: user=0.00 sys=0.00, real=0.00 secs] 
Total time for which application threads were stopped: 0.0010210 seconds
153.301: [CMS-concurrent-mark-start]
Application time: 0.0001070 seconds
153.301: [Full GC (System) 153.301: [CMS153.325: [CMS-concurrent-mark: 0.024/0.024 secs] [Times: user=0.02 sys=0.00, real=0.03 secs] 
 (concurrent mode interrupted): 873K->873K(49152K), 0.0538660 secs] 1137K->873K(63936K), [CMS Perm : 5902K->5902K(16384K)], 0.0539740 secs] [Times: user=0.05 sys=0.00, real=0.06 secs] 
Total time for which application threads were stopped: 0.0541080 seconds
Application time: 15.0046400 seconds
168.360: [Full GC (System) 168.360: [CMS: 873K->873K(49152K), 0.0399670 secs] 1137K->873K(63936K), [CMS Perm : 5902K->5902K(16384K)], 0.0401040 secs] [Times: user=0.04 sys=0.00, real=0.04 secs] 
Total time for which application threads were stopped: 0.0403590 seconds
Application time: 0.0002300 seconds
168.400: [GC [1 CMS-initial-mark: 873K(49152K)] 1137K(63936K), 0.0003990 secs] [Times: user=0.00 sys=0.00, real=0.00 secs] 
Total time for which application threads were stopped: 0.0005130 seconds
168.401: [CMS-concurrent-mark-start]
Application time: 0.0000770 seconds
168.401: [Full GC (System) 168.401: [CMS168.425: [CMS-concurrent-mark: 0.024/0.024 secs] [Times: user=0.03 sys=0.00, real=0.02 secs] 
 (concurrent mode interrupted): 873K->873K(49152K), 0.0540850 secs] 1137K->873K(63936K), [CMS Perm : 5902K->5902K(16384K)], 0.0541940 secs] [Times: user=0.06 sys=0.00, real=0.05 secs] 
Total time for which application threads were stopped: 0.0543280 seconds
Application time: 15.0051050 seconds
183.461: [Full GC (System) 183.461: [CMS: 873K->873K(49152K), 0.0404760 secs] 1137K->873K(63936K), [CMS Perm : 5902K->5902K(16384K)], 0.0406400 secs] [Times: user=0.04 sys=0.00, real=0.04 secs] 
Total time for which application threads were stopped: 0.0409350 seconds
Application time: 0.0002700 seconds
183.502: [GC [1 CMS-initial-mark: 873K(49152K)] 1137K(63936K), 0.0004520 secs] [Times: user=0.00 sys=0.00, real=0.00 secs] 
Total time for which application threads were stopped: 0.0006380 seconds
183.502: [CMS-concurrent-mark-start]
Application time: 0.0001300 seconds
183.502: [Full GC (System) 183.502: [CMS183.527: [CMS-concurrent-mark: 0.024/0.024 secs] [Times: user=0.03 sys=0.00, real=0.02 secs] 
 (concurrent mode interrupted): 873K->873K(49152K), 0.0549820 secs] 1137K->873K(63936K), [CMS Perm : 5902K->5902K(16384K)], 0.0551150 secs] [Times: user=0.06 sys=0.00, real=0.05 secs] 
Total time for which application threads were stopped: 0.0552380 seconds
Application time: 15.0055660 seconds
198.563: [Full GC (System) 198.563: [CMS: 873K->873K(49152K), 0.0394470 secs] 1137K->873K(63936K), [CMS Perm : 5902K->5902K(16384K)], 0.0395970 secs] [Times: user=0.04 sys=0.00, real=0.04 secs] 
Total time for which application threads were stopped: 0.0399170 seconds
Application time: 0.0002630 seconds
198.604: [GC [1 CMS-initial-mark: 873K(49152K)] 1137K(63936K), 0.0004110 secs] [Times: user=0.00 sys=0.00, real=0.00 secs] 
Total time for which application threads were stopped: 0.0005960 seconds
198.604: [CMS-concurrent-mark-start]
Application time: 0.0001080 seconds
198.604: [Full GC (System) 198.604: [CMS198.628: [CMS-concurrent-mark: 0.024/0.024 secs] [Times: user=0.02 sys=0.00, real=0.02 secs] 
 (concurrent mode interrupted): 873K->873K(49152K), 0.0541460 secs] 1137K->873K(63936K), [CMS Perm : 5902K->5902K(16384K)], 0.0542540 secs] [Times: user=0.05 sys=0.00, real=0.05 secs] 
Total time for which application threads were stopped: 0.0543720 seconds
Application time: 15.0055260 seconds
213.664: [Full GC (System) 213.664: [CMS: 873K->873K(49152K), 0.0399090 secs] 1137K->873K(63936K), [CMS Perm : 5902K->5902K(16384K)], 0.0400570 secs] [Times: user=0.04 sys=0.00, real=0.04 secs] 
Total time for which application threads were stopped: 0.0403450 seconds
Application time: 0.0002690 seconds
213.705: [GC [1 CMS-initial-mark: 873K(49152K)] 1137K(63936K), 0.0004610 secs] [Times: user=0.00 sys=0.00, real=0.00 secs] 
Total time for which application threads were stopped: 0.0006470 seconds
213.705: [CMS-concurrent-mark-start]
Application time: 0.0001220 seconds
213.705: [Full GC (System) 213.705: [CMS213.730: [CMS-concurrent-mark: 0.024/0.024 secs] [Times: user=0.02 sys=0.00, real=0.03 secs] 
 (concurrent mode interrupted): 873K->873K(49152K), 0.0546400 secs] 1137K->873K(63936K), [CMS Perm : 5902K->5902K(16384K)], 0.0547510 secs] [Times: user=0.05 sys=0.00, real=0.06 secs] 
Total time for which application threads were stopped: 0.0548690 seconds
Application time: 15.0045240 seconds
228.765: [Full GC (System) 228.765: [CMS: 873K->873K(49152K), 0.0403220 secs] 1137K->873K(63936K), [CMS Perm : 5902K->5902K(16384K)], 0.0404660 secs] [Times: user=0.04 sys=0.00, real=0.04 secs] 
Total time for which application threads were stopped: 0.0407990 seconds
Application time: 0.0002890 seconds
228.806: [GC [1 CMS-initial-mark: 873K(49152K)] 1137K(63936K), 0.0004170 secs] [Times: user=0.00 sys=0.00, real=0.00 secs] 
Total time for which application threads were stopped: 0.0006030 seconds
228.807: [CMS-concurrent-mark-start]
Application time: 0.0001380 seconds
228.807: [Full GC (System) 228.807: [CMS228.831: [CMS-concurrent-mark: 0.024/0.024 secs] [Times: user=0.03 sys=0.00, real=0.03 secs] 
 (concurrent mode interrupted): 873K->873K(49152K), 0.0549240 secs] 1137K->873K(63936K), [CMS Perm : 5902K->5902K(16384K)], 0.0550270 secs] [Times: user=0.06 sys=0.00, real=0.06 secs] 
Total time for which application threads were stopped: 0.0551600 seconds
Application time: 15.0048000 seconds
243.867: [Full GC (System) 243.867: [CMS: 873K->873K(49152K), 0.0392380 secs] 1137K->873K(63936K), [CMS Perm : 5902K->5902K(16384K)], 0.0393830 secs] [Times: user=0.04 sys=0.00, real=0.04 secs] 
Total time for which application threads were stopped: 0.0396720 seconds
Application time: 0.0001480 seconds
243.907: [GC [1 CMS-initial-mark: 873K(49152K)] 1137K(63936K), 0.0004970 secs] [Times: user=0.00 sys=0.00, real=0.00 secs] 
Total time for which application threads were stopped: 0.0006490 seconds
243.907: [CMS-concurrent-mark-start]
Application time: 0.0002400 seconds
243.907: [Full GC (System) 243.907: [CMS243.931: [CMS-concurrent-mark: 0.023/0.024 secs] [Times: user=0.02 sys=0.00, real=0.02 secs] 
 (concurrent mode interrupted): 873K->873K(49152K), 0.0536780 secs] 1137K->873K(63936K), [CMS Perm : 5902K->5902K(16384K)], 0.0537950 secs] [Times: user=0.05 sys=0.00, real=0.05 secs] 
Total time for which application threads were stopped: 0.0539340 seconds
Application time: 15.0052080 seconds
258.967: [Full GC (System) 258.967: [CMS: 873K->873K(49152K), 0.0410830 secs] 1137K->873K(63936K), [CMS Perm : 5902K->5902K(16384K)], 0.0412260 secs] [Times: user=0.04 sys=0.00, real=0.04 secs] 
Total time for which application threads were stopped: 0.0415400 seconds
Application time: 0.0002480 seconds
259.008: [GC [1 CMS-initial-mark: 873K(49152K)] 1137K(63936K), 0.0004190 secs] [Times: user=0.00 sys=0.00, real=0.00 secs] 
Total time for which application threads were stopped: 0.0006100 seconds
259.009: [CMS-concurrent-mark-start]
Application time: 0.0001170 seconds
259.009: [Full GC (System) 259.009: [CMS259.033: [CMS-concurrent-mark: 0.024/0.024 secs] [Times: user=0.03 sys=0.00, real=0.02 secs] 
 (concurrent mode interrupted): 873K->873K(49152K), 0.0552630 secs] 1137K->873K(63936K), [CMS Perm : 5902K->5902K(16384K)], 0.0553750 secs] [Times: user=0.06 sys=0.00, real=0.05 secs] 
Total time for which application threads were stopped: 0.0555110 seconds
Application time: 15.0056610 seconds
274.070: [Full GC (System) 274.070: [CMS: 873K->873K(49152K), 0.0395890 secs] 1137K->873K(63936K), [CMS Perm : 5902K->5902K(16384K)], 0.0397310 secs] [Times: user=0.04 sys=0.00, real=0.04 secs] 
Total time for which application threads were stopped: 0.0400240 seconds
Application time: 0.0002320 seconds
274.111: [GC [1 CMS-initial-mark: 873K(49152K)] 1137K(63936K), 0.0004230 secs] [Times: user=0.00 sys=0.00, real=0.00 secs] 
Total time for which application threads were stopped: 0.0005270 seconds
274.111: [CMS-concurrent-mark-start]
Application time: 0.0000670 seconds
274.111: [Full GC (System) 274.111: [CMS274.135: [CMS-concurrent-mark: 0.024/0.024 secs] [Times: user=0.02 sys=0.00, real=0.02 secs] 
 (concurrent mode interrupted): 873K->873K(49152K), 0.0549770 secs] 1137K->873K(63936K), [CMS Perm : 5902K->5902K(16384K)], 0.0550920 secs] [Times: user=0.06 sys=0.00, real=0.05 secs] 
Total time for which application threads were stopped: 0.0552280 seconds
Application time: 15.0055260 seconds
289.172: [Full GC (System) 289.172: [CMS: 873K->873K(49152K), 0.0392760 secs] 1137K->873K(63936K), [CMS Perm : 5902K->5902K(16384K)], 0.0394250 secs] [Times: user=0.03 sys=0.00, real=0.04 secs] 
Total time for which application threads were stopped: 0.0397040 seconds
Application time: 0.0002500 seconds
289.213: [GC [1 CMS-initial-mark: 873K(49152K)] 1137K(63936K), 0.0004190 secs] [Times: user=0.00 sys=0.00, real=0.00 secs] 
Total time for which application threads were stopped: 0.0010410 seconds
289.213: [CMS-concurrent-mark-start]
Application time: 0.0001070 seconds
289.213: [Full GC (System) 289.213: [CMS289.237: [CMS-concurrent-mark: 0.024/0.024 secs] [Times: user=0.02 sys=0.00, real=0.03 secs] 
 (concurrent mode interrupted): 873K->873K(49152K), 0.0541920 secs] 1137K->873K(63936K), [CMS Perm : 5902K->5902K(16384K)], 0.0543010 secs] [Times: user=0.05 sys=0.00, real=0.06 secs] 
Total time for which application threads were stopped: 0.0544360 seconds
Application time: 15.0041940 seconds
304.272: [Full GC (System) 304.272: [CMS: 873K->873K(49152K), 0.0393210 secs] 1137K->873K(63936K), [CMS Perm : 5902K->5902K(16384K)], 0.0394590 secs] [Times: user=0.04 sys=0.00, real=0.04 secs] 
Total time for which application threads were stopped: 0.0397170 seconds
Application time: 0.0002520 seconds
304.312: [GC [1 CMS-initial-mark: 873K(49152K)] 1137K(63936K), 0.0004230 secs] [Times: user=0.00 sys=0.00, real=0.00 secs] 
Total time for which application threads were stopped: 0.0010880 seconds
304.313: [CMS-concurrent-mark-start]
Application time: 0.0001150 seconds
304.313: [Full GC (System) 304.313: [CMS304.337: [CMS-concurrent-mark: 0.024/0.024 secs] [Times: user=0.03 sys=0.00, real=0.02 secs] 
 (concurrent mode interrupted): 873K->873K(49152K), 0.0537010 secs] 1137K->873K(63936K), [CMS Perm : 5902K->5902K(16384K)], 0.0538110 secs] [Times: user=0.06 sys=0.00, real=0.05 secs] 
Total time for which application threads were stopped: 0.0539460 seconds
Application time: 15.0046380 seconds
319.372: [Full GC (System) 319.372: [CMS: 873K->873K(49152K), 0.0406480 secs] 1137K->873K(63936K), [CMS Perm : 5902K->5902K(16384K)], 0.0408370 secs] [Times: user=0.04 sys=0.00, real=0.04 secs] 
Total time for which application threads were stopped: 0.0411360 seconds
Application time: 0.0002300 seconds
319.413: [GC [1 CMS-initial-mark: 873K(49152K)] 1137K(63936K), 0.0004230 secs] [Times: user=0.00 sys=0.00, real=0.00 secs] 
Total time for which application threads were stopped: 0.0005260 seconds
319.414: [CMS-concurrent-mark-start]
Application time: 0.0000710 seconds
319.414: [Full GC (System) 319.414: [CMS319.438: [CMS-concurrent-mark: 0.024/0.024 secs] [Times: user=0.02 sys=0.00, real=0.02 secs] 
 (concurrent mode interrupted): 873K->873K(49152K), 0.0548050 secs] 1137K->873K(63936K), [CMS Perm : 5902K->5902K(16384K)], 0.0549180 secs] [Times: user=0.05 sys=0.00, real=0.05 secs] 
Total time for which application threads were stopped: 0.0550540 seconds
Application time: 15.0055880 seconds
334.475: [Full GC (System) 334.475: [CMS: 873K->873K(49152K), 0.0393340 secs] 1137K->873K(63936K), [CMS Perm : 5902K->5902K(16384K)], 0.0394700 secs] [Times: user=0.04 sys=0.00, real=0.03 secs] 
Total time for which application threads were stopped: 0.0397050 seconds
Application time: 0.0002520 seconds
334.515: [GC [1 CMS-initial-mark: 873K(49152K)] 1137K(63936K), 0.0004160 secs] [Times: user=0.00 sys=0.00, real=0.00 secs] 
Total time for which application threads were stopped: 0.0010370 seconds
334.516: [CMS-concurrent-mark-start]
Application time: 0.0001050 seconds
334.516: [Full GC (System) 334.516: [CMS334.539: [CMS-concurrent-mark: 0.023/0.024 secs] [Times: user=0.03 sys=0.00, real=0.02 secs] 
 (concurrent mode interrupted): 873K->873K(49152K), 0.0539360 secs] 1137K->873K(63936K), [CMS Perm : 5902K->5902K(16384K)], 0.0540380 secs] [Times: user=0.06 sys=0.00, real=0.05 secs] 
Total time for which application threads were stopped: 0.0541670 seconds
Application time: 15.0054680 seconds
349.575: [Full GC (System) 349.576: [CMS: 873K->873K(49152K), 0.0406830 secs] 1137K->873K(63936K), [CMS Perm : 5902K->5902K(16384K)], 0.0408310 secs] [Times: user=0.04 sys=0.00, real=0.04 secs] 
Total time for which application threads were stopped: 0.0410970 seconds
Application time: 0.0002370 seconds
349.617: [GC [1 CMS-initial-mark: 873K(49152K)] 1137K(63936K), 0.0004140 secs] [Times: user=0.00 sys=0.00, real=0.00 secs] 
Total time for which application threads were stopped: 0.0005160 seconds
349.617: [CMS-concurrent-mark-start]
Application time: 0.0000710 seconds
349.617: [Full GC (System) 349.617: [CMS349.641: [CMS-concurrent-mark: 0.024/0.024 secs] [Times: user=0.02 sys=0.00, real=0.03 secs] 
 (concurrent mode interrupted): 873K->873K(49152K), 0.0541620 secs] 1137K->873K(63936K), [CMS Perm : 5902K->5902K(16384K)], 0.0542710 secs] [Times: user=0.05 sys=0.00, real=0.06 secs] 
Total time for which application threads were stopped: 0.0544040 seconds
Application time: 15.0043690 seconds
364.676: [Full GC (System) 364.676: [CMS: 873K->873K(49152K), 0.0401670 secs] 1137K->873K(63936K), [CMS Perm : 5902K->5902K(16384K)], 0.0403080 secs] [Times: user=0.04 sys=0.00, real=0.04 secs] 
Total time for which application threads were stopped: 0.0405810 seconds
Application time: 0.0002060 seconds
364.717: [GC [1 CMS-initial-mark: 873K(49152K)] 1137K(63936K), 0.0004090 secs] [Times: user=0.00 sys=0.00, real=0.00 secs] 
Total time for which application threads were stopped: 0.0005890 seconds
364.718: [CMS-concurrent-mark-start]
Application time: 0.0001160 seconds
364.718: [Full GC (System) 364.718: [CMS364.742: [CMS-concurrent-mark: 0.024/0.024 secs] [Times: user=0.03 sys=0.00, real=0.02 secs] 
 (concurrent mode interrupted): 873K->873K(49152K), 0.0539900 secs] 1137K->873K(63936K), [CMS Perm : 5902K->5902K(16384K)], 0.0541130 secs] [Times: user=0.06 sys=0.00, real=0.06 secs] 
Total time for which application threads were stopped: 0.0542470 seconds
Application time: 15.0048930 seconds
379.777: [Full GC (System) 379.777: [CMS: 873K->873K(49152K), 0.0400680 secs] 1137K->873K(63936K), [CMS Perm : 5902K->5902K(16384K)], 0.0402070 secs] [Times: user=0.04 sys=0.00, real=0.04 secs] 
Total time for which application threads were stopped: 0.0404950 seconds
Application time: 0.0002270 seconds
379.818: [GC [1 CMS-initial-mark: 873K(49152K)] 1137K(63936K), 0.0004110 secs] [Times: user=0.00 sys=0.00, real=0.00 secs] 
Total time for which application threads were stopped: 0.0005140 seconds
379.818: [CMS-concurrent-mark-start]
Application time: 0.0000710 seconds
379.818: [Full GC (System) 379.819: [CMS379.843: [CMS-concurrent-mark: 0.024/0.024 secs] [Times: user=0.02 sys=0.00, real=0.02 secs] 
 (concurrent mode interrupted): 873K->873K(49152K), 0.0544290 secs] 1137K->873K(63936K), [CMS Perm : 5902K->5902K(16384K)], 0.0545370 secs] [Times: user=0.05 sys=0.00, real=0.05 secs] 
Total time for which application threads were stopped: 0.0546710 seconds
Application time: 15.0046350 seconds
394.878: [Full GC (System) 394.878: [CMS: 873K->873K(49152K), 0.0403570 secs] 1137K->873K(63936K), [CMS Perm : 5902K->5902K(16384K)], 0.0405060 secs] [Times: user=0.04 sys=0.00, real=0.04 secs] 
Total time for which application threads were stopped: 0.0407780 seconds
Application time: 0.0003410 seconds
394.919: [GC [1 CMS-initial-mark: 873K(49152K)] 1137K(63936K), 0.0004170 secs] [Times: user=0.00 sys=0.00, real=0.00 secs] 
Total time for which application threads were stopped: 0.0005350 seconds
394.920: [CMS-concurrent-mark-start]
Application time: 0.0000400 seconds
394.920: [Full GC (System) 394.920: [CMS394.944: [CMS-concurrent-mark: 0.024/0.024 secs] [Times: user=0.03 sys=0.00, real=0.02 secs] 
 (concurrent mode interrupted): 873K->873K(49152K), 0.0548350 secs] 1137K->873K(63936K), [CMS Perm : 5902K->5902K(16384K)], 0.0549440 secs] [Times: user=0.06 sys=0.00, real=0.05 secs] 
Total time for which application threads were stopped: 0.0550700 seconds
Application time: 15.0058730 seconds
409.981: [Full GC (System) 409.981: [CMS: 873K->873K(49152K), 0.0396540 secs] 1137K->873K(63936K), [CMS Perm : 5902K->5902K(16384K)], 0.0397940 secs] [Times: user=0.04 sys=0.00, real=0.04 secs] 
Total time for which application threads were stopped: 0.0400690 seconds
Application time: 0.0002800 seconds
410.021: [GC [1 CMS-initial-mark: 873K(49152K)] 1137K(63936K), 0.0004250 secs] [Times: user=0.00 sys=0.00, real=0.00 secs] 
Total time for which application threads were stopped: 0.0006060 seconds
410.022: [CMS-concurrent-mark-start]
Application time: 0.0001150 seconds
410.022: [Full GC (System) 410.022: [CMS410.045: [CMS-concurrent-mark: 0.024/0.024 secs] [Times: user=0.02 sys=0.00, real=0.03 secs] 
 (concurrent mode interrupted): 873K->873K(49152K), 0.0541570 secs] 1137K->873K(63936K), [CMS Perm : 5902K->5902K(16384K)], 0.0542650 secs] [Times: user=0.05 sys=0.00, real=0.06 secs] 
Total time for which application threads were stopped: 0.0543870 seconds
Application time: 15.0052530 seconds
425.082: [Full GC (System) 425.082: [CMS: 873K->873K(49152K), 0.0399670 secs] 1137K->873K(63936K), [CMS Perm : 5902K->5902K(16384K)], 0.0401130 secs] [Times: user=0.04 sys=0.00, real=0.04 secs] 
Total time for which application threads were stopped: 0.0404170 seconds
Application time: 0.0002640 seconds
425.122: [GC [1 CMS-initial-mark: 873K(49152K)] 1137K(63936K), 0.0004080 secs] [Times: user=0.00 sys=0.00, real=0.00 secs] 
Total time for which application threads were stopped: 0.0005980 seconds
425.123: [CMS-concurrent-mark-start]
Application time: 0.0001110 seconds
425.123: [Full GC (System) 425.123: [CMS425.146: [CMS-concurrent-mark: 0.023/0.024 secs] [Times: user=0.03 sys=0.00, real=0.03 secs] 
 (concurrent mode interrupted): 873K->873K(49152K), 0.0536380 secs] 1137K->873K(63936K), [CMS Perm : 5902K->5902K(16384K)], 0.0537450 secs] [Times: user=0.06 sys=0.00, real=0.06 secs] 
Total time for which application threads were stopped: 0.0538640 seconds
Application time: 15.0045920 seconds
440.181: [Full GC (System) 440.181: [CMS: 873K->873K(49152K), 0.0402320 secs] 1137K->873K(63936K), [CMS Perm : 5902K->5902K(16384K)], 0.0403690 secs] [Times: user=0.04 sys=0.00, real=0.04 secs] 
Total time for which application threads were stopped: 0.0406360 seconds
Application time: 0.0001740 seconds
440.222: [GC [1 CMS-initial-mark: 873K(49152K)] 1137K(63936K), 0.0004770 secs] [Times: user=0.00 sys=0.00, real=0.00 secs] 
Total time for which application threads were stopped: 0.0006330 seconds
440.223: [CMS-concurrent-mark-start]
Application time: 0.0002260 seconds
440.223: [Full GC (System) 440.223: [CMS440.247: [CMS-concurrent-mark: 0.024/0.024 secs] [Times: user=0.02 sys=0.00, real=0.02 secs] 
 (concurrent mode interrupted): 873K->873K(49152K), 0.0538260 secs] 1137K->873K(63936K), [CMS Perm : 5902K->5902K(16384K)], 0.0539430 secs] [Times: user=0.05 sys=0.00, real=0.05 secs] 
Total time for which application threads were stopped: 0.0540670 seconds
Application time: 15.0050300 seconds
455.282: [Full GC (System) 455.282: [CMS: 873K->873K(49152K), 0.0401260 secs] 1137K->873K(63936K), [CMS Perm : 5902K->5902K(16384K)], 0.0402720 secs] [Times: user=0.04 sys=0.00, real=0.04 secs] 
Total time for which application threads were stopped: 0.0405590 seconds
Application time: 0.0002660 seconds
455.324: [GC [1 CMS-initial-mark: 873K(49152K)] 1137K(63936K), 0.0004510 secs] [Times: user=0.00 sys=0.00, real=0.00 secs] 
Total time for which application threads were stopped: 0.0011010 seconds
455.324: [CMS-concurrent-mark-start]
Application time: 0.0001070 seconds
455.324: [Full GC (System) 455.324: [CMS455.348: [CMS-concurrent-mark: 0.024/0.024 secs] [Times: user=0.03 sys=0.00, real=0.02 secs] 
 (concurrent mode interrupted): 873K->873K(49152K), 0.0536070 secs] 1137K->873K(63936K), [CMS Perm : 5902K->5902K(16384K)], 0.0537720 secs] [Times: user=0.06 sys=0.00, real=0.05 secs] 
Total time for which application threads were stopped: 0.0539040 seconds
Application time: 15.0047610 seconds
470.383: [Full GC (System) 470.383: [CMS: 873K->873K(49152K), 0.0409170 secs] 1137K->873K(63936K), [CMS Perm : 5902K->5902K(16384K)], 0.0410560 secs] [Times: user=0.04 sys=0.00, real=0.04 secs] 
Total time for which application threads were stopped: 0.0413180 seconds
Application time: 0.0002430 seconds
470.425: [GC [1 CMS-initial-mark: 873K(49152K)] 1137K(63936K), 0.0004140 secs] [Times: user=0.00 sys=0.00, real=0.00 secs] 
Total time for which application threads were stopped: 0.0005210 seconds
470.425: [CMS-concurrent-mark-start]
Application time: 0.0000770 seconds
470.425: [Full GC (System) 470.425: [CMS470.449: [CMS-concurrent-mark: 0.024/0.024 secs] [Times: user=0.02 sys=0.00, real=0.03 secs] 
 (concurrent mode interrupted): 873K->873K(49152K), 0.0550360 secs] 1137K->873K(63936K), [CMS Perm : 5902K->5902K(16384K)], 0.0551470 secs] [Times: user=0.05 sys=0.00, real=0.06 secs] 
Total time for which application threads were stopped: 0.0552830 seconds
Application time: 15.0051390 seconds
485.486: [Full GC (System) 485.486: [CMS: 873K->873K(49152K), 0.0403800 secs] 1137K->873K(63936K), [CMS Perm : 5902K->5902K(16384K)], 0.0405150 secs] [Times: user=0.04 sys=0.00, real=0.04 secs] 
Total time for which application threads were stopped: 0.0407630 seconds
Application time: 0.0002470 seconds
485.527: [GC [1 CMS-initial-mark: 873K(49152K)] 1137K(63936K), 0.0004500 secs] [Times: user=0.01 sys=0.00, real=0.00 secs] 
Total time for which application threads were stopped: 0.0010740 seconds
485.528: [CMS-concurrent-mark-start]
Application time: 0.0001080 seconds
485.528: [Full GC (System) 485.528: [CMS485.553: [CMS-concurrent-mark: 0.025/0.025 secs] [Times: user=0.02 sys=0.00, real=0.03 secs] 
 (concurrent mode interrupted): 873K->873K(49152K), 0.0555840 secs] 1137K->873K(63936K), [CMS Perm : 5902K->5902K(16384K)], 0.0556920 secs] [Times: user=0.05 sys=0.01, real=0.06 secs] 
Total time for which application threads were stopped: 0.0558280 seconds
Application time: 15.0047790 seconds
500.589: [Full GC (System) 500.589: [CMS: 873K->873K(49152K), 0.0394540 secs] 1137K->873K(63936K), [CMS Perm : 5902K->5902K(16384K)], 0.0396130 secs] [Times: user=0.04 sys=0.00, real=0.04 secs] 
Total time for which application threads were stopped: 0.0398910 seconds
Application time: 0.0002350 seconds
500.629: [GC [1 CMS-initial-mark: 873K(49152K)] 1137K(63936K), 0.0004680 secs] [Times: user=0.00 sys=0.00, real=0.00 secs] 
Total time for which application threads were stopped: 0.0006060 seconds
500.629: [CMS-concurrent-mark-start]
Application time: 0.0000820 seconds
500.630: [Full GC (System) 500.630: [CMS500.654: [CMS-concurrent-mark: 0.024/0.024 secs] [Times: user=0.02 sys=0.00, real=0.03 secs] 
 (concurrent mode interrupted): 873K->873K(49152K), 0.0552040 secs] 1137K->873K(63936K), [CMS Perm : 5902K->5902K(16384K)], 0.0553150 secs] [Times: user=0.06 sys=0.00, real=0.06 secs] 
Total time for which application threads were stopped: 0.0554510 seconds
Application time: 15.0053300 seconds
515.690: [Full GC (System) 515.690: [CMS: 873K->873K(49152K), 0.0391590 secs] 1137K->873K(63936K), [CMS Perm : 5902K->5902K(16384K)], 0.0392990 secs] [Times: user=0.03 sys=0.00, real=0.04 secs] 
Total time for which application threads were stopped: 0.0395640 seconds
Application time: 0.0002490 seconds
515.731: [GC [1 CMS-initial-mark: 873K(49152K)] 1137K(63936K), 0.0004110 secs] [Times: user=0.01 sys=0.00, real=0.00 secs] 
Total time for which application threads were stopped: 0.0010310 seconds
515.731: [CMS-concurrent-mark-start]
Application time: 0.0001100 seconds
515.731: [Full GC (System) 515.731: [CMS515.755: [CMS-concurrent-mark: 0.024/0.024 secs] [Times: user=0.02 sys=0.00, real=0.02 secs] 
 (concurrent mode interrupted): 873K->873K(49152K), 0.0543930 secs] 1137K->873K(63936K), [CMS Perm : 5902K->5902K(16384K)], 0.0545010 secs] [Times: user=0.05 sys=0.00, real=0.05 secs] 
Total time for which application threads were stopped: 0.0546340 seconds
Application time: 15.0062140 seconds
530.792: [Full GC (System) 530.792: [CMS: 873K->873K(49152K), 0.0395430 secs] 1137K->873K(63936K), [CMS Perm : 5902K->5902K(16384K)], 0.0396960 secs] [Times: user=0.04 sys=0.00, real=0.04 secs] 
Total time for which application threads were stopped: 0.0399510 seconds
Application time: 0.0002360 seconds
530.833: [GC [1 CMS-initial-mark: 873K(49152K)] 1137K(63936K), 0.0004130 secs] [Times: user=0.00 sys=0.00, real=0.00 secs] 
Total time for which application threads were stopped: 0.0005440 seconds
530.833: [CMS-concurrent-mark-start]
Application time: 0.0000780 seconds
530.833: [Full GC (System) 530.833: [CMS530.857: [CMS-concurrent-mark: 0.024/0.024 secs] [Times: user=0.02 sys=0.00, real=0.02 secs] 
 (concurrent mode interrupted): 873K->873K(49152K), 0.0547280 secs] 1137K->873K(63936K), [CMS Perm : 5902K->5902K(16384K)], 0.0548390 secs] [Times: user=0.06 sys=0.00, real=0.05 secs] 
Total time for which application threads were stopped: 0.0549750 seconds
Application time: 15.0047400 seconds
545.893: [Full GC (System) 545.893: [CMS: 873K->873K(49152K), 0.0395580 secs] 1137K->873K(63936K), [CMS Perm : 5902K->5902K(16384K)], 0.0397110 secs] [Times: user=0.04 sys=0.00, real=0.04 secs] 
Total time for which application threads were stopped: 0.0399660 seconds
Application time: 0.0003060 seconds
545.933: [GC [1 CMS-initial-mark: 873K(49152K)] 1137K(63936K), 0.0004740 secs] [Times: user=0.00 sys=0.00, real=0.01 secs] 
Total time for which application threads were stopped: 0.0005800 seconds
545.934: [CMS-concurrent-mark-start]
Application time: 0.0000810 seconds
545.934: [Full GC (System) 545.934: [CMS545.958: [CMS-concurrent-mark: 0.024/0.024 secs] [Times: user=0.02 sys=0.00, real=0.02 secs] 
 (concurrent mode interrupted): 873K->873K(49152K), 0.0547670 secs] 1137K->873K(63936K), [CMS Perm : 5902K->5902K(16384K)], 0.0548760 secs] [Times: user=0.05 sys=0.00, real=0.05 secs] 
Total time for which application threads were stopped: 0.0550060 seconds
Application time: 15.0056860 seconds
560.995: [Full GC (System) 560.995: [CMS: 873K->873K(49152K), 0.0391370 secs] 1137K->873K(63936K), [CMS Perm : 5902K->5902K(16384K)], 0.0392830 secs] [Times: user=0.04 sys=0.00, real=0.04 secs] 
Total time for which application threads were stopped: 0.0395440 seconds
Application time: 0.0002350 seconds
561.035: [GC [1 CMS-initial-mark: 873K(49152K)] 1137K(63936K), 0.0003990 secs] [Times: user=0.00 sys=0.00, real=0.00 secs] 
Total time for which application threads were stopped: 0.0005020 seconds
561.035: [CMS-concurrent-mark-start]
Application time: 0.0000770 seconds
561.035: [Full GC (System) 561.035: [CMS561.061: [CMS-concurrent-mark: 0.025/0.026 secs] [Times: user=0.03 sys=0.00, real=0.03 secs] 
 (concurrent mode interrupted): 873K->873K(49152K), 0.0622540 secs] 1137K->873K(63936K), [CMS Perm : 5902K->5902K(16384K)], 0.0623640 secs] [Times: user=0.06 sys=0.00, real=0.06 secs] 
Total time for which application threads were stopped: 0.0625260 seconds
Application time: 15.0056860 seconds
576.104: [Full GC (System) 576.104: [CMS: 873K->873K(49152K), 0.0439050 secs] 1137K->873K(63936K), [CMS Perm : 5902K->5902K(16384K)], 0.0440400 secs] [Times: user=0.05 sys=0.00, real=0.04 secs] 
Total time for which application threads were stopped: 0.0443170 seconds
Application time: 0.0002270 seconds
576.148: [GC [1 CMS-initial-mark: 873K(49152K)] 1137K(63936K), 0.0003890 secs] [Times: user=0.00 sys=0.00, real=0.00 secs] 
Total time for which application threads were stopped: 0.0004980 seconds
576.149: [CMS-concurrent-mark-start]
Application time: 0.0000770 seconds
576.149: [Full GC (System) 576.149: [CMS576.177: [CMS-concurrent-mark: 0.028/0.028 secs] [Times: user=0.03 sys=0.00, real=0.03 secs] 
 (concurrent mode interrupted): 873K->873K(49152K), 0.0586600 secs] 1137K->873K(63936K), [CMS Perm : 5902K->5902K(16384K)], 0.0587640 secs] [Times: user=0.06 sys=0.00, real=0.06 secs] 
Total time for which application threads were stopped: 0.0588960 seconds
Application time: 15.0045980 seconds
591.212: [Full GC (System) 591.213: [CMS: 873K->873K(49152K), 0.0409630 secs] 1137K->873K(63936K), [CMS Perm : 5902K->5902K(16384K)], 0.0411000 secs] [Times: user=0.04 sys=0.00, real=0.04 secs] 
Total time for which application threads were stopped: 0.0413390 seconds
Application time: 0.0002260 seconds
591.254: [GC [1 CMS-initial-mark: 873K(49152K)] 1137K(63936K), 0.0003910 secs] [Times: user=0.00 sys=0.00, real=0.00 secs] 
Total time for which application threads were stopped: 0.0004980 seconds
591.255: [CMS-concurrent-mark-start]
Application time: 0.0000770 seconds
591.255: [Full GC (System) 591.255: [CMS591.279: [CMS-concurrent-mark: 0.024/0.024 secs] [Times: user=0.02 sys=0.00, real=0.03 secs] 
 (concurrent mode interrupted): 873K->873K(49152K), 0.0536780 secs] 1137K->873K(63936K), [CMS Perm : 5902K->5902K(16384K)], 0.0537850 secs] [Times: user=0.05 sys=0.00, real=0.06 secs] 
Total time for which application threads were stopped: 0.0539190 seconds
Application time: 15.0045850 seconds
606.313: [Full GC (System) 606.313: [CMS: 873K->873K(49152K), 0.0409450 secs] 1137K->873K(63936K), [CMS Perm : 5902K->5902K(16384K)], 0.0410900 secs] [Times: user=0.04 sys=0.00, real=0.04 secs] 
Total time for which application threads were stopped: 0.0413480 seconds
Application time: 0.0002410 seconds
606.355: [GC [1 CMS-initial-mark: 873K(49152K)] 1137K(63936K), 0.0003920 secs] [Times: user=0.00 sys=0.00, real=0.00 secs] 
Total time for which application threads were stopped: 0.0004930 seconds
606.355: [CMS-concurrent-mark-start]
Application time: 0.0000760 seconds
606.356: [Full GC (System) 606.356: [CMS606.379: [CMS-concurrent-mark: 0.024/0.024 secs] [Times: user=0.03 sys=0.00, real=0.03 secs] 
 (concurrent mode interrupted): 873K->873K(49152K), 0.0536070 secs] 1137K->873K(63936K), [CMS Perm : 5902K->5902K(16384K)], 0.0537160 secs] [Times: user=0.06 sys=0.00, real=0.06 secs] 
Total time for which application threads were stopped: 0.0538490 seconds
Application time: 15.0045720 seconds
621.414: [Full GC (System) 621.414: [CMS: 873K->873K(49152K), 0.0410570 secs] 1137K->873K(63936K), [CMS Perm : 5902K->5902K(16384K)], 0.0411940 secs] [Times: user=0.04 sys=0.00, real=0.04 secs] 
Total time for which application threads were stopped: 0.0414410 seconds
Application time: 0.0002300 seconds
621.456: [GC [1 CMS-initial-mark: 873K(49152K)] 1137K(63936K), 0.0004020 secs] [Times: user=0.00 sys=0.00, real=0.00 secs] 
Total time for which application threads were stopped: 0.0005570 seconds
621.456: [CMS-concurrent-mark-start]
Application time: 0.0001390 seconds
621.457: [Full GC (System) 621.457: [CMS621.480: [CMS-concurrent-mark: 0.024/0.024 secs] [Times: user=0.02 sys=0.00, real=0.02 secs] 
 (concurrent mode interrupted): 873K->873K(49152K), 0.0536850 secs] 1137K->873K(63936K), [CMS Perm : 5902K->5902K(16384K)], 0.0537880 secs] [Times: user=0.05 sys=0.00, real=0.05 secs] 
Total time for which application threads were stopped: 0.0539520 seconds
Application time: 15.0053510 seconds
636.516: [Full GC (System) 636.516: [CMS: 873K->873K(49152K), 0.0416980 secs] 1137K->873K(63936K), [CMS Perm : 5902K->5902K(16384K)], 0.0418390 secs] [Times: user=0.04 sys=0.00, real=0.04 secs] 
Total time for which application threads were stopped: 0.0421060 seconds
Application time: 0.0002480 seconds
636.558: [GC [1 CMS-initial-mark: 873K(49152K)] 1137K(63936K), 0.0004210 secs] [Times: user=0.01 sys=0.00, real=0.00 secs] 
Total time for which application threads were stopped: 0.0005240 seconds
636.559: [CMS-concurrent-mark-start]
Application time: 0.0000570 seconds
636.559: [Full GC (System) 636.559: [CMS636.583: [CMS-concurrent-mark: 0.024/0.024 secs] [Times: user=0.02 sys=0.00, real=0.02 secs] 
 (concurrent mode interrupted): 873K->873K(49152K), 0.0541190 secs] 1137K->873K(63936K), [CMS Perm : 5902K->5902K(16384K)], 0.0542210 secs] [Times: user=0.05 sys=0.00, real=0.05 secs] 
Total time for which application threads were stopped: 0.0543370 seconds
Application time: 15.0053130 seconds
651.619: [Full GC (System) 651.619: [CMS: 873K->873K(49152K), 0.0405470 secs] 1137K->873K(63936K), [CMS Perm : 5902K->5902K(16384K)], 0.0406970 secs] [Times: user=0.04 sys=0.00, real=0.04 secs] 
Total time for which application threads were stopped: 0.0409370 seconds
Application time: 0.0002280 seconds
651.660: [GC [1 CMS-initial-mark: 873K(49152K)] 1137K(63936K), 0.0004750 secs] [Times: user=0.00 sys=0.00, real=0.01 secs] 
Total time for which application threads were stopped: 0.0005780 seconds
651.661: [CMS-concurrent-mark-start]
Application time: 0.0000760 seconds
651.661: [Full GC (System) 651.661: [CMS651.684: [CMS-concurrent-mark: 0.024/0.024 secs] [Times: user=0.02 sys=0.00, real=0.02 secs] 
 (concurrent mode interrupted): 873K->873K(49152K), 0.0535450 secs] 1137K->873K(63936K), [CMS Perm : 5902K->5902K(16384K)], 0.0536540 secs] [Times: user=0.05 sys=0.00, real=0.05 secs] 
Total time for which application threads were stopped: 0.0537880 seconds
Application time: 15.0050250 seconds
666.720: [Full GC (System) 666.720: [CMS: 873K->873K(49152K), 0.0409230 secs] 1137K->873K(63936K), [CMS Perm : 5902K->5902K(16384K)], 0.0410670 secs] [Times: user=0.04 sys=0.00, real=0.04 secs] 
Total time for which application threads were stopped: 0.0413320 seconds
Application time: 0.0002350 seconds
666.761: [GC [1 CMS-initial-mark: 873K(49152K)] 1137K(63936K), 0.0004000 secs] [Times: user=0.00 sys=0.00, real=0.00 secs] 
Total time for which application threads were stopped: 0.0005060 seconds
666.762: [CMS-concurrent-mark-start]
Application time: 0.0000760 seconds
666.762: [Full GC (System) 666.762: [CMS666.786: [CMS-concurrent-mark: 0.024/0.024 secs] [Times: user=0.02 sys=0.00, real=0.03 secs] 
 (concurrent mode interrupted): 873K->873K(49152K), 0.0541350 secs] 1137K->873K(63936K), [CMS Perm : 5902K->5902K(16384K)], 0.0542430 secs] [Times: user=0.05 sys=0.00, real=0.06 secs] 
Total time for which application threads were stopped: 0.0543790 seconds
Application time: 15.0050840 seconds
681.821: [Full GC (System) 681.821: [CMS: 873K->873K(49152K), 0.0408960 secs] 1137K->873K(63936K), [CMS Perm : 5902K->5902K(16384K)], 0.0410390 secs] [Times: user=0.04 sys=0.00, real=0.04 secs] 
Total time for which application threads were stopped: 0.0412990 seconds
Application time: 0.0002660 seconds
681.863: [GC [1 CMS-initial-mark: 873K(49152K)] 1137K(63936K), 0.0004090 secs] [Times: user=0.00 sys=0.00, real=0.00 secs] 
Total time for which application threads were stopped: 0.0005170 seconds
681.864: [CMS-concurrent-mark-start]
Application time: 0.0000770 seconds
681.864: [Full GC (System) 681.864: [CMS681.888: [CMS-concurrent-mark: 0.024/0.024 secs] [Times: user=0.03 sys=0.00, real=0.03 secs] 
 (concurrent mode interrupted): 873K->873K(49152K), 0.0549810 secs] 1137K->873K(63936K), [CMS Perm : 5902K->5902K(16384K)], 0.0550940 secs] [Times: user=0.06 sys=0.00, real=0.06 secs] 
Total time for which application threads were stopped: 0.0552710 seconds
Application time: 15.0051780 seconds
696.924: [Full GC (System) 696.924: [CMS: 873K->873K(49152K), 0.0403610 secs] 1137K->873K(63936K), [CMS Perm : 5902K->5902K(16384K)], 0.0405050 secs] [Times: user=0.04 sys=0.00, real=0.04 secs] 
Total time for which application threads were stopped: 0.0408460 seconds
Application time: 0.0002340 seconds
696.965: [GC [1 CMS-initial-mark: 873K(49152K)] 1137K(63936K), 0.0004070 secs] [Times: user=0.00 sys=0.00, real=0.00 secs] 
Total time for which application threads were stopped: 0.0005240 seconds
696.966: [CMS-concurrent-mark-start]
Application time: 0.0000920 seconds
696.966: [Full GC (System) 696.966: [CMS696.990: [CMS-concurrent-mark: 0.024/0.024 secs] [Times: user=0.02 sys=0.00, real=0.03 secs] 
 (concurrent mode interrupted): 873K->873K(49152K), 0.0547160 secs] 1137K->873K(63936K), [CMS Perm : 5902K->5902K(16384K)], 0.0548270 secs] [Times: user=0.05 sys=0.00, real=0.06 secs] 
Total time for which application threads were stopped: 0.0549900 seconds
Application time: 15.0039360 seconds
712.025: [Full GC (System) 712.025: [CMS: 873K->873K(49152K), 0.0398790 secs] 1137K->873K(63936K), [CMS Perm : 5902K->5902K(16384K)], 0.0400290 secs] [Times: user=0.04 sys=0.00, real=0.04 secs] 
Total time for which application threads were stopped: 0.0402910 seconds
Application time: 0.0002450 seconds
712.066: [GC [1 CMS-initial-mark: 873K(49152K)] 1137K(63936K), 0.0004080 secs] [Times: user=0.00 sys=0.00, real=0.00 secs] 
Total time for which application threads were stopped: 0.0005270 seconds
712.066: [CMS-concurrent-mark-start]
Application time: 0.0000770 seconds
712.066: [Full GC (System) 712.066: [CMS712.090: [CMS-concurrent-mark: 0.024/0.024 secs] [Times: user=0.03 sys=0.00, real=0.02 secs] 
 (concurrent mode interrupted): 873K->873K(49152K), 0.0548240 secs] 1137K->873K(63936K), [CMS Perm : 5902K->5902K(16384K)], 0.0549370 secs] [Times: user=0.06 sys=0.00, real=0.05 secs] 
Total time for which application threads were stopped: 0.0550730 seconds
Application time: 15.0043930 seconds
727.126: [Full GC (System) 727.126: [CMS: 873K->873K(49152K), 0.0396450 secs] 1137K->873K(63936K), [CMS Perm : 5902K->5902K(16384K)], 0.0397850 secs] [Times: user=0.04 sys=0.00, real=0.04 secs] 
Total time for which application threads were stopped: 0.0400460 seconds
Application time: 0.0002410 seconds
727.166: [GC [1 CMS-initial-mark: 873K(49152K)] 1137K(63936K), 0.0004040 secs] [Times: user=0.00 sys=0.00, real=0.00 secs] 
Total time for which application threads were stopped: 0.0005060 seconds
727.167: [CMS-concurrent-mark-start]
Application time: 0.0000780 seconds
727.167: [Full GC (System) 727.167: [CMS727.192: [CMS-concurrent-mark: 0.025/0.025 secs] [Times: user=0.02 sys=0.00, real=0.02 secs] 
 (concurrent mode interrupted): 873K->873K(49152K), 0.0620520 secs] 1137K->873K(63936K), [CMS Perm : 5902K->5902K(16384K)], 0.0621590 secs] [Times: user=0.06 sys=0.00, real=0.06 secs] 
Total time for which application threads were stopped: 0.0623070 seconds
Application time: 15.0044510 seconds
742.234: [Full GC (System) 742.234: [CMS: 873K->873K(49152K), 0.0376690 secs] 1137K->873K(63936K), [CMS Perm : 5902K->5902K(16384K)], 0.0378490 secs] [Times: user=0.04 sys=0.00, real=0.04 secs] 
Total time for which application threads were stopped: 0.0381350 seconds
Application time: 0.0001400 seconds
742.272: [GC [1 CMS-initial-mark: 873K(49152K)] 1137K(63936K), 0.0006510 secs] [Times: user=0.00 sys=0.00, real=0.00 secs] 
Total time for which application threads were stopped: 0.0008880 seconds
742.273: [CMS-concurrent-mark-start]
Application time: 0.0003890 seconds
742.273: [Full GC (System) 742.273: [CMS742.305: [CMS-concurrent-mark: 0.031/0.032 secs] [Times: user=0.03 sys=0.00, real=0.03 secs] 
 (concurrent mode interrupted): 873K->873K(49152K), 0.0622980 secs] 1137K->873K(63936K), [CMS Perm : 5902K->5902K(16384K)], 0.0624600 secs] [Times: user=0.06 sys=0.00, real=0.06 secs] 
Total time for which application threads were stopped: 0.0626170 seconds
Application time: 15.0056160 seconds
757.341: [Full GC (System) 757.342: [CMS: 873K->873K(49152K), 0.0427050 secs] 1137K->873K(63936K), [CMS Perm : 5902K->5902K(16384K)], 0.0428440 secs] [Times: user=0.05 sys=0.00, real=0.05 secs] 
Total time for which application threads were stopped: 0.0430950 seconds
Application time: 0.0002230 seconds
757.385: [GC [1 CMS-initial-mark: 873K(49152K)] 1137K(63936K), 0.0004040 secs] [Times: user=0.00 sys=0.00, real=0.00 secs] 
Total time for which application threads were stopped: 0.0005060 seconds
757.385: [CMS-concurrent-mark-start]
Application time: 0.0000770 seconds
757.385: [Full GC (System) 757.385: [CMS757.418: [CMS-concurrent-mark: 0.033/0.033 secs] [Times: user=0.03 sys=0.00, real=0.03 secs] 
 (concurrent mode interrupted): 873K->873K(49152K), 0.0632000 secs] 1137K->873K(63936K), [CMS Perm : 5902K->5902K(16384K)], 0.0633040 secs] [Times: user=0.06 sys=0.00, real=0.06 secs] 
Total time for which application threads were stopped: 0.0634340 seconds
Application time: 15.0052620 seconds
772.454: [Full GC (System) 772.454: [CMS: 873K->873K(49152K), 0.0378110 secs] 1137K->873K(63936K), [CMS Perm : 5902K->5902K(16384K)], 0.0379580 secs] [Times: user=0.04 sys=0.00, real=0.04 secs] 
Total time for which application threads were stopped: 0.0382180 seconds
Application time: 0.0002420 seconds
772.493: [GC [1 CMS-initial-mark: 873K(49152K)] 1137K(63936K), 0.0004030 secs] [Times: user=0.00 sys=0.00, real=0.00 secs] 
Total time for which application threads were stopped: 0.0005070 seconds
772.493: [CMS-concurrent-mark-start]
Application time: 0.0000770 seconds
772.493: [Full GC (System) 772.493: [CMS772.517: [CMS-concurrent-mark: 0.024/0.024 secs] [Times: user=0.02 sys=0.00, real=0.03 secs] 
 (concurrent mode interrupted): 873K->873K(49152K), 0.0541480 secs] 1137K->873K(63936K), [CMS Perm : 5902K->5902K(16384K)], 0.0542570 secs] [Times: user=0.05 sys=0.00, real=0.06 secs] 
Total time for which application threads were stopped: 0.0543900 seconds
Application time: 15.0051550 seconds
787.553: [Full GC (System) 787.553: [CMS: 873K->873K(49152K), 0.0390130 secs] 1137K->873K(63936K), [CMS Perm : 5902K->5902K(16384K)], 0.0391550 secs] [Times: user=0.04 sys=0.00, real=0.04 secs] 
Total time for which application threads were stopped: 0.0394190 seconds
Application time: 0.0002460 seconds
787.593: [GC [1 CMS-initial-mark: 873K(49152K)] 1137K(63936K), 0.0004180 secs] [Times: user=0.00 sys=0.00, real=0.00 secs] 
Total time for which application threads were stopped: 0.0005360 seconds
787.593: [CMS-concurrent-mark-start]
Application time: 0.0000640 seconds
787.593: [Full GC (System) 787.593: [CMS787.617: [CMS-concurrent-mark: 0.024/0.024 secs] [Times: user=0.03 sys=0.00, real=0.02 secs] 
 (concurrent mode interrupted): 873K->874K(49152K), 0.0550040 secs] 1137K->874K(63936K), [CMS Perm : 5902K->5902K(16384K)], 0.0551170 secs] [Times: user=0.06 sys=0.00, real=0.05 secs] 
Total time for which application threads were stopped: 0.0552760 seconds
Application time: 15.0060430 seconds
802.655: [Full GC (System) 802.655: [CMS: 874K->873K(49152K), 0.0387590 secs] 1137K->873K(63936K), [CMS Perm : 5902K->5902K(16384K)], 0.0388890 secs] [Times: user=0.04 sys=0.00, real=0.04 secs] 
Total time for which application threads were stopped: 0.0391530 seconds
Application time: 0.0002260 seconds
802.694: [GC [1 CMS-initial-mark: 873K(49152K)] 1137K(63936K), 0.0004030 secs] [Times: user=0.00 sys=0.00, real=0.00 secs] 
Total time for which application threads were stopped: 0.0005060 seconds
802.695: [CMS-concurrent-mark-start]
Application time: 0.0000710 seconds
802.695: [Full GC (System) 802.695: [CMS802.719: [CMS-concurrent-mark: 0.024/0.024 secs] [Times: user=0.02 sys=0.00, real=0.02 secs] 
 (concurrent mode interrupted): 873K->873K(49152K), 0.0542140 secs] 1137K->873K(63936K), [CMS Perm : 5902K->5902K(16384K)], 0.0543590 secs] [Times: user=0.05 sys=0.00, real=0.05 secs] 
Total time for which application threads were stopped: 0.0544930 seconds
Application time: 15.0052550 seconds
817.755: [Full GC (System) 817.755: [CMS: 873K->873K(49152K), 0.0399080 secs] 1137K->873K(63936K), [CMS Perm : 5902K->5902K(16384K)], 0.0400590 secs] [Times: user=0.04 sys=0.00, real=0.04 secs] 
Total time for which application threads were stopped: 0.0403230 seconds
Application time: 0.0002370 seconds
817.795: [GC [1 CMS-initial-mark: 873K(49152K)] 1137K(63936K), 0.0004060 secs] [Times: user=0.00 sys=0.00, real=0.00 secs] 
Total time for which application threads were stopped: 0.0005140 seconds
817.796: [CMS-concurrent-mark-start]
Application time: 0.0000820 seconds
817.796: [Full GC (System) 817.796: [CMS817.820: [CMS-concurrent-mark: 0.024/0.024 secs] [Times: user=0.03 sys=0.00, real=0.03 secs] 
 (concurrent mode interrupted): 873K->873K(49152K), 0.0547160 secs] 1137K->873K(63936K), [CMS Perm : 5902K->5902K(16384K)], 0.0548260 secs] [Times: user=0.06 sys=0.00, real=0.06 secs] 
Total time for which application threads were stopped: 0.0549610 seconds
Application time: 15.0054910 seconds
832.857: [Full GC (System) 832.857: [CMS: 873K->873K(49152K), 0.0395640 secs] 1137K->873K(63936K), [CMS Perm : 5902K->5902K(16384K)], 0.0397030 secs] [Times: user=0.04 sys=0.00, real=0.04 secs] 
Total time for which application threads were stopped: 0.0399850 seconds
Application time: 0.0002380 seconds
832.897: [GC [1 CMS-initial-mark: 873K(49152K)] 1137K(63936K), 0.0004030 secs] [Times: user=0.00 sys=0.00, real=0.00 secs] 
Total time for which application threads were stopped: 0.0005070 seconds
832.897: [CMS-concurrent-mark-start]
Application time: 0.0000770 seconds
832.897: [Full GC (System) 832.897: [CMS832.921: [CMS-concurrent-mark: 0.024/0.024 secs] [Times: user=0.02 sys=0.00, real=0.02 secs] 
 (concurrent mode interrupted): 873K->873K(49152K), 0.0542170 secs] 1137K->873K(63936K), [CMS Perm : 5902K->5902K(16384K)], 0.0543280 secs] [Times: user=0.05 sys=0.00, real=0.05 secs] 
Total time for which application threads were stopped: 0.0544610 seconds
Application time: 15.0043340 seconds
847.956: [Full GC (System) 847.956: [CMS: 873K->873K(49152K), 0.0397400 secs] 1137K->873K(63936K), [CMS Perm : 5902K->5902K(16384K)], 0.0398840 secs] [Times: user=0.04 sys=0.00, real=0.04 secs] 
Total time for which application threads were stopped: 0.0401360 seconds
Application time: 0.0002910 seconds
847.997: [GC [1 CMS-initial-mark: 873K(49152K)] 1137K(63936K), 0.0003970 secs] [Times: user=0.00 sys=0.00, real=0.00 secs] 
Total time for which application threads were stopped: 0.0004990 seconds
847.997: [CMS-concurrent-mark-start]
Application time: 0.0000760 seconds
847.997: [Full GC (System) 847.997: [CMS848.021: [CMS-concurrent-mark: 0.024/0.024 secs] [Times: user=0.03 sys=0.00, real=0.02 secs] 
 (concurrent mode interrupted): 873K->873K(49152K), 0.0533670 secs] 1137K->873K(63936K), [CMS Perm : 5902K->5902K(16384K)], 0.0534740 secs] [Times: user=0.06 sys=0.00, real=0.05 secs] 
Total time for which application threads were stopped: 0.0536120 seconds
Application time: 15.0050100 seconds
863.056: [Full GC (System) 863.056: [CMS: 873K->873K(49152K), 0.0408290 secs] 1137K->873K(63936K), [CMS Perm : 5902K->5902K(16384K)], 0.0409720 secs] [Times: user=0.04 sys=0.00, real=0.04 secs] 
Total time for which application threads were stopped: 0.0412440 seconds
Application time: 0.0002380 seconds
863.098: [GC [1 CMS-initial-mark: 873K(49152K)] 1137K(63936K), 0.0004280 secs] [Times: user=0.00 sys=0.00, real=0.00 secs] 
Total time for which application threads were stopped: 0.0005320 seconds
863.098: [CMS-concurrent-mark-start]
Application time: 0.0000770 seconds
863.098: [Full GC (System) 863.098: [CMS863.122: [CMS-concurrent-mark: 0.024/0.024 secs] [Times: user=0.02 sys=0.00, real=0.03 secs] 
 (concurrent mode interrupted): 873K->873K(49152K), 0.0548620 secs] 1137K->873K(63936K), [CMS Perm : 5902K->5902K(16384K)], 0.0549700 secs] [Times: user=0.05 sys=0.00, real=0.06 secs] 
Total time for which application threads were stopped: 0.0551430 seconds
Application time: 15.0043690 seconds
878.158: [Full GC (System) 878.158: [CMS: 873K->873K(49152K), 0.0395790 secs] 1137K->873K(63936K), [CMS Perm : 5902K->5902K(16384K)], 0.0397230 secs] [Times: user=0.04 sys=0.00, real=0.04 secs] 
Total time for which application threads were stopped: 0.0399760 seconds
Application time: 0.0002310 seconds
878.198: [GC [1 CMS-initial-mark: 873K(49152K)] 1137K(63936K), 0.0003930 secs] [Times: user=0.00 sys=0.00, real=0.00 secs] 
Total time for which application threads were stopped: 0.0004950 seconds
878.199: [CMS-concurrent-mark-start]
Application time: 0.0000760 seconds
878.199: [Full GC (System) 878.199: [CMS878.223: [CMS-concurrent-mark: 0.024/0.024 secs] [Times: user=0.03 sys=0.00, real=0.03 secs] 
 (concurrent mode interrupted): 873K->873K(49152K), 0.0533890 secs] 1137K->873K(63936K), [CMS Perm : 5902K->5902K(16384K)], 0.0534960 secs] [Times: user=0.06 sys=0.00, real=0.06 secs] 
Total time for which application threads were stopped: 0.0536270 seconds
Application time: 15.0051270 seconds
893.258: [Full GC (System) 893.258: [CMS: 873K->873K(49152K), 0.0412320 secs] 1137K->873K(63936K), [CMS Perm : 5902K->5902K(16384K)], 0.0413760 secs] [Times: user=0.04 sys=0.00, real=0.04 secs] 
Total time for which application threads were stopped: 0.0416440 seconds
Application time: 0.0003570 seconds
893.300: [GC [1 CMS-initial-mark: 873K(49152K)] 1137K(63936K), 0.0004230 secs] [Times: user=0.00 sys=0.00, real=0.00 secs] 
Total time for which application threads were stopped: 0.0010430 seconds
893.301: [CMS-concurrent-mark-start]
Application time: 0.0001070 seconds
893.301: [Full GC (System) 893.301: [CMS893.325: [CMS-concurrent-mark: 0.024/0.024 secs] [Times: user=0.02 sys=0.00, real=0.02 secs] 
 (concurrent mode interrupted): 873K->873K(49152K), 0.0548260 secs] 1137K->873K(63936K), [CMS Perm : 5902K->5902K(16384K)], 0.0549380 secs] [Times: user=0.06 sys=0.00, real=0.06 secs] 
Total time for which application threads were stopped: 0.0550740 seconds
Application time: 15.0055830 seconds
908.362: [Full GC (System) 908.362: [CMS: 873K->873K(49152K), 0.0396620 secs] 1137K->873K(63936K), [CMS Perm : 5902K->5902K(16384K)], 0.0397970 secs] [Times: user=0.04 sys=0.00, real=0.04 secs] 
Total time for which application threads were stopped: 0.0400410 seconds
Application time: 0.0002360 seconds
908.402: [GC [1 CMS-initial-mark: 873K(49152K)] 1137K(63936K), 0.0004060 secs] [Times: user=0.00 sys=0.00, real=0.00 secs] 
Total time for which application threads were stopped: 0.0005600 seconds
908.402: [CMS-concurrent-mark-start]
Application time: 0.0001380 seconds
908.403: [Full GC (System) 908.403: [CMS908.427: [CMS-concurrent-mark: 0.024/0.024 secs] [Times: user=0.02 sys=0.00, real=0.02 secs] 
 (concurrent mode interrupted): 873K->873K(49152K), 0.0541070 secs] 1137K->873K(63936K), [CMS Perm : 5902K->5902K(16384K)], 0.0542110 secs] [Times: user=0.05 sys=0.00, real=0.05 secs] 
Total time for which application threads were stopped: 0.0543440 seconds
Application time: 15.0053540 seconds
923.462: [Full GC (System) 923.462: [CMS: 873K->873K(49152K), 0.0400540 secs] 1137K->873K(63936K), [CMS Perm : 5902K->5902K(16384K)], 0.0402010 secs] [Times: user=0.04 sys=0.00, real=0.04 secs] 
Total time for which application threads were stopped: 0.0404540 seconds
Application time: 0.0002610 seconds
923.503: [GC [1 CMS-initial-mark: 873K(49152K)] 1137K(63936K), 0.0003920 secs] [Times: user=0.00 sys=0.00, real=0.00 secs] 
Total time for which application threads were stopped: 0.0004940 seconds
923.504: [CMS-concurrent-mark-start]
Application time: 0.0000760 seconds
923.504: [Full GC (System) 923.504: [CMS923.528: [CMS-concurrent-mark: 0.024/0.024 secs] [Times: user=0.02 sys=0.00, real=0.03 secs] 
 (concurrent mode interrupted): 873K->873K(49152K), 0.0536580 secs] 1137K->873K(63936K), [CMS Perm : 5902K->5902K(16384K)], 0.0537660 secs] [Times: user=0.05 sys=0.00, real=0.06 secs] 
Total time for which application threads were stopped: 0.0538980 seconds
Application time: 15.0053750 seconds
938.563: [Full GC (System) 938.563: [CMS: 873K->873K(49152K), 0.0412370 secs] 1137K->873K(63936K), [CMS Perm : 5902K->5902K(16384K)], 0.0413820 secs] [Times: user=0.04 sys=0.00, real=0.04 secs] 
Total time for which application threads were stopped: 0.0416800 seconds
Application time: 0.0002420 seconds
938.606: [GC [1 CMS-initial-mark: 873K(49152K)] 1137K(63936K), 0.0004200 secs] [Times: user=0.00 sys=0.00, real=0.00 secs] 
Total time for which application threads were stopped: 0.0010420 seconds
938.606: [CMS-concurrent-mark-start]
Application time: 0.0001090 seconds
938.606: [Full GC (System) 938.606: [CMS938.630: [CMS-concurrent-mark: 0.024/0.024 secs] [Times: user=0.02 sys=0.00, real=0.03 secs] 
 (concurrent mode interrupted): 873K->873K(49152K), 0.0550290 secs] 1137K->873K(63936K), [CMS Perm : 5902K->5902K(16384K)], 0.0551310 secs] [Times: user=0.05 sys=0.00, real=0.06 secs] 
Total time for which application threads were stopped: 0.0552660 seconds
Application time: 15.0044540 seconds
953.666: [Full GC (System) 953.666: [CMS: 873K->873K(49152K), 0.0403560 secs] 1137K->873K(63936K), [CMS Perm : 5902K->5902K(16384K)], 0.0405050 secs] [Times: user=0.04 sys=0.00, real=0.04 secs] 
Total time for which application threads were stopped: 0.0407680 seconds
Application time: 0.0002840 seconds
953.707: [GC [1 CMS-initial-mark: 873K(49152K)] 1137K(63936K), 0.0004190 secs] [Times: user=0.00 sys=0.00, real=0.00 secs] 
Total time for which application threads were stopped: 0.0006020 seconds
953.708: [CMS-concurrent-mark-start]
Application time: 0.0001620 seconds
953.708: [Full GC (System) 953.708: [CMS953.732: [CMS-concurrent-mark: 0.024/0.024 secs] [Times: user=0.03 sys=0.00, real=0.03 secs] 
 (concurrent mode interrupted): 873K->873K(49152K), 0.0547170 secs] 1137K->873K(63936K), [CMS Perm : 5902K->5902K(16384K)], 0.0548280 secs] [Times: user=0.06 sys=0.00, real=0.06 secs] 
Total time for which application threads were stopped: 0.0549760 seconds
Application time: 15.0050170 seconds
968.768: [Full GC (System) 968.768: [CMS: 873K->873K(49152K), 0.0396570 secs] 1137K->873K(63936K), [CMS Perm : 5902K->5902K(16384K)], 0.0397960 secs] [Times: user=0.04 sys=0.00, real=0.04 secs] 
Total time for which application threads were stopped: 0.0400720 seconds
Application time: 0.0002800 seconds
968.808: [GC [1 CMS-initial-mark: 873K(49152K)] 1137K(63936K), 0.0004140 secs] [Times: user=0.00 sys=0.00, real=0.00 secs] 
Total time for which application threads were stopped: 0.0005900 seconds
968.809: [CMS-concurrent-mark-start]
Application time: 0.0001160 seconds
968.809: [Full GC (System) 968.809: [CMS968.833: [CMS-concurrent-mark: 0.024/0.024 secs] [Times: user=0.02 sys=0.00, real=0.02 secs] 
 (concurrent mode interrupted): 873K->873K(49152K), 0.0541720 secs] 1137K->873K(63936K), [CMS Perm : 5902K->5902K(16384K)], 0.0542800 secs] [Times: user=0.05 sys=0.00, real=0.05 secs] 
Total time for which application threads were stopped: 0.0544310 seconds
Application time: 15.0032770 seconds
983.867: [Full GC (System) 983.867: [CMS: 873K->873K(49152K), 0.0402080 secs] 1137K->873K(63936K), [CMS Perm : 5902K->5902K(16384K)], 0.0403550 secs] [Times: user=0.04 sys=0.00, real=0.04 secs] 
Total time for which application threads were stopped: 0.0406300 seconds
Application time: 0.0001790 seconds
983.907: [GC [1 CMS-initial-mark: 873K(49152K)] 1137K(63936K), 0.0004740 secs] [Times: user=0.00 sys=0.00, real=0.00 secs] 
Total time for which application threads were stopped: 0.0006340 seconds
983.908: [CMS-concurrent-mark-start]
Application time: 0.0002230 seconds
983.908: [Full GC (System) 983.908: [CMS983.932: [CMS-concurrent-mark: 0.024/0.024 secs] [Times: user=0.03 sys=0.00, real=0.02 secs] 
 (concurrent mode interrupted): 873K->873K(49152K), 0.0544020 secs] 1137K->873K(63936K), [CMS Perm : 5902K->5902K(16384K)], 0.0545210 secs] [Times: user=0.06 sys=0.00, real=0.05 secs] 
Total time for which application threads were stopped: 0.0546440 seconds
Application time: 15.0054440 seconds
998.968: [Full GC (System) 998.969: [CMS: 873K->873K(49152K), 0.0396660 secs] 1137K->873K(63936K), [CMS Perm : 5902K->5902K(16384K)], 0.0398030 secs] [Times: user=0.04 sys=0.00, real=0.04 secs] 
Total time for which application threads were stopped: 0.0400890 seconds
Application time: 0.0002310 seconds
999.009: [GC [1 CMS-initial-mark: 873K(49152K)] 1137K(63936K), 0.0004020 secs] [Times: user=0.00 sys=0.00, real=0.00 secs] 
Total time for which application threads were stopped: 0.0005020 seconds
999.009: [CMS-concurrent-mark-start]
Application time: 0.0000710 seconds
999.009: [Full GC (System) 999.009: [CMS999.033: [CMS-concurrent-mark: 0.023/0.024 secs] [Times: user=0.02 sys=0.00, real=0.03 secs] 
 (concurrent mode interrupted): 873K->873K(49152K), 0.0536470 secs] 1137K->873K(63936K), [CMS Perm : 5902K->5902K(16384K)], 0.0537560 secs] [Times: user=0.05 sys=0.00, real=0.06 secs] 
Total time for which application threads were stopped: 0.0538890 seconds
Application time: 15.0058260 seconds
1014.069: [Full GC (System) 1014.069: [CMS: 873K->873K(49152K), 0.0413660 secs] 1137K->873K(63936K), [CMS Perm : 5902K->5902K(16384K)], 0.0415110 secs] [Times: user=0.04 sys=0.01, real=0.04 secs] 
Total time for which application threads were stopped: 0.0417880 seconds
Application time: 0.0002400 seconds
1014.111: [GC [1 CMS-initial-mark: 873K(49152K)] 1137K(63936K), 0.0003920 secs] [Times: user=0.00 sys=0.00, real=0.00 secs] 
Total time for which application threads were stopped: 0.0004930 seconds
1014.112: [CMS-concurrent-mark-start]
Application time: 0.0000390 seconds
1014.112: [Full GC (System) 1014.112: [CMS1014.135: [CMS-concurrent-mark: 0.023/0.024 secs] [Times: user=0.02 sys=0.00, real=0.03 secs] 
 (concurrent mode interrupted): 873K->873K(49152K), 0.0535870 secs] 1137K->873K(63936K), [CMS Perm : 5902K->5902K(16384K)], 0.0537040 secs] [Times: user=0.05 sys=0.00, real=0.06 secs] 
Total time for which application threads were stopped: 0.0538280 seconds
Application time: 15.0042340 seconds
1029.170: [Full GC (System) 1029.170: [CMS: 873K->873K(49152K), 0.0405520 secs] 1137K->873K(63936K), [CMS Perm : 5902K->5902K(16384K)], 0.0407100 secs] [Times: user=0.04 sys=0.00, real=0.04 secs] 
Total time for which application threads were stopped: 0.0409590 seconds
Application time: 0.0002300 seconds
1029.211: [GC [1 CMS-initial-mark: 873K(49152K)] 1137K(63936K), 0.0004130 secs] [Times: user=0.01 sys=0.00, real=0.00 secs] 
Total time for which application threads were stopped: 0.0005160 seconds
1029.212: [CMS-concurrent-mark-start]
Application time: 0.0000720 seconds
1029.212: [Full GC (System) 1029.212: [CMS1029.236: [CMS-concurrent-mark: 0.024/0.024 secs] [Times: user=0.02 sys=0.00, real=0.02 secs] 
 (concurrent mode interrupted): 873K->873K(49152K), 0.0543760 secs] 1137K->873K(63936K), [CMS Perm : 5902K->5902K(16384K)], 0.0544860 secs] [Times: user=0.05 sys=0.00, real=0.05 secs] 
Total time for which application threads were stopped: 0.0546210 seconds
Application time: 15.0032160 seconds
1044.270: [Full GC (System) 1044.270: [CMS: 873K->873K(49152K), 0.0410020 secs] 1137K->873K(63936K), [CMS Perm : 5902K->5902K(16384K)], 0.0411450 secs] [Times: user=0.04 sys=0.00, real=0.04 secs] 
Total time for which application threads were stopped: 0.0414220 seconds
Application time: 0.0002430 seconds
1044.312: [GC [1 CMS-initial-mark: 873K(49152K)] 1137K(63936K), 0.0004090 secs] [Times: user=0.00 sys=0.00, real=0.00 secs] 
Total time for which application threads were stopped: 0.0005130 seconds
1044.312: [CMS-concurrent-mark-start]
Application time: 0.0000720 seconds
1044.312: [Full GC (System) 1044.312: [CMS1044.336: [CMS-concurrent-mark: 0.024/0.024 secs] [Times: user=0.02 sys=0.00, real=0.02 secs] 
 (concurrent mode interrupted): 873K->873K(49152K), 0.0548470 secs] 1137K->873K(63936K), [CMS Perm : 5902K->5902K(16384K)], 0.0549540 secs] [Times: user=0.06 sys=0.00, real=0.05 secs] 
Total time for which application threads were stopped: 0.0550840 seconds
Application time: 15.0052570 seconds
1059.373: [Full GC (System) 1059.373: [CMS: 873K->873K(49152K), 0.0402240 secs] 1137K->873K(63936K), [CMS Perm : 5902K->5902K(16384K)], 0.0404110 secs] [Times: user=0.04 sys=0.00, real=0.04 secs] 
Total time for which application threads were stopped: 0.0406790 seconds
Application time: 0.0003070 seconds
1059.414: [GC [1 CMS-initial-mark: 873K(49152K)] 1137K(63936K), 0.0004160 secs] [Times: user=0.00 sys=0.00, real=0.00 secs] 
Total time for which application threads were stopped: 0.0011670 seconds
1059.415: [CMS-concurrent-mark-start]
Application time: 0.0001060 seconds
1059.415: [Full GC (System) 1059.415: [CMS1059.439: [CMS-concurrent-mark: 0.024/0.024 secs] [Times: user=0.02 sys=0.00, real=0.02 secs] 
 (concurrent mode interrupted): 873K->873K(49152K), 0.0542870 secs] 1137K->873K(63936K), [CMS Perm : 5902K->5902K(16384K)], 0.0543960 secs] [Times: user=0.05 sys=0.00, real=0.05 secs] 
Total time for which application threads were stopped: 0.0545490 seconds
Application time: 15.0049200 seconds
1074.474: [Full GC (System) 1074.475: [CMS: 873K->873K(49152K), 0.0403120 secs] 1137K->873K(63936K), [CMS Perm : 5902K->5902K(16384K)], 0.0404390 secs] [Times: user=0.04 sys=0.00, real=0.04 secs] 
Total time for which application threads were stopped: 0.0406830 seconds
Application time: 0.0002280 seconds
1074.516: [GC [1 CMS-initial-mark: 873K(49152K)] 1137K(63936K), 0.0004050 secs] [Times: user=0.00 sys=0.00, real=0.00 secs] 
Total time for which application threads were stopped: 0.0011490 seconds
1074.517: [CMS-concurrent-mark-start]
Application time: 0.0001040 seconds
1074.517: [Full GC (System) 1074.517: [CMS1074.540: [CMS-concurrent-mark: 0.023/0.024 secs] [Times: user=0.03 sys=0.00, real=0.03 secs] 
 (concurrent mode interrupted): 873K->873K(49152K), 0.0538710 secs] 1137K->873K(63936K), [CMS Perm : 5902K->5902K(16384K)], 0.0539680 secs] [Times: user=0.06 sys=0.00, real=0.06 secs] 
Total time for which application threads were stopped: 0.0540930 seconds
Application time: 15.0054120 seconds
1089.576: [Full GC (System) 1089.576: [CMS: 873K->873K(49152K), 0.0403220 secs] 1137K->873K(63936K), [CMS Perm : 5902K->5902K(16384K)], 0.0404400 secs] [Times: user=0.04 sys=0.00, real=0.04 secs] 
Total time for which application threads were stopped: 0.0406870 seconds
Application time: 0.0002230 seconds
1089.618: [GC [1 CMS-initial-mark: 873K(49152K)] 1137K(63936K), 0.0004040 secs] [Times: user=0.00 sys=0.00, real=0.00 secs] 
Total time for which application threads were stopped: 0.0011440 seconds
1089.618: [CMS-concurrent-mark-start]
Application time: 0.0001050 seconds
1089.618: [Full GC (System) 1089.618: [CMS1089.642: [CMS-concurrent-mark: 0.024/0.024 secs] [Times: user=0.02 sys=0.00, real=0.03 secs] 
 (concurrent mode interrupted): 873K->873K(49152K), 0.0545260 secs] 1137K->873K(63936K), [CMS Perm : 5902K->5902K(16384K)], 0.0546450 secs] [Times: user=0.05 sys=0.00, real=0.06 secs] 
Total time for which application threads were stopped: 0.0547630 seconds
Application time: 15.0048100 seconds
1104.678: [Full GC (System) 1104.678: [CMS: 873K->873K(49152K), 0.0393200 secs] 1137K->873K(63936K), [CMS Perm : 5902K->5902K(16384K)], 0.0394820 secs] [Times: user=0.04 sys=0.00, real=0.04 secs] 
Total time for which application threads were stopped: 0.0397800 seconds
Application time: 0.0002310 seconds
1104.718: [GC [1 CMS-initial-mark: 873K(49152K)] 1137K(63936K), 0.0004090 secs] [Times: user=0.00 sys=0.00, real=0.00 secs] 
Total time for which application threads were stopped: 0.0005970 seconds
1104.719: [CMS-concurrent-mark-start]
Application time: 0.0001120 seconds
1104.719: [Full GC (System) 1104.719: [CMS1104.743: [CMS-concurrent-mark: 0.024/0.024 secs] [Times: user=0.03 sys=0.00, real=0.02 secs] 
 (concurrent mode interrupted): 873K->873K(49152K), 0.0543080 secs] 1137K->873K(63936K), [CMS Perm : 5902K->5902K(16384K)], 0.0544400 secs] [Times: user=0.06 sys=0.00, real=0.05 secs] 
Total time for which application threads were stopped: 0.0546000 seconds
Application time: 15.0054820 seconds
1119.779: [Full GC (System) 1119.779: [CMS: 873K->873K(49152K), 0.0392850 secs] 1137K->873K(63936K), [CMS Perm : 5902K->5902K(16384K)], 0.0394590 secs] [Times: user=0.04 sys=0.00, real=0.03 secs] 
Total time for which application threads were stopped: 0.0397850 seconds
Application time: 0.0002300 seconds
1119.819: [GC [1 CMS-initial-mark: 873K(49152K)] 1137K(63936K), 0.0003870 secs] [Times: user=0.00 sys=0.00, real=0.00 secs] 
Total time for which application threads were stopped: 0.0004900 seconds
1119.820: [CMS-concurrent-mark-start]
Application time: 0.0000400 seconds
1119.820: [Full GC (System) 1119.820: [CMS1119.843: [CMS-concurrent-mark: 0.024/0.024 secs] [Times: user=0.02 sys=0.00, real=0.02 secs] 
 (concurrent mode interrupted): 873K->873K(49152K), 0.0544040 secs] 1137K->873K(63936K), [CMS Perm : 5902K->5902K(16384K)], 0.0545270 secs] [Times: user=0.05 sys=0.00, real=0.05 secs] 
Total time for which application threads were stopped: 0.0546610 seconds
Application time: 15.0054390 seconds
1134.880: [Full GC (System) 1134.880: [CMS: 873K->873K(49152K), 0.0395800 secs] 1137K->873K(63936K), [CMS Perm : 5902K->5902K(16384K)], 0.0397480 secs] [Times: user=0.04 sys=0.00, real=0.04 secs] 
Total time for which application threads were stopped: 0.0400350 seconds
Application time: 0.0002620 seconds
1134.920: [GC [1 CMS-initial-mark: 873K(49152K)] 1137K(63936K), 0.0004070 secs] [Times: user=0.00 sys=0.00, real=0.00 secs] 
Total time for which application threads were stopped: 0.0005790 seconds
1134.921: [CMS-concurrent-mark-start]
Application time: 0.0001090 seconds
1134.921: [Full GC (System) 1134.921: [CMS1134.945: [CMS-concurrent-mark: 0.024/0.024 secs] [Times: user=0.03 sys=0.00, real=0.03 secs] 
 (concurrent mode interrupted): 873K->873K(49152K), 0.0538890 secs] 1137K->873K(63936K), [CMS Perm : 5902K->5902K(16384K)], 0.0540060 secs] [Times: user=0.06 sys=0.00, real=0.06 secs] 
Total time for which application threads were stopped: 0.0541240 seconds
Application time: 15.0045430 seconds
1149.979: [Full GC (System) 1149.979: [CMS: 873K->873K(49152K), 0.0314860 secs] 1137K->873K(63936K), [CMS Perm : 5902K->5902K(16384K)], 0.0316360 secs] [Times: user=0.03 sys=0.00, real=0.03 secs] 
Total time for which application threads were stopped: 0.0318680 seconds
Application time: 0.0001140 seconds
1150.012: [GC [1 CMS-initial-mark: 873K(49152K)] 1137K(63936K), 0.0004200 secs] [Times: user=0.00 sys=0.00, real=0.00 secs] 
Total time for which application threads were stopped: 0.0016290 seconds
1150.013: [CMS-concurrent-mark-start]
Application time: 0.0003790 seconds
1150.013: [Full GC (System) 1150.013: [CMS1150.037: [CMS-concurrent-mark: 0.024/0.024 secs] [Times: user=0.02 sys=0.00, real=0.03 secs] 
 (concurrent mode interrupted): 873K->873K(49152K), 0.0549150 secs] 1137K->873K(63936K), [CMS Perm : 5902K->5902K(16384K)], 0.0550780 secs] [Times: user=0.05 sys=0.00, real=0.06 secs] 
Total time for which application threads were stopped: 0.0552360 seconds
Application time: 15.0048820 seconds
1165.073: [Full GC (System) 1165.074: [CMS: 873K->873K(49152K), 0.0431070 secs] 1137K->873K(63936K), [CMS Perm : 5902K->5902K(16384K)], 0.0432730 secs] [Times: user=0.05 sys=0.00, real=0.04 secs] 
Total time for which application threads were stopped: 0.0435900 seconds
Application time: 0.0002510 seconds
1165.117: [GC [1 CMS-initial-mark: 873K(49152K)] 1137K(63936K), 0.0003990 secs] [Times: user=0.00 sys=0.00, real=0.00 secs] 
Total time for which application threads were stopped: 0.0005810 seconds
1165.118: [CMS-concurrent-mark-start]
Application time: 0.0001190 seconds
1165.118: [Full GC (System) 1165.118: [CMS1165.142: [CMS-concurrent-mark: 0.024/0.024 secs] [Times: user=0.02 sys=0.00, real=0.03 secs] 
 (concurrent mode interrupted): 873K->873K(49152K), 0.0536810 secs] 1137K->873K(63936K), [CMS Perm : 5902K->5902K(16384K)], 0.0537980 secs] [Times: user=0.05 sys=0.00, real=0.06 secs] 
Total time for which application threads were stopped: 0.0539310 seconds
Application time: 15.0042660 seconds
1180.176: [Full GC (System) 1180.176: [CMS: 873K->873K(49152K), 0.0422660 secs] 1137K->873K(63936K), [CMS Perm : 5902K->5902K(16384K)], 0.0424300 secs] [Times: user=0.04 sys=0.00, real=0.04 secs] 
Total time for which application threads were stopped: 0.0427590 seconds
Application time: 0.0003240 seconds
1180.220: [GC [1 CMS-initial-mark: 873K(49152K)] 1137K(63936K), 0.0004000 secs] [Times: user=0.00 sys=0.00, real=0.00 secs] 
Total time for which application threads were stopped: 0.0011390 seconds
1180.220: [CMS-concurrent-mark-start]
Application time: 0.0000700 seconds
1180.221: [Full GC (System) 1180.221: [CMS1180.253: [CMS-concurrent-mark: 0.033/0.033 secs] [Times: user=0.04 sys=0.00, real=0.04 secs] 
 (concurrent mode interrupted): 873K->874K(49152K), 0.0624610 secs] 1137K->874K(63936K), [CMS Perm : 5902K->5902K(16384K)], 0.0625720 secs] [Times: user=0.07 sys=0.00, real=0.07 secs] 
Total time for which application threads were stopped: 0.0627260 seconds
Application time: 15.0037200 seconds
1195.287: [Full GC (System) 1195.287: [CMS: 874K->873K(49152K), 0.0377350 secs] 1137K->873K(63936K), [CMS Perm : 5902K->5902K(16384K)], 0.0379050 secs] [Times: user=0.04 sys=0.00, real=0.04 secs] 
Total time for which application threads were stopped: 0.0381980 seconds
Application time: 0.0002220 seconds
1195.325: [GC [1 CMS-initial-mark: 873K(49152K)] 1137K(63936K), 0.0004100 secs] [Times: user=0.00 sys=0.00, real=0.00 secs] 
Total time for which application threads were stopped: 0.0005650 seconds
1195.326: [CMS-concurrent-mark-start]
Application time: 0.0001380 seconds
1195.326: [Full GC (System) 1195.326: [CMS1195.351: [CMS-concurrent-mark: 0.024/0.025 secs] [Times: user=0.02 sys=0.00, real=0.02 secs] 
 (concurrent mode interrupted): 873K->873K(49152K), 0.0547360 secs] 1137K->873K(63936K), [CMS Perm : 5902K->5902K(16384K)], 0.0548390 secs] [Times: user=0.05 sys=0.00, real=0.05 secs] 
Total time for which application threads were stopped: 0.0549700 seconds
Application time: 15.0035740 seconds
1210.385: [Full GC (System) 1210.385: [CMS: 873K->873K(49152K), 0.0386480 secs] 1137K->873K(63936K), [CMS Perm : 5902K->5902K(16384K)], 0.0388090 secs] [Times: user=0.04 sys=0.00, real=0.04 secs] 
Total time for which application threads were stopped: 0.0391140 seconds
Application time: 0.0002670 seconds
1210.424: [GC [1 CMS-initial-mark: 873K(49152K)] 1137K(63936K), 0.0004080 secs] [Times: user=0.00 sys=0.00, real=0.00 secs] 
Total time for which application threads were stopped: 0.0005850 seconds
1210.425: [CMS-concurrent-mark-start]
Application time: 0.0001130 seconds
1210.425: [Full GC (System) 1210.425: [CMS1210.449: [CMS-concurrent-mark: 0.024/0.024 secs] [Times: user=0.02 sys=0.00, real=0.03 secs] 
 (concurrent mode interrupted): 873K->873K(49152K), 0.0541440 secs] 1137K->873K(63936K), [CMS Perm : 5902K->5902K(16384K)], 0.0542600 secs] [Times: user=0.05 sys=0.00, real=0.06 secs] 
Total time for which application threads were stopped: 0.0544090 seconds
Application time: 15.0043200 seconds
1225.484: [Full GC (System) 1225.484: [CMS: 873K->873K(49152K), 0.0400560 secs] 1137K->873K(63936K), [CMS Perm : 5902K->5902K(16384K)], 0.0402300 secs] [Times: user=0.04 sys=0.00, real=0.04 secs] 
Total time for which application threads were stopped: 0.0405460 seconds
Application time: 0.0002650 seconds
1225.524: [GC [1 CMS-initial-mark: 873K(49152K)] 1137K(63936K), 0.0004570 secs] [Times: user=0.00 sys=0.00, real=0.00 secs] 
Total time for which application threads were stopped: 0.0006020 seconds
1225.525: [CMS-concurrent-mark-start]
Application time: 0.0000570 seconds
Total time for which application threads were stopped: 0.0000780 seconds
Application time: 0.0000900 seconds
1225.525: [Full GC (System) 1225.525: [CMS1225.549: [CMS-concurrent-mark: 0.024/0.024 secs] [Times: user=0.03 sys=0.00, real=0.02 secs] 
 (concurrent mode interrupted): 873K->873K(49152K), 0.0615780 secs] 1137K->873K(63936K), [CMS Perm : 5902K->5902K(16384K)], 0.0617260 secs] [Times: user=0.07 sys=0.00, real=0.06 secs] 
Total time for which application threads were stopped: 0.0618780 seconds
Application time: 15.0052840 seconds
1240.593: [Full GC (System) 1240.593: [CMS: 873K->873K(49152K), 0.0363540 secs] 1137K->873K(63936K), [CMS Perm : 5902K->5902K(16384K)], 0.0365060 secs] [Times: user=0.03 sys=0.00, real=0.04 secs] 
Total time for which application threads were stopped: 0.0368430 seconds
Application time: 0.0002370 seconds
1240.630: [GC [1 CMS-initial-mark: 873K(49152K)] 1137K(63936K), 0.0003980 secs] [Times: user=0.00 sys=0.00, real=0.00 secs] 
Total time for which application threads were stopped: 0.0005780 seconds
1240.630: [CMS-concurrent-mark-start]
Application time: 0.0001150 seconds
1240.630: [Full GC (System) 1240.630: [CMS1240.654: [CMS-concurrent-mark: 0.024/0.024 secs] [Times: user=0.02 sys=0.00, real=0.03 secs] 
 (concurrent mode interrupted): 873K->873K(49152K), 0.0536750 secs] 1137K->873K(63936K), [CMS Perm : 5902K->5902K(16384K)], 0.0537870 secs] [Times: user=0.05 sys=0.00, real=0.06 secs] 
Total time for which application threads were stopped: 0.0539080 seconds
Application time: 15.0050970 seconds
1255.689: [Full GC (System) 1255.689: [CMS: 873K->873K(49152K), 0.0383720 secs] 1137K->873K(63936K), [CMS Perm : 5902K->5902K(16384K)], 0.0385380 secs] [Times: user=0.04 sys=0.00, real=0.04 secs] 
Total time for which application threads were stopped: 0.0388570 seconds
Application time: 0.0002650 seconds
1255.728: [GC [1 CMS-initial-mark: 873K(49152K)] 1137K(63936K), 0.0004100 secs] [Times: user=0.00 sys=0.00, real=0.00 secs] 
Total time for which application threads were stopped: 0.0005920 seconds
1255.729: [CMS-concurrent-mark-start]
Application time: 0.0001250 seconds
1255.729: [Full GC (System) 1255.729: [CMS1255.753: [CMS-concurrent-mark: 0.024/0.024 secs] [Times: user=0.03 sys=0.00, real=0.02 secs] 
 (concurrent mode interrupted): 873K->873K(49152K), 0.0543010 secs] 1137K->873K(63936K), [CMS Perm : 5902K->5902K(16384K)], 0.0544290 secs] [Times: user=0.06 sys=0.00, real=0.05 secs] 
Total time for which application threads were stopped: 0.0545820 seconds
Application time: 15.0053580 seconds
1270.789: [Full GC (System) 1270.789: [CMS: 873K->873K(49152K), 0.0395470 secs] 1137K->873K(63936K), [CMS Perm : 5902K->5902K(16384K)], 0.0397300 secs] [Times: user=0.04 sys=0.00, real=0.04 secs] 
Total time for which application threads were stopped: 0.0400600 seconds
Application time: 0.0002630 seconds
1270.829: [GC [1 CMS-initial-mark: 873K(49152K)] 1137K(63936K), 0.0004210 secs] [Times: user=0.00 sys=0.00, real=0.00 secs] 
Total time for which application threads were stopped: 0.0006070 seconds
1270.830: [CMS-concurrent-mark-start]
Application time: 0.0001230 seconds
1270.830: [Full GC (System) 1270.830: [CMS1270.854: [CMS-concurrent-mark: 0.024/0.024 secs] [Times: user=0.02 sys=0.00, real=0.03 secs] 
 (concurrent mode interrupted): 873K->873K(49152K), 0.0547250 secs] 1137K->873K(63936K), [CMS Perm : 5902K->5902K(16384K)], 0.0548440 secs] [Times: user=0.05 sys=0.00, real=0.06 secs] 
Total time for which application threads were stopped: 0.0549640 seconds
Application time: 15.0057660 seconds
1285.891: [Full GC (System) 1285.891: [CMS: 873K->873K(49152K), 0.0393500 secs] 1137K->873K(63936K), [CMS Perm : 5902K->5902K(16384K)], 0.0395140 secs] [Times: user=0.04 sys=0.00, real=0.04 secs] 
Total time for which application threads were stopped: 0.0398410 seconds
Application time: 0.0002620 seconds
1285.931: [GC [1 CMS-initial-mark: 873K(49152K)] 1137K(63936K), 0.0004090 secs] [Times: user=0.00 sys=0.00, real=0.00 secs] 
Total time for which application threads were stopped: 0.0005940 seconds
1285.932: [CMS-concurrent-mark-start]
Application time: 0.0001410 seconds
1285.932: [Full GC (System) 1285.932: [CMS1285.956: [CMS-concurrent-mark: 0.024/0.024 secs] [Times: user=0.03 sys=0.00, real=0.03 secs] 
 (concurrent mode interrupted): 873K->873K(49152K), 0.0542660 secs] 1137K->873K(63936K), [CMS Perm : 5902K->5902K(16384K)], 0.0543830 secs] [Times: user=0.06 sys=0.00, real=0.06 secs] 
Total time for which application threads were stopped: 0.0545070 seconds
Application time: 15.0044290 seconds
1300.991: [Full GC (System) 1300.991: [CMS: 873K->873K(49152K), 0.0391800 secs] 1137K->873K(63936K), [CMS Perm : 5902K->5902K(16384K)], 0.0393490 secs] [Times: user=0.04 sys=0.00, real=0.04 secs] 
Total time for which application threads were stopped: 0.0397110 seconds
Application time: 0.0002600 seconds
1301.031: [GC [1 CMS-initial-mark: 873K(49152K)] 1137K(63936K), 0.0003980 secs] [Times: user=0.00 sys=0.00, real=0.00 secs] 
Total time for which application threads were stopped: 0.0005830 seconds
1301.031: [CMS-concurrent-mark-start]
Application time: 0.0001540 seconds
1301.031: [Full GC (System) 1301.031: [CMS1301.055: [CMS-concurrent-mark: 0.024/0.024 secs] [Times: user=0.02 sys=0.00, real=0.02 secs] 
 (concurrent mode interrupted): 873K->873K(49152K), 0.0535260 secs] 1137K->873K(63936K), [CMS Perm : 5902K->5902K(16384K)], 0.0536390 secs] [Times: user=0.05 sys=0.00, real=0.05 secs] 
Total time for which application threads were stopped: 0.0537750 seconds
Application time: 15.0042880 seconds
1316.090: [Full GC (System) 1316.090: [CMS: 873K->873K(49152K), 0.0404290 secs] 1137K->873K(63936K), [CMS Perm : 5902K->5902K(16384K)], 0.0405990 secs] [Times: user=0.04 sys=0.00, real=0.05 secs] 
Total time for which application threads were stopped: 0.0409050 seconds
Application time: 0.0002550 seconds
1316.131: [GC [1 CMS-initial-mark: 873K(49152K)] 1137K(63936K), 0.0004090 secs] [Times: user=0.00 sys=0.00, real=0.00 secs] 
Total time for which application threads were stopped: 0.0005990 seconds
1316.131: [CMS-concurrent-mark-start]
Application time: 0.0001240 seconds
1316.131: [Full GC (System) 1316.131: [CMS1316.155: [CMS-concurrent-mark: 0.024/0.024 secs] [Times: user=0.02 sys=0.00, real=0.02 secs] 
 (concurrent mode interrupted): 873K->873K(49152K), 0.0541450 secs] 1137K->873K(63936K), [CMS Perm : 5902K->5902K(16384K)], 0.0542620 secs] [Times: user=0.05 sys=0.00, real=0.05 secs] 
Total time for which application threads were stopped: 0.0543810 seconds
Application time: 15.0054360 seconds
1331.191: [Full GC (System) 1331.191: [CMS: 873K->873K(49152K), 0.0383160 secs] 1137K->873K(63936K), [CMS Perm : 5902K->5902K(16384K)], 0.0384490 secs] [Times: user=0.03 sys=0.00, real=0.04 secs] 
Total time for which application threads were stopped: 0.0387260 seconds
Application time: 0.0003000 seconds
1331.230: [GC [1 CMS-initial-mark: 873K(49152K)] 1137K(63936K), 0.0003970 secs] [Times: user=0.00 sys=0.00, real=0.00 secs] 
Total time for which application threads were stopped: 0.0005820 seconds
1331.231: [CMS-concurrent-mark-start]
Application time: 0.0001560 seconds
1331.231: [Full GC (System) 1331.231: [CMS1331.255: [CMS-concurrent-mark: 0.024/0.024 secs] [Times: user=0.03 sys=0.01, real=0.02 secs] 
 (concurrent mode interrupted): 873K->873K(49152K), 0.0532890 secs] 1137K->873K(63936K), [CMS Perm : 5902K->5902K(16384K)], 0.0534010 secs] [Times: user=0.06 sys=0.00, real=0.05 secs] 
Total time for which application threads were stopped: 0.0535380 seconds
Application time: 15.0045360 seconds
1346.289: [Full GC (System) 1346.289: [CMS: 873K->873K(49152K), 0.0422070 secs] 1137K->873K(63936K), [CMS Perm : 5902K->5902K(16384K)], 0.0423720 secs] [Times: user=0.04 sys=0.00, real=0.04 secs] 
Total time for which application threads were stopped: 0.0426830 seconds
Application time: 0.0001150 seconds
1346.332: [GC [1 CMS-initial-mark: 873K(49152K)] 1137K(63936K), 0.0004090 secs] [Times: user=0.00 sys=0.00, real=0.00 secs] 
Total time for which application threads were stopped: 0.0005680 seconds
1346.332: [CMS-concurrent-mark-start]
Application time: 0.0002750 seconds
1346.333: [Full GC (System) 1346.333: [CMS1346.357: [CMS-concurrent-mark: 0.024/0.025 secs] [Times: user=0.03 sys=0.00, real=0.02 secs] 
 (concurrent mode interrupted): 873K->873K(49152K), 0.0563460 secs] 1137K->873K(63936K), [CMS Perm : 5902K->5902K(16384K)], 0.0564650 secs] [Times: user=0.06 sys=0.00, real=0.06 secs] 
Total time for which application threads were stopped: 0.0565850 seconds
Application time: 15.0055450 seconds
1361.395: [Full GC (System) 1361.395: [CMS: 873K->873K(49152K), 0.0399950 secs] 1137K->873K(63936K), [CMS Perm : 5902K->5902K(16384K)], 0.0401620 secs] [Times: user=0.04 sys=0.00, real=0.04 secs] 
Total time for which application threads were stopped: 0.0404540 seconds
Application time: 0.0002300 seconds
1361.436: [GC [1 CMS-initial-mark: 873K(49152K)] 1137K(63936K), 0.0004070 secs] [Times: user=0.00 sys=0.00, real=0.00 secs] 
Total time for which application threads were stopped: 0.0005460 seconds
1361.436: [CMS-concurrent-mark-start]
Application time: 0.0000400 seconds
1361.436: [Full GC (System) 1361.436: [CMS1361.460: [CMS-concurrent-mark: 0.024/0.024 secs] [Times: user=0.02 sys=0.00, real=0.02 secs] 
 (concurrent mode interrupted): 873K->873K(49152K), 0.0554640 secs] 1137K->873K(63936K), [CMS Perm : 5902K->5902K(16384K)], 0.0555970 secs] [Times: user=0.05 sys=0.00, real=0.06 secs] 
Total time for which application threads were stopped: 0.0557490 seconds
Application time: 15.0046140 seconds
1376.497: [Full GC (System) 1376.497: [CMS: 873K->873K(49152K), 0.0390200 secs] 1137K->873K(63936K), [CMS Perm : 5902K->5902K(16384K)], 0.0391870 secs] [Times: user=0.04 sys=0.00, real=0.04 secs] 
Total time for which application threads were stopped: 0.0395110 seconds
Application time: 0.0002830 seconds
1376.537: [GC [1 CMS-initial-mark: 873K(49152K)] 1137K(63936K), 0.0004090 secs] [Times: user=0.00 sys=0.00, real=0.00 secs] 
Total time for which application threads were stopped: 0.0011730 seconds
1376.538: [CMS-concurrent-mark-start]
Application time: 0.0001040 seconds
1376.538: [Full GC (System) 1376.538: [CMS1376.561: [CMS-concurrent-mark: 0.024/0.024 secs] [Times: user=0.03 sys=0.00, real=0.02 secs] 
 (concurrent mode interrupted): 873K->873K(49152K), 0.0540940 secs] 1137K->873K(63936K), [CMS Perm : 5902K->5902K(16384K)], 0.0542060 secs] [Times: user=0.06 sys=0.00, real=0.05 secs] 
Total time for which application threads were stopped: 0.0543580 seconds
Application time: 15.0054040 seconds
1391.598: [Full GC (System) 1391.598: [CMS: 873K->873K(49152K), 0.0400220 secs] 1137K->873K(63936K), [CMS Perm : 5902K->5902K(16384K)], 0.0401900 secs] [Times: user=0.04 sys=0.00, real=0.04 secs] 
Total time for which application threads were stopped: 0.0404930 seconds
Application time: 0.0002590 seconds
1391.638: [GC [1 CMS-initial-mark: 873K(49152K)] 1137K(63936K), 0.0004160 secs] [Times: user=0.00 sys=0.00, real=0.00 secs] 
Total time for which application threads were stopped: 0.0005990 seconds
1391.639: [CMS-concurrent-mark-start]
Application time: 0.0000810 seconds
1391.639: [Full GC (System) 1391.639: [CMS1391.663: [CMS-concurrent-mark: 0.024/0.024 secs] [Times: user=0.02 sys=0.00, real=0.02 secs] 
 (concurrent mode interrupted): 873K->873K(49152K), 0.0547460 secs] 1137K->873K(63936K), [CMS Perm : 5902K->5902K(16384K)], 0.0548670 secs] [Times: user=0.05 sys=0.00, real=0.05 secs] 
Total time for which application threads were stopped: 0.0549930 seconds
Application time: 15.0042550 seconds
1406.698: [Full GC (System) 1406.699: [CMS: 873K->873K(49152K), 0.0394730 secs] 1137K->873K(63936K), [CMS Perm : 5902K->5902K(16384K)], 0.0396620 secs] [Times: user=0.04 sys=0.00, real=0.04 secs] 
Total time for which application threads were stopped: 0.0399750 seconds
Application time: 0.0002810 seconds
1406.739: [GC [1 CMS-initial-mark: 873K(49152K)] 1137K(63936K), 0.0004110 secs] [Times: user=0.00 sys=0.00, real=0.00 secs] 
Total time for which application threads were stopped: 0.0005960 seconds
1406.739: [CMS-concurrent-mark-start]
Application time: 0.0001290 seconds
1406.739: [Full GC (System) 1406.739: [CMS1406.763: [CMS-concurrent-mark: 0.024/0.024 secs] [Times: user=0.02 sys=0.00, real=0.03 secs] 
 (concurrent mode interrupted): 873K->873K(49152K), 0.0541950 secs] 1137K->873K(63936K), [CMS Perm : 5902K->5902K(16384K)], 0.0543830 secs] [Times: user=0.05 sys=0.00, real=0.06 secs] 
Total time for which application threads were stopped: 0.0545150 seconds
Application time: 15.0041500 seconds
1421.798: [Full GC (System) 1421.798: [CMS: 873K->873K(49152K), 0.0407840 secs] 1137K->873K(63936K), [CMS Perm : 5902K->5902K(16384K)], 0.0409340 secs] [Times: user=0.04 sys=0.00, real=0.04 secs] 
Total time for which application threads were stopped: 0.0411800 seconds
Application time: 0.0002540 seconds
1421.840: [GC [1 CMS-initial-mark: 873K(49152K)] 1137K(63936K), 0.0004660 secs] [Times: user=0.01 sys=0.00, real=0.00 secs] 
Total time for which application threads were stopped: 0.0006370 seconds
1421.840: [CMS-concurrent-mark-start]
Application time: 0.0001010 seconds
1421.840: [Full GC (System) 1421.840: [CMS1421.866: [CMS-concurrent-mark: 0.025/0.026 secs] [Times: user=0.02 sys=0.00, real=0.03 secs] 
 (concurrent mode interrupted): 873K->873K(49152K), 0.0579710 secs] 1137K->873K(63936K), [CMS Perm : 5902K->5902K(16384K)], 0.0581090 secs] [Times: user=0.05 sys=0.00, real=0.06 secs] 
Total time for which application threads were stopped: 0.0582570 seconds
Application time: 15.0042490 seconds
1436.903: [Full GC (System) 1436.903: [CMS: 873K->873K(49152K), 0.0332650 secs] 1137K->873K(63936K), [CMS Perm : 5902K->5902K(16384K)], 0.0334690 secs] [Times: user=0.04 sys=0.00, real=0.03 secs] 
Total time for which application threads were stopped: 0.0336740 seconds
Application time: 0.0002300 seconds
1436.937: [GC [1 CMS-initial-mark: 873K(49152K)] 1137K(63936K), 0.0004010 secs] [Times: user=0.00 sys=0.00, real=0.00 secs] 
Total time for which application threads were stopped: 0.0005070 seconds
1436.937: [CMS-concurrent-mark-start]
Application time: 0.0000680 seconds
1436.937: [Full GC (System) 1436.937: [CMS1436.962: [CMS-concurrent-mark: 0.024/0.025 secs] [Times: user=0.02 sys=0.00, real=0.03 secs] 
 (concurrent mode interrupted): 873K->873K(49152K), 0.0573550 secs] 1137K->873K(63936K), [CMS Perm : 5902K->5902K(16384K)], 0.0575570 secs] [Times: user=0.05 sys=0.00, real=0.06 secs] 
Total time for which application threads were stopped: 0.0576960 seconds
Application time: 15.0045820 seconds
1452.000: [Full GC (System) 1452.000: [CMS: 873K->873K(49152K), 0.0398170 secs] 1137K->873K(63936K), [CMS Perm : 5902K->5902K(16384K)], 0.0399790 secs] [Times: user=0.04 sys=0.00, real=0.04 secs] 
Total time for which application threads were stopped: 0.0402750 seconds
Application time: 0.0002210 seconds
1452.040: [GC [1 CMS-initial-mark: 873K(49152K)] 1137K(63936K), 0.0004020 secs] [Times: user=0.00 sys=0.00, real=0.01 secs] 
Total time for which application threads were stopped: 0.0005050 seconds
1452.041: [CMS-concurrent-mark-start]
Application time: 0.0000710 seconds
1452.041: [Full GC (System) 1452.041: [CMS1452.065: [CMS-concurrent-mark: 0.024/0.024 secs] [Times: user=0.03 sys=0.00, real=0.02 secs] 
 (concurrent mode interrupted): 873K->873K(49152K), 0.0535430 secs] 1137K->873K(63936K), [CMS Perm : 5902K->5902K(16384K)], 0.0536570 secs] [Times: user=0.06 sys=0.00, real=0.05 secs] 
Total time for which application threads were stopped: 0.0537890 seconds
Application time: 15.0057520 seconds
1467.101: [Full GC (System) 1467.101: [CMS: 873K->873K(49152K), 0.0403170 secs] 1137K->873K(63936K), [CMS Perm : 5902K->5902K(16384K)], 0.0404790 secs] [Times: user=0.04 sys=0.00, real=0.04 secs] 
Total time for which application threads were stopped: 0.0407580 seconds
Application time: 0.0002340 seconds
1467.142: [GC [1 CMS-initial-mark: 873K(49152K)] 1137K(63936K), 0.0004090 secs] [Times: user=0.00 sys=0.00, real=0.00 secs] 
Total time for which application threads were stopped: 0.0012080 seconds
1467.143: [CMS-concurrent-mark-start]
Application time: 0.0001150 seconds
1467.143: [Full GC (System) 1467.143: [CMS1467.167: [CMS-concurrent-mark: 0.023/0.024 secs] [Times: user=0.02 sys=0.00, real=0.03 secs] 
 (concurrent mode interrupted): 873K->873K(49152K), 0.0536040 secs] 1137K->873K(63936K), [CMS Perm : 5902K->5902K(16384K)], 0.0537170 secs] [Times: user=0.05 sys=0.00, real=0.06 secs] 
Total time for which application threads were stopped: 0.0538510 seconds
Application time: 15.0055900 seconds
1482.202: [Full GC (System) 1482.203: [CMS: 873K->873K(49152K), 0.0406980 secs] 1137K->873K(63936K), [CMS Perm : 5902K->5902K(16384K)], 0.0408610 secs] [Times: user=0.05 sys=0.00, real=0.04 secs] 
Total time for which application threads were stopped: 0.0411610 seconds
Application time: 0.0002170 seconds
1482.244: [GC [1 CMS-initial-mark: 873K(49152K)] 1137K(63936K), 0.0004660 secs] [Times: user=0.00 sys=0.00, real=0.00 secs] 
Total time for which application threads were stopped: 0.0006040 seconds
1482.245: [CMS-concurrent-mark-start]
Application time: 0.0000720 seconds
1482.245: [Full GC (System) 1482.245: [CMS1482.268: [CMS-concurrent-mark: 0.024/0.024 secs] [Times: user=0.02 sys=0.00, real=0.02 secs] 
 (concurrent mode interrupted): 873K->873K(49152K), 0.0541040 secs] 1137K->873K(63936K), [CMS Perm : 5902K->5902K(16384K)], 0.0542190 secs] [Times: user=0.05 sys=0.00, real=0.05 secs] 
Total time for which application threads were stopped: 0.0543510 seconds
Application time: 15.0052570 seconds
1497.304: [Full GC (System) 1497.304: [CMS: 873K->873K(49152K), 0.0406310 secs] 1137K->873K(63936K), [CMS Perm : 5902K->5902K(16384K)], 0.0408000 secs] [Times: user=0.04 sys=0.00, real=0.04 secs] 
Total time for which application threads were stopped: 0.0411150 seconds
Application time: 0.0002790 seconds
1497.346: [GC [1 CMS-initial-mark: 873K(49152K)] 1137K(63936K), 0.0004700 secs] [Times: user=0.00 sys=0.00, real=0.00 secs] 
Total time for which application threads were stopped: 0.0006170 seconds
1497.346: [CMS-concurrent-mark-start]
Application time: 0.0001340 seconds
1497.346: [Full GC (System) 1497.346: [CMS1497.370: [CMS-concurrent-mark: 0.024/0.024 secs] [Times: user=0.03 sys=0.00, real=0.02 secs] 
 (concurrent mode interrupted): 873K->873K(49152K), 0.0554570 secs] 1137K->873K(63936K), [CMS Perm : 5902K->5902K(16384K)], 0.0555960 secs] [Times: user=0.06 sys=0.00, real=0.06 secs] 
Total time for which application threads were stopped: 0.0557200 seconds
Application time: 15.0048960 seconds
1512.407: [Full GC (System) 1512.407: [CMS: 873K->873K(49152K), 0.0394880 secs] 1137K->873K(63936K), [CMS Perm : 5902K->5902K(16384K)], 0.0396730 secs] [Times: user=0.04 sys=0.01, real=0.04 secs] 
Total time for which application threads were stopped: 0.0399890 seconds
Application time: 0.0002370 seconds
1512.447: [GC [1 CMS-initial-mark: 873K(49152K)] 1137K(63936K), 0.0005160 secs] [Times: user=0.00 sys=0.00, real=0.00 secs] 
Total time for which application threads were stopped: 0.0006230 seconds
1512.448: [CMS-concurrent-mark-start]
Application time: 0.0000680 seconds
1512.448: [Full GC (System) 1512.448: [CMS1512.472: [CMS-concurrent-mark: 0.024/0.024 secs] [Times: user=0.02 sys=0.00, real=0.02 secs] 
 (concurrent mode interrupted): 873K->873K(49152K), 0.0547180 secs] 1137K->873K(63936K), [CMS Perm : 5902K->5902K(16384K)], 0.0548670 secs] [Times: user=0.05 sys=0.00, real=0.05 secs] 
Total time for which application threads were stopped: 0.0550020 seconds
Application time: 15.0046800 seconds
1527.508: [Full GC (System) 1527.508: [CMS: 873K->873K(49152K), 0.0394870 secs] 1137K->873K(63936K), [CMS Perm : 5902K->5902K(16384K)], 0.0396640 secs] [Times: user=0.04 sys=0.00, real=0.04 secs] 
Total time for which application threads were stopped: 0.0399520 seconds
Application time: 0.0002340 seconds
1527.548: [GC [1 CMS-initial-mark: 873K(49152K)] 1137K(63936K), 0.0004090 secs] [Times: user=0.00 sys=0.00, real=0.01 secs] 
Total time for which application threads were stopped: 0.0005130 seconds
1527.549: [CMS-concurrent-mark-start]
Application time: 0.0000700 seconds
1527.549: [Full GC (System) 1527.549: [CMS1527.573: [CMS-concurrent-mark: 0.024/0.024 secs] [Times: user=0.03 sys=0.00, real=0.02 secs] 
 (concurrent mode interrupted): 873K->873K(49152K), 0.0546270 secs] 1137K->873K(63936K), [CMS Perm : 5902K->5902K(16384K)], 0.0547410 secs] [Times: user=0.06 sys=0.00, real=0.05 secs] 
Total time for which application threads were stopped: 0.0548840 seconds
Application time: 15.0039970 seconds
1542.608: [Full GC (System) 1542.608: [CMS: 873K->873K(49152K), 0.0390760 secs] 1137K->873K(63936K), [CMS Perm : 5902K->5902K(16384K)], 0.0392470 secs] [Times: user=0.04 sys=0.00, real=0.04 secs] 
Total time for which application threads were stopped: 0.0395750 seconds
Application time: 0.0002220 seconds
1542.648: [GC [1 CMS-initial-mark: 873K(49152K)] 1137K(63936K), 0.0004060 secs] [Times: user=0.00 sys=0.00, real=0.00 secs] 
Total time for which application threads were stopped: 0.0006230 seconds
1542.648: [CMS-concurrent-mark-start]
Application time: 0.0001180 seconds
1542.648: [Full GC (System) 1542.648: [CMS1542.672: [CMS-concurrent-mark: 0.024/0.024 secs] [Times: user=0.02 sys=0.00, real=0.03 secs] 
 (concurrent mode interrupted): 873K->873K(49152K), 0.0543370 secs] 1137K->873K(63936K), [CMS Perm : 5902K->5902K(16384K)], 0.0544550 secs] [Times: user=0.05 sys=0.00, real=0.06 secs] 
Total time for which application threads were stopped: 0.0545890 seconds
Application time: 15.0045850 seconds
1557.708: [Full GC (System) 1557.708: [CMS: 873K->873K(49152K), 0.0394100 secs] 1137K->873K(63936K), [CMS Perm : 5902K->5902K(16384K)], 0.0395720 secs] [Times: user=0.04 sys=0.00, real=0.04 secs] 
Total time for which application threads were stopped: 0.0398630 seconds
Application time: 0.0002250 seconds
1557.748: [GC [1 CMS-initial-mark: 873K(49152K)] 1137K(63936K), 0.0003890 secs] [Times: user=0.00 sys=0.00, real=0.00 secs] 
Total time for which application threads were stopped: 0.0004900 seconds
1557.748: [CMS-concurrent-mark-start]
Application time: 0.0000740 seconds
1557.748: [Full GC (System) 1557.748: [CMS1557.772: [CMS-concurrent-mark: 0.023/0.024 secs] [Times: user=0.03 sys=0.00, real=0.02 secs] 
 (concurrent mode interrupted): 873K->873K(49152K), 0.0535240 secs] 1137K->873K(63936K), [CMS Perm : 5902K->5902K(16384K)], 0.0536420 secs] [Times: user=0.06 sys=0.00, real=0.05 secs] 
Total time for which application threads were stopped: 0.0537750 seconds
Application time: 15.0041630 seconds
1572.806: [Full GC (System) 1572.807: [CMS: 873K->873K(49152K), 0.0405640 secs] 1137K->873K(63936K), [CMS Perm : 5902K->5902K(16384K)], 0.0407320 secs] [Times: user=0.04 sys=0.00, real=0.05 secs] 
Total time for which application threads were stopped: 0.0410900 seconds
Application time: 0.0002280 seconds
1572.848: [GC [1 CMS-initial-mark: 873K(49152K)] 1137K(63936K), 0.0004140 secs] [Times: user=0.00 sys=0.00, real=0.00 secs] 
Total time for which application threads were stopped: 0.0005190 seconds
1572.848: [CMS-concurrent-mark-start]
Application time: 0.0000710 seconds
1572.848: [Full GC (System) 1572.848: [CMS1572.872: [CMS-concurrent-mark: 0.024/0.024 secs] [Times: user=0.02 sys=0.00, real=0.02 secs] 
 (concurrent mode interrupted): 873K->873K(49152K), 0.0543020 secs] 1137K->873K(63936K), [CMS Perm : 5902K->5902K(16384K)], 0.0544160 secs] [Times: user=0.05 sys=0.00, real=0.05 secs] 
Total time for which application threads were stopped: 0.0545500 seconds
Application time: 15.0062050 seconds
1587.909: [Full GC (System) 1587.909: [CMS: 873K->873K(49152K), 0.0412030 secs] 1137K->873K(63936K), [CMS Perm : 5902K->5902K(16384K)], 0.0413840 secs] [Times: user=0.04 sys=0.00, real=0.04 secs] 
Total time for which application threads were stopped: 0.0417120 seconds
Application time: 0.0002840 seconds
1587.951: [GC [1 CMS-initial-mark: 873K(49152K)] 1137K(63936K), 0.0004180 secs] [Times: user=0.00 sys=0.00, real=0.00 secs] 
Total time for which application threads were stopped: 0.0005630 seconds
1587.952: [CMS-concurrent-mark-start]
Application time: 0.0000910 seconds
Total time for which application threads were stopped: 0.0000930 seconds
Application time: 0.0000530 seconds
1587.952: [Full GC (System) 1587.952: [CMS1587.976: [CMS-concurrent-mark: 0.024/0.024 secs] [Times: user=0.03 sys=0.00, real=0.02 secs] 
 (concurrent mode interrupted): 873K->873K(49152K), 0.0548490 secs] 1137K->873K(63936K), [CMS Perm : 5902K->5902K(16384K)], 0.0549840 secs] [Times: user=0.06 sys=0.00, real=0.05 secs] 
Total time for which application threads were stopped: 0.0551070 seconds
Application time: 15.0038770 seconds
1603.011: [Full GC (System) 1603.011: [CMS: 873K->873K(49152K), 0.0395310 secs] 1137K->873K(63936K), [CMS Perm : 5902K->5902K(16384K)], 0.0396920 secs] [Times: user=0.04 sys=0.00, real=0.04 secs] 
Total time for which application threads were stopped: 0.0400120 seconds
Application time: 0.0002800 seconds
1603.051: [GC [1 CMS-initial-mark: 873K(49152K)] 1137K(63936K), 0.0004200 secs] [Times: user=0.00 sys=0.00, real=0.00 secs] 
Total time for which application threads were stopped: 0.0005900 seconds
1603.052: [CMS-concurrent-mark-start]
Application time: 0.0001220 seconds
1603.052: [Full GC (System) 1603.052: [CMS1603.076: [CMS-concurrent-mark: 0.024/0.024 secs] [Times: user=0.02 sys=0.00, real=0.03 secs] 
 (concurrent mode interrupted): 873K->873K(49152K), 0.0548840 secs] 1137K->873K(63936K), [CMS Perm : 5902K->5902K(16384K)], 0.0550010 secs] [Times: user=0.05 sys=0.00, real=0.06 secs] 
Total time for which application threads were stopped: 0.0551250 seconds
Application time: 15.0046810 seconds
1618.112: [Full GC (System) 1618.112: [CMS: 873K->873K(49152K), 0.0395870 secs] 1137K->873K(63936K), [CMS Perm : 5902K->5902K(16384K)], 0.0397540 secs] [Times: user=0.04 sys=0.00, real=0.04 secs] 
Total time for which application threads were stopped: 0.0400660 seconds
Application time: 0.0002990 seconds
1618.152: [GC [1 CMS-initial-mark: 873K(49152K)] 1137K(63936K), 0.0004290 secs] [Times: user=0.00 sys=0.00, real=0.00 secs] 
Total time for which application threads were stopped: 0.0006060 seconds
1618.153: [CMS-concurrent-mark-start]
Application time: 0.0001160 seconds
1618.153: [Full GC (System) 1618.153: [CMS1618.177: [CMS-concurrent-mark: 0.024/0.024 secs] [Times: user=0.03 sys=0.00, real=0.03 secs] 
 (concurrent mode interrupted): 873K->873K(49152K), 0.0548240 secs] 1137K->873K(63936K), [CMS Perm : 5902K->5902K(16384K)], 0.0551000 secs] [Times: user=0.06 sys=0.00, real=0.06 secs] 
Total time for which application threads were stopped: 0.0552780 seconds
Application time: 15.0042430 seconds
1633.213: [Full GC (System) 1633.213: [CMS: 873K->873K(49152K), 0.0309870 secs] 1137K->873K(63936K), [CMS Perm : 5902K->5902K(16384K)], 0.0311040 secs] [Times: user=0.03 sys=0.00, real=0.03 secs] 
Total time for which application threads were stopped: 0.0313390 seconds
Application time: 0.0004480 seconds
1633.244: [GC [1 CMS-initial-mark: 873K(49152K)] 1137K(63936K), 0.0004240 secs] [Times: user=0.00 sys=0.00, real=0.00 secs] 
Total time for which application threads were stopped: 0.0005350 seconds
1633.245: [CMS-concurrent-mark-start]
Application time: 0.0000750 seconds
1633.245: [Full GC (System) 1633.245: [CMS1633.269: [CMS-concurrent-mark: 0.024/0.024 secs] [Times: user=0.02 sys=0.00, real=0.02 secs] 
 (concurrent mode interrupted): 873K->873K(49152K), 0.0549210 secs] 1137K->873K(63936K), [CMS Perm : 5902K->5902K(16384K)], 0.0550560 secs] [Times: user=0.05 sys=0.00, real=0.06 secs] 
Total time for which application threads were stopped: 0.0552200 seconds
Application time: 15.0051880 seconds
1648.305: [Full GC (System) 1648.305: [CMS: 873K->873K(49152K), 0.0308210 secs] 1137K->873K(63936K), [CMS Perm : 5902K->5902K(16384K)], 0.0309440 secs] [Times: user=0.04 sys=0.00, real=0.03 secs] 
Total time for which application threads were stopped: 0.0311540 seconds
Application time: 0.0004030 seconds
1648.337: [Full GC (System) 1648.337: [CMS: 873K->873K(49152K), 0.0309960 secs] 1137K->873K(63936K), [CMS Perm : 5902K->5902K(16384K)], 0.0311110 secs] [Times: user=0.03 sys=0.00, real=0.03 secs] 
Total time for which application threads were stopped: 0.0312610 seconds
Application time: 0.0011440 seconds
1648.369: [GC [1 CMS-initial-mark: 873K(49152K)] 1137K(63936K), 0.0004470 secs] [Times: user=0.00 sys=0.00, real=0.00 secs] 
Total time for which application threads were stopped: 0.0005600 seconds
1648.370: [CMS-concurrent-mark-start]
1648.394: [CMS-concurrent-mark: 0.024/0.024 secs] [Times: user=0.02 sys=0.00, real=0.03 secs] 
1648.394: [CMS-concurrent-preclean-start]
1648.394: [CMS-concurrent-preclean: 0.000/0.000 secs] [Times: user=0.00 sys=0.00, real=0.00 secs] 
Application time: 0.0242260 seconds
1648.394: [GC[YG occupancy: 263 K (14784 K)]1648.394: [Rescan (parallel) , 0.0040420 secs]1648.398: [weak refs processing, 0.0000110 secs] [1 CMS-remark: 873K(49152K)] 1137K(63936K), 0.0041360 secs] [Times: user=0.00 sys=0.00, real=0.00 secs] 
Total time for which application threads were stopped: 0.0042770 seconds
1648.398: [CMS-concurrent-sweep-start]
1648.399: [CMS-concurrent-sweep: 0.001/0.001 secs] [Times: user=0.00 sys=0.00, real=0.00 secs] 
1648.399: [CMS-concurrent-reset-start]
1648.401: [CMS-concurrent-reset: 0.001/0.001 secs] [Times: user=0.00 sys=0.00, real=0.00 secs] 
Application time: 15.0838790 seconds
1663.482: [Full GC (System) 1663.483: [CMS: 873K->873K(49152K), 0.0399740 secs] 1137K->873K(63936K), [CMS Perm : 5902K->5902K(16384K)], 0.0401370 secs] [Times: user=0.04 sys=0.00, real=0.04 secs] 
Total time for which application threads were stopped: 0.0405520 seconds
Application time: 0.0005100 seconds
1663.524: [GC [1 CMS-initial-mark: 873K(49152K)] 1137K(63936K), 0.0004660 secs] [Times: user=0.00 sys=0.00, real=0.00 secs] 
Total time for which application threads were stopped: 0.0012290 seconds
1663.525: [CMS-concurrent-mark-start]
Application time: 0.0000810 seconds
1663.525: [Full GC (System) 1663.525: [CMS1663.549: [CMS-concurrent-mark: 0.024/0.024 secs] [Times: user=0.03 sys=0.00, real=0.02 secs] 
 (concurrent mode interrupted): 873K->874K(49152K), 0.0564660 secs] 1137K->874K(63936K), [CMS Perm : 5902K->5902K(16384K)], 0.0565810 secs] [Times: user=0.06 sys=0.00, real=0.05 secs] 
Total time for which application threads were stopped: 0.0567300 seconds
Heap
 par new generation   total 14784K, used 1054K [0xac230000, 0xad230000, 0xad230000)
  eden space 13184K,   8% used [0xac230000, 0xac337b28, 0xacf10000)
  from space 1600K,   0% used [0xacf10000, 0xacf10000, 0xad0a0000)
  to   space 1600K,   0% used [0xad0a0000, 0xad0a0000, 0xad230000)
 concurrent mark-sweep generation total 49152K, used 874K [0xad230000, 0xb0230000, 0xb0230000)
 concurrent-mark-sweep perm gen total 16384K, used 5911K [0xb0230000, 0xb1230000, 0xb4230000)
Application time: 10.7535850 seconds
