Application time: 0.0370920 seconds
Total time for which application threads were stopped: 0.0005460 seconds
Application time: 0.1214820 seconds
1.211: [Full GC (System) 1.211: [CMS: 0K->974K(49152K), 0.0506870 secs] 9708K->974K(63936K), [CMS Perm : 5752K->5745K(16384K)], 0.0508180 secs] [Times: user=0.06 sys=0.00, real=0.05 secs] 
Total time for which application threads were stopped: 0.0518220 seconds
Application time: 0.0003740 seconds
1.263: [GC [1 CMS-initial-mark: 974K(49152K)] 1238K(63936K), 0.0003840 secs] [Times: user=0.00 sys=0.00, real=0.00 secs] 
Total time for which application threads were stopped: 0.0005930 seconds
1.263: [CMS-concurrent-mark-start]
Application time: 0.0480920 seconds
1.312: [Full GC (System) 1.312: [CMS1.331: [CMS-concurrent-mark: 0.019/0.068 secs] [Times: user=0.09 sys=0.00, real=0.07 secs] 
 (concurrent mode interrupted): 974K->968K(49152K), 0.0521440 secs] 1755K->968K(63936K), [CMS Perm : 5787K->5785K(16384K)], 0.0523210 secs] [Times: user=0.06 sys=0.00, real=0.05 secs] 
Total time for which application threads were stopped: 0.0530250 seconds
Application time: 0.2248610 seconds
1.589: [Full GC (System) 1.589: [CMS: 968K->1287K(49152K), 0.0418750 secs] 2349K->1287K(63936K), [CMS Perm : 7157K->7152K(16384K)], 0.0420170 secs] [Times: user=0.04 sys=0.00, real=0.04 secs] 
Total time for which application threads were stopped: 0.0422710 seconds
Application time: 0.0002170 seconds
1.632: [GC [1 CMS-initial-mark: 1287K(49152K)] 1287K(63936K), 0.0004920 secs] [Times: user=0.01 sys=0.00, real=0.00 secs] 
Total time for which application threads were stopped: 0.0009210 seconds
1.633: [CMS-concurrent-mark-start]
Application time: 0.0006390 seconds
1.633: [Full GC (System) 1.633: [CMS1.656: [CMS-concurrent-mark: 0.023/0.023 secs] [Times: user=0.02 sys=0.00, real=0.02 secs] 
 (concurrent mode interrupted): 1287K->1273K(49152K), 0.0608580 secs] 1419K->1273K(63936K), [CMS Perm : 7152K->7152K(16384K)], 0.0609670 secs] [Times: user=0.06 sys=0.00, real=0.06 secs] 
Total time for which application threads were stopped: 0.0611520 seconds
Application time: 0.0731830 seconds
1.767: [Full GC (System) 1.767: [CMS: 1273K->1329K(49152K), 0.0389010 secs] 1668K->1329K(63936K), [CMS Perm : 7177K->7177K(16384K)], 0.0390550 secs] [Times: user=0.04 sys=0.00, real=0.04 secs] 
Total time for which application threads were stopped: 0.0392530 seconds
Application time: 0.0015750 seconds
1.808: [GC [1 CMS-initial-mark: 1329K(49152K)] 1329K(63936K), 0.0004020 secs] [Times: user=0.00 sys=0.00, real=0.01 secs] 
Total time for which application threads were stopped: 0.0008120 seconds
1.809: [CMS-concurrent-mark-start]
Application time: 0.0003890 seconds
1.809: [Full GC (System) 1.809: [CMS1.832: [CMS-concurrent-mark: 0.023/0.023 secs] [Times: user=0.02 sys=0.00, real=0.02 secs] 
 (concurrent mode interrupted): 1329K->1329K(49152K), 0.0610410 secs] 1461K->1329K(63936K), [CMS Perm : 7177K->7177K(16384K)], 0.0611510 secs] [Times: user=0.04 sys=0.00, real=0.06 secs] 
Total time for which application threads were stopped: 0.0613290 seconds
Application time: 0.0682970 seconds
1.939: [Full GC (System) 1.939: [CMS: 1329K->1315K(49152K), 0.0384820 secs] 1725K->1315K(63936K), [CMS Perm : 7182K->7182K(16384K)], 0.0386490 secs] [Times: user=0.04 sys=0.00, real=0.04 secs] 
Total time for which application threads were stopped: 0.0388590 seconds
Application time: 0.0000810 seconds
1.978: [GC [1 CMS-initial-mark: 1315K(49152K)] 1315K(63936K), 0.0003910 secs] [Times: user=0.00 sys=0.00, real=0.00 secs] 
Total time for which application threads were stopped: 0.0006480 seconds
1.978: [CMS-concurrent-mark-start]
Application time: 0.0004060 seconds
1.979: [Full GC (System) 1.979: [CMS2.002: [CMS-concurrent-mark: 0.023/0.023 secs] [Times: user=0.02 sys=0.00, real=0.02 secs] 
 (concurrent mode interrupted): 1315K->1315K(49152K), 0.0610360 secs] 1447K->1315K(63936K), [CMS Perm : 7182K->7182K(16384K)], 0.0611600 secs] [Times: user=0.06 sys=0.00, real=0.06 secs] 
Total time for which application threads were stopped: 0.0613520 seconds
Application time: 3.4759620 seconds
Total time for which application threads were stopped: 0.0003000 seconds
Application time: 6.4959320 seconds
Total time for which application threads were stopped: 0.0001160 seconds
Application time: 0.0124250 seconds
Total time for which application threads were stopped: 0.0001020 seconds
Application time: 0.0000490 seconds
Total time for which application threads were stopped: 0.0000620 seconds
Application time: 0.0001570 seconds
Total time for which application threads were stopped: 0.0000650 seconds
Application time: 0.0000530 seconds
Total time for which application threads were stopped: 0.0000610 seconds
Application time: 3.3842400 seconds
16.405: [Full GC (System) 16.405: [CMS: 1315K->1333K(49152K), 0.0430750 secs] 2373K->1333K(63936K), [CMS Perm : 7266K->7264K(16384K)], 0.0432120 secs] [Times: user=0.04 sys=0.00, real=0.04 secs] 
Total time for which application threads were stopped: 0.0434960 seconds
Application time: 0.0002590 seconds
16.457: [GC [1 CMS-initial-mark: 1333K(49152K)] 1596K(63936K), 0.0007150 secs] [Times: user=0.00 sys=0.00, real=0.00 secs] 
Total time for which application threads were stopped: 0.0088940 seconds
16.458: [CMS-concurrent-mark-start]
Application time: 0.0001550 seconds
Total time for which application threads were stopped: 0.0021140 seconds
Application time: 0.0001670 seconds
Total time for which application threads were stopped: 0.0000730 seconds
Application time: 0.0000300 seconds
Total time for which application threads were stopped: 0.0000590 seconds
Application time: 0.0000980 seconds
Total time for which application threads were stopped: 0.0000640 seconds
Application time: 0.0001050 seconds
16.461: [Full GC (System) 16.461: [CMS16.485: [CMS-concurrent-mark: 0.023/0.027 secs] [Times: user=0.02 sys=0.00, real=0.03 secs] 
 (concurrent mode interrupted): 1333K->1332K(49152K), 0.0652230 secs] 1596K->1332K(63936K), [CMS Perm : 7264K->7264K(16384K)], 0.0653620 secs] [Times: user=0.05 sys=0.00, real=0.07 secs] 
Total time for which application threads were stopped: 0.0655640 seconds
Application time: 0.0976650 seconds
Total time for which application threads were stopped: 0.0001000 seconds
Application time: 0.0023710 seconds
Total time for which application threads were stopped: 0.0001030 seconds
Application time: 0.0000470 seconds
Total time for which application threads were stopped: 0.0000710 seconds
Application time: 0.9874100 seconds
Total time for which application threads were stopped: 0.0003260 seconds
Application time: 0.3037780 seconds
17.918: [Full GC (System) 17.918: [CMS: 1332K->1386K(49152K), 0.0502120 secs] 3050K->1386K(63936K), [CMS Perm : 7344K->7342K(16384K)], 0.0503440 secs] [Times: user=0.05 sys=0.00, real=0.05 secs] 
Total time for which application threads were stopped: 0.0505320 seconds
Application time: 0.0006110 seconds
17.970: [GC [1 CMS-initial-mark: 1386K(49152K)] 1650K(63936K), 0.0005700 secs] [Times: user=0.00 sys=0.00, real=0.00 secs] 
Total time for which application threads were stopped: 0.0007270 seconds
17.970: [CMS-concurrent-mark-start]
Application time: 0.0001050 seconds
Total time for which application threads were stopped: 0.0000520 seconds
Application time: 0.0000650 seconds
Total time for which application threads were stopped: 0.0000430 seconds
Application time: 0.0000380 seconds
Total time for which application threads were stopped: 0.0000410 seconds
Application time: 0.0000710 seconds
Total time for which application threads were stopped: 0.0000440 seconds
Application time: 0.0000440 seconds
Total time for which application threads were stopped: 0.0000410 seconds
Application time: 0.0000620 seconds
Total time for which application threads were stopped: 0.0000440 seconds
Application time: 0.0000980 seconds
Total time for which application threads were stopped: 0.0000420 seconds
Application time: 0.0000650 seconds
Total time for which application threads were stopped: 0.0000440 seconds
Application time: 0.0000380 seconds
Total time for which application threads were stopped: 0.0001010 seconds
Application time: 0.0002410 seconds
17.972: [Full GC (System) 17.972: [CMS17.996: [CMS-concurrent-mark: 0.024/0.025 secs] [Times: user=0.03 sys=0.00, real=0.03 secs] 
 (concurrent mode interrupted): 1386K->1380K(49152K), 0.0663000 secs] 1650K->1380K(63936K), [CMS Perm : 7342K->7342K(16384K)], 0.0664450 secs] [Times: user=0.07 sys=0.00, real=0.07 secs] 
Total time for which application threads were stopped: 0.0666510 seconds
Application time: 13.5155150 seconds
31.554: [Full GC (System) 31.554: [CMS: 1380K->1381K(49152K), 0.0612850 secs] 2039K->1381K(63936K), [CMS Perm : 7342K->7342K(16384K)], 0.0614810 secs] [Times: user=0.06 sys=0.00, real=0.06 secs] 
Total time for which application threads were stopped: 0.0617930 seconds
Application time: 0.0001560 seconds
31.616: [GC [1 CMS-initial-mark: 1381K(49152K)] 1644K(63936K), 0.0006580 secs] [Times: user=0.00 sys=0.00, real=0.00 secs] 
Total time for which application threads were stopped: 0.0009520 seconds
31.617: [CMS-concurrent-mark-start]
Application time: 0.0003780 seconds
Total time for which application threads were stopped: 0.0001840 seconds
Application time: 0.0001000 seconds
Total time for which application threads were stopped: 0.0000830 seconds
Application time: 0.0000930 seconds
Total time for which application threads were stopped: 0.0001240 seconds
Application time: 0.0000970 seconds
Total time for which application threads were stopped: 0.0001220 seconds
Application time: 0.0001100 seconds
31.618: [Full GC (System) 31.618: [CMS31.658: [CMS-concurrent-mark: 0.040/0.042 secs] [Times: user=0.03 sys=0.00, real=0.04 secs] 
 (concurrent mode interrupted): 1381K->1379K(49152K), 0.1013870 secs] 1644K->1379K(63936K), [CMS Perm : 7342K->7342K(16384K)], 0.1015890 secs] [Times: user=0.09 sys=0.00, real=0.09 secs] 
Total time for which application threads were stopped: 0.1018570 seconds
Application time: 0.8206430 seconds
Total time for which application threads were stopped: 0.0001200 seconds
Application time: 0.0005070 seconds
Total time for which application threads were stopped: 0.0000650 seconds
Application time: 0.0000280 seconds
Total time for which application threads were stopped: 0.0000420 seconds
Application time: 0.1126410 seconds
Total time for which application threads were stopped: 0.0001470 seconds
Application time: 0.0008720 seconds
Total time for which application threads were stopped: 0.0001170 seconds
Application time: 0.0000520 seconds
Total time for which application threads were stopped: 0.0000760 seconds
Application time: 0.4557380 seconds
Total time for which application threads were stopped: 0.0001760 seconds
Application time: 0.0000570 seconds
Total time for which application threads were stopped: 0.0000770 seconds
Application time: 0.0001800 seconds
Total time for which application threads were stopped: 0.0000790 seconds
Application time: 13.6154590 seconds
46.727: [Full GC (System) 46.727: [CMS: 1379K->1406K(49152K), 0.0420280 secs] 2702K->1406K(63936K), [CMS Perm : 7346K->7343K(16384K)], 0.0421650 secs] [Times: user=0.04 sys=0.00, real=0.04 secs] 
Total time for which application threads were stopped: 0.0423840 seconds
Application time: 0.0005660 seconds
46.770: [GC [1 CMS-initial-mark: 1406K(49152K)] 1669K(63936K), 0.0004990 secs] [Times: user=0.00 sys=0.00, real=0.00 secs] 
Total time for which application threads were stopped: 0.0006650 seconds
46.771: [CMS-concurrent-mark-start]
Application time: 0.0000950 seconds
Total time for which application threads were stopped: 0.0000510 seconds
Application time: 0.0000760 seconds
Total time for which application threads were stopped: 0.0000440 seconds
Application time: 0.0000390 seconds
Total time for which application threads were stopped: 0.0000400 seconds
Application time: 0.0000630 seconds
Total time for which application threads were stopped: 0.0000440 seconds
Application time: 0.0000420 seconds
Total time for which application threads were stopped: 0.0000400 seconds
Application time: 0.0000710 seconds
Total time for which application threads were stopped: 0.0000450 seconds
Application time: 0.0000420 seconds
Total time for which application threads were stopped: 0.0000400 seconds
Application time: 0.0000630 seconds
Total time for which application threads were stopped: 0.0000440 seconds
Application time: 0.0000400 seconds
Total time for which application threads were stopped: 0.0000390 seconds
Application time: 0.0000620 seconds
Total time for which application threads were stopped: 0.0000430 seconds
Application time: 0.0000390 seconds
Total time for which application threads were stopped: 0.0000400 seconds
Application time: 0.0000690 seconds
Total time for which application threads were stopped: 0.0000960 seconds
Application time: 0.0002570 seconds
46.772: [Full GC (System) 46.772: [CMS46.796: [CMS-concurrent-mark: 0.024/0.026 secs] [Times: user=0.02 sys=0.00, real=0.03 secs] 
 (concurrent mode interrupted): 1406K->1394K(49152K), 0.0681800 secs] 1933K->1394K(63936K), [CMS Perm : 7343K->7343K(16384K)], 0.0683410 secs] [Times: user=0.07 sys=0.00, real=0.07 secs] 
Total time for which application threads were stopped: 0.0685740 seconds
Application time: 14.9988540 seconds
61.840: [Full GC (System) 61.840: [CMS: 1394K->1394K(49152K), 0.0607200 secs] 1658K->1394K(63936K), [CMS Perm : 7343K->7343K(16384K)], 0.0609130 secs] [Times: user=0.06 sys=0.00, real=0.06 secs] 
Total time for which application threads were stopped: 0.0612420 seconds
Application time: 0.0003410 seconds
61.902: [GC [1 CMS-initial-mark: 1394K(49152K)] 1658K(63936K), 0.0006730 secs] [Times: user=0.00 sys=0.00, real=0.00 secs] 
Total time for which application threads were stopped: 0.0017390 seconds
61.903: [CMS-concurrent-mark-start]
Application time: 0.0001840 seconds
61.903: [Full GC (System) 61.903: [CMS61.944: [CMS-concurrent-mark: 0.040/0.041 secs] [Times: user=0.04 sys=0.00, real=0.04 secs] 
 (concurrent mode interrupted): 1394K->1394K(49152K), 0.1014310 secs] 1658K->1394K(63936K), [CMS Perm : 7343K->7343K(16384K)], 0.1016160 secs] [Times: user=0.09 sys=0.00, real=0.10 secs] 
Total time for which application threads were stopped: 0.1018420 seconds
Application time: 15.0034870 seconds
77.009: [Full GC (System) 77.009: [CMS: 1394K->1394K(49152K), 0.0609830 secs] 1658K->1394K(63936K), [CMS Perm : 7343K->7343K(16384K)], 0.0611960 secs] [Times: user=0.05 sys=0.00, real=0.06 secs] 
Total time for which application threads were stopped: 0.0615400 seconds
Application time: 0.0003380 seconds
77.071: [GC [1 CMS-initial-mark: 1394K(49152K)] 1658K(63936K), 0.0006580 secs] [Times: user=0.00 sys=0.00, real=0.00 secs] 
Total time for which application threads were stopped: 0.0008460 seconds
77.072: [CMS-concurrent-mark-start]
Application time: 0.0000820 seconds
77.072: [Full GC (System) 77.072: [CMS77.113: [CMS-concurrent-mark: 0.042/0.042 secs] [Times: user=0.03 sys=0.00, real=0.04 secs] 
 (concurrent mode interrupted): 1394K->1394K(49152K), 0.1050440 secs] 1658K->1394K(63936K), [CMS Perm : 7343K->7343K(16384K)], 0.1052460 secs] [Times: user=0.09 sys=0.00, real=0.10 secs] 
Total time for which application threads were stopped: 0.1054630 seconds
Application time: 15.0004360 seconds
92.178: [Full GC (System) 92.178: [CMS: 1394K->1394K(49152K), 0.0625390 secs] 1658K->1394K(63936K), [CMS Perm : 7343K->7343K(16384K)], 0.0627750 secs] [Times: user=0.06 sys=0.00, real=0.05 secs] 
Total time for which application threads were stopped: 0.0631060 seconds
Application time: 0.0003730 seconds
92.241: [GC [1 CMS-initial-mark: 1394K(49152K)] 1658K(63936K), 0.0005350 secs] [Times: user=0.00 sys=0.00, real=0.00 secs] 
Total time for which application threads were stopped: 0.0007480 seconds
92.242: [CMS-concurrent-mark-start]
Application time: 0.0000720 seconds
92.242: [Full GC (System) 92.242: [CMS92.266: [CMS-concurrent-mark: 0.024/0.024 secs] [Times: user=0.03 sys=0.00, real=0.02 secs] 
 (concurrent mode interrupted): 1394K->1394K(49152K), 0.0626610 secs] 1658K->1394K(63936K), [CMS Perm : 7343K->7343K(16384K)], 0.0628380 secs] [Times: user=0.06 sys=0.00, real=0.06 secs] 
Total time for which application threads were stopped: 0.0630090 seconds
Application time: 14.7052790 seconds
Total time for which application threads were stopped: 0.0001120 seconds
Application time: 0.0003930 seconds
Total time for which application threads were stopped: 0.0000500 seconds
Application time: 0.0000320 seconds
Total time for which application threads were stopped: 0.0000420 seconds
Application time: 0.3007250 seconds
107.312: [Full GC (System) 107.312: [CMS: 1394K->1405K(49152K), 0.0433510 secs] 2452K->1405K(63936K), [CMS Perm : 7344K->7343K(16384K)], 0.0434630 secs] [Times: user=0.04 sys=0.00, real=0.04 secs] 
Total time for which application threads were stopped: 0.0437020 seconds
Application time: 0.0061360 seconds
Total time for which application threads were stopped: 0.0006170 seconds
Application time: 0.0000660 seconds
Total time for which application threads were stopped: 0.0000430 seconds
Application time: 0.0000460 seconds
Total time for which application threads were stopped: 0.0000390 seconds
Application time: 0.0000620 seconds
Total time for which application threads were stopped: 0.0000420 seconds
Application time: 0.0000380 seconds
Total time for which application threads were stopped: 0.0000400 seconds
Application time: 0.0000480 seconds
Total time for which application threads were stopped: 0.0000580 seconds
Application time: 0.0000740 seconds
107.363: [Full GC (System) 107.363: [CMS: 1405K->1314K(49152K), 0.0462130 secs] 1669K->1314K(63936K), [CMS Perm : 7343K->7336K(16384K)], 0.0463520 secs] [Times: user=0.04 sys=0.00, real=0.04 secs] 
Total time for which application threads were stopped: 0.0465450 seconds
Application time: 0.0006550 seconds
107.410: [GC [1 CMS-initial-mark: 1314K(49152K)] 1578K(63936K), 0.0004360 secs] [Times: user=0.00 sys=0.00, real=0.00 secs] 
Total time for which application threads were stopped: 0.0005600 seconds
107.411: [CMS-concurrent-mark-start]
107.433: [CMS-concurrent-mark: 0.023/0.023 secs] [Times: user=0.02 sys=0.00, real=0.03 secs] 
107.433: [CMS-concurrent-preclean-start]
107.434: [CMS-concurrent-preclean: 0.000/0.001 secs] [Times: user=0.00 sys=0.00, real=0.00 secs] 
Application time: 0.0564720 seconds
107.467: [GC[YG occupancy: 263 K (14784 K)]107.467: [Rescan (parallel) , 0.0083130 secs]107.476: [weak refs processing, 0.0000090 secs] [1 CMS-remark: 1314K(49152K)] 1578K(63936K), 0.0084530 secs] [Times: user=0.00 sys=0.00, real=0.01 secs] 
Total time for which application threads were stopped: 0.0086450 seconds
107.476: [CMS-concurrent-sweep-start]
107.477: [CMS-concurrent-sweep: 0.001/0.001 secs] [Times: user=0.00 sys=0.00, real=0.00 secs] 
107.477: [CMS-concurrent-reset-start]
107.479: [CMS-concurrent-reset: 0.002/0.002 secs] [Times: user=0.00 sys=0.00, real=0.01 secs] 
Application time: 14.9315560 seconds
122.407: [Full GC (System) 122.408: [CMS: 1314K->1365K(49152K), 0.0623960 secs] 2501K->1365K(63936K), [CMS Perm : 7345K->7345K(16384K)], 0.0625950 secs] [Times: user=0.06 sys=0.00, real=0.06 secs] 
Total time for which application threads were stopped: 0.0629210 seconds
Application time: 0.0006150 seconds
122.471: [GC [1 CMS-initial-mark: 1365K(49152K)] 1628K(63936K), 0.0006700 secs] [Times: user=0.00 sys=0.00, real=0.00 secs] 
Total time for which application threads were stopped: 0.0008690 seconds
122.472: [CMS-concurrent-mark-start]
Application time: 0.0001310 seconds
Total time for which application threads were stopped: 0.0000750 seconds
Application time: 0.0001210 seconds
Total time for which application threads were stopped: 0.0000780 seconds
Application time: 0.0000720 seconds
Total time for which application threads were stopped: 0.0000720 seconds
Application time: 0.0001090 seconds
Total time for which application threads were stopped: 0.0000770 seconds
Application time: 0.0000680 seconds
Total time for which application threads were stopped: 0.0000720 seconds
Application time: 0.0001060 seconds
Total time for which application threads were stopped: 0.0000780 seconds
Application time: 0.0000720 seconds
Total time for which application threads were stopped: 0.0001500 seconds
Application time: 0.0002470 seconds
122.473: [Full GC (System) 122.473: [CMS122.502: [CMS-concurrent-mark: 0.029/0.030 secs] [Times: user=0.04 sys=0.00, real=0.02 secs] 
 (concurrent mode interrupted): 1365K->1359K(49152K), 0.0729000 secs] 1628K->1359K(63936K), [CMS Perm : 7345K->7345K(16384K)], 0.0731120 secs] [Times: user=0.08 sys=0.00, real=0.07 secs] 
Total time for which application threads were stopped: 0.0733040 seconds
Application time: 15.0016110 seconds
137.548: [Full GC (System) 137.548: [CMS: 1359K->1359K(49152K), 0.0603830 secs] 1622K->1359K(63936K), [CMS Perm : 7345K->7345K(16384K)], 0.0605770 secs] [Times: user=0.06 sys=0.00, real=0.06 secs] 
Total time for which application threads were stopped: 0.0609160 seconds
Application time: 0.0004520 seconds
137.610: [GC [1 CMS-initial-mark: 1359K(49152K)] 1622K(63936K), 0.0006720 secs] [Times: user=0.00 sys=0.00, real=0.00 secs] 
Total time for which application threads were stopped: 0.0009790 seconds
137.611: [CMS-concurrent-mark-start]
Application time: 0.0001670 seconds
137.611: [Full GC (System) 137.611: [CMS137.651: [CMS-concurrent-mark: 0.040/0.040 secs] [Times: user=0.04 sys=0.00, real=0.04 secs] 
 (concurrent mode interrupted): 1359K->1358K(49152K), 0.1051240 secs] 1622K->1358K(63936K), [CMS Perm : 7345K->7345K(16384K)], 0.1053730 secs] [Times: user=0.10 sys=0.00, real=0.10 secs] 
Total time for which application threads were stopped: 0.1056540 seconds
Application time: 15.0047270 seconds
152.721: [Full GC (System) 152.721: [CMS: 1358K->1358K(49152K), 0.0602610 secs] 1621K->1358K(63936K), [CMS Perm : 7345K->7345K(16384K)], 0.0604560 secs] [Times: user=0.06 sys=0.00, real=0.06 secs] 
Total time for which application threads were stopped: 0.0607830 seconds
Application time: 0.0003750 seconds
152.783: [GC [1 CMS-initial-mark: 1358K(49152K)] 1621K(63936K), 0.0006710 secs] [Times: user=0.00 sys=0.00, real=0.00 secs] 
Total time for which application threads were stopped: 0.0009760 seconds
152.783: [CMS-concurrent-mark-start]
Application time: 0.0001670 seconds
152.784: [Full GC (System) 152.784: [CMS152.824: [CMS-concurrent-mark: 0.040/0.041 secs] [Times: user=0.03 sys=0.00, real=0.04 secs] 
 (concurrent mode interrupted): 1358K->1358K(49152K), 0.1012630 secs] 1621K->1358K(63936K), [CMS Perm : 7345K->7345K(16384K)], 0.1014490 secs] [Times: user=0.09 sys=0.00, real=0.10 secs] 
Total time for which application threads were stopped: 0.1017200 seconds
Application time: 15.0048720 seconds
167.890: [Full GC (System) 167.890: [CMS: 1358K->1358K(49152K), 0.0607550 secs] 1621K->1358K(63936K), [CMS Perm : 7345K->7345K(16384K)], 0.0609290 secs] [Times: user=0.06 sys=0.00, real=0.06 secs] 
Total time for which application threads were stopped: 0.0612470 seconds
Application time: 0.0003370 seconds
167.952: [GC [1 CMS-initial-mark: 1358K(49152K)] 1621K(63936K), 0.0006630 secs] [Times: user=0.00 sys=0.00, real=0.00 secs] 
Total time for which application threads were stopped: 0.0009520 seconds
167.953: [CMS-concurrent-mark-start]
Application time: 0.0001670 seconds
167.953: [Full GC (System) 167.953: [CMS167.993: [CMS-concurrent-mark: 0.040/0.040 secs] [Times: user=0.04 sys=0.00, real=0.04 secs] 
 (concurrent mode interrupted): 1358K->1358K(49152K), 0.1007020 secs] 1621K->1358K(63936K), [CMS Perm : 7345K->7345K(16384K)], 0.1008870 secs] [Times: user=0.10 sys=0.00, real=0.10 secs] 
Total time for which application threads were stopped: 0.1011440 seconds
Application time: 15.0010590 seconds
183.055: [Full GC (System) 183.055: [CMS: 1358K->1358K(49152K), 0.0608440 secs] 1621K->1358K(63936K), [CMS Perm : 7345K->7345K(16384K)], 0.0610290 secs] [Times: user=0.05 sys=0.00, real=0.06 secs] 
Total time for which application threads were stopped: 0.0613630 seconds
Application time: 0.0003240 seconds
183.118: [GC [1 CMS-initial-mark: 1358K(49152K)] 1621K(63936K), 0.0006540 secs] [Times: user=0.00 sys=0.00, real=0.00 secs] 
Total time for which application threads were stopped: 0.0008460 seconds
183.118: [CMS-concurrent-mark-start]
Application time: 0.0001390 seconds
183.119: [Full GC (System) 183.119: [CMS183.145: [CMS-concurrent-mark: 0.026/0.027 secs] [Times: user=0.02 sys=0.00, real=0.02 secs] 
 (concurrent mode interrupted): 1358K->1358K(49152K), 0.0653610 secs] 1621K->1358K(63936K), [CMS Perm : 7345K->7345K(16384K)], 0.0655710 secs] [Times: user=0.06 sys=0.00, real=0.06 secs] 
Total time for which application threads were stopped: 0.0657730 seconds
Application time: 14.9958000 seconds
198.180: [Full GC (System) 198.180: [CMS: 1358K->1358K(49152K), 0.0602480 secs] 1621K->1358K(63936K), [CMS Perm : 7345K->7345K(16384K)], 0.0604430 secs] [Times: user=0.06 sys=0.00, real=0.06 secs] 
Total time for which application threads were stopped: 0.0607820 seconds
Application time: 0.0004580 seconds
198.242: [GC [1 CMS-initial-mark: 1358K(49152K)] 1621K(63936K), 0.0006550 secs] [Times: user=0.00 sys=0.00, real=0.00 secs] 
Total time for which application threads were stopped: 0.0008450 seconds
198.243: [CMS-concurrent-mark-start]
Application time: 0.0000830 seconds
198.243: [Full GC (System) 198.243: [CMS198.283: [CMS-concurrent-mark: 0.040/0.040 secs] [Times: user=0.04 sys=0.00, real=0.04 secs] 
 (concurrent mode interrupted): 1358K->1357K(49152K), 0.1013220 secs] 1621K->1357K(63936K), [CMS Perm : 7345K->7345K(16384K)], 0.1015180 secs] [Times: user=0.10 sys=0.00, real=0.10 secs] 
Total time for which application threads were stopped: 0.1017460 seconds
Application time: 15.0046770 seconds
213.349: [Full GC (System) 213.349: [CMS: 1357K->1357K(49152K), 0.0610130 secs] 1621K->1357K(63936K), [CMS Perm : 7345K->7345K(16384K)], 0.0612100 secs] [Times: user=0.05 sys=0.00, real=0.06 secs] 
Total time for which application threads were stopped: 0.0615620 seconds
Application time: 0.0004330 seconds
213.411: [GC [1 CMS-initial-mark: 1357K(49152K)] 1621K(63936K), 0.0008650 secs] [Times: user=0.00 sys=0.00, real=0.00 secs] 
Total time for which application threads were stopped: 0.0010890 seconds
213.412: [CMS-concurrent-mark-start]
Application time: 0.0001880 seconds
213.412: [Full GC (System) 213.412: [CMS213.453: [CMS-concurrent-mark: 0.040/0.041 secs] [Times: user=0.04 sys=0.00, real=0.04 secs] 
 (concurrent mode interrupted): 1357K->1357K(49152K), 0.1014230 secs] 1621K->1357K(63936K), [CMS Perm : 7345K->7345K(16384K)], 0.1016180 secs] [Times: user=0.10 sys=0.00, real=0.10 secs] 
Total time for which application threads were stopped: 0.1018580 seconds
Application time: 15.0038040 seconds
228.518: [Full GC (System) 228.518: [CMS: 1357K->1357K(49152K), 0.0603790 secs] 1620K->1357K(63936K), [CMS Perm : 7345K->7345K(16384K)], 0.0605740 secs] [Times: user=0.06 sys=0.00, real=0.06 secs] 
Total time for which application threads were stopped: 0.0609100 seconds
Application time: 0.0006010 seconds
228.580: [GC [1 CMS-initial-mark: 1357K(49152K)] 1620K(63936K), 0.0006630 secs] [Times: user=0.00 sys=0.00, real=0.00 secs] 
Total time for which application threads were stopped: 0.0008480 seconds
228.580: [CMS-concurrent-mark-start]
Application time: 0.0001080 seconds
228.580: [Full GC (System) 228.581: [CMS228.620: [CMS-concurrent-mark: 0.040/0.040 secs] [Times: user=0.04 sys=0.00, real=0.04 secs] 
 (concurrent mode interrupted): 1357K->1357K(49152K), 0.1008250 secs] 1620K->1357K(63936K), [CMS Perm : 7345K->7345K(16384K)], 0.1010000 secs] [Times: user=0.10 sys=0.00, real=0.10 secs] 
Total time for which application threads were stopped: 0.1012190 seconds
Application time: 15.0013870 seconds
243.683: [Full GC (System) 243.683: [CMS: 1357K->1357K(49152K), 0.0608480 secs] 1620K->1357K(63936K), [CMS Perm : 7345K->7345K(16384K)], 0.0610430 secs] [Times: user=0.06 sys=0.00, real=0.06 secs] 
Total time for which application threads were stopped: 0.0613690 seconds
Application time: 0.0003770 seconds
243.745: [GC [1 CMS-initial-mark: 1357K(49152K)] 1620K(63936K), 0.0006740 secs] [Times: user=0.00 sys=0.00, real=0.00 secs] 
Total time for which application threads were stopped: 0.0009690 seconds
243.746: [CMS-concurrent-mark-start]
Application time: 0.0001670 seconds
243.746: [Full GC (System) 243.746: [CMS243.786: [CMS-concurrent-mark: 0.040/0.040 secs] [Times: user=0.04 sys=0.00, real=0.04 secs] 
 (concurrent mode interrupted): 1357K->1357K(49152K), 0.1004870 secs] 1620K->1357K(63936K), [CMS Perm : 7345K->7345K(16384K)], 0.1007280 secs] [Times: user=0.10 sys=0.00, real=0.10 secs] 
Total time for which application threads were stopped: 0.1009550 seconds
Application time: 15.0049040 seconds
258.852: [Full GC (System) 258.852: [CMS: 1357K->1348K(49152K), 0.0397070 secs] 1752K->1348K(63936K), [CMS Perm : 7346K->7345K(16384K)], 0.0398540 secs] [Times: user=0.03 sys=0.00, real=0.03 secs] 
Total time for which application threads were stopped: 0.0400860 seconds
Application time: 0.0003250 seconds
258.893: [GC [1 CMS-initial-mark: 1348K(49152K)] 1612K(63936K), 0.0004610 secs] [Times: user=0.00 sys=0.00, real=0.00 secs] 
Total time for which application threads were stopped: 0.0011440 seconds
258.893: [CMS-concurrent-mark-start]
Application time: 0.0001820 seconds
258.894: [Full GC (System) 258.894: [CMS258.917: [CMS-concurrent-mark: 0.023/0.023 secs] [Times: user=0.03 sys=0.00, real=0.03 secs] 
 (concurrent mode interrupted): 1348K->1348K(49152K), 0.0645460 secs] 1612K->1348K(63936K), [CMS Perm : 7345K->7345K(16384K)], 0.0646690 secs] [Times: user=0.08 sys=0.00, real=0.07 secs] 
Total time for which application threads were stopped: 0.0648200 seconds
Application time: 15.0038090 seconds
273.962: [Full GC (System) 273.962: [CMS: 1348K->1348K(49152K), 0.0625860 secs] 1611K->1348K(63936K), [CMS Perm : 7345K->7345K(16384K)], 0.0627900 secs] [Times: user=0.07 sys=0.00, real=0.06 secs] 
Total time for which application threads were stopped: 0.0630880 seconds
Application time: 0.0010500 seconds
274.029: [GC [1 CMS-initial-mark: 1348K(49152K)] 1611K(63936K), 0.0005100 secs] [Times: user=0.00 sys=0.00, real=0.00 secs] 
Total time for which application threads were stopped: 0.0011660 seconds
274.030: [CMS-concurrent-mark-start]
Application time: 0.0003570 seconds
274.030: [Full GC (System) 274.030: [CMS274.059: [CMS-concurrent-mark: 0.023/0.029 secs] [Times: user=0.02 sys=0.00, real=0.02 secs] 
 (concurrent mode interrupted): 1348K->1348K(49152K), 0.0680710 secs] 1611K->1348K(63936K), [CMS Perm : 7345K->7345K(16384K)], 0.0682370 secs] [Times: user=0.05 sys=0.00, real=0.06 secs] 
Total time for which application threads were stopped: 0.0684560 seconds
Application time: 14.4771890 seconds
Total time for which application threads were stopped: 0.0001140 seconds
Application time: 0.5256890 seconds
289.102: [Full GC (System) 289.102: [CMS: 1348K->1331K(49152K), 0.0602780 secs] 2403K->1331K(63936K), [CMS Perm : 7346K->7345K(16384K)], 0.0604770 secs] [Times: user=0.05 sys=0.00, real=0.06 secs] 
Total time for which application threads were stopped: 0.0607950 seconds
Application time: 0.0003590 seconds
289.163: [GC [1 CMS-initial-mark: 1331K(49152K)] 1594K(63936K), 0.0006820 secs] [Times: user=0.01 sys=0.00, real=0.00 secs] 
Total time for which application threads were stopped: 0.0009690 seconds
289.164: [CMS-concurrent-mark-start]
Application time: 0.0001540 seconds
Total time for which application threads were stopped: 0.0000850 seconds
Application time: 0.0001040 seconds
Total time for which application threads were stopped: 0.0000810 seconds
Application time: 0.0002030 seconds
289.165: [Full GC (System) 289.165: [CMS289.205: [CMS-concurrent-mark: 0.040/0.041 secs] [Times: user=0.04 sys=0.00, real=0.04 secs] 
 (concurrent mode interrupted): 1331K->1328K(49152K), 0.1008570 secs] 1594K->1328K(63936K), [CMS Perm : 7345K->7345K(16384K)], 0.1011060 secs] [Times: user=0.09 sys=0.00, real=0.10 secs] 
Total time for which application threads were stopped: 0.1013650 seconds
Application time: 5.2664840 seconds
Total time for which application threads were stopped: 0.0001630 seconds
Application time: 0.0017560 seconds
Total time for which application threads were stopped: 0.0000730 seconds
Application time: 0.0000440 seconds
Total time for which application threads were stopped: 0.0000440 seconds
Application time: 0.0070300 seconds
Total time for which application threads were stopped: 0.0001110 seconds
Application time: 0.0002440 seconds
Total time for which application threads were stopped: 0.0000800 seconds
Application time: 0.0000350 seconds
Total time for which application threads were stopped: 0.0000450 seconds
Application time: 0.0017390 seconds
Total time for which application threads were stopped: 0.0001350 seconds
Application time: 0.0001030 seconds
Total time for which application threads were stopped: 0.0001490 seconds
Application time: 0.0003300 seconds
Total time for which application threads were stopped: 0.0017710 seconds
Heap
 par new generation   total 14784K, used 2103K [0xaa190000, 0xab190000, 0xab190000)
  eden space 13184K,  15% used [0xaa190000, 0xaa39ddd0, 0xaae70000)
  from space 1600K,   0% used [0xaae70000, 0xaae70000, 0xab000000)
  to   space 1600K,   0% used [0xab000000, 0xab000000, 0xab190000)
 concurrent mark-sweep generation total 49152K, used 1328K [0xab190000, 0xae190000, 0xb0190000)
 concurrent-mark-sweep perm gen total 16384K, used 7364K [0xb0190000, 0xb1190000, 0xb4190000)
